
         /\      Grafana   /‾‾/  
    /\  /  \     |\  __   /  /   
   /  \/    \    | |/ /  /   ‾‾\ 
  /          \   |   (  |  (‾)  |
 / __________ \  |_|\_\  \_____/ 


     execution: local
        script: /Users/juancavallotti/Documents/development/octo-performance/scenarios/006-json-transform/k6/steady.js
        output: -

     scenarios: (100.00%) 1 scenario, 800 max VUs, 1m10s max duration (incl. graceful stop):
              * steady: 4000.00 iterations/s for 1m0s (maxVUs: 80-800, gracefulStop: 10s)


running (0m01.0s), 001/080 VUs, 3950 complete and 0 interrupted iterations
steady   [   2% ] 001/080 VUs  0m01.0s/1m0s  4000.00 iters/s

running (0m02.0s), 001/080 VUs, 7950 complete and 0 interrupted iterations
steady   [   3% ] 001/080 VUs  0m02.0s/1m0s  4000.00 iters/s

running (0m03.0s), 001/080 VUs, 11950 complete and 0 interrupted iterations
steady   [   5% ] 001/080 VUs  0m03.0s/1m0s  4000.00 iters/s

running (0m04.0s), 001/080 VUs, 15950 complete and 0 interrupted iterations
steady   [   7% ] 001/080 VUs  0m04.0s/1m0s  4000.00 iters/s

running (0m05.0s), 001/080 VUs, 19950 complete and 0 interrupted iterations
steady   [   8% ] 001/080 VUs  0m05.0s/1m0s  4000.00 iters/s

running (0m06.0s), 001/080 VUs, 23950 complete and 0 interrupted iterations
steady   [  10% ] 001/080 VUs  0m06.0s/1m0s  4000.00 iters/s

running (0m07.0s), 001/080 VUs, 27950 complete and 0 interrupted iterations
steady   [  12% ] 001/080 VUs  0m07.0s/1m0s  4000.00 iters/s

running (0m08.0s), 000/080 VUs, 31951 complete and 0 interrupted iterations
steady   [  13% ] 001/080 VUs  0m08.0s/1m0s  4000.00 iters/s

running (0m09.0s), 002/080 VUs, 35949 complete and 0 interrupted iterations
steady   [  15% ] 003/080 VUs  0m09.0s/1m0s  4000.00 iters/s

running (0m10.0s), 000/080 VUs, 39951 complete and 0 interrupted iterations
steady   [  17% ] 000/080 VUs  0m10.0s/1m0s  4000.00 iters/s

running (0m11.0s), 001/080 VUs, 43950 complete and 0 interrupted iterations
steady   [  18% ] 001/080 VUs  0m11.0s/1m0s  4000.00 iters/s

running (0m12.0s), 001/080 VUs, 47950 complete and 0 interrupted iterations
steady   [  20% ] 001/080 VUs  0m12.0s/1m0s  4000.00 iters/s

running (0m13.0s), 003/080 VUs, 51948 complete and 0 interrupted iterations
steady   [  22% ] 003/080 VUs  0m13.0s/1m0s  4000.00 iters/s

running (0m14.0s), 001/080 VUs, 55951 complete and 0 interrupted iterations
steady   [  23% ] 001/080 VUs  0m14.0s/1m0s  4000.00 iters/s

running (0m15.0s), 000/080 VUs, 59951 complete and 0 interrupted iterations
steady   [  25% ] 000/080 VUs  0m15.0s/1m0s  4000.00 iters/s

running (0m16.0s), 001/080 VUs, 63950 complete and 0 interrupted iterations
steady   [  27% ] 001/080 VUs  0m16.0s/1m0s  4000.00 iters/s

running (0m17.0s), 001/080 VUs, 67951 complete and 0 interrupted iterations
steady   [  28% ] 001/080 VUs  0m17.0s/1m0s  4000.00 iters/s

running (0m18.0s), 001/080 VUs, 71950 complete and 0 interrupted iterations
steady   [  30% ] 001/080 VUs  0m18.0s/1m0s  4000.00 iters/s

running (0m19.0s), 000/080 VUs, 75951 complete and 0 interrupted iterations
steady   [  32% ] 000/080 VUs  0m19.0s/1m0s  4000.00 iters/s

running (0m20.0s), 001/080 VUs, 79950 complete and 0 interrupted iterations
steady   [  33% ] 001/080 VUs  0m20.0s/1m0s  4000.00 iters/s

running (0m21.0s), 003/080 VUs, 83945 complete and 0 interrupted iterations
steady   [  35% ] 003/080 VUs  0m21.0s/1m0s  4000.00 iters/s

running (0m22.0s), 001/080 VUs, 87950 complete and 0 interrupted iterations
steady   [  37% ] 001/080 VUs  0m22.0s/1m0s  4000.00 iters/s

running (0m23.0s), 000/080 VUs, 91951 complete and 0 interrupted iterations
steady   [  38% ] 000/080 VUs  0m23.0s/1m0s  4000.00 iters/s

running (0m24.0s), 001/080 VUs, 95950 complete and 0 interrupted iterations
steady   [  40% ] 001/080 VUs  0m24.0s/1m0s  4000.00 iters/s

running (0m25.0s), 001/080 VUs, 99950 complete and 0 interrupted iterations
steady   [  42% ] 001/080 VUs  0m25.0s/1m0s  4000.00 iters/s

running (0m26.0s), 002/080 VUs, 103949 complete and 0 interrupted iterations
steady   [  43% ] 001/080 VUs  0m26.0s/1m0s  4000.00 iters/s

running (0m27.0s), 001/080 VUs, 107950 complete and 0 interrupted iterations
steady   [  45% ] 001/080 VUs  0m27.0s/1m0s  4000.00 iters/s

running (0m28.0s), 001/080 VUs, 111950 complete and 0 interrupted iterations
steady   [  47% ] 001/080 VUs  0m28.0s/1m0s  4000.00 iters/s

running (0m29.0s), 001/080 VUs, 115950 complete and 0 interrupted iterations
steady   [  48% ] 001/080 VUs  0m29.0s/1m0s  4000.00 iters/s

running (0m30.0s), 000/080 VUs, 119951 complete and 0 interrupted iterations
steady   [  50% ] 000/080 VUs  0m30.0s/1m0s  4000.00 iters/s

running (0m31.0s), 001/080 VUs, 123950 complete and 0 interrupted iterations
steady   [  52% ] 001/080 VUs  0m31.0s/1m0s  4000.00 iters/s

running (0m32.0s), 001/080 VUs, 127951 complete and 0 interrupted iterations
steady   [  53% ] 001/080 VUs  0m32.0s/1m0s  4000.00 iters/s

running (0m33.0s), 000/080 VUs, 131951 complete and 0 interrupted iterations
steady   [  55% ] 000/080 VUs  0m33.0s/1m0s  4000.00 iters/s

running (0m34.0s), 000/080 VUs, 135951 complete and 0 interrupted iterations
steady   [  57% ] 000/080 VUs  0m34.0s/1m0s  4000.00 iters/s

running (0m35.0s), 000/080 VUs, 139951 complete and 0 interrupted iterations
steady   [  58% ] 000/080 VUs  0m35.0s/1m0s  4000.00 iters/s

running (0m36.0s), 000/080 VUs, 143951 complete and 0 interrupted iterations
steady   [  60% ] 000/080 VUs  0m36.0s/1m0s  4000.00 iters/s

running (0m37.0s), 000/080 VUs, 147951 complete and 0 interrupted iterations
steady   [  62% ] 000/080 VUs  0m37.0s/1m0s  4000.00 iters/s

running (0m38.0s), 001/080 VUs, 151950 complete and 0 interrupted iterations
steady   [  63% ] 001/080 VUs  0m38.0s/1m0s  4000.00 iters/s

running (0m39.0s), 001/080 VUs, 155950 complete and 0 interrupted iterations
steady   [  65% ] 001/080 VUs  0m39.0s/1m0s  4000.00 iters/s

running (0m40.0s), 001/080 VUs, 159950 complete and 0 interrupted iterations
steady   [  67% ] 001/080 VUs  0m40.0s/1m0s  4000.00 iters/s

running (0m41.0s), 000/080 VUs, 163951 complete and 0 interrupted iterations
steady   [  68% ] 000/080 VUs  0m41.0s/1m0s  4000.00 iters/s

running (0m42.0s), 000/080 VUs, 167951 complete and 0 interrupted iterations
steady   [  70% ] 001/080 VUs  0m42.0s/1m0s  4000.00 iters/s

running (0m43.0s), 001/080 VUs, 171951 complete and 0 interrupted iterations
steady   [  72% ] 000/080 VUs  0m43.0s/1m0s  4000.00 iters/s

running (0m44.0s), 001/080 VUs, 175951 complete and 0 interrupted iterations
steady   [  73% ] 001/080 VUs  0m44.0s/1m0s  4000.00 iters/s

running (0m45.0s), 000/080 VUs, 179951 complete and 0 interrupted iterations
steady   [  75% ] 000/080 VUs  0m45.0s/1m0s  4000.00 iters/s

running (0m46.0s), 001/080 VUs, 183950 complete and 0 interrupted iterations
steady   [  77% ] 001/080 VUs  0m46.0s/1m0s  4000.00 iters/s

running (0m47.0s), 004/080 VUs, 187948 complete and 0 interrupted iterations
steady   [  78% ] 004/080 VUs  0m47.0s/1m0s  4000.00 iters/s

running (0m48.0s), 001/080 VUs, 191950 complete and 0 interrupted iterations
steady   [  80% ] 001/080 VUs  0m48.0s/1m0s  4000.00 iters/s

running (0m49.0s), 000/080 VUs, 195951 complete and 0 interrupted iterations
steady   [  82% ] 000/080 VUs  0m49.0s/1m0s  4000.00 iters/s

running (0m50.0s), 000/080 VUs, 199951 complete and 0 interrupted iterations
steady   [  83% ] 000/080 VUs  0m50.0s/1m0s  4000.00 iters/s

running (0m51.0s), 000/080 VUs, 203951 complete and 0 interrupted iterations
steady   [  85% ] 000/080 VUs  0m51.0s/1m0s  4000.00 iters/s

running (0m52.0s), 001/080 VUs, 207951 complete and 0 interrupted iterations
steady   [  87% ] 001/080 VUs  0m52.0s/1m0s  4000.00 iters/s

running (0m53.0s), 000/080 VUs, 211951 complete and 0 interrupted iterations
steady   [  88% ] 000/080 VUs  0m53.0s/1m0s  4000.00 iters/s

running (0m54.0s), 000/080 VUs, 215951 complete and 0 interrupted iterations
steady   [  90% ] 000/080 VUs  0m54.0s/1m0s  4000.00 iters/s

running (0m55.0s), 000/080 VUs, 219951 complete and 0 interrupted iterations
steady   [  92% ] 000/080 VUs  0m55.0s/1m0s  4000.00 iters/s

running (0m56.0s), 000/080 VUs, 223951 complete and 0 interrupted iterations
steady   [  93% ] 000/080 VUs  0m56.0s/1m0s  4000.00 iters/s

running (0m57.0s), 001/080 VUs, 227950 complete and 0 interrupted iterations
steady   [  95% ] 001/080 VUs  0m57.0s/1m0s  4000.00 iters/s

running (0m58.0s), 001/080 VUs, 231951 complete and 0 interrupted iterations
steady   [  97% ] 001/080 VUs  0m58.0s/1m0s  4000.00 iters/s

running (0m59.0s), 000/080 VUs, 235951 complete and 0 interrupted iterations
steady   [  98% ] 000/080 VUs  0m59.0s/1m0s  4000.00 iters/s

running (1m00.0s), 001/080 VUs, 239950 complete and 0 interrupted iterations
steady   [ 100% ] 001/080 VUs  1m00.0s/1m0s  4000.00 iters/s

  http_reqs                    240001 (3999.97/s)
  http_req_duration            med=0.18ms p95=0.52ms p99=0.77ms max=14.02ms
  http_req_waiting             p95=0.50ms
  http_req_failed              0.000%
  dropped_iterations           0
  vus_max                      80
  checks                       0 passed, 0 failed


running (1m00.0s), 000/080 VUs, 240001 complete and 0 interrupted iterations
steady ✓ [ 100% ] 000/080 VUs  1m0s  4000.00 iters/s
