
         /\      Grafana   /‾‾/  
    /\  /  \     |\  __   /  /   
   /  \/    \    | |/ /  /   ‾‾\ 
  /          \   |   (  |  (‾)  |
 / __________ \  |_|\_\  \_____/ 


     execution: local
        script: /Users/juancavallotti/Documents/development/octo-performance/scenarios/001-template-page/k6/steady.js
        output: -

     scenarios: (100.00%) 1 scenario, 16000 max VUs, 1m10s max duration (incl. graceful stop):
              * steady: 16000.00 iterations/s for 1m0s (maxVUs: 1600-16000, gracefulStop: 10s)


running (0m00.7s), 00982/01659 VUs, 4952 complete and 0 interrupted iterations
steady   [   1% ] 00982/01659 VUs  0m00.7s/1m0s  16000.00 iters/s

running (0m01.7s), 01646/01785 VUs, 13846 complete and 0 interrupted iterations
steady   [   3% ] 01646/01785 VUs  0m01.7s/1m0s  16000.00 iters/s

running (0m02.7s), 00765/01885 VUs, 20505 complete and 0 interrupted iterations
steady   [   4% ] 00765/01885 VUs  0m02.7s/1m0s  16000.00 iters/s

running (0m03.7s), 01949/01950 VUs, 29448 complete and 0 interrupted iterations
steady   [   6% ] 01949/01949 VUs  0m03.7s/1m0s  16000.00 iters/s

running (0m04.7s), 02109/02109 VUs, 38052 complete and 0 interrupted iterations
steady   [   8% ] 02109/02109 VUs  0m04.7s/1m0s  16000.00 iters/s

running (0m05.7s), 02150/02151 VUs, 44448 complete and 0 interrupted iterations
steady   [  10% ] 02150/02151 VUs  0m05.7s/1m0s  16000.00 iters/s

running (0m06.7s), 00286/02355 VUs, 54680 complete and 0 interrupted iterations
steady   [  11% ] 00286/02355 VUs  0m06.7s/1m0s  16000.00 iters/s

running (0m07.7s), 00750/02405 VUs, 63416 complete and 0 interrupted iterations
steady   [  13% ] 00750/02405 VUs  0m07.7s/1m0s  16000.00 iters/s

running (0m08.7s), 02553/02560 VUs, 70568 complete and 0 interrupted iterations
steady   [  14% ] 02553/02560 VUs  0m08.7s/1m0s  16000.00 iters/s

running (0m09.7s), 02505/02767 VUs, 77936 complete and 0 interrupted iterations
steady   [  16% ] 02505/02767 VUs  0m09.7s/1m0s  16000.00 iters/s

running (0m10.7s), 00003/02782 VUs, 94360 complete and 0 interrupted iterations
steady   [  18% ] 00003/02782 VUs  0m10.7s/1m0s  16000.00 iters/s

running (0m11.7s), 02809/02810 VUs, 105691 complete and 0 interrupted iterations
steady   [  19% ] 02809/02810 VUs  0m11.7s/1m0s  16000.00 iters/s

running (0m12.7s), 02281/02933 VUs, 111014 complete and 0 interrupted iterations
steady   [  21% ] 02281/02933 VUs  0m12.7s/1m0s  16000.00 iters/s

running (0m13.7s), 02972/02972 VUs, 117813 complete and 0 interrupted iterations
steady   [  23% ] 02972/02972 VUs  0m13.7s/1m0s  16000.00 iters/s

running (0m14.7s), 03101/03102 VUs, 126661 complete and 0 interrupted iterations
steady   [  24% ] 03101/03102 VUs  0m14.7s/1m0s  16000.00 iters/s

running (0m15.7s), 02904/03233 VUs, 136059 complete and 0 interrupted iterations
steady   [  26% ] 02904/03233 VUs  0m15.7s/1m0s  16000.00 iters/s

running (0m16.7s), 00362/03286 VUs, 144778 complete and 0 interrupted iterations
steady   [  28% ] 00361/03286 VUs  0m16.7s/1m0s  16000.00 iters/s

running (0m17.7s), 03272/03350 VUs, 157223 complete and 0 interrupted iterations
steady   [  29% ] 03272/03350 VUs  0m17.7s/1m0s  16000.00 iters/s

running (0m18.7s), 03315/03631 VUs, 167289 complete and 0 interrupted iterations
steady   [  31% ] 03315/03631 VUs  0m18.7s/1m0s  16000.00 iters/s

running (0m19.7s), 03816/03818 VUs, 174971 complete and 0 interrupted iterations
steady   [  33% ] 03816/03818 VUs  0m19.7s/1m0s  16000.00 iters/s

running (0m20.7s), 01772/03823 VUs, 183678 complete and 0 interrupted iterations
steady   [  34% ] 01772/03823 VUs  0m20.7s/1m0s  16000.00 iters/s

running (0m21.7s), 02890/03939 VUs, 194440 complete and 0 interrupted iterations
steady   [  36% ] 02890/03939 VUs  0m21.7s/1m0s  16000.00 iters/s

running (0m22.7s), 03180/04048 VUs, 205141 complete and 0 interrupted iterations
steady   [  38% ] 03179/04048 VUs  0m22.7s/1m0s  16000.00 iters/s

running (0m23.7s), 04015/04227 VUs, 213618 complete and 0 interrupted iterations
steady   [  39% ] 04015/04227 VUs  0m23.7s/1m0s  16000.00 iters/s

running (0m24.7s), 03542/04240 VUs, 219889 complete and 0 interrupted iterations
steady   [  41% ] 03542/04240 VUs  0m24.7s/1m0s  16000.00 iters/s

running (0m25.7s), 04276/04278 VUs, 227094 complete and 0 interrupted iterations
steady   [  43% ] 04276/04278 VUs  0m25.7s/1m0s  16000.00 iters/s

running (0m26.7s), 04314/04317 VUs, 238722 complete and 0 interrupted iterations
steady   [  45% ] 04314/04317 VUs  0m26.7s/1m0s  16000.00 iters/s

running (0m27.8s), 04107/04565 VUs, 246363 complete and 0 interrupted iterations
steady   [  46% ] 04107/04565 VUs  0m27.8s/1m0s  16000.00 iters/s

running (0m28.7s), 03345/04671 VUs, 257634 complete and 0 interrupted iterations
steady   [  48% ] 03345/04671 VUs  0m28.7s/1m0s  16000.00 iters/s

running (0m29.7s), 02975/04701 VUs, 260779 complete and 0 interrupted iterations
steady   [  49% ] 02975/04701 VUs  0m29.7s/1m0s  16000.00 iters/s

running (0m31.0s), 04419/04713 VUs, 266704 complete and 0 interrupted iterations
steady   [  52% ] 04420/04713 VUs  0m31.0s/1m0s  16000.00 iters/s

running (0m31.7s), 00878/04715 VUs, 278459 complete and 0 interrupted iterations
steady   [  53% ] 00878/04715 VUs  0m31.7s/1m0s  16000.00 iters/s

running (0m32.7s), 03750/04811 VUs, 290638 complete and 0 interrupted iterations
steady   [  54% ] 03750/04811 VUs  0m32.7s/1m0s  16000.00 iters/s

running (0m33.7s), 03511/04860 VUs, 302484 complete and 0 interrupted iterations
steady   [  56% ] 03511/04860 VUs  0m33.7s/1m0s  16000.00 iters/s

running (0m34.7s), 05124/05125 VUs, 311002 complete and 0 interrupted iterations
steady   [  58% ] 05124/05125 VUs  0m34.7s/1m0s  16000.00 iters/s

running (0m35.7s), 04975/05154 VUs, 318680 complete and 0 interrupted iterations
steady   [  60% ] 04975/05154 VUs  0m35.7s/1m0s  16000.00 iters/s

running (0m36.7s), 00003/05161 VUs, 338393 complete and 0 interrupted iterations
steady   [  61% ] 00003/05161 VUs  0m36.7s/1m0s  16000.00 iters/s

running (0m37.7s), 04939/05162 VUs, 349206 complete and 0 interrupted iterations
steady   [  63% ] 04939/05162 VUs  0m37.7s/1m0s  16000.00 iters/s

running (0m38.7s), 05118/05256 VUs, 355427 complete and 0 interrupted iterations
steady   [  64% ] 05118/05256 VUs  0m38.7s/1m0s  16000.00 iters/s

running (0m39.7s), 05030/05314 VUs, 366279 complete and 0 interrupted iterations
steady   [  66% ] 05030/05314 VUs  0m39.7s/1m0s  16000.00 iters/s

running (0m40.7s), 04464/05365 VUs, 371339 complete and 0 interrupted iterations
steady   [  68% ] 04464/05365 VUs  0m40.7s/1m0s  16000.00 iters/s

running (0m41.7s), 03315/05370 VUs, 377332 complete and 0 interrupted iterations
steady   [  69% ] 03315/05370 VUs  0m41.7s/1m0s  16000.00 iters/s

running (0m42.7s), 05097/05373 VUs, 379288 complete and 0 interrupted iterations
steady   [  71% ] 05097/05373 VUs  0m42.7s/1m0s  16000.00 iters/s

running (0m43.7s), 05290/05422 VUs, 389563 complete and 0 interrupted iterations
steady   [  73% ] 05290/05422 VUs  0m43.7s/1m0s  16000.00 iters/s

running (0m44.7s), 05501/05502 VUs, 401064 complete and 0 interrupted iterations
steady   [  74% ] 05501/05502 VUs  0m44.7s/1m0s  16000.00 iters/s

running (0m45.7s), 05027/05536 VUs, 415371 complete and 0 interrupted iterations
steady   [  76% ] 05027/05536 VUs  0m45.7s/1m0s  16000.00 iters/s

running (0m46.7s), 05734/05735 VUs, 425334 complete and 0 interrupted iterations
steady   [  78% ] 05734/05735 VUs  0m46.7s/1m0s  16000.00 iters/s

running (0m47.7s), 05833/05867 VUs, 431763 complete and 0 interrupted iterations
steady   [  79% ] 05833/05867 VUs  0m47.7s/1m0s  16000.00 iters/s

running (0m48.7s), 05629/05913 VUs, 444136 complete and 0 interrupted iterations
steady   [  81% ] 05629/05913 VUs  0m48.7s/1m0s  16000.00 iters/s

running (0m49.7s), 05096/06012 VUs, 454600 complete and 0 interrupted iterations
steady   [  83% ] 05096/06012 VUs  0m49.7s/1m0s  16000.00 iters/s

running (0m50.7s), 02282/06101 VUs, 470168 complete and 0 interrupted iterations
steady   [  84% ] 02282/06101 VUs  0m50.7s/1m0s  16000.00 iters/s

running (0m51.7s), 02958/06114 VUs, 481730 complete and 0 interrupted iterations
steady   [  86% ] 02958/06114 VUs  0m51.7s/1m0s  16000.00 iters/s

running (0m52.7s), 05854/06274 VUs, 491108 complete and 0 interrupted iterations
steady   [  88% ] 05854/06274 VUs  0m52.7s/1m0s  16000.00 iters/s

running (0m54.6s), 06053/06449 VUs, 499556 complete and 0 interrupted iterations
steady   [  91% ] 06053/06449 VUs  0m54.6s/1m0s  16000.00 iters/s

running (0m54.7s), 06076/06449 VUs, 499558 complete and 0 interrupted iterations
steady   [  91% ] 06076/06449 VUs  0m54.7s/1m0s  16000.00 iters/s

running (0m55.7s), 06306/06459 VUs, 507575 complete and 0 interrupted iterations
steady   [  93% ] 06306/06459 VUs  0m55.7s/1m0s  16000.00 iters/s

running (0m56.7s), 06044/06505 VUs, 518934 complete and 0 interrupted iterations
steady   [  94% ] 06044/06505 VUs  0m56.7s/1m0s  16000.00 iters/s

running (0m57.7s), 06324/06777 VUs, 527589 complete and 0 interrupted iterations
steady   [  96% ] 06324/06777 VUs  0m57.7s/1m0s  16000.00 iters/s

running (0m58.7s), 06379/06829 VUs, 537519 complete and 0 interrupted iterations
steady   [  98% ] 06381/06829 VUs  0m58.7s/1m0s  16000.00 iters/s

running (0m59.7s), 06738/06863 VUs, 541713 complete and 0 interrupted iterations
steady   [  99% ] 06738/06863 VUs  0m59.7s/1m0s  16000.00 iters/s

running (1m00.7s), 00278/06921 VUs, 549537 complete and 0 interrupted iterations
steady ↓ [ 100% ] 06651/06921 VUs  1m0s  16000.00 iters/s

  http_reqs                    549815 (9045.04/s)
  http_req_duration            med=295.77ms p95=1049.49ms p99=1471.59ms max=2549.59ms
  http_req_waiting             p95=1015.27ms
  http_req_failed              0.000%
  dropped_iterations           410252
  vus_max                      6921
  checks                       0 passed, 0 failed


running (1m00.8s), 00000/06921 VUs, 549815 complete and 0 interrupted iterations
steady ✓ [ 100% ] 00000/06921 VUs  1m0s  16000.00 iters/s
time="2026-07-26T13:52:37-07:00" level=error msg="thresholds on metrics 'dropped_iterations, http_req_duration' have been crossed"
