
         /\      Grafana   /‾‾/  
    /\  /  \     |\  __   /  /   
   /  \/    \    | |/ /  /   ‾‾\ 
  /          \   |   (  |  (‾)  |
 / __________ \  |_|\_\  \_____/ 


     execution: local
        script: /Users/juancavallotti/Documents/development/octo-performance/scenarios/001-template-page/k6/steady.js
        output: -

     scenarios: (100.00%) 1 scenario, 4800 max VUs, 30s max duration (incl. graceful stop):
              * steady: 24000.00 iterations/s for 20s (maxVUs: 480-4800, gracefulStop: 10s)


running (00.9s), 0188/0721 VUs, 19325 complete and 0 interrupted iterations
steady   [   5% ] 0188/0721 VUs  00.9s/20s  24000.00 iters/s

running (01.9s), 0049/0758 VUs, 42822 complete and 0 interrupted iterations
steady   [  10% ] 0049/0758 VUs  01.9s/20s  24000.00 iters/s

running (02.9s), 0024/0926 VUs, 64599 complete and 0 interrupted iterations
steady   [  15% ] 0024/0926 VUs  02.9s/20s  24000.00 iters/s

running (03.9s), 0748/1163 VUs, 81945 complete and 0 interrupted iterations
steady   [  20% ] 0748/1163 VUs  03.9s/20s  24000.00 iters/s

running (04.9s), 1107/1374 VUs, 96164 complete and 0 interrupted iterations
steady   [  25% ] 1107/1374 VUs  04.9s/20s  24000.00 iters/s

running (05.9s), 0035/1443 VUs, 118711 complete and 0 interrupted iterations
steady   [  30% ] 0035/1443 VUs  05.9s/20s  24000.00 iters/s

running (06.9s), 0352/1500 VUs, 141498 complete and 0 interrupted iterations
steady   [  35% ] 0352/1500 VUs  06.9s/20s  24000.00 iters/s

running (07.9s), 1371/1663 VUs, 159969 complete and 0 interrupted iterations
steady   [  40% ] 1371/1663 VUs  07.9s/20s  24000.00 iters/s

running (08.9s), 1959/1998 VUs, 167459 complete and 0 interrupted iterations
steady   [  45% ] 1959/1998 VUs  08.9s/20s  24000.00 iters/s

running (09.9s), 2395/2395 VUs, 178584 complete and 0 interrupted iterations
steady   [  50% ] 2395/2395 VUs  09.9s/20s  24000.00 iters/s

running (10.9s), 3276/3276 VUs, 181988 complete and 0 interrupted iterations
steady   [  55% ] 3276/3276 VUs  10.9s/20s  24000.00 iters/s

running (11.9s), 3629/3635 VUs, 185333 complete and 0 interrupted iterations
steady   [  60% ] 3630/3635 VUs  11.9s/20s  24000.00 iters/s

running (12.9s), 4070/4071 VUs, 188604 complete and 0 interrupted iterations
steady   [  65% ] 4070/4071 VUs  12.9s/20s  24000.00 iters/s

running (13.9s), 4738/4739 VUs, 194179 complete and 0 interrupted iterations
steady   [  70% ] 4738/4739 VUs  13.9s/20s  24000.00 iters/s
time="2026-07-25T10:54:38-07:00" level=warning msg="Insufficient VUs, reached 4800 active VUs and cannot initialize more" executor=constant-arrival-rate scenario=steady

running (14.9s), 4391/4800 VUs, 194963 complete and 0 interrupted iterations
steady   [  75% ] 4391/4800 VUs  14.9s/20s  24000.00 iters/s

running (15.9s), 4718/4800 VUs, 197694 complete and 0 interrupted iterations
steady   [  80% ] 4718/4800 VUs  15.9s/20s  24000.00 iters/s

running (16.9s), 4418/4800 VUs, 201597 complete and 0 interrupted iterations
steady   [  85% ] 4418/4800 VUs  16.9s/20s  24000.00 iters/s
time="2026-07-25T10:54:41-07:00" level=warning msg="Request Failed" error="Get \"http://localhost:8080/page/octo\": dial: i/o timeout"
time="2026-07-25T10:54:42-07:00" level=warning msg="Request Failed" error="Get \"http://localhost:8080/page/octo\": dial: i/o timeout"

running (17.9s), 4366/4800 VUs, 206498 complete and 0 interrupted iterations
steady   [  94% ] 4367/4800 VUs  18.7s/20s  24000.00 iters/s

running (18.9s), 4452/4800 VUs, 206579 complete and 0 interrupted iterations
steady   [  95% ] 4453/4800 VUs  18.9s/20s  24000.00 iters/s
time="2026-07-25T10:54:43-07:00" level=warning msg="Request Failed" error="Get \"http://localhost:8080/page/octo\": dial: i/o timeout"
time="2026-07-25T10:54:43-07:00" level=warning msg="Request Failed" error="Get \"http://localhost:8080/page/octo\": dial: i/o timeout"
time="2026-07-25T10:54:43-07:00" level=warning msg="Request Failed" error="Get \"http://localhost:8080/page/octo\": dial: i/o timeout"
time="2026-07-25T10:54:43-07:00" level=warning msg="Request Failed" error="Get \"http://localhost:8080/page/octo\": dial: i/o timeout"
time="2026-07-25T10:54:43-07:00" level=warning msg="Request Failed" error="Get \"http://localhost:8080/page/octo\": dial: i/o timeout"
time="2026-07-25T10:54:43-07:00" level=warning msg="Request Failed" error="Get \"http://localhost:8080/page/octo\": dial: i/o timeout"
time="2026-07-25T10:54:43-07:00" level=warning msg="Request Failed" error="Get \"http://localhost:8080/page/octo\": dial: i/o timeout"
time="2026-07-25T10:54:43-07:00" level=warning msg="Request Failed" error="Get \"http://localhost:8080/page/octo\": dial: i/o timeout"
time="2026-07-25T10:54:43-07:00" level=warning msg="Request Failed" error="Get \"http://localhost:8080/page/octo\": dial: i/o timeout"
time="2026-07-25T10:54:43-07:00" level=warning msg="Request Failed" error="Get \"http://localhost:8080/page/octo\": dial: i/o timeout"
time="2026-07-25T10:54:43-07:00" level=warning msg="Request Failed" error="Get \"http://localhost:8080/page/octo\": dial: i/o timeout"
time="2026-07-25T10:54:43-07:00" level=warning msg="Request Failed" error="Get \"http://localhost:8080/page/octo\": dial: i/o timeout"
time="2026-07-25T10:54:43-07:00" level=warning msg="Request Failed" error="Get \"http://localhost:8080/page/octo\": dial: i/o timeout"
time="2026-07-25T10:54:43-07:00" level=warning msg="Request Failed" error="Get \"http://localhost:8080/page/octo\": dial: i/o timeout"
time="2026-07-25T10:54:43-07:00" level=warning msg="Request Failed" error="Get \"http://localhost:8080/page/octo\": dial: i/o timeout"
time="2026-07-25T10:54:43-07:00" level=warning msg="Request Failed" error="Get \"http://localhost:8080/page/octo\": dial: i/o timeout"
time="2026-07-25T10:54:43-07:00" level=warning msg="Request Failed" error="Get \"http://localhost:8080/page/octo\": dial: i/o timeout"
time="2026-07-25T10:54:43-07:00" level=warning msg="Request Failed" error="Get \"http://localhost:8080/page/octo\": dial: i/o timeout"
time="2026-07-25T10:54:43-07:00" level=warning msg="Request Failed" error="Get \"http://localhost:8080/page/octo\": dial: i/o timeout"
time="2026-07-25T10:54:43-07:00" level=warning msg="Request Failed" error="Get \"http://localhost:8080/page/octo\": dial: i/o timeout"
time="2026-07-25T10:54:43-07:00" level=warning msg="Request Failed" error="Get \"http://localhost:8080/page/octo\": dial: i/o timeout"
time="2026-07-25T10:54:43-07:00" level=warning msg="Request Failed" error="Get \"http://localhost:8080/page/octo\": dial: i/o timeout"
time="2026-07-25T10:54:43-07:00" level=warning msg="Request Failed" error="Get \"http://localhost:8080/page/octo\": dial: i/o timeout"
time="2026-07-25T10:54:43-07:00" level=warning msg="Request Failed" error="Get \"http://localhost:8080/page/octo\": dial: i/o timeout"
time="2026-07-25T10:54:43-07:00" level=warning msg="Request Failed" error="Get \"http://localhost:8080/page/octo\": dial: i/o timeout"
time="2026-07-25T10:54:43-07:00" level=warning msg="Request Failed" error="Get \"http://localhost:8080/page/octo\": dial: i/o timeout"
time="2026-07-25T10:54:43-07:00" level=warning msg="Request Failed" error="Get \"http://localhost:8080/page/octo\": dial: i/o timeout"
time="2026-07-25T10:54:43-07:00" level=warning msg="Request Failed" error="Get \"http://localhost:8080/page/octo\": dial: i/o timeout"
time="2026-07-25T10:54:43-07:00" level=warning msg="Request Failed" error="Get \"http://localhost:8080/page/octo\": dial: i/o timeout"
time="2026-07-25T10:54:43-07:00" level=warning msg="Request Failed" error="Get \"http://localhost:8080/page/octo\": dial: i/o timeout"
time="2026-07-25T10:54:43-07:00" level=warning msg="Request Failed" error="Get \"http://localhost:8080/page/octo\": dial: i/o timeout"
time="2026-07-25T10:54:43-07:00" level=warning msg="Request Failed" error="Get \"http://localhost:8080/page/octo\": dial: i/o timeout"
time="2026-07-25T10:54:43-07:00" level=warning msg="Request Failed" error="Get \"http://localhost:8080/page/octo\": dial: i/o timeout"
time="2026-07-25T10:54:43-07:00" level=warning msg="Request Failed" error="Get \"http://localhost:8080/page/octo\": dial: i/o timeout"
time="2026-07-25T10:54:43-07:00" level=warning msg="Request Failed" error="Get \"http://localhost:8080/page/octo\": dial: i/o timeout"
time="2026-07-25T10:54:43-07:00" level=warning msg="Request Failed" error="Get \"http://localhost:8080/page/octo\": dial: i/o timeout"
time="2026-07-25T10:54:43-07:00" level=warning msg="Request Failed" error="Get \"http://localhost:8080/page/octo\": dial: i/o timeout"
time="2026-07-25T10:54:43-07:00" level=warning msg="Request Failed" error="Get \"http://localhost:8080/page/octo\": dial: i/o timeout"
time="2026-07-25T10:54:43-07:00" level=warning msg="Request Failed" error="Get \"http://localhost:8080/page/octo\": dial: i/o timeout"
time="2026-07-25T10:54:43-07:00" level=warning msg="Request Failed" error="Get \"http://localhost:8080/page/octo\": dial: i/o timeout"
time="2026-07-25T10:54:43-07:00" level=warning msg="Request Failed" error="Get \"http://localhost:8080/page/octo\": dial: i/o timeout"
time="2026-07-25T10:54:43-07:00" level=warning msg="Request Failed" error="Get \"http://localhost:8080/page/octo\": dial: i/o timeout"
time="2026-07-25T10:54:43-07:00" level=warning msg="Request Failed" error="Get \"http://localhost:8080/page/octo\": dial: i/o timeout"
time="2026-07-25T10:54:43-07:00" level=warning msg="Request Failed" error="Get \"http://localhost:8080/page/octo\": dial: i/o timeout"
time="2026-07-25T10:54:43-07:00" level=warning msg="Request Failed" error="Get \"http://localhost:8080/page/octo\": dial: i/o timeout"
time="2026-07-25T10:54:43-07:00" level=warning msg="Request Failed" error="Get \"http://localhost:8080/page/octo\": dial: i/o timeout"
time="2026-07-25T10:54:43-07:00" level=warning msg="Request Failed" error="Get \"http://localhost:8080/page/octo\": dial: i/o timeout"
time="2026-07-25T10:54:43-07:00" level=warning msg="Request Failed" error="Get \"http://localhost:8080/page/octo\": dial: i/o timeout"
time="2026-07-25T10:54:43-07:00" level=warning msg="Request Failed" error="Get \"http://localhost:8080/page/octo\": dial: i/o timeout"
time="2026-07-25T10:54:43-07:00" level=warning msg="Request Failed" error="Get \"http://localhost:8080/page/octo\": dial: i/o timeout"
time="2026-07-25T10:54:43-07:00" level=warning msg="Request Failed" error="Get \"http://localhost:8080/page/octo\": dial: i/o timeout"
time="2026-07-25T10:54:43-07:00" level=warning msg="Request Failed" error="Get \"http://localhost:8080/page/octo\": dial: i/o timeout"
time="2026-07-25T10:54:43-07:00" level=warning msg="Request Failed" error="Get \"http://localhost:8080/page/octo\": dial: i/o timeout"
time="2026-07-25T10:54:43-07:00" level=warning msg="Request Failed" error="Get \"http://localhost:8080/page/octo\": dial: i/o timeout"
time="2026-07-25T10:54:43-07:00" level=warning msg="Request Failed" error="Get \"http://localhost:8080/page/octo\": dial: i/o timeout"
time="2026-07-25T10:54:43-07:00" level=warning msg="Request Failed" error="Get \"http://localhost:8080/page/octo\": dial: i/o timeout"
time="2026-07-25T10:54:43-07:00" level=warning msg="Request Failed" error="Get \"http://localhost:8080/page/octo\": dial: i/o timeout"
time="2026-07-25T10:54:43-07:00" level=warning msg="Request Failed" error="Get \"http://localhost:8080/page/octo\": dial: i/o timeout"
time="2026-07-25T10:54:43-07:00" level=warning msg="Request Failed" error="Get \"http://localhost:8080/page/octo\": dial: i/o timeout"
time="2026-07-25T10:54:43-07:00" level=warning msg="Request Failed" error="Get \"http://localhost:8080/page/octo\": dial: i/o timeout"
time="2026-07-25T10:54:43-07:00" level=warning msg="Request Failed" error="Get \"http://localhost:8080/page/octo\": dial: i/o timeout"
time="2026-07-25T10:54:43-07:00" level=warning msg="Request Failed" error="Get \"http://localhost:8080/page/octo\": dial: i/o timeout"
time="2026-07-25T10:54:43-07:00" level=warning msg="Request Failed" error="Get \"http://localhost:8080/page/octo\": dial: i/o timeout"
time="2026-07-25T10:54:43-07:00" level=warning msg="Request Failed" error="Get \"http://localhost:8080/page/octo\": dial: i/o timeout"
time="2026-07-25T10:54:43-07:00" level=warning msg="Request Failed" error="Get \"http://localhost:8080/page/octo\": dial: i/o timeout"
time="2026-07-25T10:54:43-07:00" level=warning msg="Request Failed" error="Get \"http://localhost:8080/page/octo\": dial: i/o timeout"
time="2026-07-25T10:54:43-07:00" level=warning msg="Request Failed" error="Get \"http://localhost:8080/page/octo\": dial: i/o timeout"
time="2026-07-25T10:54:43-07:00" level=warning msg="Request Failed" error="Get \"http://localhost:8080/page/octo\": dial: i/o timeout"
time="2026-07-25T10:54:43-07:00" level=warning msg="Request Failed" error="Get \"http://localhost:8080/page/octo\": dial: i/o timeout"
time="2026-07-25T10:54:43-07:00" level=warning msg="Request Failed" error="Get \"http://localhost:8080/page/octo\": dial: i/o timeout"
time="2026-07-25T10:54:43-07:00" level=warning msg="Request Failed" error="Get \"http://localhost:8080/page/octo\": dial: i/o timeout"
time="2026-07-25T10:54:43-07:00" level=warning msg="Request Failed" error="Get \"http://localhost:8080/page/octo\": dial: i/o timeout"
time="2026-07-25T10:54:43-07:00" level=warning msg="Request Failed" error="Get \"http://localhost:8080/page/octo\": dial: i/o timeout"
time="2026-07-25T10:54:43-07:00" level=warning msg="Request Failed" error="Get \"http://localhost:8080/page/octo\": dial: i/o timeout"
time="2026-07-25T10:54:43-07:00" level=warning msg="Request Failed" error="Get \"http://localhost:8080/page/octo\": dial: i/o timeout"
time="2026-07-25T10:54:43-07:00" level=warning msg="Request Failed" error="Get \"http://localhost:8080/page/octo\": dial: i/o timeout"
time="2026-07-25T10:54:43-07:00" level=warning msg="Request Failed" error="Get \"http://localhost:8080/page/octo\": dial: i/o timeout"
time="2026-07-25T10:54:43-07:00" level=warning msg="Request Failed" error="Get \"http://localhost:8080/page/octo\": dial: i/o timeout"
time="2026-07-25T10:54:43-07:00" level=warning msg="Request Failed" error="Get \"http://localhost:8080/page/octo\": dial: i/o timeout"
time="2026-07-25T10:54:43-07:00" level=warning msg="Request Failed" error="Get \"http://localhost:8080/page/octo\": dial: i/o timeout"
time="2026-07-25T10:54:43-07:00" level=warning msg="Request Failed" error="Get \"http://localhost:8080/page/octo\": dial: i/o timeout"
time="2026-07-25T10:54:43-07:00" level=warning msg="Request Failed" error="Get \"http://localhost:8080/page/octo\": dial: i/o timeout"
time="2026-07-25T10:54:43-07:00" level=warning msg="Request Failed" error="Get \"http://localhost:8080/page/octo\": dial: i/o timeout"
time="2026-07-25T10:54:43-07:00" level=warning msg="Request Failed" error="Get \"http://localhost:8080/page/octo\": dial: i/o timeout"
time="2026-07-25T10:54:43-07:00" level=warning msg="Request Failed" error="Get \"http://localhost:8080/page/octo\": dial: i/o timeout"
time="2026-07-25T10:54:43-07:00" level=warning msg="Request Failed" error="Get \"http://localhost:8080/page/octo\": dial: i/o timeout"
time="2026-07-25T10:54:43-07:00" level=warning msg="Request Failed" error="Get \"http://localhost:8080/page/octo\": dial: i/o timeout"
time="2026-07-25T10:54:43-07:00" level=warning msg="Request Failed" error="Get \"http://localhost:8080/page/octo\": dial: i/o timeout"
time="2026-07-25T10:54:43-07:00" level=warning msg="Request Failed" error="Get \"http://localhost:8080/page/octo\": dial: i/o timeout"
time="2026-07-25T10:54:43-07:00" level=warning msg="Request Failed" error="Get \"http://localhost:8080/page/octo\": dial: i/o timeout"
time="2026-07-25T10:54:43-07:00" level=warning msg="Request Failed" error="Get \"http://localhost:8080/page/octo\": dial: i/o timeout"
time="2026-07-25T10:54:43-07:00" level=warning msg="Request Failed" error="Get \"http://localhost:8080/page/octo\": dial: i/o timeout"
time="2026-07-25T10:54:43-07:00" level=warning msg="Request Failed" error="Get \"http://localhost:8080/page/octo\": dial: i/o timeout"
time="2026-07-25T10:54:43-07:00" level=warning msg="Request Failed" error="Get \"http://localhost:8080/page/octo\": dial: i/o timeout"
time="2026-07-25T10:54:43-07:00" level=warning msg="Request Failed" error="Get \"http://localhost:8080/page/octo\": dial: i/o timeout"
time="2026-07-25T10:54:43-07:00" level=warning msg="Request Failed" error="Get \"http://localhost:8080/page/octo\": dial: i/o timeout"
time="2026-07-25T10:54:43-07:00" level=warning msg="Request Failed" error="Get \"http://localhost:8080/page/octo\": dial: i/o timeout"
time="2026-07-25T10:54:43-07:00" level=warning msg="Request Failed" error="Get \"http://localhost:8080/page/octo\": dial: i/o timeout"
time="2026-07-25T10:54:43-07:00" level=warning msg="Request Failed" error="Get \"http://localhost:8080/page/octo\": dial: i/o timeout"
time="2026-07-25T10:54:43-07:00" level=warning msg="Request Failed" error="Get \"http://localhost:8080/page/octo\": dial: i/o timeout"
time="2026-07-25T10:54:43-07:00" level=warning msg="Request Failed" error="Get \"http://localhost:8080/page/octo\": dial: i/o timeout"
time="2026-07-25T10:54:43-07:00" level=warning msg="Request Failed" error="Get \"http://localhost:8080/page/octo\": dial: i/o timeout"
time="2026-07-25T10:54:43-07:00" level=warning msg="Request Failed" error="Get \"http://localhost:8080/page/octo\": dial: i/o timeout"
time="2026-07-25T10:54:43-07:00" level=warning msg="Request Failed" error="Get \"http://localhost:8080/page/octo\": dial: i/o timeout"
time="2026-07-25T10:54:43-07:00" level=warning msg="Request Failed" error="Get \"http://localhost:8080/page/octo\": dial: i/o timeout"
time="2026-07-25T10:54:43-07:00" level=warning msg="Request Failed" error="Get \"http://localhost:8080/page/octo\": dial: i/o timeout"
time="2026-07-25T10:54:43-07:00" level=warning msg="Request Failed" error="Get \"http://localhost:8080/page/octo\": dial: i/o timeout"
time="2026-07-25T10:54:43-07:00" level=warning msg="Request Failed" error="Get \"http://localhost:8080/page/octo\": dial: i/o timeout"
time="2026-07-25T10:54:43-07:00" level=warning msg="Request Failed" error="Get \"http://localhost:8080/page/octo\": dial: i/o timeout"
time="2026-07-25T10:54:43-07:00" level=warning msg="Request Failed" error="Get \"http://localhost:8080/page/octo\": dial: i/o timeout"
time="2026-07-25T10:54:43-07:00" level=warning msg="Request Failed" error="Get \"http://localhost:8080/page/octo\": dial: i/o timeout"
time="2026-07-25T10:54:43-07:00" level=warning msg="Request Failed" error="Get \"http://localhost:8080/page/octo\": dial: i/o timeout"
time="2026-07-25T10:54:43-07:00" level=warning msg="Request Failed" error="Get \"http://localhost:8080/page/octo\": dial: i/o timeout"
time="2026-07-25T10:54:43-07:00" level=warning msg="Request Failed" error="Get \"http://localhost:8080/page/octo\": dial: i/o timeout"
time="2026-07-25T10:54:43-07:00" level=warning msg="Request Failed" error="Get \"http://localhost:8080/page/octo\": dial: i/o timeout"
time="2026-07-25T10:54:43-07:00" level=warning msg="Request Failed" error="Get \"http://localhost:8080/page/octo\": dial: i/o timeout"
time="2026-07-25T10:54:43-07:00" level=warning msg="Request Failed" error="Get \"http://localhost:8080/page/octo\": dial: i/o timeout"
time="2026-07-25T10:54:43-07:00" level=warning msg="Request Failed" error="Get \"http://localhost:8080/page/octo\": dial: i/o timeout"
time="2026-07-25T10:54:43-07:00" level=warning msg="Request Failed" error="Get \"http://localhost:8080/page/octo\": dial: i/o timeout"
time="2026-07-25T10:54:43-07:00" level=warning msg="Request Failed" error="Get \"http://localhost:8080/page/octo\": dial: i/o timeout"
time="2026-07-25T10:54:43-07:00" level=warning msg="Request Failed" error="Get \"http://localhost:8080/page/octo\": dial: i/o timeout"
time="2026-07-25T10:54:43-07:00" level=warning msg="Request Failed" error="Get \"http://localhost:8080/page/octo\": dial: i/o timeout"
time="2026-07-25T10:54:43-07:00" level=warning msg="Request Failed" error="Get \"http://localhost:8080/page/octo\": dial: i/o timeout"
time="2026-07-25T10:54:43-07:00" level=warning msg="Request Failed" error="Get \"http://localhost:8080/page/octo\": dial: i/o timeout"
time="2026-07-25T10:54:43-07:00" level=warning msg="Request Failed" error="Get \"http://localhost:8080/page/octo\": dial: i/o timeout"
time="2026-07-25T10:54:43-07:00" level=warning msg="Request Failed" error="Get \"http://localhost:8080/page/octo\": dial: i/o timeout"
time="2026-07-25T10:54:43-07:00" level=warning msg="Request Failed" error="Get \"http://localhost:8080/page/octo\": dial: i/o timeout"
time="2026-07-25T10:54:43-07:00" level=warning msg="Request Failed" error="Get \"http://localhost:8080/page/octo\": dial: i/o timeout"
time="2026-07-25T10:54:43-07:00" level=warning msg="Request Failed" error="Get \"http://localhost:8080/page/octo\": dial: i/o timeout"
time="2026-07-25T10:54:43-07:00" level=warning msg="Request Failed" error="Get \"http://localhost:8080/page/octo\": dial: i/o timeout"
time="2026-07-25T10:54:43-07:00" level=warning msg="Request Failed" error="Get \"http://localhost:8080/page/octo\": dial: i/o timeout"
time="2026-07-25T10:54:43-07:00" level=warning msg="Request Failed" error="Get \"http://localhost:8080/page/octo\": dial: i/o timeout"
time="2026-07-25T10:54:43-07:00" level=warning msg="Request Failed" error="Get \"http://localhost:8080/page/octo\": dial: i/o timeout"
time="2026-07-25T10:54:43-07:00" level=warning msg="Request Failed" error="Get \"http://localhost:8080/page/octo\": dial: i/o timeout"
time="2026-07-25T10:54:43-07:00" level=warning msg="Request Failed" error="Get \"http://localhost:8080/page/octo\": dial: i/o timeout"
time="2026-07-25T10:54:43-07:00" level=warning msg="Request Failed" error="Get \"http://localhost:8080/page/octo\": dial: i/o timeout"
time="2026-07-25T10:54:43-07:00" level=warning msg="Request Failed" error="Get \"http://localhost:8080/page/octo\": dial: i/o timeout"
time="2026-07-25T10:54:43-07:00" level=warning msg="Request Failed" error="Get \"http://localhost:8080/page/octo\": dial: i/o timeout"
time="2026-07-25T10:54:43-07:00" level=warning msg="Request Failed" error="Get \"http://localhost:8080/page/octo\": dial: i/o timeout"
time="2026-07-25T10:54:43-07:00" level=warning msg="Request Failed" error="Get \"http://localhost:8080/page/octo\": dial: i/o timeout"
time="2026-07-25T10:54:43-07:00" level=warning msg="Request Failed" error="Get \"http://localhost:8080/page/octo\": dial: i/o timeout"
time="2026-07-25T10:54:43-07:00" level=warning msg="Request Failed" error="Get \"http://localhost:8080/page/octo\": dial: i/o timeout"
time="2026-07-25T10:54:43-07:00" level=warning msg="Request Failed" error="Get \"http://localhost:8080/page/octo\": dial: i/o timeout"
time="2026-07-25T10:54:43-07:00" level=warning msg="Request Failed" error="Get \"http://localhost:8080/page/octo\": dial: i/o timeout"
time="2026-07-25T10:54:43-07:00" level=warning msg="Request Failed" error="Get \"http://localhost:8080/page/octo\": dial: i/o timeout"
time="2026-07-25T10:54:43-07:00" level=warning msg="Request Failed" error="Get \"http://localhost:8080/page/octo\": dial: i/o timeout"
time="2026-07-25T10:54:43-07:00" level=warning msg="Request Failed" error="Get \"http://localhost:8080/page/octo\": dial: i/o timeout"
time="2026-07-25T10:54:43-07:00" level=warning msg="Request Failed" error="Get \"http://localhost:8080/page/octo\": dial: i/o timeout"
time="2026-07-25T10:54:43-07:00" level=warning msg="Request Failed" error="Get \"http://localhost:8080/page/octo\": dial: i/o timeout"
time="2026-07-25T10:54:43-07:00" level=warning msg="Request Failed" error="Get \"http://localhost:8080/page/octo\": dial: i/o timeout"
time="2026-07-25T10:54:43-07:00" level=warning msg="Request Failed" error="Get \"http://localhost:8080/page/octo\": dial: i/o timeout"
time="2026-07-25T10:54:43-07:00" level=warning msg="Request Failed" error="Get \"http://localhost:8080/page/octo\": dial: i/o timeout"
time="2026-07-25T10:54:43-07:00" level=warning msg="Request Failed" error="Get \"http://localhost:8080/page/octo\": dial: i/o timeout"
time="2026-07-25T10:54:43-07:00" level=warning msg="Request Failed" error="Get \"http://localhost:8080/page/octo\": dial: i/o timeout"
time="2026-07-25T10:54:43-07:00" level=warning msg="Request Failed" error="Get \"http://localhost:8080/page/octo\": dial: i/o timeout"
time="2026-07-25T10:54:43-07:00" level=warning msg="Request Failed" error="Get \"http://localhost:8080/page/octo\": dial: i/o timeout"
time="2026-07-25T10:54:43-07:00" level=warning msg="Request Failed" error="Get \"http://localhost:8080/page/octo\": dial: i/o timeout"
time="2026-07-25T10:54:43-07:00" level=warning msg="Request Failed" error="Get \"http://localhost:8080/page/octo\": dial: i/o timeout"
time="2026-07-25T10:54:43-07:00" level=warning msg="Request Failed" error="Get \"http://localhost:8080/page/octo\": dial: i/o timeout"
time="2026-07-25T10:54:43-07:00" level=warning msg="Request Failed" error="Get \"http://localhost:8080/page/octo\": dial: i/o timeout"
time="2026-07-25T10:54:43-07:00" level=warning msg="Request Failed" error="Get \"http://localhost:8080/page/octo\": dial: i/o timeout"
time="2026-07-25T10:54:43-07:00" level=warning msg="Request Failed" error="Get \"http://localhost:8080/page/octo\": dial: i/o timeout"
time="2026-07-25T10:54:43-07:00" level=warning msg="Request Failed" error="Get \"http://localhost:8080/page/octo\": dial: i/o timeout"
time="2026-07-25T10:54:43-07:00" level=warning msg="Request Failed" error="Get \"http://localhost:8080/page/octo\": dial: i/o timeout"
time="2026-07-25T10:54:43-07:00" level=warning msg="Request Failed" error="Get \"http://localhost:8080/page/octo\": dial: i/o timeout"
time="2026-07-25T10:54:43-07:00" level=warning msg="Request Failed" error="Get \"http://localhost:8080/page/octo\": dial: i/o timeout"
time="2026-07-25T10:54:43-07:00" level=warning msg="Request Failed" error="Get \"http://localhost:8080/page/octo\": dial: i/o timeout"
time="2026-07-25T10:54:43-07:00" level=warning msg="Request Failed" error="Get \"http://localhost:8080/page/octo\": dial: i/o timeout"
time="2026-07-25T10:54:43-07:00" level=warning msg="Request Failed" error="Get \"http://localhost:8080/page/octo\": dial: i/o timeout"
time="2026-07-25T10:54:43-07:00" level=warning msg="Request Failed" error="Get \"http://localhost:8080/page/octo\": dial: i/o timeout"
time="2026-07-25T10:54:43-07:00" level=warning msg="Request Failed" error="Get \"http://localhost:8080/page/octo\": dial: i/o timeout"
time="2026-07-25T10:54:43-07:00" level=warning msg="Request Failed" error="Get \"http://localhost:8080/page/octo\": dial: i/o timeout"
time="2026-07-25T10:54:43-07:00" level=warning msg="Request Failed" error="Get \"http://localhost:8080/page/octo\": dial: i/o timeout"
time="2026-07-25T10:54:43-07:00" level=warning msg="Request Failed" error="Get \"http://localhost:8080/page/octo\": dial: i/o timeout"
time="2026-07-25T10:54:43-07:00" level=warning msg="Request Failed" error="Get \"http://localhost:8080/page/octo\": dial: i/o timeout"
time="2026-07-25T10:54:43-07:00" level=warning msg="Request Failed" error="Get \"http://localhost:8080/page/octo\": dial: i/o timeout"
time="2026-07-25T10:54:43-07:00" level=warning msg="Request Failed" error="Get \"http://localhost:8080/page/octo\": dial: i/o timeout"
time="2026-07-25T10:54:43-07:00" level=warning msg="Request Failed" error="Get \"http://localhost:8080/page/octo\": dial: i/o timeout"
time="2026-07-25T10:54:43-07:00" level=warning msg="Request Failed" error="Get \"http://localhost:8080/page/octo\": dial: i/o timeout"
time="2026-07-25T10:54:43-07:00" level=warning msg="Request Failed" error="Get \"http://localhost:8080/page/octo\": dial: i/o timeout"
time="2026-07-25T10:54:43-07:00" level=warning msg="Request Failed" error="Get \"http://localhost:8080/page/octo\": dial: i/o timeout"
time="2026-07-25T10:54:43-07:00" level=warning msg="Request Failed" error="Get \"http://localhost:8080/page/octo\": dial: i/o timeout"
time="2026-07-25T10:54:43-07:00" level=warning msg="Request Failed" error="Get \"http://localhost:8080/page/octo\": dial: i/o timeout"
time="2026-07-25T10:54:43-07:00" level=warning msg="Request Failed" error="Get \"http://localhost:8080/page/octo\": dial: i/o timeout"
time="2026-07-25T10:54:43-07:00" level=warning msg="Request Failed" error="Get \"http://localhost:8080/page/octo\": dial: i/o timeout"
time="2026-07-25T10:54:43-07:00" level=warning msg="Request Failed" error="Get \"http://localhost:8080/page/octo\": dial: i/o timeout"
time="2026-07-25T10:54:43-07:00" level=warning msg="Request Failed" error="Get \"http://localhost:8080/page/octo\": dial: i/o timeout"
time="2026-07-25T10:54:43-07:00" level=warning msg="Request Failed" error="Get \"http://localhost:8080/page/octo\": dial: i/o timeout"
time="2026-07-25T10:54:43-07:00" level=warning msg="Request Failed" error="Get \"http://localhost:8080/page/octo\": dial: i/o timeout"
time="2026-07-25T10:54:43-07:00" level=warning msg="Request Failed" error="Get \"http://localhost:8080/page/octo\": dial: i/o timeout"
time="2026-07-25T10:54:43-07:00" level=warning msg="Request Failed" error="Get \"http://localhost:8080/page/octo\": dial: i/o timeout"
time="2026-07-25T10:54:43-07:00" level=warning msg="Request Failed" error="Get \"http://localhost:8080/page/octo\": dial: i/o timeout"
time="2026-07-25T10:54:43-07:00" level=warning msg="Request Failed" error="Get \"http://localhost:8080/page/octo\": dial: i/o timeout"
time="2026-07-25T10:54:43-07:00" level=warning msg="Request Failed" error="Get \"http://localhost:8080/page/octo\": dial: i/o timeout"
time="2026-07-25T10:54:43-07:00" level=warning msg="Request Failed" error="Get \"http://localhost:8080/page/octo\": dial: i/o timeout"
time="2026-07-25T10:54:43-07:00" level=warning msg="Request Failed" error="Get \"http://localhost:8080/page/octo\": dial: i/o timeout"
time="2026-07-25T10:54:43-07:00" level=warning msg="Request Failed" error="Get \"http://localhost:8080/page/octo\": dial: i/o timeout"
time="2026-07-25T10:54:43-07:00" level=warning msg="Request Failed" error="Get \"http://localhost:8080/page/octo\": dial: i/o timeout"
time="2026-07-25T10:54:43-07:00" level=warning msg="Request Failed" error="Get \"http://localhost:8080/page/octo\": dial: i/o timeout"
time="2026-07-25T10:54:43-07:00" level=warning msg="Request Failed" error="Get \"http://localhost:8080/page/octo\": dial: i/o timeout"
time="2026-07-25T10:54:43-07:00" level=warning msg="Request Failed" error="Get \"http://localhost:8080/page/octo\": dial: i/o timeout"
time="2026-07-25T10:54:43-07:00" level=warning msg="Request Failed" error="Get \"http://localhost:8080/page/octo\": dial: i/o timeout"
time="2026-07-25T10:54:43-07:00" level=warning msg="Request Failed" error="Get \"http://localhost:8080/page/octo\": dial: i/o timeout"
time="2026-07-25T10:54:43-07:00" level=warning msg="Request Failed" error="Get \"http://localhost:8080/page/octo\": dial: i/o timeout"
time="2026-07-25T10:54:43-07:00" level=warning msg="Request Failed" error="Get \"http://localhost:8080/page/octo\": dial: i/o timeout"
time="2026-07-25T10:54:43-07:00" level=warning msg="Request Failed" error="Get \"http://localhost:8080/page/octo\": dial: i/o timeout"
time="2026-07-25T10:54:43-07:00" level=warning msg="Request Failed" error="Get \"http://localhost:8080/page/octo\": dial: i/o timeout"
time="2026-07-25T10:54:43-07:00" level=warning msg="Request Failed" error="Get \"http://localhost:8080/page/octo\": dial: i/o timeout"
time="2026-07-25T10:54:43-07:00" level=warning msg="Request Failed" error="Get \"http://localhost:8080/page/octo\": dial: i/o timeout"
time="2026-07-25T10:54:43-07:00" level=warning msg="Request Failed" error="Get \"http://localhost:8080/page/octo\": dial: i/o timeout"
time="2026-07-25T10:54:43-07:00" level=warning msg="Request Failed" error="Get \"http://localhost:8080/page/octo\": dial: i/o timeout"
time="2026-07-25T10:54:43-07:00" level=warning msg="Request Failed" error="Get \"http://localhost:8080/page/octo\": dial: i/o timeout"
time="2026-07-25T10:54:43-07:00" level=warning msg="Request Failed" error="Get \"http://localhost:8080/page/octo\": dial: i/o timeout"
time="2026-07-25T10:54:43-07:00" level=warning msg="Request Failed" error="Get \"http://localhost:8080/page/octo\": dial: i/o timeout"
time="2026-07-25T10:54:43-07:00" level=warning msg="Request Failed" error="Get \"http://localhost:8080/page/octo\": dial: i/o timeout"
time="2026-07-25T10:54:43-07:00" level=warning msg="Request Failed" error="Get \"http://localhost:8080/page/octo\": dial: i/o timeout"
time="2026-07-25T10:54:43-07:00" level=warning msg="Request Failed" error="Get \"http://localhost:8080/page/octo\": dial: i/o timeout"
time="2026-07-25T10:54:43-07:00" level=warning msg="Request Failed" error="Get \"http://localhost:8080/page/octo\": dial: i/o timeout"
time="2026-07-25T10:54:43-07:00" level=warning msg="Request Failed" error="Get \"http://localhost:8080/page/octo\": dial: i/o timeout"
time="2026-07-25T10:54:43-07:00" level=warning msg="Request Failed" error="Get \"http://localhost:8080/page/octo\": dial: i/o timeout"
time="2026-07-25T10:54:43-07:00" level=warning msg="Request Failed" error="Get \"http://localhost:8080/page/octo\": dial: i/o timeout"
time="2026-07-25T10:54:43-07:00" level=warning msg="Request Failed" error="Get \"http://localhost:8080/page/octo\": dial: i/o timeout"
time="2026-07-25T10:54:43-07:00" level=warning msg="Request Failed" error="Get \"http://localhost:8080/page/octo\": dial: i/o timeout"
time="2026-07-25T10:54:43-07:00" level=warning msg="Request Failed" error="Get \"http://localhost:8080/page/octo\": dial: i/o timeout"
time="2026-07-25T10:54:43-07:00" level=warning msg="Request Failed" error="Get \"http://localhost:8080/page/octo\": dial: i/o timeout"
time="2026-07-25T10:54:43-07:00" level=warning msg="Request Failed" error="Get \"http://localhost:8080/page/octo\": dial: i/o timeout"
time="2026-07-25T10:54:43-07:00" level=warning msg="Request Failed" error="Get \"http://localhost:8080/page/octo\": dial: i/o timeout"
time="2026-07-25T10:54:43-07:00" level=warning msg="Request Failed" error="Get \"http://localhost:8080/page/octo\": dial: i/o timeout"
time="2026-07-25T10:54:43-07:00" level=warning msg="Request Failed" error="Get \"http://localhost:8080/page/octo\": dial: i/o timeout"
time="2026-07-25T10:54:43-07:00" level=warning msg="Request Failed" error="Get \"http://localhost:8080/page/octo\": dial: i/o timeout"
time="2026-07-25T10:54:43-07:00" level=warning msg="Request Failed" error="Get \"http://localhost:8080/page/octo\": dial: i/o timeout"
time="2026-07-25T10:54:43-07:00" level=warning msg="Request Failed" error="Get \"http://localhost:8080/page/octo\": dial: i/o timeout"
time="2026-07-25T10:54:43-07:00" level=warning msg="Request Failed" error="Get \"http://localhost:8080/page/octo\": dial: i/o timeout"
time="2026-07-25T10:54:43-07:00" level=warning msg="Request Failed" error="Get \"http://localhost:8080/page/octo\": dial: i/o timeout"
time="2026-07-25T10:54:43-07:00" level=warning msg="Request Failed" error="Get \"http://localhost:8080/page/octo\": dial: i/o timeout"
time="2026-07-25T10:54:43-07:00" level=warning msg="Request Failed" error="Get \"http://localhost:8080/page/octo\": dial: i/o timeout"
time="2026-07-25T10:54:43-07:00" level=warning msg="Request Failed" error="Get \"http://localhost:8080/page/octo\": dial: i/o timeout"
time="2026-07-25T10:54:43-07:00" level=warning msg="Request Failed" error="Get \"http://localhost:8080/page/octo\": dial: i/o timeout"
time="2026-07-25T10:54:43-07:00" level=warning msg="Request Failed" error="Get \"http://localhost:8080/page/octo\": dial: i/o timeout"
time="2026-07-25T10:54:43-07:00" level=warning msg="Request Failed" error="Get \"http://localhost:8080/page/octo\": dial: i/o timeout"
time="2026-07-25T10:54:43-07:00" level=warning msg="Request Failed" error="Get \"http://localhost:8080/page/octo\": dial: i/o timeout"
time="2026-07-25T10:54:43-07:00" level=warning msg="Request Failed" error="Get \"http://localhost:8080/page/octo\": dial: i/o timeout"
time="2026-07-25T10:54:43-07:00" level=warning msg="Request Failed" error="Get \"http://localhost:8080/page/octo\": dial: i/o timeout"
time="2026-07-25T10:54:43-07:00" level=warning msg="Request Failed" error="Get \"http://localhost:8080/page/octo\": dial: i/o timeout"
time="2026-07-25T10:54:43-07:00" level=warning msg="Request Failed" error="Get \"http://localhost:8080/page/octo\": dial: i/o timeout"
time="2026-07-25T10:54:43-07:00" level=warning msg="Request Failed" error="Get \"http://localhost:8080/page/octo\": dial: i/o timeout"
time="2026-07-25T10:54:43-07:00" level=warning msg="Request Failed" error="Get \"http://localhost:8080/page/octo\": dial: i/o timeout"
time="2026-07-25T10:54:43-07:00" level=warning msg="Request Failed" error="Get \"http://localhost:8080/page/octo\": dial: i/o timeout"
time="2026-07-25T10:54:43-07:00" level=warning msg="Request Failed" error="Get \"http://localhost:8080/page/octo\": dial: i/o timeout"
time="2026-07-25T10:54:43-07:00" level=warning msg="Request Failed" error="Get \"http://localhost:8080/page/octo\": dial: i/o timeout"
time="2026-07-25T10:54:43-07:00" level=warning msg="Request Failed" error="Get \"http://localhost:8080/page/octo\": dial: i/o timeout"
time="2026-07-25T10:54:43-07:00" level=warning msg="Request Failed" error="Get \"http://localhost:8080/page/octo\": dial: i/o timeout"
time="2026-07-25T10:54:43-07:00" level=warning msg="Request Failed" error="Get \"http://localhost:8080/page/octo\": dial: i/o timeout"
time="2026-07-25T10:54:43-07:00" level=warning msg="Request Failed" error="Get \"http://localhost:8080/page/octo\": dial: i/o timeout"
time="2026-07-25T10:54:43-07:00" level=warning msg="Request Failed" error="Get \"http://localhost:8080/page/octo\": dial: i/o timeout"
time="2026-07-25T10:54:43-07:00" level=warning msg="Request Failed" error="Get \"http://localhost:8080/page/octo\": dial: i/o timeout"
time="2026-07-25T10:54:43-07:00" level=warning msg="Request Failed" error="Get \"http://localhost:8080/page/octo\": dial: i/o timeout"
time="2026-07-25T10:54:43-07:00" level=warning msg="Request Failed" error="Get \"http://localhost:8080/page/octo\": dial: i/o timeout"
time="2026-07-25T10:54:43-07:00" level=warning msg="Request Failed" error="Get \"http://localhost:8080/page/octo\": dial: i/o timeout"
time="2026-07-25T10:54:43-07:00" level=warning msg="Request Failed" error="Get \"http://localhost:8080/page/octo\": dial: i/o timeout"
time="2026-07-25T10:54:43-07:00" level=warning msg="Request Failed" error="Get \"http://localhost:8080/page/octo\": dial: i/o timeout"
time="2026-07-25T10:54:43-07:00" level=warning msg="Request Failed" error="Get \"http://localhost:8080/page/octo\": dial: i/o timeout"
time="2026-07-25T10:54:43-07:00" level=warning msg="Request Failed" error="Get \"http://localhost:8080/page/octo\": dial: i/o timeout"
time="2026-07-25T10:54:43-07:00" level=warning msg="Request Failed" error="Get \"http://localhost:8080/page/octo\": dial: i/o timeout"
time="2026-07-25T10:54:43-07:00" level=warning msg="Request Failed" error="Get \"http://localhost:8080/page/octo\": dial: i/o timeout"
time="2026-07-25T10:54:43-07:00" level=warning msg="Request Failed" error="Get \"http://localhost:8080/page/octo\": dial: i/o timeout"
time="2026-07-25T10:54:43-07:00" level=warning msg="Request Failed" error="Get \"http://localhost:8080/page/octo\": dial: i/o timeout"
time="2026-07-25T10:54:43-07:00" level=warning msg="Request Failed" error="Get \"http://localhost:8080/page/octo\": dial: i/o timeout"
time="2026-07-25T10:54:43-07:00" level=warning msg="Request Failed" error="Get \"http://localhost:8080/page/octo\": dial: i/o timeout"
time="2026-07-25T10:54:43-07:00" level=warning msg="Request Failed" error="Get \"http://localhost:8080/page/octo\": dial: i/o timeout"
time="2026-07-25T10:54:43-07:00" level=warning msg="Request Failed" error="Get \"http://localhost:8080/page/octo\": dial: i/o timeout"
time="2026-07-25T10:54:43-07:00" level=warning msg="Request Failed" error="Get \"http://localhost:8080/page/octo\": dial: i/o timeout"
time="2026-07-25T10:54:43-07:00" level=warning msg="Request Failed" error="Get \"http://localhost:8080/page/octo\": dial: i/o timeout"
time="2026-07-25T10:54:43-07:00" level=warning msg="Request Failed" error="Get \"http://localhost:8080/page/octo\": dial: i/o timeout"
time="2026-07-25T10:54:43-07:00" level=warning msg="Request Failed" error="Get \"http://localhost:8080/page/octo\": dial: i/o timeout"
time="2026-07-25T10:54:43-07:00" level=warning msg="Request Failed" error="Get \"http://localhost:8080/page/octo\": dial: i/o timeout"
time="2026-07-25T10:54:43-07:00" level=warning msg="Request Failed" error="Get \"http://localhost:8080/page/octo\": dial: i/o timeout"
time="2026-07-25T10:54:43-07:00" level=warning msg="Request Failed" error="Get \"http://localhost:8080/page/octo\": dial: i/o timeout"
time="2026-07-25T10:54:43-07:00" level=warning msg="Request Failed" error="Get \"http://localhost:8080/page/octo\": dial: i/o timeout"
time="2026-07-25T10:54:43-07:00" level=warning msg="Request Failed" error="Get \"http://localhost:8080/page/octo\": dial: i/o timeout"
time="2026-07-25T10:54:43-07:00" level=warning msg="Request Failed" error="Get \"http://localhost:8080/page/octo\": dial: i/o timeout"
time="2026-07-25T10:54:43-07:00" level=warning msg="Request Failed" error="Get \"http://localhost:8080/page/octo\": dial: i/o timeout"
time="2026-07-25T10:54:43-07:00" level=warning msg="Request Failed" error="Get \"http://localhost:8080/page/octo\": dial: i/o timeout"
time="2026-07-25T10:54:43-07:00" level=warning msg="Request Failed" error="Get \"http://localhost:8080/page/octo\": dial: i/o timeout"
time="2026-07-25T10:54:43-07:00" level=warning msg="Request Failed" error="Get \"http://localhost:8080/page/octo\": dial: i/o timeout"
time="2026-07-25T10:54:43-07:00" level=warning msg="Request Failed" error="Get \"http://localhost:8080/page/octo\": dial: i/o timeout"
time="2026-07-25T10:54:43-07:00" level=warning msg="Request Failed" error="Get \"http://localhost:8080/page/octo\": dial: i/o timeout"
time="2026-07-25T10:54:43-07:00" level=warning msg="Request Failed" error="Get \"http://localhost:8080/page/octo\": dial: i/o timeout"
time="2026-07-25T10:54:43-07:00" level=warning msg="Request Failed" error="Get \"http://localhost:8080/page/octo\": dial: i/o timeout"
time="2026-07-25T10:54:43-07:00" level=warning msg="Request Failed" error="Get \"http://localhost:8080/page/octo\": dial: i/o timeout"
time="2026-07-25T10:54:43-07:00" level=warning msg="Request Failed" error="Get \"http://localhost:8080/page/octo\": dial: i/o timeout"
time="2026-07-25T10:54:43-07:00" level=warning msg="Request Failed" error="Get \"http://localhost:8080/page/octo\": dial: i/o timeout"
time="2026-07-25T10:54:43-07:00" level=warning msg="Request Failed" error="Get \"http://localhost:8080/page/octo\": dial: i/o timeout"
time="2026-07-25T10:54:43-07:00" level=warning msg="Request Failed" error="Get \"http://localhost:8080/page/octo\": dial: i/o timeout"
time="2026-07-25T10:54:43-07:00" level=warning msg="Request Failed" error="Get \"http://localhost:8080/page/octo\": dial: i/o timeout"
time="2026-07-25T10:54:43-07:00" level=warning msg="Request Failed" error="Get \"http://localhost:8080/page/octo\": dial: i/o timeout"
time="2026-07-25T10:54:43-07:00" level=warning msg="Request Failed" error="Get \"http://localhost:8080/page/octo\": dial: i/o timeout"
time="2026-07-25T10:54:43-07:00" level=warning msg="Request Failed" error="Get \"http://localhost:8080/page/octo\": dial: i/o timeout"
time="2026-07-25T10:54:43-07:00" level=warning msg="Request Failed" error="Get \"http://localhost:8080/page/octo\": dial: i/o timeout"
time="2026-07-25T10:54:43-07:00" level=warning msg="Request Failed" error="Get \"http://localhost:8080/page/octo\": dial: i/o timeout"
time="2026-07-25T10:54:43-07:00" level=warning msg="Request Failed" error="Get \"http://localhost:8080/page/octo\": dial: i/o timeout"
time="2026-07-25T10:54:43-07:00" level=warning msg="Request Failed" error="Get \"http://localhost:8080/page/octo\": dial: i/o timeout"
time="2026-07-25T10:54:43-07:00" level=warning msg="Request Failed" error="Get \"http://localhost:8080/page/octo\": dial: i/o timeout"
time="2026-07-25T10:54:43-07:00" level=warning msg="Request Failed" error="Get \"http://localhost:8080/page/octo\": dial: i/o timeout"
time="2026-07-25T10:54:43-07:00" level=warning msg="Request Failed" error="Get \"http://localhost:8080/page/octo\": dial: i/o timeout"
time="2026-07-25T10:54:43-07:00" level=warning msg="Request Failed" error="Get \"http://localhost:8080/page/octo\": dial: i/o timeout"
time="2026-07-25T10:54:43-07:00" level=warning msg="Request Failed" error="Get \"http://localhost:8080/page/octo\": dial: i/o timeout"
time="2026-07-25T10:54:43-07:00" level=warning msg="Request Failed" error="Get \"http://localhost:8080/page/octo\": dial: i/o timeout"
time="2026-07-25T10:54:43-07:00" level=warning msg="Request Failed" error="Get \"http://localhost:8080/page/octo\": dial: i/o timeout"
time="2026-07-25T10:54:43-07:00" level=warning msg="Request Failed" error="Get \"http://localhost:8080/page/octo\": dial: i/o timeout"
time="2026-07-25T10:54:43-07:00" level=warning msg="Request Failed" error="Get \"http://localhost:8080/page/octo\": dial: i/o timeout"
time="2026-07-25T10:54:43-07:00" level=warning msg="Request Failed" error="Get \"http://localhost:8080/page/octo\": dial: i/o timeout"
time="2026-07-25T10:54:43-07:00" level=warning msg="Request Failed" error="Get \"http://localhost:8080/page/octo\": dial: i/o timeout"
time="2026-07-25T10:54:43-07:00" level=warning msg="Request Failed" error="Get \"http://localhost:8080/page/octo\": dial: i/o timeout"
time="2026-07-25T10:54:43-07:00" level=warning msg="Request Failed" error="Get \"http://localhost:8080/page/octo\": dial: i/o timeout"
time="2026-07-25T10:54:43-07:00" level=warning msg="Request Failed" error="Get \"http://localhost:8080/page/octo\": dial: i/o timeout"
time="2026-07-25T10:54:43-07:00" level=warning msg="Request Failed" error="Get \"http://localhost:8080/page/octo\": dial: i/o timeout"
time="2026-07-25T10:54:43-07:00" level=warning msg="Request Failed" error="Get \"http://localhost:8080/page/octo\": dial: i/o timeout"
time="2026-07-25T10:54:43-07:00" level=warning msg="Request Failed" error="Get \"http://localhost:8080/page/octo\": dial: i/o timeout"
time="2026-07-25T10:54:43-07:00" level=warning msg="Request Failed" error="Get \"http://localhost:8080/page/octo\": dial: i/o timeout"
time="2026-07-25T10:54:43-07:00" level=warning msg="Request Failed" error="Get \"http://localhost:8080/page/octo\": dial: i/o timeout"
time="2026-07-25T10:54:43-07:00" level=warning msg="Request Failed" error="Get \"http://localhost:8080/page/octo\": dial: i/o timeout"
time="2026-07-25T10:54:43-07:00" level=warning msg="Request Failed" error="Get \"http://localhost:8080/page/octo\": dial: i/o timeout"
time="2026-07-25T10:54:43-07:00" level=warning msg="Request Failed" error="Get \"http://localhost:8080/page/octo\": dial: i/o timeout"
time="2026-07-25T10:54:43-07:00" level=warning msg="Request Failed" error="Get \"http://localhost:8080/page/octo\": dial: i/o timeout"
time="2026-07-25T10:54:43-07:00" level=warning msg="Request Failed" error="Get \"http://localhost:8080/page/octo\": dial: i/o timeout"
time="2026-07-25T10:54:43-07:00" level=warning msg="Request Failed" error="Get \"http://localhost:8080/page/octo\": dial: i/o timeout"
time="2026-07-25T10:54:43-07:00" level=warning msg="Request Failed" error="Get \"http://localhost:8080/page/octo\": dial: i/o timeout"
time="2026-07-25T10:54:43-07:00" level=warning msg="Request Failed" error="Get \"http://localhost:8080/page/octo\": dial: i/o timeout"
time="2026-07-25T10:54:43-07:00" level=warning msg="Request Failed" error="Get \"http://localhost:8080/page/octo\": dial: i/o timeout"
time="2026-07-25T10:54:43-07:00" level=warning msg="Request Failed" error="Get \"http://localhost:8080/page/octo\": dial: i/o timeout"
time="2026-07-25T10:54:43-07:00" level=warning msg="Request Failed" error="Get \"http://localhost:8080/page/octo\": dial: i/o timeout"
time="2026-07-25T10:54:43-07:00" level=warning msg="Request Failed" error="Get \"http://localhost:8080/page/octo\": dial: i/o timeout"
time="2026-07-25T10:54:43-07:00" level=warning msg="Request Failed" error="Get \"http://localhost:8080/page/octo\": dial: i/o timeout"
time="2026-07-25T10:54:43-07:00" level=warning msg="Request Failed" error="Get \"http://localhost:8080/page/octo\": dial: i/o timeout"
time="2026-07-25T10:54:43-07:00" level=warning msg="Request Failed" error="Get \"http://localhost:8080/page/octo\": dial: i/o timeout"
time="2026-07-25T10:54:43-07:00" level=warning msg="Request Failed" error="Get \"http://localhost:8080/page/octo\": dial: i/o timeout"
time="2026-07-25T10:54:43-07:00" level=warning msg="Request Failed" error="Get \"http://localhost:8080/page/octo\": dial: i/o timeout"
time="2026-07-25T10:54:43-07:00" level=warning msg="Request Failed" error="Get \"http://localhost:8080/page/octo\": dial: i/o timeout"
time="2026-07-25T10:54:43-07:00" level=warning msg="Request Failed" error="Get \"http://localhost:8080/page/octo\": dial: i/o timeout"
time="2026-07-25T10:54:43-07:00" level=warning msg="Request Failed" error="Get \"http://localhost:8080/page/octo\": dial: i/o timeout"
time="2026-07-25T10:54:43-07:00" level=warning msg="Request Failed" error="Get \"http://localhost:8080/page/octo\": dial: i/o timeout"
time="2026-07-25T10:54:43-07:00" level=warning msg="Request Failed" error="Get \"http://localhost:8080/page/octo\": dial: i/o timeout"
time="2026-07-25T10:54:43-07:00" level=warning msg="Request Failed" error="Get \"http://localhost:8080/page/octo\": dial: i/o timeout"
time="2026-07-25T10:54:43-07:00" level=warning msg="Request Failed" error="Get \"http://localhost:8080/page/octo\": dial: i/o timeout"
time="2026-07-25T10:54:43-07:00" level=warning msg="Request Failed" error="Get \"http://localhost:8080/page/octo\": dial: i/o timeout"
time="2026-07-25T10:54:43-07:00" level=warning msg="Request Failed" error="Get \"http://localhost:8080/page/octo\": dial: i/o timeout"
time="2026-07-25T10:54:43-07:00" level=warning msg="Request Failed" error="Get \"http://localhost:8080/page/octo\": dial: i/o timeout"
time="2026-07-25T10:54:43-07:00" level=warning msg="Request Failed" error="Get \"http://localhost:8080/page/octo\": dial: i/o timeout"
time="2026-07-25T10:54:43-07:00" level=warning msg="Request Failed" error="Get \"http://localhost:8080/page/octo\": dial: i/o timeout"
time="2026-07-25T10:54:43-07:00" level=warning msg="Request Failed" error="Get \"http://localhost:8080/page/octo\": dial: i/o timeout"
time="2026-07-25T10:54:43-07:00" level=warning msg="Request Failed" error="Get \"http://localhost:8080/page/octo\": dial: i/o timeout"
time="2026-07-25T10:54:43-07:00" level=warning msg="Request Failed" error="Get \"http://localhost:8080/page/octo\": dial: i/o timeout"
time="2026-07-25T10:54:43-07:00" level=warning msg="Request Failed" error="Get \"http://localhost:8080/page/octo\": dial: i/o timeout"
time="2026-07-25T10:54:43-07:00" level=warning msg="Request Failed" error="Get \"http://localhost:8080/page/octo\": dial: i/o timeout"
time="2026-07-25T10:54:43-07:00" level=warning msg="Request Failed" error="Get \"http://localhost:8080/page/octo\": dial: i/o timeout"
time="2026-07-25T10:54:43-07:00" level=warning msg="Request Failed" error="Get \"http://localhost:8080/page/octo\": dial: i/o timeout"
time="2026-07-25T10:54:43-07:00" level=warning msg="Request Failed" error="Get \"http://localhost:8080/page/octo\": dial: i/o timeout"
time="2026-07-25T10:54:43-07:00" level=warning msg="Request Failed" error="Get \"http://localhost:8080/page/octo\": dial: i/o timeout"
time="2026-07-25T10:54:43-07:00" level=warning msg="Request Failed" error="Get \"http://localhost:8080/page/octo\": dial: i/o timeout"
time="2026-07-25T10:54:43-07:00" level=warning msg="Request Failed" error="Get \"http://localhost:8080/page/octo\": dial: i/o timeout"
time="2026-07-25T10:54:43-07:00" level=warning msg="Request Failed" error="Get \"http://localhost:8080/page/octo\": dial: i/o timeout"
time="2026-07-25T10:54:43-07:00" level=warning msg="Request Failed" error="Get \"http://localhost:8080/page/octo\": dial: i/o timeout"
time="2026-07-25T10:54:43-07:00" level=warning msg="Request Failed" error="Get \"http://localhost:8080/page/octo\": dial: i/o timeout"
time="2026-07-25T10:54:43-07:00" level=warning msg="Request Failed" error="Get \"http://localhost:8080/page/octo\": dial: i/o timeout"
time="2026-07-25T10:54:43-07:00" level=warning msg="Request Failed" error="Get \"http://localhost:8080/page/octo\": dial: i/o timeout"
time="2026-07-25T10:54:43-07:00" level=warning msg="Request Failed" error="Get \"http://localhost:8080/page/octo\": dial: i/o timeout"
time="2026-07-25T10:54:43-07:00" level=warning msg="Request Failed" error="Get \"http://localhost:8080/page/octo\": dial: i/o timeout"
time="2026-07-25T10:54:43-07:00" level=warning msg="Request Failed" error="Get \"http://localhost:8080/page/octo\": dial: i/o timeout"
time="2026-07-25T10:54:43-07:00" level=warning msg="Request Failed" error="Get \"http://localhost:8080/page/octo\": dial: i/o timeout"
time="2026-07-25T10:54:43-07:00" level=warning msg="Request Failed" error="Get \"http://localhost:8080/page/octo\": dial: i/o timeout"
time="2026-07-25T10:54:43-07:00" level=warning msg="Request Failed" error="Get \"http://localhost:8080/page/octo\": dial: i/o timeout"
time="2026-07-25T10:54:43-07:00" level=warning msg="Request Failed" error="Get \"http://localhost:8080/page/octo\": dial: i/o timeout"
time="2026-07-25T10:54:43-07:00" level=warning msg="Request Failed" error="Get \"http://localhost:8080/page/octo\": dial: i/o timeout"
time="2026-07-25T10:54:43-07:00" level=warning msg="Request Failed" error="Get \"http://localhost:8080/page/octo\": dial: i/o timeout"
time="2026-07-25T10:54:43-07:00" level=warning msg="Request Failed" error="Get \"http://localhost:8080/page/octo\": dial: i/o timeout"
time="2026-07-25T10:54:43-07:00" level=warning msg="Request Failed" error="Get \"http://localhost:8080/page/octo\": dial: i/o timeout"
time="2026-07-25T10:54:43-07:00" level=warning msg="Request Failed" error="Get \"http://localhost:8080/page/octo\": dial: i/o timeout"
time="2026-07-25T10:54:43-07:00" level=warning msg="Request Failed" error="Get \"http://localhost:8080/page/octo\": dial: i/o timeout"
time="2026-07-25T10:54:43-07:00" level=warning msg="Request Failed" error="Get \"http://localhost:8080/page/octo\": dial: i/o timeout"
time="2026-07-25T10:54:43-07:00" level=warning msg="Request Failed" error="Get \"http://localhost:8080/page/octo\": dial: i/o timeout"
time="2026-07-25T10:54:43-07:00" level=warning msg="Request Failed" error="Get \"http://localhost:8080/page/octo\": dial: i/o timeout"
time="2026-07-25T10:54:43-07:00" level=warning msg="Request Failed" error="Get \"http://localhost:8080/page/octo\": dial: i/o timeout"
time="2026-07-25T10:54:43-07:00" level=warning msg="Request Failed" error="Get \"http://localhost:8080/page/octo\": dial: i/o timeout"
time="2026-07-25T10:54:43-07:00" level=warning msg="Request Failed" error="Get \"http://localhost:8080/page/octo\": dial: i/o timeout"
time="2026-07-25T10:54:43-07:00" level=warning msg="Request Failed" error="Get \"http://localhost:8080/page/octo\": dial: i/o timeout"
time="2026-07-25T10:54:43-07:00" level=warning msg="Request Failed" error="Get \"http://localhost:8080/page/octo\": dial: i/o timeout"
time="2026-07-25T10:54:43-07:00" level=warning msg="Request Failed" error="Get \"http://localhost:8080/page/octo\": dial: i/o timeout"
time="2026-07-25T10:54:43-07:00" level=warning msg="Request Failed" error="Get \"http://localhost:8080/page/octo\": dial: i/o timeout"
time="2026-07-25T10:54:43-07:00" level=warning msg="Request Failed" error="Get \"http://localhost:8080/page/octo\": dial: i/o timeout"
time="2026-07-25T10:54:43-07:00" level=warning msg="Request Failed" error="Get \"http://localhost:8080/page/octo\": dial: i/o timeout"
time="2026-07-25T10:54:43-07:00" level=warning msg="Request Failed" error="Get \"http://localhost:8080/page/octo\": dial: i/o timeout"
time="2026-07-25T10:54:43-07:00" level=warning msg="Request Failed" error="Get \"http://localhost:8080/page/octo\": dial: i/o timeout"
time="2026-07-25T10:54:43-07:00" level=warning msg="Request Failed" error="Get \"http://localhost:8080/page/octo\": dial: i/o timeout"
time="2026-07-25T10:54:43-07:00" level=warning msg="Request Failed" error="Get \"http://localhost:8080/page/octo\": dial: i/o timeout"
time="2026-07-25T10:54:43-07:00" level=warning msg="Request Failed" error="Get \"http://localhost:8080/page/octo\": dial: i/o timeout"
time="2026-07-25T10:54:43-07:00" level=warning msg="Request Failed" error="Get \"http://localhost:8080/page/octo\": dial: i/o timeout"
time="2026-07-25T10:54:43-07:00" level=warning msg="Request Failed" error="Get \"http://localhost:8080/page/octo\": dial: i/o timeout"
time="2026-07-25T10:54:43-07:00" level=warning msg="Request Failed" error="Get \"http://localhost:8080/page/octo\": dial: i/o timeout"
time="2026-07-25T10:54:43-07:00" level=warning msg="Request Failed" error="Get \"http://localhost:8080/page/octo\": dial: i/o timeout"
time="2026-07-25T10:54:43-07:00" level=warning msg="Request Failed" error="Get \"http://localhost:8080/page/octo\": dial: i/o timeout"
time="2026-07-25T10:54:43-07:00" level=warning msg="Request Failed" error="Get \"http://localhost:8080/page/octo\": dial: i/o timeout"
time="2026-07-25T10:54:43-07:00" level=warning msg="Request Failed" error="Get \"http://localhost:8080/page/octo\": dial: i/o timeout"
time="2026-07-25T10:54:43-07:00" level=warning msg="Request Failed" error="Get \"http://localhost:8080/page/octo\": dial: i/o timeout"
time="2026-07-25T10:54:43-07:00" level=warning msg="Request Failed" error="Get \"http://localhost:8080/page/octo\": dial: i/o timeout"
time="2026-07-25T10:54:43-07:00" level=warning msg="Request Failed" error="Get \"http://localhost:8080/page/octo\": dial: i/o timeout"
time="2026-07-25T10:54:43-07:00" level=warning msg="Request Failed" error="Get \"http://localhost:8080/page/octo\": dial: i/o timeout"
time="2026-07-25T10:54:43-07:00" level=warning msg="Request Failed" error="Get \"http://localhost:8080/page/octo\": dial: i/o timeout"
time="2026-07-25T10:54:43-07:00" level=warning msg="Request Failed" error="Get \"http://localhost:8080/page/octo\": dial: i/o timeout"
time="2026-07-25T10:54:43-07:00" level=warning msg="Request Failed" error="Get \"http://localhost:8080/page/octo\": dial: i/o timeout"
time="2026-07-25T10:54:43-07:00" level=warning msg="Request Failed" error="Get \"http://localhost:8080/page/octo\": dial: i/o timeout"
time="2026-07-25T10:54:43-07:00" level=warning msg="Request Failed" error="Get \"http://localhost:8080/page/octo\": dial: i/o timeout"
time="2026-07-25T10:54:43-07:00" level=warning msg="Request Failed" error="Get \"http://localhost:8080/page/octo\": dial: i/o timeout"
time="2026-07-25T10:54:43-07:00" level=warning msg="Request Failed" error="Get \"http://localhost:8080/page/octo\": dial: i/o timeout"
time="2026-07-25T10:54:43-07:00" level=warning msg="Request Failed" error="Get \"http://localhost:8080/page/octo\": dial: i/o timeout"
time="2026-07-25T10:54:43-07:00" level=warning msg="Request Failed" error="Get \"http://localhost:8080/page/octo\": dial: i/o timeout"
time="2026-07-25T10:54:43-07:00" level=warning msg="Request Failed" error="Get \"http://localhost:8080/page/octo\": dial: i/o timeout"
time="2026-07-25T10:54:43-07:00" level=warning msg="Request Failed" error="Get \"http://localhost:8080/page/octo\": dial: i/o timeout"
time="2026-07-25T10:54:43-07:00" level=warning msg="Request Failed" error="Get \"http://localhost:8080/page/octo\": dial: i/o timeout"
time="2026-07-25T10:54:43-07:00" level=warning msg="Request Failed" error="Get \"http://localhost:8080/page/octo\": dial: i/o timeout"
time="2026-07-25T10:54:43-07:00" level=warning msg="Request Failed" error="Get \"http://localhost:8080/page/octo\": dial: i/o timeout"
time="2026-07-25T10:54:43-07:00" level=warning msg="Request Failed" error="Get \"http://localhost:8080/page/octo\": dial: i/o timeout"
time="2026-07-25T10:54:43-07:00" level=warning msg="Request Failed" error="Get \"http://localhost:8080/page/octo\": dial: i/o timeout"
time="2026-07-25T10:54:43-07:00" level=warning msg="Request Failed" error="Get \"http://localhost:8080/page/octo\": dial: i/o timeout"
time="2026-07-25T10:54:43-07:00" level=warning msg="Request Failed" error="Get \"http://localhost:8080/page/octo\": dial: i/o timeout"
time="2026-07-25T10:54:43-07:00" level=warning msg="Request Failed" error="Get \"http://localhost:8080/page/octo\": dial: i/o timeout"
time="2026-07-25T10:54:43-07:00" level=warning msg="Request Failed" error="Get \"http://localhost:8080/page/octo\": dial: i/o timeout"
time="2026-07-25T10:54:43-07:00" level=warning msg="Request Failed" error="Get \"http://localhost:8080/page/octo\": dial: i/o timeout"
time="2026-07-25T10:54:43-07:00" level=warning msg="Request Failed" error="Get \"http://localhost:8080/page/octo\": dial: i/o timeout"
time="2026-07-25T10:54:43-07:00" level=warning msg="Request Failed" error="Get \"http://localhost:8080/page/octo\": dial: i/o timeout"
time="2026-07-25T10:54:43-07:00" level=warning msg="Request Failed" error="Get \"http://localhost:8080/page/octo\": dial: i/o timeout"
time="2026-07-25T10:54:43-07:00" level=warning msg="Request Failed" error="Get \"http://localhost:8080/page/octo\": dial: i/o timeout"
time="2026-07-25T10:54:43-07:00" level=warning msg="Request Failed" error="Get \"http://localhost:8080/page/octo\": dial: i/o timeout"
time="2026-07-25T10:54:43-07:00" level=warning msg="Request Failed" error="Get \"http://localhost:8080/page/octo\": dial: i/o timeout"
time="2026-07-25T10:54:43-07:00" level=warning msg="Request Failed" error="Get \"http://localhost:8080/page/octo\": dial: i/o timeout"
time="2026-07-25T10:54:43-07:00" level=warning msg="Request Failed" error="Get \"http://localhost:8080/page/octo\": dial: i/o timeout"
time="2026-07-25T10:54:43-07:00" level=warning msg="Request Failed" error="Get \"http://localhost:8080/page/octo\": dial: i/o timeout"
time="2026-07-25T10:54:43-07:00" level=warning msg="Request Failed" error="Get \"http://localhost:8080/page/octo\": dial: i/o timeout"
time="2026-07-25T10:54:43-07:00" level=warning msg="Request Failed" error="Get \"http://localhost:8080/page/octo\": dial: i/o timeout"
time="2026-07-25T10:54:43-07:00" level=warning msg="Request Failed" error="Get \"http://localhost:8080/page/octo\": dial: i/o timeout"
time="2026-07-25T10:54:43-07:00" level=warning msg="Request Failed" error="Get \"http://localhost:8080/page/octo\": dial: i/o timeout"
time="2026-07-25T10:54:43-07:00" level=warning msg="Request Failed" error="Get \"http://localhost:8080/page/octo\": dial: i/o timeout"
time="2026-07-25T10:54:43-07:00" level=warning msg="Request Failed" error="Get \"http://localhost:8080/page/octo\": dial: i/o timeout"
time="2026-07-25T10:54:43-07:00" level=warning msg="Request Failed" error="Get \"http://localhost:8080/page/octo\": dial: i/o timeout"
time="2026-07-25T10:54:43-07:00" level=warning msg="Request Failed" error="Get \"http://localhost:8080/page/octo\": dial: i/o timeout"
time="2026-07-25T10:54:43-07:00" level=warning msg="Request Failed" error="Get \"http://localhost:8080/page/octo\": dial: i/o timeout"
time="2026-07-25T10:54:43-07:00" level=warning msg="Request Failed" error="Get \"http://localhost:8080/page/octo\": dial: i/o timeout"
time="2026-07-25T10:54:43-07:00" level=warning msg="Request Failed" error="Get \"http://localhost:8080/page/octo\": dial: i/o timeout"
time="2026-07-25T10:54:43-07:00" level=warning msg="Request Failed" error="Get \"http://localhost:8080/page/octo\": dial: i/o timeout"

running (19.9s), 0182/4800 VUs, 231986 complete and 0 interrupted iterations
steady   [ 100% ] 0181/4800 VUs  19.9s/20s  24000.00 iters/s
time="2026-07-25T10:54:44-07:00" level=warning msg="Request Failed" error="Get \"http://localhost:8080/page/octo\": dial: i/o timeout"
time="2026-07-25T10:54:44-07:00" level=warning msg="Request Failed" error="Get \"http://localhost:8080/page/octo\": dial: i/o timeout"
time="2026-07-25T10:54:44-07:00" level=warning msg="Request Failed" error="Get \"http://localhost:8080/page/octo\": dial: i/o timeout"
time="2026-07-25T10:54:44-07:00" level=warning msg="Request Failed" error="Get \"http://localhost:8080/page/octo\": dial: i/o timeout"
time="2026-07-25T10:54:44-07:00" level=warning msg="Request Failed" error="Get \"http://localhost:8080/page/octo\": dial: i/o timeout"
time="2026-07-25T10:54:44-07:00" level=warning msg="Request Failed" error="Get \"http://localhost:8080/page/octo\": dial: i/o timeout"
time="2026-07-25T10:54:44-07:00" level=warning msg="Request Failed" error="Get \"http://localhost:8080/page/octo\": dial: i/o timeout"
time="2026-07-25T10:54:44-07:00" level=warning msg="Request Failed" error="Get \"http://localhost:8080/page/octo\": dial: i/o timeout"
time="2026-07-25T10:54:44-07:00" level=warning msg="Request Failed" error="Get \"http://localhost:8080/page/octo\": dial: i/o timeout"
time="2026-07-25T10:54:44-07:00" level=warning msg="Request Failed" error="Get \"http://localhost:8080/page/octo\": dial: i/o timeout"
time="2026-07-25T10:54:44-07:00" level=warning msg="Request Failed" error="Get \"http://localhost:8080/page/octo\": dial: i/o timeout"
time="2026-07-25T10:54:44-07:00" level=warning msg="Request Failed" error="Get \"http://localhost:8080/page/octo\": dial: i/o timeout"
time="2026-07-25T10:54:44-07:00" level=warning msg="Request Failed" error="Get \"http://localhost:8080/page/octo\": dial: i/o timeout"
time="2026-07-25T10:54:44-07:00" level=warning msg="Request Failed" error="Get \"http://localhost:8080/page/octo\": dial: i/o timeout"
time="2026-07-25T10:54:44-07:00" level=warning msg="Request Failed" error="Get \"http://localhost:8080/page/octo\": dial: i/o timeout"
time="2026-07-25T10:54:44-07:00" level=warning msg="Request Failed" error="Get \"http://localhost:8080/page/octo\": dial: i/o timeout"
time="2026-07-25T10:54:44-07:00" level=warning msg="Request Failed" error="Get \"http://localhost:8080/page/octo\": dial: i/o timeout"
time="2026-07-25T10:54:44-07:00" level=warning msg="Request Failed" error="Get \"http://localhost:8080/page/octo\": dial: i/o timeout"
time="2026-07-25T10:54:44-07:00" level=warning msg="Request Failed" error="Get \"http://localhost:8080/page/octo\": dial: i/o timeout"
time="2026-07-25T10:54:44-07:00" level=warning msg="Request Failed" error="Get \"http://localhost:8080/page/octo\": dial: i/o timeout"
time="2026-07-25T10:54:44-07:00" level=warning msg="Request Failed" error="Get \"http://localhost:8080/page/octo\": dial: i/o timeout"
time="2026-07-25T10:54:44-07:00" level=warning msg="Request Failed" error="Get \"http://localhost:8080/page/octo\": dial: i/o timeout"
time="2026-07-25T10:54:44-07:00" level=warning msg="Request Failed" error="Get \"http://localhost:8080/page/octo\": dial: i/o timeout"
time="2026-07-25T10:54:44-07:00" level=warning msg="Request Failed" error="Get \"http://localhost:8080/page/octo\": dial: i/o timeout"
time="2026-07-25T10:54:44-07:00" level=warning msg="Request Failed" error="Get \"http://localhost:8080/page/octo\": dial: i/o timeout"
time="2026-07-25T10:54:44-07:00" level=warning msg="Request Failed" error="Get \"http://localhost:8080/page/octo\": dial: i/o timeout"
time="2026-07-25T10:54:44-07:00" level=warning msg="Request Failed" error="Get \"http://localhost:8080/page/octo\": dial: i/o timeout"
time="2026-07-25T10:54:44-07:00" level=warning msg="Request Failed" error="Get \"http://localhost:8080/page/octo\": dial: i/o timeout"
time="2026-07-25T10:54:44-07:00" level=warning msg="Request Failed" error="Get \"http://localhost:8080/page/octo\": dial: i/o timeout"
time="2026-07-25T10:54:44-07:00" level=warning msg="Request Failed" error="Get \"http://localhost:8080/page/octo\": dial: i/o timeout"
time="2026-07-25T10:54:44-07:00" level=warning msg="Request Failed" error="Get \"http://localhost:8080/page/octo\": dial: i/o timeout"
time="2026-07-25T10:54:44-07:00" level=warning msg="Request Failed" error="Get \"http://localhost:8080/page/octo\": dial: i/o timeout"
time="2026-07-25T10:54:44-07:00" level=warning msg="Request Failed" error="Get \"http://localhost:8080/page/octo\": dial: i/o timeout"
time="2026-07-25T10:54:44-07:00" level=warning msg="Request Failed" error="Get \"http://localhost:8080/page/octo\": dial: i/o timeout"
time="2026-07-25T10:54:44-07:00" level=warning msg="Request Failed" error="Get \"http://localhost:8080/page/octo\": dial: i/o timeout"
time="2026-07-25T10:54:44-07:00" level=warning msg="Request Failed" error="Get \"http://localhost:8080/page/octo\": dial: i/o timeout"
time="2026-07-25T10:54:44-07:00" level=warning msg="Request Failed" error="Get \"http://localhost:8080/page/octo\": dial: i/o timeout"
time="2026-07-25T10:54:44-07:00" level=warning msg="Request Failed" error="Get \"http://localhost:8080/page/octo\": dial: i/o timeout"
time="2026-07-25T10:54:44-07:00" level=warning msg="Request Failed" error="Get \"http://localhost:8080/page/octo\": dial: i/o timeout"
time="2026-07-25T10:54:44-07:00" level=warning msg="Request Failed" error="Get \"http://localhost:8080/page/octo\": dial: i/o timeout"
time="2026-07-25T10:54:44-07:00" level=warning msg="Request Failed" error="Get \"http://localhost:8080/page/octo\": dial: i/o timeout"
time="2026-07-25T10:54:44-07:00" level=warning msg="Request Failed" error="Get \"http://localhost:8080/page/octo\": dial: i/o timeout"
time="2026-07-25T10:54:44-07:00" level=warning msg="Request Failed" error="Get \"http://localhost:8080/page/octo\": dial: i/o timeout"
time="2026-07-25T10:54:44-07:00" level=warning msg="Request Failed" error="Get \"http://localhost:8080/page/octo\": dial: i/o timeout"
time="2026-07-25T10:54:44-07:00" level=warning msg="Request Failed" error="Get \"http://localhost:8080/page/octo\": dial: i/o timeout"
time="2026-07-25T10:54:44-07:00" level=warning msg="Request Failed" error="Get \"http://localhost:8080/page/octo\": dial: i/o timeout"
time="2026-07-25T10:54:44-07:00" level=warning msg="Request Failed" error="Get \"http://localhost:8080/page/octo\": dial: i/o timeout"
time="2026-07-25T10:54:44-07:00" level=warning msg="Request Failed" error="Get \"http://localhost:8080/page/octo\": dial: i/o timeout"
time="2026-07-25T10:54:44-07:00" level=warning msg="Request Failed" error="Get \"http://localhost:8080/page/octo\": dial: i/o timeout"
time="2026-07-25T10:54:44-07:00" level=warning msg="Request Failed" error="Get \"http://localhost:8080/page/octo\": dial: i/o timeout"
time="2026-07-25T10:54:44-07:00" level=warning msg="Request Failed" error="Get \"http://localhost:8080/page/octo\": dial: i/o timeout"
time="2026-07-25T10:54:44-07:00" level=warning msg="Request Failed" error="Get \"http://localhost:8080/page/octo\": dial: i/o timeout"
time="2026-07-25T10:54:44-07:00" level=warning msg="Request Failed" error="Get \"http://localhost:8080/page/octo\": dial: i/o timeout"
time="2026-07-25T10:54:44-07:00" level=warning msg="Request Failed" error="Get \"http://localhost:8080/page/octo\": dial: i/o timeout"
time="2026-07-25T10:54:44-07:00" level=warning msg="Request Failed" error="Get \"http://localhost:8080/page/octo\": dial: i/o timeout"
time="2026-07-25T10:54:44-07:00" level=warning msg="Request Failed" error="Get \"http://localhost:8080/page/octo\": dial: i/o timeout"
time="2026-07-25T10:54:44-07:00" level=warning msg="Request Failed" error="Get \"http://localhost:8080/page/octo\": dial: i/o timeout"
time="2026-07-25T10:54:44-07:00" level=warning msg="Request Failed" error="Get \"http://localhost:8080/page/octo\": dial: i/o timeout"
time="2026-07-25T10:54:44-07:00" level=warning msg="Request Failed" error="Get \"http://localhost:8080/page/octo\": dial: i/o timeout"
time="2026-07-25T10:54:44-07:00" level=warning msg="Request Failed" error="Get \"http://localhost:8080/page/octo\": dial: i/o timeout"
time="2026-07-25T10:54:44-07:00" level=warning msg="Request Failed" error="Get \"http://localhost:8080/page/octo\": dial: i/o timeout"
time="2026-07-25T10:54:44-07:00" level=warning msg="Request Failed" error="Get \"http://localhost:8080/page/octo\": dial: i/o timeout"
time="2026-07-25T10:54:44-07:00" level=warning msg="Request Failed" error="Get \"http://localhost:8080/page/octo\": dial: i/o timeout"
time="2026-07-25T10:54:44-07:00" level=warning msg="Request Failed" error="Get \"http://localhost:8080/page/octo\": dial: i/o timeout"
time="2026-07-25T10:54:44-07:00" level=warning msg="Request Failed" error="Get \"http://localhost:8080/page/octo\": dial: i/o timeout"
time="2026-07-25T10:54:44-07:00" level=warning msg="Request Failed" error="Get \"http://localhost:8080/page/octo\": dial: i/o timeout"
time="2026-07-25T10:54:44-07:00" level=warning msg="Request Failed" error="Get \"http://localhost:8080/page/octo\": dial: i/o timeout"
time="2026-07-25T10:54:44-07:00" level=warning msg="Request Failed" error="Get \"http://localhost:8080/page/octo\": dial: i/o timeout"
time="2026-07-25T10:54:44-07:00" level=warning msg="Request Failed" error="Get \"http://localhost:8080/page/octo\": dial: i/o timeout"
time="2026-07-25T10:54:44-07:00" level=warning msg="Request Failed" error="Get \"http://localhost:8080/page/octo\": dial: i/o timeout"
time="2026-07-25T10:54:44-07:00" level=warning msg="Request Failed" error="Get \"http://localhost:8080/page/octo\": dial: i/o timeout"
time="2026-07-25T10:54:44-07:00" level=warning msg="Request Failed" error="Get \"http://localhost:8080/page/octo\": dial: i/o timeout"
time="2026-07-25T10:54:44-07:00" level=warning msg="Request Failed" error="Get \"http://localhost:8080/page/octo\": dial: i/o timeout"
time="2026-07-25T10:54:44-07:00" level=warning msg="Request Failed" error="Get \"http://localhost:8080/page/octo\": dial: i/o timeout"
time="2026-07-25T10:54:44-07:00" level=warning msg="Request Failed" error="Get \"http://localhost:8080/page/octo\": dial: i/o timeout"
time="2026-07-25T10:54:44-07:00" level=warning msg="Request Failed" error="Get \"http://localhost:8080/page/octo\": dial: i/o timeout"
time="2026-07-25T10:54:44-07:00" level=warning msg="Request Failed" error="Get \"http://localhost:8080/page/octo\": dial: i/o timeout"
time="2026-07-25T10:54:44-07:00" level=warning msg="Request Failed" error="Get \"http://localhost:8080/page/octo\": dial: i/o timeout"
time="2026-07-25T10:54:44-07:00" level=warning msg="Request Failed" error="Get \"http://localhost:8080/page/octo\": dial: i/o timeout"
time="2026-07-25T10:54:44-07:00" level=warning msg="Request Failed" error="Get \"http://localhost:8080/page/octo\": dial: i/o timeout"
time="2026-07-25T10:54:44-07:00" level=warning msg="Request Failed" error="Get \"http://localhost:8080/page/octo\": dial: i/o timeout"
time="2026-07-25T10:54:44-07:00" level=warning msg="Request Failed" error="Get \"http://localhost:8080/page/octo\": dial: i/o timeout"
time="2026-07-25T10:54:44-07:00" level=warning msg="Request Failed" error="Get \"http://localhost:8080/page/octo\": dial: i/o timeout"
time="2026-07-25T10:54:44-07:00" level=warning msg="Request Failed" error="Get \"http://localhost:8080/page/octo\": dial: i/o timeout"
time="2026-07-25T10:54:44-07:00" level=warning msg="Request Failed" error="Get \"http://localhost:8080/page/octo\": dial: i/o timeout"
time="2026-07-25T10:54:44-07:00" level=warning msg="Request Failed" error="Get \"http://localhost:8080/page/octo\": dial: i/o timeout"
time="2026-07-25T10:54:44-07:00" level=warning msg="Request Failed" error="Get \"http://localhost:8080/page/octo\": dial: i/o timeout"
time="2026-07-25T10:54:44-07:00" level=warning msg="Request Failed" error="Get \"http://localhost:8080/page/octo\": dial: i/o timeout"
time="2026-07-25T10:54:44-07:00" level=warning msg="Request Failed" error="Get \"http://localhost:8080/page/octo\": dial: i/o timeout"
time="2026-07-25T10:54:44-07:00" level=warning msg="Request Failed" error="Get \"http://localhost:8080/page/octo\": dial: i/o timeout"
time="2026-07-25T10:54:44-07:00" level=warning msg="Request Failed" error="Get \"http://localhost:8080/page/octo\": dial: i/o timeout"
time="2026-07-25T10:54:44-07:00" level=warning msg="Request Failed" error="Get \"http://localhost:8080/page/octo\": dial: i/o timeout"
time="2026-07-25T10:54:44-07:00" level=warning msg="Request Failed" error="Get \"http://localhost:8080/page/octo\": dial: i/o timeout"
time="2026-07-25T10:54:44-07:00" level=warning msg="Request Failed" error="Get \"http://localhost:8080/page/octo\": dial: i/o timeout"
time="2026-07-25T10:54:44-07:00" level=warning msg="Request Failed" error="Get \"http://localhost:8080/page/octo\": dial: i/o timeout"
time="2026-07-25T10:54:44-07:00" level=warning msg="Request Failed" error="Get \"http://localhost:8080/page/octo\": dial: i/o timeout"
time="2026-07-25T10:54:44-07:00" level=warning msg="Request Failed" error="Get \"http://localhost:8080/page/octo\": dial: i/o timeout"
time="2026-07-25T10:54:44-07:00" level=warning msg="Request Failed" error="Get \"http://localhost:8080/page/octo\": dial: i/o timeout"
time="2026-07-25T10:54:44-07:00" level=warning msg="Request Failed" error="Get \"http://localhost:8080/page/octo\": dial: i/o timeout"
time="2026-07-25T10:54:44-07:00" level=warning msg="Request Failed" error="Get \"http://localhost:8080/page/octo\": dial: i/o timeout"
time="2026-07-25T10:54:44-07:00" level=warning msg="Request Failed" error="Get \"http://localhost:8080/page/octo\": dial: i/o timeout"
time="2026-07-25T10:54:44-07:00" level=warning msg="Request Failed" error="Get \"http://localhost:8080/page/octo\": dial: i/o timeout"
time="2026-07-25T10:54:44-07:00" level=warning msg="Request Failed" error="Get \"http://localhost:8080/page/octo\": dial: i/o timeout"
time="2026-07-25T10:54:44-07:00" level=warning msg="Request Failed" error="Get \"http://localhost:8080/page/octo\": dial: i/o timeout"
time="2026-07-25T10:54:44-07:00" level=warning msg="Request Failed" error="Get \"http://localhost:8080/page/octo\": dial: i/o timeout"
time="2026-07-25T10:54:44-07:00" level=warning msg="Request Failed" error="Get \"http://localhost:8080/page/octo\": dial: i/o timeout"
time="2026-07-25T10:54:44-07:00" level=warning msg="Request Failed" error="Get \"http://localhost:8080/page/octo\": dial: i/o timeout"
time="2026-07-25T10:54:44-07:00" level=warning msg="Request Failed" error="Get \"http://localhost:8080/page/octo\": dial: i/o timeout"
time="2026-07-25T10:54:44-07:00" level=warning msg="Request Failed" error="Get \"http://localhost:8080/page/octo\": dial: i/o timeout"
time="2026-07-25T10:54:44-07:00" level=warning msg="Request Failed" error="Get \"http://localhost:8080/page/octo\": dial: i/o timeout"
time="2026-07-25T10:54:44-07:00" level=warning msg="Request Failed" error="Get \"http://localhost:8080/page/octo\": dial: i/o timeout"
time="2026-07-25T10:54:44-07:00" level=warning msg="Request Failed" error="Get \"http://localhost:8080/page/octo\": dial: i/o timeout"
time="2026-07-25T10:54:44-07:00" level=warning msg="Request Failed" error="Get \"http://localhost:8080/page/octo\": dial: i/o timeout"
time="2026-07-25T10:54:44-07:00" level=warning msg="Request Failed" error="Get \"http://localhost:8080/page/octo\": dial: i/o timeout"
time="2026-07-25T10:54:44-07:00" level=warning msg="Request Failed" error="Get \"http://localhost:8080/page/octo\": dial: i/o timeout"
time="2026-07-25T10:54:44-07:00" level=warning msg="Request Failed" error="Get \"http://localhost:8080/page/octo\": dial: i/o timeout"
time="2026-07-25T10:54:44-07:00" level=warning msg="Request Failed" error="Get \"http://localhost:8080/page/octo\": dial: i/o timeout"
time="2026-07-25T10:54:44-07:00" level=warning msg="Request Failed" error="Get \"http://localhost:8080/page/octo\": dial: i/o timeout"
time="2026-07-25T10:54:44-07:00" level=warning msg="Request Failed" error="Get \"http://localhost:8080/page/octo\": dial: i/o timeout"
time="2026-07-25T10:54:44-07:00" level=warning msg="Request Failed" error="Get \"http://localhost:8080/page/octo\": dial: i/o timeout"
time="2026-07-25T10:54:44-07:00" level=warning msg="Request Failed" error="Get \"http://localhost:8080/page/octo\": dial: i/o timeout"
time="2026-07-25T10:54:44-07:00" level=warning msg="Request Failed" error="Get \"http://localhost:8080/page/octo\": dial: i/o timeout"
time="2026-07-25T10:54:44-07:00" level=warning msg="Request Failed" error="Get \"http://localhost:8080/page/octo\": dial: i/o timeout"
time="2026-07-25T10:54:44-07:00" level=warning msg="Request Failed" error="Get \"http://localhost:8080/page/octo\": dial: i/o timeout"
time="2026-07-25T10:54:44-07:00" level=warning msg="Request Failed" error="Get \"http://localhost:8080/page/octo\": dial: i/o timeout"
time="2026-07-25T10:54:44-07:00" level=warning msg="Request Failed" error="Get \"http://localhost:8080/page/octo\": dial: i/o timeout"
time="2026-07-25T10:54:44-07:00" level=warning msg="Request Failed" error="Get \"http://localhost:8080/page/octo\": dial: i/o timeout"
time="2026-07-25T10:54:44-07:00" level=warning msg="Request Failed" error="Get \"http://localhost:8080/page/octo\": dial: i/o timeout"
time="2026-07-25T10:54:44-07:00" level=warning msg="Request Failed" error="Get \"http://localhost:8080/page/octo\": dial: i/o timeout"
time="2026-07-25T10:54:44-07:00" level=warning msg="Request Failed" error="Get \"http://localhost:8080/page/octo\": dial: i/o timeout"
time="2026-07-25T10:54:44-07:00" level=warning msg="Request Failed" error="Get \"http://localhost:8080/page/octo\": dial: i/o timeout"
time="2026-07-25T10:54:44-07:00" level=warning msg="Request Failed" error="Get \"http://localhost:8080/page/octo\": dial: i/o timeout"
time="2026-07-25T10:54:44-07:00" level=warning msg="Request Failed" error="Get \"http://localhost:8080/page/octo\": dial: i/o timeout"
time="2026-07-25T10:54:44-07:00" level=warning msg="Request Failed" error="Get \"http://localhost:8080/page/octo\": dial: i/o timeout"
time="2026-07-25T10:54:44-07:00" level=warning msg="Request Failed" error="Get \"http://localhost:8080/page/octo\": dial: i/o timeout"
time="2026-07-25T10:54:44-07:00" level=warning msg="Request Failed" error="Get \"http://localhost:8080/page/octo\": dial: i/o timeout"
time="2026-07-25T10:54:44-07:00" level=warning msg="Request Failed" error="Get \"http://localhost:8080/page/octo\": dial: i/o timeout"
time="2026-07-25T10:54:44-07:00" level=warning msg="Request Failed" error="Get \"http://localhost:8080/page/octo\": dial: i/o timeout"
time="2026-07-25T10:54:44-07:00" level=warning msg="Request Failed" error="Get \"http://localhost:8080/page/octo\": dial: i/o timeout"
time="2026-07-25T10:54:44-07:00" level=warning msg="Request Failed" error="Get \"http://localhost:8080/page/octo\": dial: i/o timeout"
time="2026-07-25T10:54:44-07:00" level=warning msg="Request Failed" error="Get \"http://localhost:8080/page/octo\": dial: i/o timeout"
time="2026-07-25T10:54:44-07:00" level=warning msg="Request Failed" error="Get \"http://localhost:8080/page/octo\": dial: i/o timeout"
time="2026-07-25T10:54:44-07:00" level=warning msg="Request Failed" error="Get \"http://localhost:8080/page/octo\": dial: i/o timeout"
time="2026-07-25T10:54:44-07:00" level=warning msg="Request Failed" error="Get \"http://localhost:8080/page/octo\": dial: i/o timeout"
time="2026-07-25T10:54:44-07:00" level=warning msg="Request Failed" error="Get \"http://localhost:8080/page/octo\": dial: i/o timeout"
time="2026-07-25T10:54:44-07:00" level=warning msg="Request Failed" error="Get \"http://localhost:8080/page/octo\": dial: i/o timeout"
time="2026-07-25T10:54:44-07:00" level=warning msg="Request Failed" error="Get \"http://localhost:8080/page/octo\": dial: i/o timeout"
time="2026-07-25T10:54:44-07:00" level=warning msg="Request Failed" error="Get \"http://localhost:8080/page/octo\": dial: i/o timeout"
time="2026-07-25T10:54:44-07:00" level=warning msg="Request Failed" error="Get \"http://localhost:8080/page/octo\": dial: i/o timeout"
time="2026-07-25T10:54:44-07:00" level=warning msg="Request Failed" error="Get \"http://localhost:8080/page/octo\": dial: i/o timeout"
time="2026-07-25T10:54:44-07:00" level=warning msg="Request Failed" error="Get \"http://localhost:8080/page/octo\": dial: i/o timeout"
time="2026-07-25T10:54:44-07:00" level=warning msg="Request Failed" error="Get \"http://localhost:8080/page/octo\": dial: i/o timeout"
time="2026-07-25T10:54:44-07:00" level=warning msg="Request Failed" error="Get \"http://localhost:8080/page/octo\": dial: i/o timeout"
time="2026-07-25T10:54:44-07:00" level=warning msg="Request Failed" error="Get \"http://localhost:8080/page/octo\": dial: i/o timeout"
time="2026-07-25T10:54:44-07:00" level=warning msg="Request Failed" error="Get \"http://localhost:8080/page/octo\": dial: i/o timeout"
time="2026-07-25T10:54:44-07:00" level=warning msg="Request Failed" error="Get \"http://localhost:8080/page/octo\": dial: i/o timeout"
time="2026-07-25T10:54:44-07:00" level=warning msg="Request Failed" error="Get \"http://localhost:8080/page/octo\": dial: i/o timeout"
time="2026-07-25T10:54:44-07:00" level=warning msg="Request Failed" error="Get \"http://localhost:8080/page/octo\": dial: i/o timeout"
time="2026-07-25T10:54:44-07:00" level=warning msg="Request Failed" error="Get \"http://localhost:8080/page/octo\": dial: i/o timeout"
time="2026-07-25T10:54:44-07:00" level=warning msg="Request Failed" error="Get \"http://localhost:8080/page/octo\": dial: i/o timeout"
time="2026-07-25T10:54:44-07:00" level=warning msg="Request Failed" error="Get \"http://localhost:8080/page/octo\": dial: i/o timeout"
time="2026-07-25T10:54:44-07:00" level=warning msg="Request Failed" error="Get \"http://localhost:8080/page/octo\": dial: i/o timeout"
time="2026-07-25T10:54:44-07:00" level=warning msg="Request Failed" error="Get \"http://localhost:8080/page/octo\": dial: i/o timeout"

running (20.9s), 0006/4800 VUs, 234123 complete and 0 interrupted iterations
steady ↓ [ 100% ] 0169/4800 VUs  20s  24000.00 iters/s
time="2026-07-25T10:54:45-07:00" level=warning msg="Request Failed" error="Get \"http://localhost:8080/page/octo\": dial: i/o timeout"
time="2026-07-25T10:54:45-07:00" level=warning msg="Request Failed" error="Get \"http://localhost:8080/page/octo\": dial: i/o timeout"
time="2026-07-25T10:54:45-07:00" level=warning msg="Request Failed" error="Get \"http://localhost:8080/page/octo\": dial: i/o timeout"
time="2026-07-25T10:54:45-07:00" level=warning msg="Request Failed" error="Get \"http://localhost:8080/page/octo\": dial: i/o timeout"
time="2026-07-25T10:54:45-07:00" level=warning msg="Request Failed" error="Get \"http://localhost:8080/page/octo\": dial: i/o timeout"
time="2026-07-25T10:54:45-07:00" level=warning msg="Request Failed" error="Get \"http://localhost:8080/page/octo\": dial: i/o timeout"

  http_reqs                    234129 (10984.80/s)
  http_req_duration            med=32.15ms p95=954.94ms p99=1654.04ms max=2869.81ms
  http_req_waiting             p95=927.24ms
  http_req_failed              0.265%
  dropped_iterations           245877
  vus_max                      4800
  checks                       0 passed, 0 failed


running (21.3s), 0000/4800 VUs, 234129 complete and 0 interrupted iterations
steady ✓ [ 100% ] 0000/4800 VUs  20s  24000.00 iters/s
time="2026-07-25T10:54:45-07:00" level=error msg="thresholds on metrics 'dropped_iterations, http_req_duration, http_req_failed' have been crossed"
