
         /\      Grafana   /‾‾/  
    /\  /  \     |\  __   /  /   
   /  \/    \    | |/ /  /   ‾‾\ 
  /          \   |   (  |  (‾)  |
 / __________ \  |_|\_\  \_____/ 


     execution: local
        script: /Users/juancavallotti/Documents/development/octo-performance/scenarios/001-template-page/k6/steady.js
        output: -

     scenarios: (100.00%) 1 scenario, 16000 max VUs, 1m10s max duration (incl. graceful stop):
              * steady: 16000.00 iterations/s for 1m0s (maxVUs: 1600-16000, gracefulStop: 10s)


running (0m00.9s), 00002/01600 VUs, 14340 complete and 0 interrupted iterations
steady   [   1% ] 00001/01600 VUs  0m00.9s/1m0s  16000.00 iters/s

running (0m01.9s), 00005/01600 VUs, 30337 complete and 0 interrupted iterations
steady   [   3% ] 00005/01600 VUs  0m01.9s/1m0s  16000.00 iters/s

running (0m02.9s), 00002/01600 VUs, 46340 complete and 0 interrupted iterations
steady   [   5% ] 00002/01600 VUs  0m02.9s/1m0s  16000.00 iters/s

running (0m03.9s), 00003/01600 VUs, 62340 complete and 0 interrupted iterations
steady   [   6% ] 00003/01600 VUs  0m03.9s/1m0s  16000.00 iters/s

running (0m04.9s), 00002/01600 VUs, 78339 complete and 0 interrupted iterations
steady   [   8% ] 00002/01600 VUs  0m04.9s/1m0s  16000.00 iters/s

running (0m05.9s), 00002/01600 VUs, 94339 complete and 0 interrupted iterations
steady   [  10% ] 00002/01600 VUs  0m05.9s/1m0s  16000.00 iters/s

running (0m06.9s), 00002/01600 VUs, 110340 complete and 0 interrupted iterations
steady   [  11% ] 00002/01600 VUs  0m06.9s/1m0s  16000.00 iters/s

running (0m07.9s), 00044/01600 VUs, 126077 complete and 0 interrupted iterations
steady   [  13% ] 00045/01600 VUs  0m07.9s/1m0s  16000.00 iters/s

running (0m08.9s), 00002/01600 VUs, 142339 complete and 0 interrupted iterations
steady   [  15% ] 00002/01600 VUs  0m08.9s/1m0s  16000.00 iters/s

running (0m09.9s), 00002/01600 VUs, 158340 complete and 0 interrupted iterations
steady   [  16% ] 00002/01600 VUs  0m09.9s/1m0s  16000.00 iters/s

running (0m10.9s), 00002/01600 VUs, 174339 complete and 0 interrupted iterations
steady   [  18% ] 00003/01600 VUs  0m10.9s/1m0s  16000.00 iters/s

running (0m11.9s), 00002/01600 VUs, 190340 complete and 0 interrupted iterations
steady   [  20% ] 00002/01600 VUs  0m11.9s/1m0s  16000.00 iters/s

running (0m12.9s), 00006/01600 VUs, 206339 complete and 0 interrupted iterations
steady   [  21% ] 00006/01600 VUs  0m12.9s/1m0s  16000.00 iters/s

running (0m13.9s), 00002/01600 VUs, 222340 complete and 0 interrupted iterations
steady   [  23% ] 00002/01600 VUs  0m13.9s/1m0s  16000.00 iters/s

running (0m14.9s), 00149/01600 VUs, 238168 complete and 0 interrupted iterations
steady   [  25% ] 00149/01600 VUs  0m14.9s/1m0s  16000.00 iters/s

running (0m15.9s), 00002/01600 VUs, 254339 complete and 0 interrupted iterations
steady   [  26% ] 00002/01600 VUs  0m15.9s/1m0s  16000.00 iters/s

running (0m16.9s), 00003/01600 VUs, 270339 complete and 0 interrupted iterations
steady   [  28% ] 00003/01600 VUs  0m16.9s/1m0s  16000.00 iters/s

running (0m17.9s), 00001/01600 VUs, 286341 complete and 0 interrupted iterations
steady   [  30% ] 00001/01600 VUs  0m17.9s/1m0s  16000.00 iters/s

running (0m18.9s), 00008/01600 VUs, 302340 complete and 0 interrupted iterations
steady   [  31% ] 00008/01600 VUs  0m18.9s/1m0s  16000.00 iters/s

running (0m19.9s), 00001/01600 VUs, 318340 complete and 0 interrupted iterations
steady   [  33% ] 00002/01600 VUs  0m19.9s/1m0s  16000.00 iters/s

running (0m20.9s), 00113/01600 VUs, 334209 complete and 0 interrupted iterations
steady   [  35% ] 00113/01600 VUs  0m20.9s/1m0s  16000.00 iters/s

running (0m21.9s), 00001/01600 VUs, 350340 complete and 0 interrupted iterations
steady   [  36% ] 00001/01600 VUs  0m21.9s/1m0s  16000.00 iters/s

running (0m22.9s), 00002/01600 VUs, 366339 complete and 0 interrupted iterations
steady   [  38% ] 00002/01600 VUs  0m22.9s/1m0s  16000.00 iters/s

running (0m23.9s), 00004/01600 VUs, 382338 complete and 0 interrupted iterations
steady   [  40% ] 00004/01600 VUs  0m23.9s/1m0s  16000.00 iters/s

running (0m24.9s), 00001/01600 VUs, 398340 complete and 0 interrupted iterations
steady   [  41% ] 00001/01600 VUs  0m24.9s/1m0s  16000.00 iters/s

running (0m25.9s), 00003/01600 VUs, 414339 complete and 0 interrupted iterations
steady   [  43% ] 00003/01600 VUs  0m25.9s/1m0s  16000.00 iters/s

running (0m26.9s), 00002/01600 VUs, 430340 complete and 0 interrupted iterations
steady   [  45% ] 00002/01600 VUs  0m26.9s/1m0s  16000.00 iters/s

running (0m27.9s), 00002/01600 VUs, 446339 complete and 0 interrupted iterations
steady   [  46% ] 00002/01600 VUs  0m27.9s/1m0s  16000.00 iters/s

running (0m28.9s), 00001/01600 VUs, 462340 complete and 0 interrupted iterations
steady   [  48% ] 00001/01600 VUs  0m28.9s/1m0s  16000.00 iters/s

running (0m29.9s), 00002/01600 VUs, 478340 complete and 0 interrupted iterations
steady   [  50% ] 00002/01600 VUs  0m29.9s/1m0s  16000.00 iters/s

running (0m30.9s), 00003/01600 VUs, 494340 complete and 0 interrupted iterations
steady   [  51% ] 00003/01600 VUs  0m30.9s/1m0s  16000.00 iters/s

running (0m31.9s), 00002/01600 VUs, 510340 complete and 0 interrupted iterations
steady   [  53% ] 00002/01600 VUs  0m31.9s/1m0s  16000.00 iters/s

running (0m32.9s), 00003/01602 VUs, 526336 complete and 0 interrupted iterations
steady   [  55% ] 00003/01602 VUs  0m32.9s/1m0s  16000.00 iters/s

running (0m33.9s), 00003/01602 VUs, 542337 complete and 0 interrupted iterations
steady   [  56% ] 00003/01602 VUs  0m33.9s/1m0s  16000.00 iters/s

running (0m34.9s), 00003/01602 VUs, 558337 complete and 0 interrupted iterations
steady   [  58% ] 00003/01602 VUs  0m34.9s/1m0s  16000.00 iters/s

running (0m35.9s), 00002/01602 VUs, 574338 complete and 0 interrupted iterations
steady   [  60% ] 00002/01602 VUs  0m35.9s/1m0s  16000.00 iters/s

running (0m36.9s), 00003/01602 VUs, 590337 complete and 0 interrupted iterations
steady   [  61% ] 00003/01602 VUs  0m36.9s/1m0s  16000.00 iters/s

running (0m37.9s), 00002/01602 VUs, 606339 complete and 0 interrupted iterations
steady   [  63% ] 00002/01602 VUs  0m37.9s/1m0s  16000.00 iters/s

running (0m38.9s), 00002/01602 VUs, 622338 complete and 0 interrupted iterations
steady   [  65% ] 00002/01602 VUs  0m38.9s/1m0s  16000.00 iters/s

running (0m39.9s), 00004/01602 VUs, 638337 complete and 0 interrupted iterations
steady   [  66% ] 00004/01602 VUs  0m39.9s/1m0s  16000.00 iters/s

running (0m40.9s), 00001/01602 VUs, 654338 complete and 0 interrupted iterations
steady   [  68% ] 00001/01602 VUs  0m40.9s/1m0s  16000.00 iters/s

running (0m41.9s), 00002/01602 VUs, 670338 complete and 0 interrupted iterations
steady   [  70% ] 00002/01602 VUs  0m41.9s/1m0s  16000.00 iters/s

running (0m42.9s), 00005/01602 VUs, 686336 complete and 0 interrupted iterations
steady   [  71% ] 00005/01602 VUs  0m42.9s/1m0s  16000.00 iters/s

running (0m43.9s), 00004/01602 VUs, 702335 complete and 0 interrupted iterations
steady   [  73% ] 00004/01602 VUs  0m43.9s/1m0s  16000.00 iters/s

running (0m44.9s), 00700/01602 VUs, 717343 complete and 0 interrupted iterations
steady   [  75% ] 00702/01602 VUs  0m44.9s/1m0s  16000.00 iters/s

running (0m45.9s), 00002/01602 VUs, 734338 complete and 0 interrupted iterations
steady   [  76% ] 00003/01602 VUs  0m45.9s/1m0s  16000.00 iters/s

running (0m46.9s), 00004/01602 VUs, 750334 complete and 0 interrupted iterations
steady   [  78% ] 00004/01602 VUs  0m46.9s/1m0s  16000.00 iters/s

running (0m47.9s), 00002/01602 VUs, 766337 complete and 0 interrupted iterations
steady   [  80% ] 00002/01602 VUs  0m47.9s/1m0s  16000.00 iters/s

running (0m48.9s), 00002/01602 VUs, 782337 complete and 0 interrupted iterations
steady   [  81% ] 00002/01602 VUs  0m48.9s/1m0s  16000.00 iters/s

running (0m49.9s), 00001/01602 VUs, 798338 complete and 0 interrupted iterations
steady   [  83% ] 00001/01602 VUs  0m49.9s/1m0s  16000.00 iters/s

running (0m50.9s), 00002/01602 VUs, 814338 complete and 0 interrupted iterations
steady   [  85% ] 00002/01602 VUs  0m50.9s/1m0s  16000.00 iters/s

running (0m51.9s), 00002/01602 VUs, 830338 complete and 0 interrupted iterations
steady   [  86% ] 00002/01602 VUs  0m51.9s/1m0s  16000.00 iters/s

running (0m52.9s), 00002/01602 VUs, 846338 complete and 0 interrupted iterations
steady   [  88% ] 00002/01602 VUs  0m52.9s/1m0s  16000.00 iters/s

running (0m53.9s), 00002/01602 VUs, 862337 complete and 0 interrupted iterations
steady   [  90% ] 00002/01602 VUs  0m53.9s/1m0s  16000.00 iters/s

running (0m54.9s), 00002/01602 VUs, 878337 complete and 0 interrupted iterations
steady   [  91% ] 00002/01602 VUs  0m54.9s/1m0s  16000.00 iters/s

running (0m55.9s), 00002/01602 VUs, 894338 complete and 0 interrupted iterations
steady   [  93% ] 00002/01602 VUs  0m55.9s/1m0s  16000.00 iters/s

running (0m56.9s), 00001/01602 VUs, 910338 complete and 0 interrupted iterations
steady   [  95% ] 00001/01602 VUs  0m56.9s/1m0s  16000.00 iters/s

running (0m57.9s), 00002/01602 VUs, 926338 complete and 0 interrupted iterations
steady   [  96% ] 00001/01602 VUs  0m57.9s/1m0s  16000.00 iters/s

running (0m58.9s), 00001/01602 VUs, 942338 complete and 0 interrupted iterations
steady   [  98% ] 00001/01602 VUs  0m58.9s/1m0s  16000.00 iters/s

running (0m59.9s), 00201/01602 VUs, 958190 complete and 0 interrupted iterations
steady   [ 100% ] 00201/01602 VUs  0m59.9s/1m0s  16000.00 iters/s

  http_reqs                    959998 (15999.32/s)
  http_req_duration            med=0.10ms p95=2.64ms p99=15.68ms max=126.34ms
  http_req_waiting             p95=2.34ms
  http_req_failed              0.000%
  dropped_iterations           2
  vus_max                      1602
  checks                       0 passed, 0 failed


running (1m00.0s), 00000/01602 VUs, 959998 complete and 0 interrupted iterations
steady ✓ [ 100% ] 00000/01602 VUs  1m0s  16000.00 iters/s
time="2026-07-26T10:21:01-07:00" level=error msg="thresholds on metrics 'dropped_iterations' have been crossed"
