
         /\      Grafana   /‾‾/  
    /\  /  \     |\  __   /  /   
   /  \/    \    | |/ /  /   ‾‾\ 
  /          \   |   (  |  (‾)  |
 / __________ \  |_|\_\  \_____/ 


     execution: local
        script: /Users/juancavallotti/Documents/development/octo-performance/scenarios/004-queue-roundtrip/k6/steady.js
        output: -

     scenarios: (100.00%) 1 scenario, 16000 max VUs, 1m10s max duration (incl. graceful stop):
              * steady: 10000.00 iterations/s for 1m0s (maxVUs: 1600-16000, gracefulStop: 10s)


running (0m00.9s), 00001/01600 VUs, 8602 complete and 0 interrupted iterations
steady   [   1% ] 00001/01600 VUs  0m00.9s/1m0s  10000.00 iters/s

running (0m01.9s), 00001/01600 VUs, 18602 complete and 0 interrupted iterations
steady   [   3% ] 00001/01600 VUs  0m01.9s/1m0s  10000.00 iters/s

running (0m02.9s), 00001/01600 VUs, 28601 complete and 0 interrupted iterations
steady   [   5% ] 00000/01600 VUs  0m02.9s/1m0s  10000.00 iters/s

running (0m03.9s), 00002/01600 VUs, 38601 complete and 0 interrupted iterations
steady   [   6% ] 00002/01600 VUs  0m03.9s/1m0s  10000.00 iters/s

running (0m04.9s), 00001/01600 VUs, 48602 complete and 0 interrupted iterations
steady   [   8% ] 00001/01600 VUs  0m04.9s/1m0s  10000.00 iters/s

running (0m05.9s), 00001/01600 VUs, 58602 complete and 0 interrupted iterations
steady   [  10% ] 00001/01600 VUs  0m05.9s/1m0s  10000.00 iters/s

running (0m06.9s), 00001/01600 VUs, 68601 complete and 0 interrupted iterations
steady   [  11% ] 00002/01600 VUs  0m06.9s/1m0s  10000.00 iters/s

running (0m07.9s), 00001/01600 VUs, 78602 complete and 0 interrupted iterations
steady   [  13% ] 00001/01600 VUs  0m07.9s/1m0s  10000.00 iters/s

running (0m08.9s), 00001/01600 VUs, 88601 complete and 0 interrupted iterations
steady   [  15% ] 00001/01600 VUs  0m08.9s/1m0s  10000.00 iters/s

running (0m09.9s), 00001/01600 VUs, 98602 complete and 0 interrupted iterations
steady   [  16% ] 00001/01600 VUs  0m09.9s/1m0s  10000.00 iters/s

running (0m10.9s), 00496/01600 VUs, 108108 complete and 0 interrupted iterations
steady   [  18% ] 00496/01600 VUs  0m10.9s/1m0s  10000.00 iters/s

running (0m11.9s), 00001/01600 VUs, 118602 complete and 0 interrupted iterations
steady   [  20% ] 00001/01600 VUs  0m11.9s/1m0s  10000.00 iters/s

running (0m12.9s), 00001/01600 VUs, 128602 complete and 0 interrupted iterations
steady   [  21% ] 00001/01600 VUs  0m12.9s/1m0s  10000.00 iters/s

running (0m13.9s), 00001/01600 VUs, 138602 complete and 0 interrupted iterations
steady   [  23% ] 00001/01600 VUs  0m13.9s/1m0s  10000.00 iters/s

running (0m14.9s), 00001/01600 VUs, 148602 complete and 0 interrupted iterations
steady   [  25% ] 00001/01600 VUs  0m14.9s/1m0s  10000.00 iters/s

running (0m15.9s), 00001/01600 VUs, 158602 complete and 0 interrupted iterations
steady   [  26% ] 00001/01600 VUs  0m15.9s/1m0s  10000.00 iters/s

running (0m16.9s), 00001/01600 VUs, 168602 complete and 0 interrupted iterations
steady   [  28% ] 00001/01600 VUs  0m16.9s/1m0s  10000.00 iters/s

running (0m17.9s), 00001/01600 VUs, 178602 complete and 0 interrupted iterations
steady   [  30% ] 00001/01600 VUs  0m17.9s/1m0s  10000.00 iters/s

running (0m18.9s), 00002/01600 VUs, 188601 complete and 0 interrupted iterations
steady   [  31% ] 00002/01600 VUs  0m18.9s/1m0s  10000.00 iters/s

running (0m19.9s), 00002/01600 VUs, 198601 complete and 0 interrupted iterations
steady   [  33% ] 00002/01600 VUs  0m19.9s/1m0s  10000.00 iters/s

running (0m20.9s), 00002/01600 VUs, 208601 complete and 0 interrupted iterations
steady   [  35% ] 00002/01600 VUs  0m20.9s/1m0s  10000.00 iters/s

running (0m21.9s), 00002/01600 VUs, 218601 complete and 0 interrupted iterations
steady   [  36% ] 00002/01600 VUs  0m21.9s/1m0s  10000.00 iters/s

running (0m22.9s), 00001/01600 VUs, 228602 complete and 0 interrupted iterations
steady   [  38% ] 00001/01600 VUs  0m22.9s/1m0s  10000.00 iters/s

running (0m23.9s), 00002/01600 VUs, 238601 complete and 0 interrupted iterations
steady   [  40% ] 00002/01600 VUs  0m23.9s/1m0s  10000.00 iters/s

running (0m24.9s), 00002/01600 VUs, 248601 complete and 0 interrupted iterations
steady   [  41% ] 00002/01600 VUs  0m24.9s/1m0s  10000.00 iters/s

running (0m25.9s), 00002/01600 VUs, 258601 complete and 0 interrupted iterations
steady   [  43% ] 00002/01600 VUs  0m25.9s/1m0s  10000.00 iters/s

running (0m26.9s), 00001/01600 VUs, 268602 complete and 0 interrupted iterations
steady   [  45% ] 00001/01600 VUs  0m26.9s/1m0s  10000.00 iters/s

running (0m27.9s), 00001/01600 VUs, 278602 complete and 0 interrupted iterations
steady   [  46% ] 00001/01600 VUs  0m27.9s/1m0s  10000.00 iters/s

running (0m28.9s), 00001/01600 VUs, 288602 complete and 0 interrupted iterations
steady   [  48% ] 00001/01600 VUs  0m28.9s/1m0s  10000.00 iters/s

running (0m29.9s), 00001/01600 VUs, 298602 complete and 0 interrupted iterations
steady   [  50% ] 00001/01600 VUs  0m29.9s/1m0s  10000.00 iters/s

running (0m30.9s), 00032/01600 VUs, 307496 complete and 0 interrupted iterations
steady   [  51% ] 00032/01600 VUs  0m30.9s/1m0s  10000.00 iters/s

running (0m31.9s), 00001/01602 VUs, 317732 complete and 0 interrupted iterations
steady   [  53% ] 00001/01602 VUs  0m31.9s/1m0s  10000.00 iters/s

running (0m32.9s), 00001/01602 VUs, 327733 complete and 0 interrupted iterations
steady   [  55% ] 00001/01602 VUs  0m32.9s/1m0s  10000.00 iters/s

running (0m33.9s), 00002/01602 VUs, 337732 complete and 0 interrupted iterations
steady   [  56% ] 00002/01602 VUs  0m33.9s/1m0s  10000.00 iters/s

running (0m34.9s), 00001/01602 VUs, 347733 complete and 0 interrupted iterations
steady   [  58% ] 00001/01602 VUs  0m34.9s/1m0s  10000.00 iters/s

running (0m35.9s), 00003/01602 VUs, 357731 complete and 0 interrupted iterations
steady   [  60% ] 00003/01602 VUs  0m35.9s/1m0s  10000.00 iters/s

running (0m36.9s), 00001/01602 VUs, 367733 complete and 0 interrupted iterations
steady   [  61% ] 00001/01602 VUs  0m36.9s/1m0s  10000.00 iters/s

running (0m37.9s), 00003/01602 VUs, 377731 complete and 0 interrupted iterations
steady   [  63% ] 00002/01602 VUs  0m37.9s/1m0s  10000.00 iters/s

running (0m38.9s), 00001/01602 VUs, 387733 complete and 0 interrupted iterations
steady   [  65% ] 00001/01602 VUs  0m38.9s/1m0s  10000.00 iters/s

running (0m39.9s), 00001/01602 VUs, 397733 complete and 0 interrupted iterations
steady   [  66% ] 00001/01602 VUs  0m39.9s/1m0s  10000.00 iters/s

running (0m40.9s), 00001/01602 VUs, 407733 complete and 0 interrupted iterations
steady   [  68% ] 00001/01602 VUs  0m40.9s/1m0s  10000.00 iters/s

running (0m41.9s), 00001/01602 VUs, 417733 complete and 0 interrupted iterations
steady   [  70% ] 00001/01602 VUs  0m41.9s/1m0s  10000.00 iters/s

running (0m42.9s), 00001/01602 VUs, 427733 complete and 0 interrupted iterations
steady   [  71% ] 00001/01602 VUs  0m42.9s/1m0s  10000.00 iters/s

running (0m43.9s), 00001/01602 VUs, 437733 complete and 0 interrupted iterations
steady   [  73% ] 00001/01602 VUs  0m43.9s/1m0s  10000.00 iters/s

running (0m44.9s), 00001/01602 VUs, 447733 complete and 0 interrupted iterations
steady   [  75% ] 00001/01602 VUs  0m44.9s/1m0s  10000.00 iters/s

running (0m45.9s), 00001/01602 VUs, 457733 complete and 0 interrupted iterations
steady   [  76% ] 00001/01602 VUs  0m45.9s/1m0s  10000.00 iters/s

running (0m46.9s), 00001/01602 VUs, 467732 complete and 0 interrupted iterations
steady   [  78% ] 00001/01602 VUs  0m46.9s/1m0s  10000.00 iters/s

running (0m47.9s), 00001/01602 VUs, 477733 complete and 0 interrupted iterations
steady   [  80% ] 00001/01602 VUs  0m47.9s/1m0s  10000.00 iters/s

running (0m48.9s), 00001/01602 VUs, 487733 complete and 0 interrupted iterations
steady   [  81% ] 00001/01602 VUs  0m48.9s/1m0s  10000.00 iters/s

running (0m49.9s), 00001/01602 VUs, 497733 complete and 0 interrupted iterations
steady   [  83% ] 00001/01602 VUs  0m49.9s/1m0s  10000.00 iters/s

running (0m50.9s), 00001/01602 VUs, 507732 complete and 0 interrupted iterations
steady   [  85% ] 00001/01602 VUs  0m50.9s/1m0s  10000.00 iters/s

running (0m51.9s), 00001/01602 VUs, 517733 complete and 0 interrupted iterations
steady   [  86% ] 00001/01602 VUs  0m51.9s/1m0s  10000.00 iters/s

running (0m52.9s), 00002/01602 VUs, 527732 complete and 0 interrupted iterations
steady   [  88% ] 00002/01602 VUs  0m52.9s/1m0s  10000.00 iters/s

running (0m53.9s), 00002/01602 VUs, 537732 complete and 0 interrupted iterations
steady   [  90% ] 00002/01602 VUs  0m53.9s/1m0s  10000.00 iters/s

running (0m54.9s), 00001/01602 VUs, 547733 complete and 0 interrupted iterations
steady   [  91% ] 00001/01602 VUs  0m54.9s/1m0s  10000.00 iters/s

running (0m55.9s), 00000/01602 VUs, 557733 complete and 0 interrupted iterations
steady   [  93% ] 00000/01602 VUs  0m55.9s/1m0s  10000.00 iters/s

running (0m56.9s), 00001/01602 VUs, 567733 complete and 0 interrupted iterations
steady   [  95% ] 00001/01602 VUs  0m56.9s/1m0s  10000.00 iters/s

running (0m57.9s), 00001/01602 VUs, 577733 complete and 0 interrupted iterations
steady   [  96% ] 00001/01602 VUs  0m57.9s/1m0s  10000.00 iters/s

running (0m58.9s), 00000/01602 VUs, 587733 complete and 0 interrupted iterations
steady   [  98% ] 00000/01602 VUs  0m58.9s/1m0s  10000.00 iters/s

running (0m59.9s), 00002/01602 VUs, 597732 complete and 0 interrupted iterations
steady   [ 100% ] 00002/01602 VUs  0m59.9s/1m0s  10000.00 iters/s

  http_reqs                    599132 (9985.14/s)
  http_req_duration            med=0.09ms p95=0.23ms p99=8.53ms max=185.65ms
  http_req_waiting             p95=0.19ms
  http_req_failed              0.000%
  dropped_iterations           869
  vus_max                      1602
  checks                       0 passed, 0 failed


running (1m00.0s), 00000/01602 VUs, 599132 complete and 0 interrupted iterations
steady ✓ [ 100% ] 00000/01602 VUs  1m0s  10000.00 iters/s
time="2026-07-25T12:41:09-07:00" level=error msg="thresholds on metrics 'dropped_iterations' have been crossed"
