
         /\      Grafana   /‾‾/  
    /\  /  \     |\  __   /  /   
   /  \/    \    | |/ /  /   ‾‾\ 
  /          \   |   (  |  (‾)  |
 / __________ \  |_|\_\  \_____/ 


     execution: local
        script: /Users/juancavallotti/Documents/development/octo-performance/scenarios/002-fanout-transform/k6/steady.js
        output: -

     scenarios: (100.00%) 1 scenario, 6000 max VUs, 1m10s max duration (incl. graceful stop):
              * steady: 6000.00 iterations/s for 1m0s (maxVUs: 600-6000, gracefulStop: 10s)


running (0m01.0s), 0027/0600 VUs, 5688 complete and 0 interrupted iterations
steady   [   2% ] 0027/0600 VUs  0m01.0s/1m0s  6000.00 iters/s

running (0m02.0s), 0011/0600 VUs, 11705 complete and 0 interrupted iterations
steady   [   3% ] 0011/0600 VUs  0m02.0s/1m0s  6000.00 iters/s

running (0m03.0s), 0003/0600 VUs, 17712 complete and 0 interrupted iterations
steady   [   5% ] 0003/0600 VUs  0m03.0s/1m0s  6000.00 iters/s

running (0m04.0s), 0027/0600 VUs, 23689 complete and 0 interrupted iterations
steady   [   7% ] 0027/0600 VUs  0m04.0s/1m0s  6000.00 iters/s

running (0m05.0s), 0003/0600 VUs, 29712 complete and 0 interrupted iterations
steady   [   8% ] 0003/0600 VUs  0m05.0s/1m0s  6000.00 iters/s

running (0m06.0s), 0004/0600 VUs, 35711 complete and 0 interrupted iterations
steady   [  10% ] 0004/0600 VUs  0m06.0s/1m0s  6000.00 iters/s

running (0m07.0s), 0004/0600 VUs, 41711 complete and 0 interrupted iterations
steady   [  12% ] 0004/0600 VUs  0m07.0s/1m0s  6000.00 iters/s

running (0m08.0s), 0004/0600 VUs, 47711 complete and 0 interrupted iterations
steady   [  13% ] 0004/0600 VUs  0m08.0s/1m0s  6000.00 iters/s

running (0m09.0s), 0016/0600 VUs, 53699 complete and 0 interrupted iterations
steady   [  15% ] 0016/0600 VUs  0m09.0s/1m0s  6000.00 iters/s

running (0m10.0s), 0019/0600 VUs, 59697 complete and 0 interrupted iterations
steady   [  17% ] 0019/0600 VUs  0m10.0s/1m0s  6000.00 iters/s

running (0m11.0s), 0004/0600 VUs, 65712 complete and 0 interrupted iterations
steady   [  18% ] 0003/0600 VUs  0m11.0s/1m0s  6000.00 iters/s

running (0m12.0s), 0031/0600 VUs, 71685 complete and 0 interrupted iterations
steady   [  20% ] 0031/0600 VUs  0m12.0s/1m0s  6000.00 iters/s

running (0m13.0s), 0022/0600 VUs, 77694 complete and 0 interrupted iterations
steady   [  22% ] 0022/0600 VUs  0m13.0s/1m0s  6000.00 iters/s

running (0m14.0s), 0034/0600 VUs, 83682 complete and 0 interrupted iterations
steady   [  23% ] 0034/0600 VUs  0m14.0s/1m0s  6000.00 iters/s

running (0m15.0s), 0015/0600 VUs, 89700 complete and 0 interrupted iterations
steady   [  25% ] 0015/0600 VUs  0m15.0s/1m0s  6000.00 iters/s

running (0m16.0s), 0008/0600 VUs, 95708 complete and 0 interrupted iterations
steady   [  27% ] 0008/0600 VUs  0m16.0s/1m0s  6000.00 iters/s

running (0m17.0s), 0003/0600 VUs, 101712 complete and 0 interrupted iterations
steady   [  28% ] 0003/0600 VUs  0m17.0s/1m0s  6000.00 iters/s

running (0m18.0s), 0018/0600 VUs, 107698 complete and 0 interrupted iterations
steady   [  30% ] 0018/0600 VUs  0m18.0s/1m0s  6000.00 iters/s

running (0m19.0s), 0004/0600 VUs, 113712 complete and 0 interrupted iterations
steady   [  32% ] 0004/0600 VUs  0m19.0s/1m0s  6000.00 iters/s

running (0m20.0s), 0004/0600 VUs, 119711 complete and 0 interrupted iterations
steady   [  33% ] 0004/0600 VUs  0m20.0s/1m0s  6000.00 iters/s

running (0m21.0s), 0018/0600 VUs, 125698 complete and 0 interrupted iterations
steady   [  35% ] 0017/0600 VUs  0m21.0s/1m0s  6000.00 iters/s

running (0m22.0s), 0015/0600 VUs, 131701 complete and 0 interrupted iterations
steady   [  37% ] 0015/0600 VUs  0m22.0s/1m0s  6000.00 iters/s

running (0m23.0s), 0003/0600 VUs, 137713 complete and 0 interrupted iterations
steady   [  38% ] 0003/0600 VUs  0m23.0s/1m0s  6000.00 iters/s

running (0m24.0s), 0057/0600 VUs, 143659 complete and 0 interrupted iterations
steady   [  40% ] 0057/0600 VUs  0m24.0s/1m0s  6000.00 iters/s

running (0m25.0s), 0004/0600 VUs, 149712 complete and 0 interrupted iterations
steady   [  42% ] 0004/0600 VUs  0m25.0s/1m0s  6000.00 iters/s

running (0m26.0s), 0005/0600 VUs, 155711 complete and 0 interrupted iterations
steady   [  43% ] 0005/0600 VUs  0m26.0s/1m0s  6000.00 iters/s

running (0m27.0s), 0003/0600 VUs, 161712 complete and 0 interrupted iterations
steady   [  45% ] 0003/0600 VUs  0m27.0s/1m0s  6000.00 iters/s

running (0m28.0s), 0004/0600 VUs, 167712 complete and 0 interrupted iterations
steady   [  47% ] 0004/0600 VUs  0m28.0s/1m0s  6000.00 iters/s

running (0m29.0s), 0018/0600 VUs, 173698 complete and 0 interrupted iterations
steady   [  48% ] 0018/0600 VUs  0m29.0s/1m0s  6000.00 iters/s

running (0m30.0s), 0003/0600 VUs, 179713 complete and 0 interrupted iterations
steady   [  50% ] 0003/0600 VUs  0m30.0s/1m0s  6000.00 iters/s

running (0m31.0s), 0020/0600 VUs, 185696 complete and 0 interrupted iterations
steady   [  52% ] 0020/0600 VUs  0m31.0s/1m0s  6000.00 iters/s

running (0m32.0s), 0008/0600 VUs, 191708 complete and 0 interrupted iterations
steady   [  53% ] 0008/0600 VUs  0m32.0s/1m0s  6000.00 iters/s

running (0m33.0s), 0004/0600 VUs, 197712 complete and 0 interrupted iterations
steady   [  55% ] 0004/0600 VUs  0m33.0s/1m0s  6000.00 iters/s

running (0m34.0s), 0024/0600 VUs, 203692 complete and 0 interrupted iterations
steady   [  57% ] 0024/0600 VUs  0m34.0s/1m0s  6000.00 iters/s

running (0m35.0s), 0005/0600 VUs, 209711 complete and 0 interrupted iterations
steady   [  58% ] 0006/0600 VUs  0m35.0s/1m0s  6000.00 iters/s

running (0m36.0s), 0018/0600 VUs, 215698 complete and 0 interrupted iterations
steady   [  60% ] 0018/0600 VUs  0m36.0s/1m0s  6000.00 iters/s

running (0m37.0s), 0011/0600 VUs, 221705 complete and 0 interrupted iterations
steady   [  62% ] 0011/0600 VUs  0m37.0s/1m0s  6000.00 iters/s

running (0m38.0s), 0003/0600 VUs, 227713 complete and 0 interrupted iterations
steady   [  63% ] 0003/0600 VUs  0m38.0s/1m0s  6000.00 iters/s

running (0m39.0s), 0017/0600 VUs, 233699 complete and 0 interrupted iterations
steady   [  65% ] 0017/0600 VUs  0m39.0s/1m0s  6000.00 iters/s

running (0m40.0s), 0023/0600 VUs, 239694 complete and 0 interrupted iterations
steady   [  67% ] 0023/0600 VUs  0m40.0s/1m0s  6000.00 iters/s

running (0m41.0s), 0005/0600 VUs, 245711 complete and 0 interrupted iterations
steady   [  68% ] 0005/0600 VUs  0m41.0s/1m0s  6000.00 iters/s

running (0m42.0s), 0004/0600 VUs, 251712 complete and 0 interrupted iterations
steady   [  70% ] 0004/0600 VUs  0m42.0s/1m0s  6000.00 iters/s

running (0m43.0s), 0019/0600 VUs, 257697 complete and 0 interrupted iterations
steady   [  72% ] 0019/0600 VUs  0m43.0s/1m0s  6000.00 iters/s

running (0m44.0s), 0003/0600 VUs, 263713 complete and 0 interrupted iterations
steady   [  73% ] 0003/0600 VUs  0m44.0s/1m0s  6000.00 iters/s

running (0m45.0s), 0003/0600 VUs, 269714 complete and 0 interrupted iterations
steady   [  75% ] 0003/0600 VUs  0m45.0s/1m0s  6000.00 iters/s

running (0m46.0s), 0003/0600 VUs, 275713 complete and 0 interrupted iterations
steady   [  77% ] 0003/0600 VUs  0m46.0s/1m0s  6000.00 iters/s

running (0m47.0s), 0010/0600 VUs, 281707 complete and 0 interrupted iterations
steady   [  78% ] 0010/0600 VUs  0m47.0s/1m0s  6000.00 iters/s

running (0m48.0s), 0003/0600 VUs, 287713 complete and 0 interrupted iterations
steady   [  80% ] 0003/0600 VUs  0m48.0s/1m0s  6000.00 iters/s

running (0m49.0s), 0012/0600 VUs, 293704 complete and 0 interrupted iterations
steady   [  82% ] 0012/0600 VUs  0m49.0s/1m0s  6000.00 iters/s

running (0m50.0s), 0012/0600 VUs, 299704 complete and 0 interrupted iterations
steady   [  83% ] 0012/0600 VUs  0m50.0s/1m0s  6000.00 iters/s

running (0m51.0s), 0016/0600 VUs, 305700 complete and 0 interrupted iterations
steady   [  85% ] 0016/0600 VUs  0m51.0s/1m0s  6000.00 iters/s

running (0m52.0s), 0018/0600 VUs, 311698 complete and 0 interrupted iterations
steady   [  87% ] 0018/0600 VUs  0m52.0s/1m0s  6000.00 iters/s

running (0m53.0s), 0005/0600 VUs, 317712 complete and 0 interrupted iterations
steady   [  88% ] 0005/0600 VUs  0m53.0s/1m0s  6000.00 iters/s

running (0m54.0s), 0004/0600 VUs, 323713 complete and 0 interrupted iterations
steady   [  90% ] 0004/0600 VUs  0m54.0s/1m0s  6000.00 iters/s

running (0m55.0s), 0015/0600 VUs, 329702 complete and 0 interrupted iterations
steady   [  92% ] 0015/0600 VUs  0m55.0s/1m0s  6000.00 iters/s

running (0m56.0s), 0005/0600 VUs, 335712 complete and 0 interrupted iterations
steady   [  93% ] 0005/0600 VUs  0m56.0s/1m0s  6000.00 iters/s

running (0m57.0s), 0018/0600 VUs, 341699 complete and 0 interrupted iterations
steady   [  95% ] 0018/0600 VUs  0m57.0s/1m0s  6000.00 iters/s

running (0m58.0s), 0024/0600 VUs, 347693 complete and 0 interrupted iterations
steady   [  97% ] 0024/0600 VUs  0m58.0s/1m0s  6000.00 iters/s

running (0m59.0s), 0005/0600 VUs, 353712 complete and 0 interrupted iterations
steady   [  98% ] 0005/0600 VUs  0m59.0s/1m0s  6000.00 iters/s

running (1m00.0s), 0005/0600 VUs, 359712 complete and 0 interrupted iterations
steady   [ 100% ] 0005/0600 VUs  1m00.0s/1m0s  6000.00 iters/s

  http_reqs                    360002 (5999.87/s)
  http_req_duration            med=1.14ms p95=6.26ms p99=12.78ms max=78.80ms
  http_req_waiting             p95=6.24ms
  http_req_failed              0.000%
  dropped_iterations           0
  vus_max                      600
  checks                       0 passed, 0 failed


running (1m00.0s), 0000/0600 VUs, 360002 complete and 0 interrupted iterations
steady ✓ [ 100% ] 0000/0600 VUs  1m0s  6000.00 iters/s
