
         /\      Grafana   /‾‾/  
    /\  /  \     |\  __   /  /   
   /  \/    \    | |/ /  /   ‾‾\ 
  /          \   |   (  |  (‾)  |
 / __________ \  |_|\_\  \_____/ 


     execution: local
        script: /Users/juancavallotti/Documents/development/octo-performance/scenarios/001-template-page/k6/steady.js
        output: -

     scenarios: (100.00%) 1 scenario, 16000 max VUs, 1m10s max duration (incl. graceful stop):
              * steady: 16000.00 iterations/s for 1m0s (maxVUs: 1600-16000, gracefulStop: 10s)


running (0m00.9s), 00041/01608 VUs, 13463 complete and 0 interrupted iterations
steady   [   1% ] 00041/01608 VUs  0m00.9s/1m0s  16000.00 iters/s

running (0m01.9s), 00007/01610 VUs, 29388 complete and 0 interrupted iterations
steady   [   3% ] 00007/01610 VUs  0m01.9s/1m0s  16000.00 iters/s

running (0m02.9s), 00952/01610 VUs, 44444 complete and 0 interrupted iterations
steady   [   5% ] 00952/01610 VUs  0m02.9s/1m0s  16000.00 iters/s

running (0m03.9s), 00012/01610 VUs, 61383 complete and 0 interrupted iterations
steady   [   6% ] 00011/01610 VUs  0m03.9s/1m0s  16000.00 iters/s

running (0m04.9s), 00010/01610 VUs, 77385 complete and 0 interrupted iterations
steady   [   8% ] 00010/01610 VUs  0m04.9s/1m0s  16000.00 iters/s

running (0m05.9s), 01320/01618 VUs, 89639 complete and 0 interrupted iterations
steady   [  10% ] 01321/01618 VUs  0m05.9s/1m0s  16000.00 iters/s

running (0m06.9s), 00007/01635 VUs, 106338 complete and 0 interrupted iterations
steady   [  11% ] 00007/01635 VUs  0m06.9s/1m0s  16000.00 iters/s

running (0m07.9s), 00009/01635 VUs, 122336 complete and 0 interrupted iterations
steady   [  13% ] 00009/01635 VUs  0m07.9s/1m0s  16000.00 iters/s

running (0m08.9s), 00009/01635 VUs, 138336 complete and 0 interrupted iterations
steady   [  15% ] 00009/01635 VUs  0m08.9s/1m0s  16000.00 iters/s

running (0m09.9s), 00007/01635 VUs, 154338 complete and 0 interrupted iterations
steady   [  16% ] 00006/01635 VUs  0m09.9s/1m0s  16000.00 iters/s

running (0m10.9s), 00015/01635 VUs, 170331 complete and 0 interrupted iterations
steady   [  18% ] 00015/01635 VUs  0m10.9s/1m0s  16000.00 iters/s

running (0m11.9s), 00015/01673 VUs, 184119 complete and 0 interrupted iterations
steady   [  20% ] 00015/01673 VUs  0m11.9s/1m0s  16000.00 iters/s

running (0m12.9s), 00145/01673 VUs, 199988 complete and 0 interrupted iterations
steady   [  21% ] 00145/01673 VUs  0m12.9s/1m0s  16000.00 iters/s

running (0m13.9s), 00448/01673 VUs, 215685 complete and 0 interrupted iterations
steady   [  23% ] 00449/01673 VUs  0m13.9s/1m0s  16000.00 iters/s

running (0m14.9s), 01130/01673 VUs, 231023 complete and 0 interrupted iterations
steady   [  25% ] 01129/01673 VUs  0m14.9s/1m0s  16000.00 iters/s

running (0m15.9s), 00055/01673 VUs, 248079 complete and 0 interrupted iterations
steady   [  26% ] 00055/01673 VUs  0m15.9s/1m0s  16000.00 iters/s

running (0m16.9s), 00132/01673 VUs, 263950 complete and 0 interrupted iterations
steady   [  28% ] 00132/01673 VUs  0m16.9s/1m0s  16000.00 iters/s

running (0m17.9s), 00008/01673 VUs, 280125 complete and 0 interrupted iterations
steady   [  30% ] 00007/01673 VUs  0m17.9s/1m0s  16000.00 iters/s

running (0m18.9s), 00010/01673 VUs, 296125 complete and 0 interrupted iterations
steady   [  31% ] 00010/01673 VUs  0m18.9s/1m0s  16000.00 iters/s

running (0m19.9s), 00066/01673 VUs, 312063 complete and 0 interrupted iterations
steady   [  33% ] 00066/01673 VUs  0m19.9s/1m0s  16000.00 iters/s

running (0m20.9s), 00012/01673 VUs, 328123 complete and 0 interrupted iterations
steady   [  35% ] 00011/01673 VUs  0m20.9s/1m0s  16000.00 iters/s

running (0m21.9s), 00052/01673 VUs, 344085 complete and 0 interrupted iterations
steady   [  36% ] 00052/01673 VUs  0m21.9s/1m0s  16000.00 iters/s

running (0m22.9s), 00050/01673 VUs, 360084 complete and 0 interrupted iterations
steady   [  38% ] 00050/01673 VUs  0m22.9s/1m0s  16000.00 iters/s

running (0m23.9s), 00010/01673 VUs, 376123 complete and 0 interrupted iterations
steady   [  40% ] 00010/01673 VUs  0m23.9s/1m0s  16000.00 iters/s

running (0m24.9s), 01499/01699 VUs, 390106 complete and 0 interrupted iterations
steady   [  41% ] 01499/01699 VUs  0m24.9s/1m0s  16000.00 iters/s

running (0m25.9s), 00015/01699 VUs, 407583 complete and 0 interrupted iterations
steady   [  43% ] 00015/01699 VUs  0m25.9s/1m0s  16000.00 iters/s

running (0m26.9s), 00012/01703 VUs, 423394 complete and 0 interrupted iterations
steady   [  45% ] 00012/01703 VUs  0m26.9s/1m0s  16000.00 iters/s

running (0m27.9s), 00012/01703 VUs, 439396 complete and 0 interrupted iterations
steady   [  46% ] 00012/01703 VUs  0m27.9s/1m0s  16000.00 iters/s

running (0m28.9s), 00008/01703 VUs, 455400 complete and 0 interrupted iterations
steady   [  48% ] 00008/01703 VUs  0m28.9s/1m0s  16000.00 iters/s

running (0m29.9s), 00575/01703 VUs, 470834 complete and 0 interrupted iterations
steady   [  50% ] 00576/01703 VUs  0m29.9s/1m0s  16000.00 iters/s

running (0m30.9s), 00159/01703 VUs, 487244 complete and 0 interrupted iterations
steady   [  51% ] 00159/01703 VUs  0m30.9s/1m0s  16000.00 iters/s

running (0m31.9s), 00009/01703 VUs, 503399 complete and 0 interrupted iterations
steady   [  53% ] 00009/01703 VUs  0m31.9s/1m0s  16000.00 iters/s

running (0m32.9s), 00023/01711 VUs, 519338 complete and 0 interrupted iterations
steady   [  55% ] 00023/01711 VUs  0m32.9s/1m0s  16000.00 iters/s

running (0m33.9s), 00041/01711 VUs, 535320 complete and 0 interrupted iterations
steady   [  56% ] 00041/01711 VUs  0m33.9s/1m0s  16000.00 iters/s

running (0m34.9s), 00119/01711 VUs, 551242 complete and 0 interrupted iterations
steady   [  58% ] 00119/01711 VUs  0m34.9s/1m0s  16000.00 iters/s

running (0m35.9s), 00011/01711 VUs, 567350 complete and 0 interrupted iterations
steady   [  60% ] 00011/01711 VUs  0m35.9s/1m0s  16000.00 iters/s

running (0m36.9s), 00661/01711 VUs, 582569 complete and 0 interrupted iterations
steady   [  61% ] 00661/01711 VUs  0m36.9s/1m0s  16000.00 iters/s

running (0m37.9s), 00056/01711 VUs, 599311 complete and 0 interrupted iterations
steady   [  63% ] 00056/01711 VUs  0m37.9s/1m0s  16000.00 iters/s

running (0m38.9s), 00007/01711 VUs, 615353 complete and 0 interrupted iterations
steady   [  65% ] 00007/01711 VUs  0m38.9s/1m0s  16000.00 iters/s

running (0m39.9s), 00062/01711 VUs, 630769 complete and 0 interrupted iterations
steady   [  66% ] 00062/01711 VUs  0m39.9s/1m0s  16000.00 iters/s

running (0m40.9s), 00012/01711 VUs, 647349 complete and 0 interrupted iterations
steady   [  68% ] 00012/01711 VUs  0m40.9s/1m0s  16000.00 iters/s

running (0m41.9s), 00198/01729 VUs, 662904 complete and 0 interrupted iterations
steady   [  70% ] 00198/01729 VUs  0m41.9s/1m0s  16000.00 iters/s

running (0m42.9s), 00008/01729 VUs, 679095 complete and 0 interrupted iterations
steady   [  71% ] 00008/01729 VUs  0m42.9s/1m0s  16000.00 iters/s

running (0m43.9s), 00037/01729 VUs, 695065 complete and 0 interrupted iterations
steady   [  73% ] 00037/01729 VUs  0m43.9s/1m0s  16000.00 iters/s

running (0m44.9s), 00008/01729 VUs, 711094 complete and 0 interrupted iterations
steady   [  75% ] 00008/01729 VUs  0m44.9s/1m0s  16000.00 iters/s

running (0m45.9s), 00261/01742 VUs, 726646 complete and 0 interrupted iterations
steady   [  76% ] 00261/01742 VUs  0m45.9s/1m0s  16000.00 iters/s

running (0m46.9s), 00008/01742 VUs, 742891 complete and 0 interrupted iterations
steady   [  78% ] 00008/01742 VUs  0m46.9s/1m0s  16000.00 iters/s

running (0m47.9s), 00278/01742 VUs, 758594 complete and 0 interrupted iterations
steady   [  80% ] 00278/01742 VUs  0m47.9s/1m0s  16000.00 iters/s

running (0m48.9s), 00008/01742 VUs, 774890 complete and 0 interrupted iterations
steady   [  81% ] 00007/01742 VUs  0m48.9s/1m0s  16000.00 iters/s

running (0m49.9s), 00008/01742 VUs, 790890 complete and 0 interrupted iterations
steady   [  83% ] 00009/01742 VUs  0m49.9s/1m0s  16000.00 iters/s

running (0m50.9s), 00029/01742 VUs, 806869 complete and 0 interrupted iterations
steady   [  85% ] 00029/01742 VUs  0m50.9s/1m0s  16000.00 iters/s

running (0m51.9s), 00043/01742 VUs, 822851 complete and 0 interrupted iterations
steady   [  86% ] 00043/01742 VUs  0m51.9s/1m0s  16000.00 iters/s

running (0m52.9s), 00038/01742 VUs, 838859 complete and 0 interrupted iterations
steady   [  88% ] 00039/01742 VUs  0m52.9s/1m0s  16000.00 iters/s

running (0m53.9s), 00095/01742 VUs, 854793 complete and 0 interrupted iterations
steady   [  90% ] 00095/01742 VUs  0m53.9s/1m0s  16000.00 iters/s

running (0m54.9s), 00008/01742 VUs, 870889 complete and 0 interrupted iterations
steady   [  91% ] 00008/01742 VUs  0m54.9s/1m0s  16000.00 iters/s

running (0m55.9s), 00010/01742 VUs, 886889 complete and 0 interrupted iterations
steady   [  93% ] 00009/01742 VUs  0m55.9s/1m0s  16000.00 iters/s

running (0m56.9s), 00014/01742 VUs, 902884 complete and 0 interrupted iterations
steady   [  95% ] 00014/01742 VUs  0m56.9s/1m0s  16000.00 iters/s

running (0m57.9s), 01273/01744 VUs, 916974 complete and 0 interrupted iterations
steady   [  96% ] 01273/01744 VUs  0m57.9s/1m0s  16000.00 iters/s

running (0m58.9s), 00008/01744 VUs, 934234 complete and 0 interrupted iterations
steady   [  98% ] 00009/01744 VUs  0m58.9s/1m0s  16000.00 iters/s

running (0m59.9s), 00013/01744 VUs, 950230 complete and 0 interrupted iterations
steady   [ 100% ] 00014/01744 VUs  0m59.9s/1m0s  16000.00 iters/s

  http_reqs                    952054 (15866.83/s)
  http_req_duration            med=0.77ms p95=57.59ms p99=118.75ms max=1002.69ms
  http_req_waiting             p95=56.28ms
  http_req_failed              0.000%
  dropped_iterations           7947
  vus_max                      1744
  checks                       0 passed, 0 failed


running (1m00.0s), 00000/01744 VUs, 952054 complete and 0 interrupted iterations
steady ✓ [ 100% ] 00000/01744 VUs  1m0s  16000.00 iters/s
time="2026-07-25T11:29:39-07:00" level=error msg="thresholds on metrics 'dropped_iterations, http_req_duration' have been crossed"
