
         /\      Grafana   /‾‾/  
    /\  /  \     |\  __   /  /   
   /  \/    \    | |/ /  /   ‾‾\ 
  /          \   |   (  |  (‾)  |
 / __________ \  |_|\_\  \_____/ 


     execution: local
        script: /Users/juancavallotti/Documents/development/octo-performance/scenarios/001-template-page/k6/steady.js
        output: -

     scenarios: (100.00%) 1 scenario, 16000 max VUs, 1m10s max duration (incl. graceful stop):
              * steady: 16000.00 iterations/s for 1m0s (maxVUs: 1600-16000, gracefulStop: 10s)


running (0m00.9s), 00008/01600 VUs, 14258 complete and 0 interrupted iterations
steady   [   1% ] 00008/01600 VUs  0m00.9s/1m0s  16000.00 iters/s

running (0m01.9s), 00010/01600 VUs, 30257 complete and 0 interrupted iterations
steady   [   3% ] 00010/01600 VUs  0m01.9s/1m0s  16000.00 iters/s

running (0m02.9s), 00034/01600 VUs, 46245 complete and 0 interrupted iterations
steady   [   5% ] 00033/01600 VUs  0m02.9s/1m0s  16000.00 iters/s

running (0m03.9s), 00008/01600 VUs, 62257 complete and 0 interrupted iterations
steady   [   6% ] 00009/01600 VUs  0m03.9s/1m0s  16000.00 iters/s

running (0m04.9s), 00008/01600 VUs, 78258 complete and 0 interrupted iterations
steady   [   8% ] 00008/01600 VUs  0m04.9s/1m0s  16000.00 iters/s

running (0m05.9s), 00013/01600 VUs, 94252 complete and 0 interrupted iterations
steady   [  10% ] 00013/01600 VUs  0m05.9s/1m0s  16000.00 iters/s

running (0m06.9s), 00007/01600 VUs, 110257 complete and 0 interrupted iterations
steady   [  11% ] 00007/01600 VUs  0m06.9s/1m0s  16000.00 iters/s

running (0m07.9s), 00009/01600 VUs, 126256 complete and 0 interrupted iterations
steady   [  13% ] 00009/01600 VUs  0m07.9s/1m0s  16000.00 iters/s

running (0m08.9s), 00029/01600 VUs, 142236 complete and 0 interrupted iterations
steady   [  15% ] 00029/01600 VUs  0m08.9s/1m0s  16000.00 iters/s

running (0m09.9s), 00011/01600 VUs, 158254 complete and 0 interrupted iterations
steady   [  16% ] 00011/01600 VUs  0m09.9s/1m0s  16000.00 iters/s

running (0m10.9s), 00011/01600 VUs, 174255 complete and 0 interrupted iterations
steady   [  18% ] 00011/01600 VUs  0m10.9s/1m0s  16000.00 iters/s

running (0m11.9s), 00009/01600 VUs, 190256 complete and 0 interrupted iterations
steady   [  20% ] 00009/01600 VUs  0m11.9s/1m0s  16000.00 iters/s

running (0m12.9s), 00011/01600 VUs, 206254 complete and 0 interrupted iterations
steady   [  21% ] 00011/01600 VUs  0m12.9s/1m0s  16000.00 iters/s

running (0m13.9s), 00008/01600 VUs, 222258 complete and 0 interrupted iterations
steady   [  23% ] 00008/01600 VUs  0m13.9s/1m0s  16000.00 iters/s

running (0m14.9s), 00018/01600 VUs, 238247 complete and 0 interrupted iterations
steady   [  25% ] 00018/01600 VUs  0m14.9s/1m0s  16000.00 iters/s

running (0m15.9s), 00013/01600 VUs, 254252 complete and 0 interrupted iterations
steady   [  26% ] 00013/01600 VUs  0m15.9s/1m0s  16000.00 iters/s

running (0m16.9s), 00007/01600 VUs, 270260 complete and 0 interrupted iterations
steady   [  28% ] 00008/01600 VUs  0m16.9s/1m0s  16000.00 iters/s

running (0m17.9s), 00009/01600 VUs, 286261 complete and 0 interrupted iterations
steady   [  30% ] 00009/01600 VUs  0m17.9s/1m0s  16000.00 iters/s

running (0m18.9s), 00014/01600 VUs, 302254 complete and 0 interrupted iterations
steady   [  31% ] 00014/01600 VUs  0m18.9s/1m0s  16000.00 iters/s

running (0m19.9s), 00005/01600 VUs, 318260 complete and 0 interrupted iterations
steady   [  33% ] 00005/01600 VUs  0m19.9s/1m0s  16000.00 iters/s

running (0m20.9s), 00009/01600 VUs, 334256 complete and 0 interrupted iterations
steady   [  35% ] 00009/01600 VUs  0m20.9s/1m0s  16000.00 iters/s

running (0m21.9s), 00012/01600 VUs, 350254 complete and 0 interrupted iterations
steady   [  36% ] 00012/01600 VUs  0m21.9s/1m0s  16000.00 iters/s

running (0m22.9s), 00007/01600 VUs, 366259 complete and 0 interrupted iterations
steady   [  38% ] 00006/01600 VUs  0m22.9s/1m0s  16000.00 iters/s

running (0m23.9s), 00010/01600 VUs, 382255 complete and 0 interrupted iterations
steady   [  40% ] 00010/01600 VUs  0m23.9s/1m0s  16000.00 iters/s

running (0m24.9s), 00007/01600 VUs, 398259 complete and 0 interrupted iterations
steady   [  41% ] 00007/01600 VUs  0m24.9s/1m0s  16000.00 iters/s

running (0m25.9s), 00010/01600 VUs, 414256 complete and 0 interrupted iterations
steady   [  43% ] 00010/01600 VUs  0m25.9s/1m0s  16000.00 iters/s

running (0m26.9s), 00011/01600 VUs, 430255 complete and 0 interrupted iterations
steady   [  45% ] 00011/01600 VUs  0m26.9s/1m0s  16000.00 iters/s

running (0m27.9s), 00014/01600 VUs, 446253 complete and 0 interrupted iterations
steady   [  46% ] 00014/01600 VUs  0m27.9s/1m0s  16000.00 iters/s

running (0m28.9s), 00008/01600 VUs, 462257 complete and 0 interrupted iterations
steady   [  48% ] 00008/01600 VUs  0m28.9s/1m0s  16000.00 iters/s

running (0m29.9s), 00011/01600 VUs, 478256 complete and 0 interrupted iterations
steady   [  50% ] 00011/01600 VUs  0m29.9s/1m0s  16000.00 iters/s

running (0m30.9s), 00010/01600 VUs, 494256 complete and 0 interrupted iterations
steady   [  51% ] 00010/01600 VUs  0m30.9s/1m0s  16000.00 iters/s

running (0m31.9s), 00008/01600 VUs, 510255 complete and 0 interrupted iterations
steady   [  53% ] 00008/01600 VUs  0m31.9s/1m0s  16000.00 iters/s

running (0m32.9s), 00005/01600 VUs, 526260 complete and 0 interrupted iterations
steady   [  55% ] 00005/01600 VUs  0m32.9s/1m0s  16000.00 iters/s

running (0m33.9s), 00011/01600 VUs, 542256 complete and 0 interrupted iterations
steady   [  56% ] 00011/01600 VUs  0m33.9s/1m0s  16000.00 iters/s

running (0m34.9s), 00011/01600 VUs, 558254 complete and 0 interrupted iterations
steady   [  58% ] 00011/01600 VUs  0m34.9s/1m0s  16000.00 iters/s

running (0m35.9s), 00010/01600 VUs, 574257 complete and 0 interrupted iterations
steady   [  60% ] 00010/01600 VUs  0m35.9s/1m0s  16000.00 iters/s

running (0m36.9s), 00013/01600 VUs, 590253 complete and 0 interrupted iterations
steady   [  61% ] 00013/01600 VUs  0m36.9s/1m0s  16000.00 iters/s

running (0m37.9s), 00102/01600 VUs, 606162 complete and 0 interrupted iterations
steady   [  63% ] 00102/01600 VUs  0m37.9s/1m0s  16000.00 iters/s

running (0m38.9s), 00016/01600 VUs, 622250 complete and 0 interrupted iterations
steady   [  65% ] 00016/01600 VUs  0m38.9s/1m0s  16000.00 iters/s

running (0m39.9s), 00010/01600 VUs, 638254 complete and 0 interrupted iterations
steady   [  66% ] 00010/01600 VUs  0m39.9s/1m0s  16000.00 iters/s

running (0m40.9s), 00017/01600 VUs, 654248 complete and 0 interrupted iterations
steady   [  68% ] 00017/01600 VUs  0m40.9s/1m0s  16000.00 iters/s

running (0m41.9s), 00007/01600 VUs, 670259 complete and 0 interrupted iterations
steady   [  70% ] 00007/01600 VUs  0m41.9s/1m0s  16000.00 iters/s

running (0m42.9s), 00011/01600 VUs, 686254 complete and 0 interrupted iterations
steady   [  71% ] 00011/01600 VUs  0m42.9s/1m0s  16000.00 iters/s

running (0m43.9s), 00007/01600 VUs, 702258 complete and 0 interrupted iterations
steady   [  73% ] 00007/01600 VUs  0m43.9s/1m0s  16000.00 iters/s

running (0m44.9s), 00008/01600 VUs, 718258 complete and 0 interrupted iterations
steady   [  75% ] 00008/01600 VUs  0m44.9s/1m0s  16000.00 iters/s

running (0m45.9s), 00008/01600 VUs, 734257 complete and 0 interrupted iterations
steady   [  76% ] 00008/01600 VUs  0m45.9s/1m0s  16000.00 iters/s

running (0m46.9s), 00008/01600 VUs, 750257 complete and 0 interrupted iterations
steady   [  78% ] 00009/01600 VUs  0m46.9s/1m0s  16000.00 iters/s

running (0m47.9s), 00009/01600 VUs, 766256 complete and 0 interrupted iterations
steady   [  80% ] 00009/01600 VUs  0m47.9s/1m0s  16000.00 iters/s

running (0m48.9s), 00007/01600 VUs, 782258 complete and 0 interrupted iterations
steady   [  81% ] 00007/01600 VUs  0m48.9s/1m0s  16000.00 iters/s

running (0m49.9s), 00042/01600 VUs, 798226 complete and 0 interrupted iterations
steady   [  83% ] 00042/01600 VUs  0m49.9s/1m0s  16000.00 iters/s

running (0m50.9s), 00011/01600 VUs, 814255 complete and 0 interrupted iterations
steady   [  85% ] 00011/01600 VUs  0m50.9s/1m0s  16000.00 iters/s

running (0m51.9s), 00007/01600 VUs, 830258 complete and 0 interrupted iterations
steady   [  86% ] 00007/01600 VUs  0m51.9s/1m0s  16000.00 iters/s

running (0m52.9s), 00011/01600 VUs, 846254 complete and 0 interrupted iterations
steady   [  88% ] 00011/01600 VUs  0m52.9s/1m0s  16000.00 iters/s

running (0m53.9s), 00009/01600 VUs, 862256 complete and 0 interrupted iterations
steady   [  90% ] 00009/01600 VUs  0m53.9s/1m0s  16000.00 iters/s

running (0m54.9s), 00010/01600 VUs, 878255 complete and 0 interrupted iterations
steady   [  91% ] 00011/01600 VUs  0m54.9s/1m0s  16000.00 iters/s

running (0m55.9s), 00010/01600 VUs, 894256 complete and 0 interrupted iterations
steady   [  93% ] 00010/01600 VUs  0m55.9s/1m0s  16000.00 iters/s

running (0m56.9s), 00008/01600 VUs, 910258 complete and 0 interrupted iterations
steady   [  95% ] 00008/01600 VUs  0m56.9s/1m0s  16000.00 iters/s

running (0m57.9s), 00006/01600 VUs, 926259 complete and 0 interrupted iterations
steady   [  96% ] 00006/01600 VUs  0m57.9s/1m0s  16000.00 iters/s

running (0m58.9s), 00011/01600 VUs, 942254 complete and 0 interrupted iterations
steady   [  98% ] 00011/01600 VUs  0m58.9s/1m0s  16000.00 iters/s

running (0m59.9s), 00007/01600 VUs, 958258 complete and 0 interrupted iterations
steady   [ 100% ] 00007/01600 VUs  0m59.9s/1m0s  16000.00 iters/s

  http_reqs                    960000 (15999.29/s)
  http_req_duration            med=0.54ms p95=2.27ms p99=8.32ms max=122.08ms
  http_req_waiting             p95=2.19ms
  http_req_failed              0.000%
  dropped_iterations           0
  vus_max                      1600
  checks                       0 passed, 0 failed


running (1m00.0s), 00000/01600 VUs, 960000 complete and 0 interrupted iterations
steady ✓ [ 100% ] 00000/01600 VUs  1m0s  16000.00 iters/s
