
         /\      Grafana   /‾‾/  
    /\  /  \     |\  __   /  /   
   /  \/    \    | |/ /  /   ‾‾\ 
  /          \   |   (  |  (‾)  |
 / __________ \  |_|\_\  \_____/ 


     execution: local
        script: /Users/juancavallotti/Documents/development/octo-performance/scenarios/001-template-page/k6/steady.js
        output: -

     scenarios: (100.00%) 1 scenario, 16000 max VUs, 1m10s max duration (incl. graceful stop):
              * steady: 16000.00 iterations/s for 1m0s (maxVUs: 1600-16000, gracefulStop: 10s)


running (0m00.9s), 01461/01601 VUs, 12101 complete and 0 interrupted iterations
steady   [   1% ] 01462/01601 VUs  0m00.9s/1m0s  16000.00 iters/s

running (0m01.9s), 00004/01612 VUs, 28280 complete and 0 interrupted iterations
steady   [   3% ] 00004/01612 VUs  0m01.9s/1m0s  16000.00 iters/s

running (0m02.9s), 00002/01612 VUs, 44282 complete and 0 interrupted iterations
steady   [   5% ] 00001/01612 VUs  0m02.9s/1m0s  16000.00 iters/s

running (0m03.9s), 00002/01612 VUs, 60282 complete and 0 interrupted iterations
steady   [   6% ] 00003/01612 VUs  0m03.9s/1m0s  16000.00 iters/s

running (0m04.9s), 00004/01612 VUs, 76280 complete and 0 interrupted iterations
steady   [   8% ] 00003/01612 VUs  0m04.9s/1m0s  16000.00 iters/s

running (0m05.9s), 00205/01612 VUs, 92071 complete and 0 interrupted iterations
steady   [  10% ] 00205/01612 VUs  0m05.9s/1m0s  16000.00 iters/s

running (0m06.9s), 00001/01612 VUs, 108283 complete and 0 interrupted iterations
steady   [  11% ] 00001/01612 VUs  0m06.9s/1m0s  16000.00 iters/s

running (0m07.9s), 00006/01612 VUs, 124282 complete and 0 interrupted iterations
steady   [  13% ] 00007/01612 VUs  0m07.9s/1m0s  16000.00 iters/s

running (0m08.9s), 00001/01612 VUs, 140283 complete and 0 interrupted iterations
steady   [  15% ] 00001/01612 VUs  0m08.9s/1m0s  16000.00 iters/s

running (0m09.9s), 00002/01612 VUs, 156282 complete and 0 interrupted iterations
steady   [  16% ] 00002/01612 VUs  0m09.9s/1m0s  16000.00 iters/s

running (0m10.9s), 00004/01612 VUs, 172280 complete and 0 interrupted iterations
steady   [  18% ] 00004/01612 VUs  0m10.9s/1m0s  16000.00 iters/s

running (0m11.9s), 00002/01612 VUs, 188282 complete and 0 interrupted iterations
steady   [  20% ] 00002/01612 VUs  0m11.9s/1m0s  16000.00 iters/s

running (0m12.9s), 00003/01612 VUs, 204281 complete and 0 interrupted iterations
steady   [  21% ] 00003/01612 VUs  0m12.9s/1m0s  16000.00 iters/s

running (0m13.9s), 00002/01612 VUs, 220282 complete and 0 interrupted iterations
steady   [  23% ] 00002/01612 VUs  0m13.9s/1m0s  16000.00 iters/s

running (0m14.9s), 00002/01612 VUs, 236282 complete and 0 interrupted iterations
steady   [  25% ] 00002/01612 VUs  0m14.9s/1m0s  16000.00 iters/s

running (0m15.9s), 00008/01612 VUs, 252275 complete and 0 interrupted iterations
steady   [  26% ] 00008/01612 VUs  0m15.9s/1m0s  16000.00 iters/s

running (0m16.9s), 00002/01612 VUs, 268282 complete and 0 interrupted iterations
steady   [  28% ] 00002/01612 VUs  0m16.9s/1m0s  16000.00 iters/s

running (0m17.9s), 00001/01612 VUs, 284282 complete and 0 interrupted iterations
steady   [  30% ] 00001/01612 VUs  0m17.9s/1m0s  16000.00 iters/s

running (0m18.9s), 00002/01612 VUs, 300282 complete and 0 interrupted iterations
steady   [  31% ] 00002/01612 VUs  0m18.9s/1m0s  16000.00 iters/s

running (0m19.9s), 00002/01612 VUs, 316282 complete and 0 interrupted iterations
steady   [  33% ] 00002/01612 VUs  0m19.9s/1m0s  16000.00 iters/s

running (0m20.9s), 00007/01612 VUs, 332279 complete and 0 interrupted iterations
steady   [  35% ] 00007/01612 VUs  0m20.9s/1m0s  16000.00 iters/s

running (0m21.9s), 00001/01612 VUs, 348282 complete and 0 interrupted iterations
steady   [  36% ] 00001/01612 VUs  0m21.9s/1m0s  16000.00 iters/s

running (0m22.9s), 00003/01612 VUs, 364277 complete and 0 interrupted iterations
steady   [  38% ] 00003/01612 VUs  0m22.9s/1m0s  16000.00 iters/s

running (0m23.9s), 00023/01612 VUs, 380239 complete and 0 interrupted iterations
steady   [  40% ] 00023/01612 VUs  0m23.9s/1m0s  16000.00 iters/s

running (0m24.9s), 00001/01612 VUs, 396283 complete and 0 interrupted iterations
steady   [  41% ] 00002/01612 VUs  0m24.9s/1m0s  16000.00 iters/s

running (0m25.9s), 00002/01612 VUs, 412282 complete and 0 interrupted iterations
steady   [  43% ] 00002/01612 VUs  0m25.9s/1m0s  16000.00 iters/s

running (0m26.9s), 00003/01612 VUs, 428280 complete and 0 interrupted iterations
steady   [  45% ] 00002/01612 VUs  0m26.9s/1m0s  16000.00 iters/s

running (0m27.9s), 00003/01612 VUs, 444281 complete and 0 interrupted iterations
steady   [  46% ] 00003/01612 VUs  0m27.9s/1m0s  16000.00 iters/s

running (0m28.9s), 00002/01612 VUs, 460282 complete and 0 interrupted iterations
steady   [  48% ] 00002/01612 VUs  0m28.9s/1m0s  16000.00 iters/s

running (0m29.9s), 00002/01612 VUs, 476282 complete and 0 interrupted iterations
steady   [  50% ] 00002/01612 VUs  0m29.9s/1m0s  16000.00 iters/s

running (0m30.9s), 00066/01612 VUs, 492211 complete and 0 interrupted iterations
steady   [  51% ] 00066/01612 VUs  0m30.9s/1m0s  16000.00 iters/s

running (0m31.9s), 00002/01612 VUs, 508282 complete and 0 interrupted iterations
steady   [  53% ] 00002/01612 VUs  0m31.9s/1m0s  16000.00 iters/s

running (0m32.9s), 00002/01612 VUs, 524283 complete and 0 interrupted iterations
steady   [  55% ] 00002/01612 VUs  0m32.9s/1m0s  16000.00 iters/s

running (0m33.9s), 00001/01612 VUs, 540282 complete and 0 interrupted iterations
steady   [  56% ] 00001/01612 VUs  0m33.9s/1m0s  16000.00 iters/s

running (0m34.9s), 00001/01612 VUs, 556282 complete and 0 interrupted iterations
steady   [  58% ] 00001/01612 VUs  0m34.9s/1m0s  16000.00 iters/s

running (0m35.9s), 00002/01612 VUs, 572282 complete and 0 interrupted iterations
steady   [  60% ] 00002/01612 VUs  0m35.9s/1m0s  16000.00 iters/s

running (0m36.9s), 00001/01612 VUs, 588283 complete and 0 interrupted iterations
steady   [  61% ] 00001/01612 VUs  0m36.9s/1m0s  16000.00 iters/s

running (0m37.9s), 00002/01612 VUs, 604282 complete and 0 interrupted iterations
steady   [  63% ] 00002/01612 VUs  0m37.9s/1m0s  16000.00 iters/s

running (0m38.9s), 00003/01612 VUs, 620281 complete and 0 interrupted iterations
steady   [  65% ] 00003/01612 VUs  0m38.9s/1m0s  16000.00 iters/s

running (0m39.9s), 00002/01612 VUs, 636282 complete and 0 interrupted iterations
steady   [  66% ] 00002/01612 VUs  0m39.9s/1m0s  16000.00 iters/s

running (0m40.9s), 00001/01612 VUs, 652282 complete and 0 interrupted iterations
steady   [  68% ] 00001/01612 VUs  0m40.9s/1m0s  16000.00 iters/s

running (0m41.9s), 00002/01612 VUs, 668282 complete and 0 interrupted iterations
steady   [  70% ] 00002/01612 VUs  0m41.9s/1m0s  16000.00 iters/s

running (0m42.9s), 00001/01612 VUs, 684283 complete and 0 interrupted iterations
steady   [  71% ] 00001/01612 VUs  0m42.9s/1m0s  16000.00 iters/s

running (0m43.9s), 00001/01612 VUs, 700283 complete and 0 interrupted iterations
steady   [  73% ] 00001/01612 VUs  0m43.9s/1m0s  16000.00 iters/s

running (0m44.9s), 00004/01612 VUs, 716281 complete and 0 interrupted iterations
steady   [  75% ] 00003/01612 VUs  0m44.9s/1m0s  16000.00 iters/s

running (0m45.9s), 00001/01612 VUs, 732283 complete and 0 interrupted iterations
steady   [  76% ] 00001/01612 VUs  0m45.9s/1m0s  16000.00 iters/s

running (0m46.9s), 00002/01612 VUs, 748282 complete and 0 interrupted iterations
steady   [  78% ] 00002/01612 VUs  0m46.9s/1m0s  16000.00 iters/s

running (0m47.9s), 00002/01612 VUs, 764282 complete and 0 interrupted iterations
steady   [  80% ] 00002/01612 VUs  0m47.9s/1m0s  16000.00 iters/s

running (0m48.9s), 00002/01612 VUs, 780282 complete and 0 interrupted iterations
steady   [  81% ] 00002/01612 VUs  0m48.9s/1m0s  16000.00 iters/s

running (0m49.9s), 00002/01612 VUs, 796282 complete and 0 interrupted iterations
steady   [  83% ] 00002/01612 VUs  0m49.9s/1m0s  16000.00 iters/s

running (0m50.9s), 00006/01612 VUs, 812279 complete and 0 interrupted iterations
steady   [  85% ] 00005/01612 VUs  0m50.9s/1m0s  16000.00 iters/s

running (0m51.9s), 00002/01612 VUs, 828282 complete and 0 interrupted iterations
steady   [  86% ] 00001/01612 VUs  0m51.9s/1m0s  16000.00 iters/s

running (0m52.9s), 00002/01612 VUs, 844282 complete and 0 interrupted iterations
steady   [  88% ] 00002/01612 VUs  0m52.9s/1m0s  16000.00 iters/s

running (0m53.9s), 00003/01612 VUs, 860281 complete and 0 interrupted iterations
steady   [  90% ] 00003/01612 VUs  0m53.9s/1m0s  16000.00 iters/s

running (0m54.9s), 00002/01612 VUs, 876282 complete and 0 interrupted iterations
steady   [  91% ] 00002/01612 VUs  0m54.9s/1m0s  16000.00 iters/s

running (0m55.9s), 00004/01612 VUs, 892280 complete and 0 interrupted iterations
steady   [  93% ] 00004/01612 VUs  0m55.9s/1m0s  16000.00 iters/s

running (0m56.9s), 00002/01612 VUs, 908282 complete and 0 interrupted iterations
steady   [  95% ] 00002/01612 VUs  0m56.9s/1m0s  16000.00 iters/s

running (0m57.9s), 00002/01612 VUs, 924282 complete and 0 interrupted iterations
steady   [  96% ] 00002/01612 VUs  0m57.9s/1m0s  16000.00 iters/s

running (0m58.9s), 00002/01612 VUs, 940282 complete and 0 interrupted iterations
steady   [  98% ] 00002/01612 VUs  0m58.9s/1m0s  16000.00 iters/s

running (0m59.9s), 00002/01612 VUs, 956282 complete and 0 interrupted iterations
steady   [ 100% ] 00002/01612 VUs  0m59.9s/1m0s  16000.00 iters/s

  http_reqs                    958219 (15969.72/s)
  http_req_duration            med=0.10ms p95=2.69ms p99=22.83ms max=207.56ms
  http_req_waiting             p95=2.40ms
  http_req_failed              0.000%
  dropped_iterations           1782
  vus_max                      1612
  checks                       0 passed, 0 failed


running (1m00.0s), 00000/01612 VUs, 958219 complete and 0 interrupted iterations
steady ✓ [ 100% ] 00000/01612 VUs  1m0s  16000.00 iters/s
time="2026-07-26T10:18:07-07:00" level=error msg="thresholds on metrics 'dropped_iterations' have been crossed"
