
         /\      Grafana   /‾‾/  
    /\  /  \     |\  __   /  /   
   /  \/    \    | |/ /  /   ‾‾\ 
  /          \   |   (  |  (‾)  |
 / __________ \  |_|\_\  \_____/ 


     execution: local
        script: /Users/juancavallotti/Documents/development/octo-performance/scenarios/003-postgres-crud/k6/steady.js
        output: -

     scenarios: (100.00%) 1 scenario, 3600 max VUs, 1m10s max duration (incl. graceful stop):
              * steady: 1500.00 iterations/s for 1m0s (maxVUs: 360-3600, gracefulStop: 10s)


running (0m01.0s), 0001/0360 VUs, 1461 complete and 0 interrupted iterations
steady   [   2% ] 0001/0360 VUs  0m01.0s/1m0s  1500.00 iters/s

running (0m02.0s), 0001/0360 VUs, 2961 complete and 0 interrupted iterations
steady   [   3% ] 0001/0360 VUs  0m02.0s/1m0s  1500.00 iters/s

running (0m03.0s), 0001/0360 VUs, 4461 complete and 0 interrupted iterations
steady   [   5% ] 0001/0360 VUs  0m03.0s/1m0s  1500.00 iters/s

running (0m04.0s), 0001/0360 VUs, 5961 complete and 0 interrupted iterations
steady   [   7% ] 0001/0360 VUs  0m04.0s/1m0s  1500.00 iters/s

running (0m05.0s), 0002/0360 VUs, 7460 complete and 0 interrupted iterations
steady   [   8% ] 0002/0360 VUs  0m05.0s/1m0s  1500.00 iters/s

running (0m06.0s), 0001/0360 VUs, 8961 complete and 0 interrupted iterations
steady   [  10% ] 0001/0360 VUs  0m06.0s/1m0s  1500.00 iters/s

running (0m07.0s), 0001/0360 VUs, 10461 complete and 0 interrupted iterations
steady   [  12% ] 0001/0360 VUs  0m07.0s/1m0s  1500.00 iters/s

running (0m08.0s), 0002/0360 VUs, 11960 complete and 0 interrupted iterations
steady   [  13% ] 0002/0360 VUs  0m08.0s/1m0s  1500.00 iters/s

running (0m09.0s), 0001/0360 VUs, 13461 complete and 0 interrupted iterations
steady   [  15% ] 0001/0360 VUs  0m09.0s/1m0s  1500.00 iters/s

running (0m10.0s), 0001/0360 VUs, 14961 complete and 0 interrupted iterations
steady   [  17% ] 0001/0360 VUs  0m10.0s/1m0s  1500.00 iters/s

running (0m11.0s), 0001/0360 VUs, 16461 complete and 0 interrupted iterations
steady   [  18% ] 0001/0360 VUs  0m11.0s/1m0s  1500.00 iters/s

running (0m12.0s), 0001/0360 VUs, 17961 complete and 0 interrupted iterations
steady   [  20% ] 0001/0360 VUs  0m12.0s/1m0s  1500.00 iters/s

running (0m13.0s), 0001/0360 VUs, 19461 complete and 0 interrupted iterations
steady   [  22% ] 0001/0360 VUs  0m13.0s/1m0s  1500.00 iters/s

running (0m14.0s), 0001/0360 VUs, 20961 complete and 0 interrupted iterations
steady   [  23% ] 0001/0360 VUs  0m14.0s/1m0s  1500.00 iters/s

running (0m15.0s), 0001/0360 VUs, 22461 complete and 0 interrupted iterations
steady   [  25% ] 0001/0360 VUs  0m15.0s/1m0s  1500.00 iters/s

running (0m16.0s), 0001/0360 VUs, 23960 complete and 0 interrupted iterations
steady   [  27% ] 0001/0360 VUs  0m16.0s/1m0s  1500.00 iters/s

running (0m17.0s), 0002/0360 VUs, 25460 complete and 0 interrupted iterations
steady   [  28% ] 0002/0360 VUs  0m17.0s/1m0s  1500.00 iters/s

running (0m18.0s), 0001/0360 VUs, 26961 complete and 0 interrupted iterations
steady   [  30% ] 0001/0360 VUs  0m18.0s/1m0s  1500.00 iters/s

running (0m19.0s), 0001/0360 VUs, 28461 complete and 0 interrupted iterations
steady   [  32% ] 0001/0360 VUs  0m19.0s/1m0s  1500.00 iters/s

running (0m20.0s), 0002/0360 VUs, 29960 complete and 0 interrupted iterations
steady   [  33% ] 0002/0360 VUs  0m20.0s/1m0s  1500.00 iters/s

running (0m21.0s), 0001/0360 VUs, 31461 complete and 0 interrupted iterations
steady   [  35% ] 0001/0360 VUs  0m21.0s/1m0s  1500.00 iters/s

running (0m22.0s), 0001/0360 VUs, 32960 complete and 0 interrupted iterations
steady   [  37% ] 0001/0360 VUs  0m22.0s/1m0s  1500.00 iters/s

running (0m23.0s), 0001/0360 VUs, 34460 complete and 0 interrupted iterations
steady   [  38% ] 0001/0360 VUs  0m23.0s/1m0s  1500.00 iters/s

running (0m24.0s), 0002/0360 VUs, 35960 complete and 0 interrupted iterations
steady   [  40% ] 0002/0360 VUs  0m24.0s/1m0s  1500.00 iters/s

running (0m25.0s), 0002/0360 VUs, 37460 complete and 0 interrupted iterations
steady   [  42% ] 0002/0360 VUs  0m25.0s/1m0s  1500.00 iters/s

running (0m26.0s), 0002/0360 VUs, 38960 complete and 0 interrupted iterations
steady   [  43% ] 0002/0360 VUs  0m26.0s/1m0s  1500.00 iters/s

running (0m27.0s), 0002/0360 VUs, 40460 complete and 0 interrupted iterations
steady   [  45% ] 0002/0360 VUs  0m27.0s/1m0s  1500.00 iters/s

running (0m28.0s), 0002/0360 VUs, 41960 complete and 0 interrupted iterations
steady   [  47% ] 0002/0360 VUs  0m28.0s/1m0s  1500.00 iters/s

running (0m29.0s), 0000/0360 VUs, 43458 complete and 0 interrupted iterations
steady   [  48% ] 0000/0360 VUs  0m29.0s/1m0s  1500.00 iters/s

running (0m30.0s), 0002/0360 VUs, 44960 complete and 0 interrupted iterations
steady   [  50% ] 0002/0360 VUs  0m30.0s/1m0s  1500.00 iters/s

running (0m31.0s), 0001/0360 VUs, 46461 complete and 0 interrupted iterations
steady   [  52% ] 0001/0360 VUs  0m31.0s/1m0s  1500.00 iters/s

running (0m32.0s), 0002/0360 VUs, 47960 complete and 0 interrupted iterations
steady   [  53% ] 0002/0360 VUs  0m32.0s/1m0s  1500.00 iters/s

running (0m33.0s), 0001/0360 VUs, 49461 complete and 0 interrupted iterations
steady   [  55% ] 0001/0360 VUs  0m33.0s/1m0s  1500.00 iters/s

running (0m34.0s), 0001/0360 VUs, 50961 complete and 0 interrupted iterations
steady   [  57% ] 0001/0360 VUs  0m34.0s/1m0s  1500.00 iters/s

running (0m35.0s), 0001/0360 VUs, 52461 complete and 0 interrupted iterations
steady   [  58% ] 0001/0360 VUs  0m35.0s/1m0s  1500.00 iters/s

running (0m36.0s), 0001/0360 VUs, 53961 complete and 0 interrupted iterations
steady   [  60% ] 0001/0360 VUs  0m36.0s/1m0s  1500.00 iters/s

running (0m37.0s), 0001/0360 VUs, 55461 complete and 0 interrupted iterations
steady   [  62% ] 0001/0360 VUs  0m37.0s/1m0s  1500.00 iters/s

running (0m38.0s), 0002/0360 VUs, 56960 complete and 0 interrupted iterations
steady   [  63% ] 0002/0360 VUs  0m38.0s/1m0s  1500.00 iters/s

running (0m39.0s), 0001/0360 VUs, 58461 complete and 0 interrupted iterations
steady   [  65% ] 0001/0360 VUs  0m39.0s/1m0s  1500.00 iters/s

running (0m40.0s), 0001/0360 VUs, 59961 complete and 0 interrupted iterations
steady   [  67% ] 0001/0360 VUs  0m40.0s/1m0s  1500.00 iters/s

running (0m41.0s), 0001/0360 VUs, 61461 complete and 0 interrupted iterations
steady   [  68% ] 0001/0360 VUs  0m41.0s/1m0s  1500.00 iters/s

running (0m42.0s), 0001/0360 VUs, 62961 complete and 0 interrupted iterations
steady   [  70% ] 0001/0360 VUs  0m42.0s/1m0s  1500.00 iters/s

running (0m43.0s), 0001/0360 VUs, 64461 complete and 0 interrupted iterations
steady   [  72% ] 0001/0360 VUs  0m43.0s/1m0s  1500.00 iters/s

running (0m44.0s), 0001/0360 VUs, 65961 complete and 0 interrupted iterations
steady   [  73% ] 0001/0360 VUs  0m44.0s/1m0s  1500.00 iters/s

running (0m45.0s), 0001/0360 VUs, 67461 complete and 0 interrupted iterations
steady   [  75% ] 0001/0360 VUs  0m45.0s/1m0s  1500.00 iters/s

running (0m46.0s), 0001/0360 VUs, 68961 complete and 0 interrupted iterations
steady   [  77% ] 0001/0360 VUs  0m46.0s/1m0s  1500.00 iters/s

running (0m47.0s), 0001/0360 VUs, 70461 complete and 0 interrupted iterations
steady   [  78% ] 0001/0360 VUs  0m47.0s/1m0s  1500.00 iters/s

running (0m48.0s), 0001/0360 VUs, 71961 complete and 0 interrupted iterations
steady   [  80% ] 0001/0360 VUs  0m48.0s/1m0s  1500.00 iters/s

running (0m49.0s), 0001/0360 VUs, 73461 complete and 0 interrupted iterations
steady   [  82% ] 0001/0360 VUs  0m49.0s/1m0s  1500.00 iters/s

running (0m50.0s), 0001/0360 VUs, 74961 complete and 0 interrupted iterations
steady   [  83% ] 0001/0360 VUs  0m50.0s/1m0s  1500.00 iters/s

running (0m51.0s), 0002/0360 VUs, 76460 complete and 0 interrupted iterations
steady   [  85% ] 0002/0360 VUs  0m51.0s/1m0s  1500.00 iters/s

running (0m52.0s), 0001/0360 VUs, 77961 complete and 0 interrupted iterations
steady   [  87% ] 0001/0360 VUs  0m52.0s/1m0s  1500.00 iters/s

running (0m53.0s), 0002/0360 VUs, 79460 complete and 0 interrupted iterations
steady   [  88% ] 0002/0360 VUs  0m53.0s/1m0s  1500.00 iters/s

running (0m54.0s), 0002/0360 VUs, 80960 complete and 0 interrupted iterations
steady   [  90% ] 0002/0360 VUs  0m54.0s/1m0s  1500.00 iters/s

running (0m55.0s), 0002/0360 VUs, 82460 complete and 0 interrupted iterations
steady   [  92% ] 0002/0360 VUs  0m55.0s/1m0s  1500.00 iters/s

running (0m56.0s), 0001/0360 VUs, 83961 complete and 0 interrupted iterations
steady   [  93% ] 0001/0360 VUs  0m56.0s/1m0s  1500.00 iters/s

running (0m57.0s), 0002/0360 VUs, 85460 complete and 0 interrupted iterations
steady   [  95% ] 0002/0360 VUs  0m57.0s/1m0s  1500.00 iters/s

running (0m58.0s), 0002/0360 VUs, 86960 complete and 0 interrupted iterations
steady   [  97% ] 0002/0360 VUs  0m58.0s/1m0s  1500.00 iters/s

running (0m59.0s), 0002/0360 VUs, 88460 complete and 0 interrupted iterations
steady   [  98% ] 0002/0360 VUs  0m59.0s/1m0s  1500.00 iters/s

running (1m00.0s), 0001/0360 VUs, 89960 complete and 0 interrupted iterations
steady   [ 100% ] 0001/0360 VUs  1m00.0s/1m0s  1500.00 iters/s

  http_reqs                    90001 (1499.98/s)
  http_req_duration            med=0.67ms p95=0.92ms p99=1.63ms max=10.73ms
  http_req_waiting             p95=0.90ms
  http_req_failed              0.000%
  dropped_iterations           0
  vus_max                      360
  checks                       0 passed, 0 failed


running (1m00.0s), 0000/0360 VUs, 90001 complete and 0 interrupted iterations
steady ✓ [ 100% ] 0000/0360 VUs  1m0s  1500.00 iters/s
