
         /\      Grafana   /‾‾/  
    /\  /  \     |\  __   /  /   
   /  \/    \    | |/ /  /   ‾‾\ 
  /          \   |   (  |  (‾)  |
 / __________ \  |_|\_\  \_____/ 


     execution: local
        script: /Users/juancavallotti/Documents/development/octo-performance/scenarios/002-fanout-transform/k6/steady.js
        output: -

     scenarios: (100.00%) 1 scenario, 6000 max VUs, 1m10s max duration (incl. graceful stop):
              * steady: 6000.00 iterations/s for 1m0s (maxVUs: 600-6000, gracefulStop: 10s)


running (0m01.0s), 0005/0600 VUs, 5716 complete and 0 interrupted iterations
steady   [   2% ] 0005/0600 VUs  0m01.0s/1m0s  6000.00 iters/s

running (0m02.0s), 0003/0600 VUs, 11719 complete and 0 interrupted iterations
steady   [   3% ] 0003/0600 VUs  0m02.0s/1m0s  6000.00 iters/s

running (0m03.0s), 0009/0600 VUs, 17713 complete and 0 interrupted iterations
steady   [   5% ] 0009/0600 VUs  0m03.0s/1m0s  6000.00 iters/s

running (0m04.0s), 0004/0600 VUs, 23718 complete and 0 interrupted iterations
steady   [   7% ] 0004/0600 VUs  0m04.0s/1m0s  6000.00 iters/s

running (0m05.0s), 0011/0600 VUs, 29711 complete and 0 interrupted iterations
steady   [   8% ] 0011/0600 VUs  0m05.0s/1m0s  6000.00 iters/s

running (0m06.0s), 0002/0600 VUs, 35720 complete and 0 interrupted iterations
steady   [  10% ] 0002/0600 VUs  0m06.0s/1m0s  6000.00 iters/s

running (0m07.0s), 0003/0600 VUs, 41719 complete and 0 interrupted iterations
steady   [  12% ] 0003/0600 VUs  0m07.0s/1m0s  6000.00 iters/s

running (0m08.0s), 0003/0600 VUs, 47719 complete and 0 interrupted iterations
steady   [  13% ] 0003/0600 VUs  0m08.0s/1m0s  6000.00 iters/s

running (0m09.0s), 0003/0600 VUs, 53719 complete and 0 interrupted iterations
steady   [  15% ] 0003/0600 VUs  0m09.0s/1m0s  6000.00 iters/s

running (0m10.0s), 0003/0600 VUs, 59719 complete and 0 interrupted iterations
steady   [  17% ] 0002/0600 VUs  0m10.0s/1m0s  6000.00 iters/s

running (0m11.0s), 0002/0600 VUs, 65720 complete and 0 interrupted iterations
steady   [  18% ] 0002/0600 VUs  0m11.0s/1m0s  6000.00 iters/s

running (0m12.0s), 0005/0600 VUs, 71717 complete and 0 interrupted iterations
steady   [  20% ] 0005/0600 VUs  0m12.0s/1m0s  6000.00 iters/s

running (0m13.0s), 0003/0600 VUs, 77719 complete and 0 interrupted iterations
steady   [  22% ] 0003/0600 VUs  0m13.0s/1m0s  6000.00 iters/s

running (0m14.0s), 0006/0600 VUs, 83716 complete and 0 interrupted iterations
steady   [  23% ] 0006/0600 VUs  0m14.0s/1m0s  6000.00 iters/s

running (0m15.0s), 0003/0600 VUs, 89719 complete and 0 interrupted iterations
steady   [  25% ] 0003/0600 VUs  0m15.0s/1m0s  6000.00 iters/s

running (0m16.0s), 0003/0600 VUs, 95719 complete and 0 interrupted iterations
steady   [  27% ] 0003/0600 VUs  0m16.0s/1m0s  6000.00 iters/s

running (0m17.0s), 0007/0600 VUs, 101715 complete and 0 interrupted iterations
steady   [  28% ] 0007/0600 VUs  0m17.0s/1m0s  6000.00 iters/s

running (0m18.0s), 0002/0600 VUs, 107720 complete and 0 interrupted iterations
steady   [  30% ] 0002/0600 VUs  0m18.0s/1m0s  6000.00 iters/s

running (0m19.0s), 0003/0600 VUs, 113719 complete and 0 interrupted iterations
steady   [  32% ] 0003/0600 VUs  0m19.0s/1m0s  6000.00 iters/s

running (0m20.0s), 0003/0600 VUs, 119719 complete and 0 interrupted iterations
steady   [  33% ] 0002/0600 VUs  0m20.0s/1m0s  6000.00 iters/s

running (0m21.0s), 0003/0600 VUs, 125719 complete and 0 interrupted iterations
steady   [  35% ] 0003/0600 VUs  0m21.0s/1m0s  6000.00 iters/s

running (0m22.0s), 0003/0600 VUs, 131719 complete and 0 interrupted iterations
steady   [  37% ] 0003/0600 VUs  0m22.0s/1m0s  6000.00 iters/s

running (0m23.0s), 0002/0600 VUs, 137720 complete and 0 interrupted iterations
steady   [  38% ] 0002/0600 VUs  0m23.0s/1m0s  6000.00 iters/s

running (0m24.0s), 0006/0600 VUs, 143716 complete and 0 interrupted iterations
steady   [  40% ] 0006/0600 VUs  0m24.0s/1m0s  6000.00 iters/s

running (0m25.0s), 0002/0600 VUs, 149720 complete and 0 interrupted iterations
steady   [  42% ] 0002/0600 VUs  0m25.0s/1m0s  6000.00 iters/s

running (0m26.0s), 0003/0600 VUs, 155719 complete and 0 interrupted iterations
steady   [  43% ] 0003/0600 VUs  0m26.0s/1m0s  6000.00 iters/s

running (0m27.0s), 0003/0600 VUs, 161719 complete and 0 interrupted iterations
steady   [  45% ] 0003/0600 VUs  0m27.0s/1m0s  6000.00 iters/s

running (0m28.0s), 0003/0600 VUs, 167719 complete and 0 interrupted iterations
steady   [  47% ] 0003/0600 VUs  0m28.0s/1m0s  6000.00 iters/s

running (0m29.0s), 0003/0600 VUs, 173719 complete and 0 interrupted iterations
steady   [  48% ] 0003/0600 VUs  0m29.0s/1m0s  6000.00 iters/s

running (0m30.0s), 0003/0600 VUs, 179719 complete and 0 interrupted iterations
steady   [  50% ] 0003/0600 VUs  0m30.0s/1m0s  6000.00 iters/s

running (0m31.0s), 0003/0600 VUs, 185719 complete and 0 interrupted iterations
steady   [  52% ] 0003/0600 VUs  0m31.0s/1m0s  6000.00 iters/s

running (0m32.0s), 0014/0600 VUs, 191708 complete and 0 interrupted iterations
steady   [  53% ] 0014/0600 VUs  0m32.0s/1m0s  6000.00 iters/s

running (0m33.0s), 0002/0600 VUs, 197720 complete and 0 interrupted iterations
steady   [  55% ] 0002/0600 VUs  0m33.0s/1m0s  6000.00 iters/s

running (0m34.0s), 0002/0600 VUs, 203721 complete and 0 interrupted iterations
steady   [  57% ] 0002/0600 VUs  0m34.0s/1m0s  6000.00 iters/s

running (0m35.0s), 0003/0600 VUs, 209720 complete and 0 interrupted iterations
steady   [  58% ] 0003/0600 VUs  0m35.0s/1m0s  6000.00 iters/s

running (0m36.0s), 0002/0600 VUs, 215720 complete and 0 interrupted iterations
steady   [  60% ] 0002/0600 VUs  0m36.0s/1m0s  6000.00 iters/s

running (0m37.0s), 0030/0600 VUs, 221672 complete and 0 interrupted iterations
steady   [  62% ] 0030/0600 VUs  0m37.0s/1m0s  6000.00 iters/s

running (0m38.0s), 0003/0600 VUs, 227719 complete and 0 interrupted iterations
steady   [  63% ] 0003/0600 VUs  0m38.0s/1m0s  6000.00 iters/s

running (0m39.0s), 0003/0600 VUs, 233720 complete and 0 interrupted iterations
steady   [  65% ] 0003/0600 VUs  0m39.0s/1m0s  6000.00 iters/s

running (0m40.0s), 0002/0600 VUs, 239720 complete and 0 interrupted iterations
steady   [  67% ] 0002/0600 VUs  0m40.0s/1m0s  6000.00 iters/s

running (0m41.0s), 0002/0600 VUs, 245720 complete and 0 interrupted iterations
steady   [  68% ] 0002/0600 VUs  0m41.0s/1m0s  6000.00 iters/s

running (0m42.0s), 0005/0600 VUs, 251717 complete and 0 interrupted iterations
steady   [  70% ] 0005/0600 VUs  0m42.0s/1m0s  6000.00 iters/s

running (0m43.0s), 0002/0600 VUs, 257720 complete and 0 interrupted iterations
steady   [  72% ] 0002/0600 VUs  0m43.0s/1m0s  6000.00 iters/s

running (0m44.0s), 0003/0600 VUs, 263720 complete and 0 interrupted iterations
steady   [  73% ] 0003/0600 VUs  0m44.0s/1m0s  6000.00 iters/s

running (0m45.0s), 0001/0600 VUs, 269721 complete and 0 interrupted iterations
steady   [  75% ] 0001/0600 VUs  0m45.0s/1m0s  6000.00 iters/s

running (0m46.0s), 0003/0600 VUs, 275720 complete and 0 interrupted iterations
steady   [  77% ] 0003/0600 VUs  0m46.0s/1m0s  6000.00 iters/s

running (0m47.0s), 0003/0600 VUs, 281720 complete and 0 interrupted iterations
steady   [  78% ] 0003/0600 VUs  0m47.0s/1m0s  6000.00 iters/s

running (0m48.0s), 0003/0600 VUs, 287720 complete and 0 interrupted iterations
steady   [  80% ] 0003/0600 VUs  0m48.0s/1m0s  6000.00 iters/s

running (0m49.0s), 0006/0600 VUs, 293717 complete and 0 interrupted iterations
steady   [  82% ] 0006/0600 VUs  0m49.0s/1m0s  6000.00 iters/s

running (0m50.0s), 0002/0600 VUs, 299721 complete and 0 interrupted iterations
steady   [  83% ] 0002/0600 VUs  0m50.0s/1m0s  6000.00 iters/s

running (0m51.0s), 0002/0600 VUs, 305721 complete and 0 interrupted iterations
steady   [  85% ] 0002/0600 VUs  0m51.0s/1m0s  6000.00 iters/s

running (0m52.0s), 0002/0600 VUs, 311721 complete and 0 interrupted iterations
steady   [  87% ] 0002/0600 VUs  0m52.0s/1m0s  6000.00 iters/s

running (0m53.0s), 0002/0600 VUs, 317721 complete and 0 interrupted iterations
steady   [  88% ] 0002/0600 VUs  0m53.0s/1m0s  6000.00 iters/s

running (0m54.0s), 0008/0600 VUs, 323715 complete and 0 interrupted iterations
steady   [  90% ] 0008/0600 VUs  0m54.0s/1m0s  6000.00 iters/s

running (0m55.0s), 0003/0600 VUs, 329720 complete and 0 interrupted iterations
steady   [  92% ] 0003/0600 VUs  0m55.0s/1m0s  6000.00 iters/s

running (0m56.0s), 0003/0600 VUs, 335720 complete and 0 interrupted iterations
steady   [  93% ] 0003/0600 VUs  0m56.0s/1m0s  6000.00 iters/s

running (0m57.0s), 0003/0600 VUs, 341720 complete and 0 interrupted iterations
steady   [  95% ] 0003/0600 VUs  0m57.0s/1m0s  6000.00 iters/s

running (0m58.0s), 0003/0600 VUs, 347720 complete and 0 interrupted iterations
steady   [  97% ] 0003/0600 VUs  0m58.0s/1m0s  6000.00 iters/s

running (0m59.0s), 0003/0600 VUs, 353720 complete and 0 interrupted iterations
steady   [  98% ] 0003/0600 VUs  0m59.0s/1m0s  6000.00 iters/s

running (1m00.0s), 0003/0600 VUs, 359720 complete and 0 interrupted iterations
steady   [ 100% ] 0003/0600 VUs  1m00.0s/1m0s  6000.00 iters/s

  http_reqs                    360002 (5999.98/s)
  http_req_duration            med=0.37ms p95=1.62ms p99=3.73ms max=17.89ms
  http_req_waiting             p95=1.60ms
  http_req_failed              0.000%
  dropped_iterations           0
  vus_max                      600
  checks                       0 passed, 0 failed


running (1m00.0s), 0000/0600 VUs, 360002 complete and 0 interrupted iterations
steady ✓ [ 100% ] 0000/0600 VUs  1m0s  6000.00 iters/s
