
         /\      Grafana   /‾‾/  
    /\  /  \     |\  __   /  /   
   /  \/    \    | |/ /  /   ‾‾\ 
  /          \   |   (  |  (‾)  |
 / __________ \  |_|\_\  \_____/ 


     execution: local
        script: /Users/juancavallotti/Documents/development/octo-performance/scenarios/001-template-page/k6/steady.js
        output: -

     scenarios: (100.00%) 1 scenario, 16000 max VUs, 1m10s max duration (incl. graceful stop):
              * steady: 16000.00 iterations/s for 1m0s (maxVUs: 1600-16000, gracefulStop: 10s)


running (0m00.9s), 00002/01600 VUs, 14444 complete and 0 interrupted iterations
steady   [   2% ] 00002/01600 VUs  0m00.9s/1m0s  16000.00 iters/s

running (0m01.9s), 00001/01600 VUs, 30443 complete and 0 interrupted iterations
steady   [   3% ] 00001/01600 VUs  0m01.9s/1m0s  16000.00 iters/s

running (0m02.9s), 00001/01600 VUs, 46443 complete and 0 interrupted iterations
steady   [   5% ] 00001/01600 VUs  0m02.9s/1m0s  16000.00 iters/s

running (0m03.9s), 00002/01600 VUs, 62443 complete and 0 interrupted iterations
steady   [   7% ] 00002/01600 VUs  0m03.9s/1m0s  16000.00 iters/s

running (0m04.9s), 00002/01600 VUs, 78444 complete and 0 interrupted iterations
steady   [   8% ] 00002/01600 VUs  0m04.9s/1m0s  16000.00 iters/s

running (0m05.9s), 00001/01600 VUs, 94443 complete and 0 interrupted iterations
steady   [  10% ] 00001/01600 VUs  0m05.9s/1m0s  16000.00 iters/s

running (0m06.9s), 00002/01600 VUs, 110443 complete and 0 interrupted iterations
steady   [  12% ] 00002/01600 VUs  0m06.9s/1m0s  16000.00 iters/s

running (0m07.9s), 00002/01600 VUs, 126442 complete and 0 interrupted iterations
steady   [  13% ] 00001/01600 VUs  0m07.9s/1m0s  16000.00 iters/s

running (0m08.9s), 00002/01600 VUs, 142442 complete and 0 interrupted iterations
steady   [  15% ] 00003/01600 VUs  0m08.9s/1m0s  16000.00 iters/s

running (0m09.9s), 00004/01600 VUs, 158447 complete and 0 interrupted iterations
steady   [  17% ] 00004/01600 VUs  0m09.9s/1m0s  16000.00 iters/s

running (0m10.9s), 00003/01600 VUs, 174443 complete and 0 interrupted iterations
steady   [  18% ] 00003/01600 VUs  0m10.9s/1m0s  16000.00 iters/s

running (0m11.9s), 00002/01600 VUs, 190442 complete and 0 interrupted iterations
steady   [  20% ] 00002/01600 VUs  0m11.9s/1m0s  16000.00 iters/s

running (0m12.9s), 00002/01600 VUs, 206443 complete and 0 interrupted iterations
steady   [  22% ] 00002/01600 VUs  0m12.9s/1m0s  16000.00 iters/s

running (0m13.9s), 00002/01600 VUs, 222442 complete and 0 interrupted iterations
steady   [  23% ] 00003/01600 VUs  0m13.9s/1m0s  16000.00 iters/s

running (0m14.9s), 00002/01600 VUs, 238444 complete and 0 interrupted iterations
steady   [  25% ] 00002/01600 VUs  0m14.9s/1m0s  16000.00 iters/s

running (0m15.9s), 00003/01600 VUs, 254442 complete and 0 interrupted iterations
steady   [  27% ] 00003/01600 VUs  0m15.9s/1m0s  16000.00 iters/s

running (0m16.9s), 00001/01600 VUs, 270442 complete and 0 interrupted iterations
steady   [  28% ] 00001/01600 VUs  0m16.9s/1m0s  16000.00 iters/s

running (0m17.9s), 00002/01600 VUs, 286442 complete and 0 interrupted iterations
steady   [  30% ] 00002/01600 VUs  0m17.9s/1m0s  16000.00 iters/s

running (0m18.9s), 00002/01600 VUs, 302442 complete and 0 interrupted iterations
steady   [  32% ] 00002/01600 VUs  0m18.9s/1m0s  16000.00 iters/s

running (0m19.9s), 00001/01600 VUs, 318443 complete and 0 interrupted iterations
steady   [  33% ] 00001/01600 VUs  0m19.9s/1m0s  16000.00 iters/s

running (0m20.9s), 00002/01600 VUs, 334442 complete and 0 interrupted iterations
steady   [  35% ] 00002/01600 VUs  0m20.9s/1m0s  16000.00 iters/s

running (0m21.9s), 00002/01600 VUs, 350443 complete and 0 interrupted iterations
steady   [  37% ] 00002/01600 VUs  0m21.9s/1m0s  16000.00 iters/s

running (0m22.9s), 00001/01600 VUs, 366443 complete and 0 interrupted iterations
steady   [  38% ] 00001/01600 VUs  0m22.9s/1m0s  16000.00 iters/s

running (0m23.9s), 00002/01607 VUs, 382314 complete and 0 interrupted iterations
steady   [  40% ] 00002/01607 VUs  0m23.9s/1m0s  16000.00 iters/s

running (0m24.9s), 00005/01607 VUs, 398316 complete and 0 interrupted iterations
steady   [  42% ] 00006/01607 VUs  0m24.9s/1m0s  16000.00 iters/s

running (0m25.9s), 00001/01607 VUs, 414315 complete and 0 interrupted iterations
steady   [  43% ] 00001/01607 VUs  0m25.9s/1m0s  16000.00 iters/s

running (0m26.9s), 00002/01607 VUs, 430315 complete and 0 interrupted iterations
steady   [  45% ] 00002/01607 VUs  0m26.9s/1m0s  16000.00 iters/s

running (0m27.9s), 00002/01607 VUs, 446315 complete and 0 interrupted iterations
steady   [  47% ] 00002/01607 VUs  0m27.9s/1m0s  16000.00 iters/s

running (0m28.9s), 00003/01607 VUs, 462314 complete and 0 interrupted iterations
steady   [  48% ] 00003/01607 VUs  0m28.9s/1m0s  16000.00 iters/s

running (0m29.9s), 00002/01607 VUs, 478315 complete and 0 interrupted iterations
steady   [  50% ] 00002/01607 VUs  0m29.9s/1m0s  16000.00 iters/s

running (0m30.9s), 00012/01607 VUs, 494308 complete and 0 interrupted iterations
steady   [  52% ] 00012/01607 VUs  0m30.9s/1m0s  16000.00 iters/s

running (0m31.9s), 00002/01607 VUs, 510314 complete and 0 interrupted iterations
steady   [  53% ] 00002/01607 VUs  0m31.9s/1m0s  16000.00 iters/s

running (0m32.9s), 00002/01607 VUs, 526314 complete and 0 interrupted iterations
steady   [  55% ] 00002/01607 VUs  0m32.9s/1m0s  16000.00 iters/s

running (0m33.9s), 00005/01607 VUs, 542313 complete and 0 interrupted iterations
steady   [  57% ] 00005/01607 VUs  0m33.9s/1m0s  16000.00 iters/s

running (0m34.9s), 00004/01607 VUs, 558315 complete and 0 interrupted iterations
steady   [  58% ] 00004/01607 VUs  0m34.9s/1m0s  16000.00 iters/s

running (0m35.9s), 00002/01607 VUs, 574314 complete and 0 interrupted iterations
steady   [  60% ] 00002/01607 VUs  0m35.9s/1m0s  16000.00 iters/s

running (0m36.9s), 00002/01607 VUs, 590315 complete and 0 interrupted iterations
steady   [  62% ] 00002/01607 VUs  0m36.9s/1m0s  16000.00 iters/s

running (0m37.9s), 00002/01607 VUs, 606314 complete and 0 interrupted iterations
steady   [  63% ] 00003/01607 VUs  0m37.9s/1m0s  16000.00 iters/s

running (0m38.9s), 00002/01607 VUs, 622316 complete and 0 interrupted iterations
steady   [  65% ] 00002/01607 VUs  0m38.9s/1m0s  16000.00 iters/s

running (0m39.9s), 00001/01607 VUs, 638312 complete and 0 interrupted iterations
steady   [  67% ] 00001/01607 VUs  0m39.9s/1m0s  16000.00 iters/s

running (0m40.9s), 00001/01607 VUs, 654315 complete and 0 interrupted iterations
steady   [  68% ] 00001/01607 VUs  0m40.9s/1m0s  16000.00 iters/s

running (0m41.9s), 00002/01607 VUs, 670314 complete and 0 interrupted iterations
steady   [  70% ] 00002/01607 VUs  0m41.9s/1m0s  16000.00 iters/s

running (0m42.9s), 00003/01607 VUs, 686313 complete and 0 interrupted iterations
steady   [  72% ] 00003/01607 VUs  0m42.9s/1m0s  16000.00 iters/s

running (0m43.9s), 00004/01607 VUs, 702313 complete and 0 interrupted iterations
steady   [  73% ] 00004/01607 VUs  0m43.9s/1m0s  16000.00 iters/s

running (0m44.9s), 00001/01607 VUs, 718315 complete and 0 interrupted iterations
steady   [  75% ] 00001/01607 VUs  0m44.9s/1m0s  16000.00 iters/s

running (0m45.9s), 00003/01607 VUs, 734314 complete and 0 interrupted iterations
steady   [  77% ] 00003/01607 VUs  0m45.9s/1m0s  16000.00 iters/s

running (0m46.9s), 00001/01607 VUs, 750315 complete and 0 interrupted iterations
steady   [  78% ] 00002/01607 VUs  0m46.9s/1m0s  16000.00 iters/s

running (0m47.9s), 00001/01607 VUs, 766315 complete and 0 interrupted iterations
steady   [  80% ] 00001/01607 VUs  0m47.9s/1m0s  16000.00 iters/s

running (0m48.9s), 00001/01607 VUs, 782315 complete and 0 interrupted iterations
steady   [  82% ] 00001/01607 VUs  0m48.9s/1m0s  16000.00 iters/s

running (0m49.9s), 00002/01607 VUs, 798314 complete and 0 interrupted iterations
steady   [  83% ] 00003/01607 VUs  0m49.9s/1m0s  16000.00 iters/s

running (0m50.9s), 00002/01607 VUs, 814314 complete and 0 interrupted iterations
steady   [  85% ] 00002/01607 VUs  0m50.9s/1m0s  16000.00 iters/s

running (0m51.9s), 00002/01607 VUs, 830316 complete and 0 interrupted iterations
steady   [  87% ] 00002/01607 VUs  0m51.9s/1m0s  16000.00 iters/s

running (0m52.9s), 00002/01607 VUs, 846314 complete and 0 interrupted iterations
steady   [  88% ] 00002/01607 VUs  0m52.9s/1m0s  16000.00 iters/s

running (0m53.9s), 00002/01607 VUs, 862314 complete and 0 interrupted iterations
steady   [  90% ] 00002/01607 VUs  0m53.9s/1m0s  16000.00 iters/s

running (0m54.9s), 00002/01607 VUs, 878314 complete and 0 interrupted iterations
steady   [  92% ] 00002/01607 VUs  0m54.9s/1m0s  16000.00 iters/s

running (0m55.9s), 00003/01607 VUs, 894314 complete and 0 interrupted iterations
steady   [  93% ] 00003/01607 VUs  0m55.9s/1m0s  16000.00 iters/s

running (0m56.9s), 00002/01607 VUs, 910314 complete and 0 interrupted iterations
steady   [  95% ] 00002/01607 VUs  0m56.9s/1m0s  16000.00 iters/s

running (0m57.9s), 00002/01607 VUs, 926314 complete and 0 interrupted iterations
steady   [  97% ] 00001/01607 VUs  0m57.9s/1m0s  16000.00 iters/s

running (0m58.9s), 00001/01607 VUs, 942316 complete and 0 interrupted iterations
steady   [  98% ] 00001/01607 VUs  0m58.9s/1m0s  16000.00 iters/s

running (0m59.9s), 00003/01607 VUs, 958314 complete and 0 interrupted iterations
steady   [ 100% ] 00002/01607 VUs  0m59.9s/1m0s  16000.00 iters/s

  http_reqs                    959873 (15997.21/s)
  http_req_duration            med=0.10ms p95=0.41ms p99=9.41ms max=163.92ms
  http_req_waiting             p95=0.34ms
  http_req_failed              0.000%
  dropped_iterations           128
  vus_max                      1607
  checks                       0 passed, 0 failed


running (1m00.0s), 00000/01607 VUs, 959873 complete and 0 interrupted iterations
steady ✓ [ 100% ] 00000/01607 VUs  1m0s  16000.00 iters/s
time="2026-07-25T14:19:17-07:00" level=error msg="thresholds on metrics 'dropped_iterations' have been crossed"
