
         /\      Grafana   /‾‾/  
    /\  /  \     |\  __   /  /   
   /  \/    \    | |/ /  /   ‾‾\ 
  /          \   |   (  |  (‾)  |
 / __________ \  |_|\_\  \_____/ 


     execution: local
        script: /Users/juancavallotti/Documents/development/octo-performance/scenarios/004-queue-roundtrip/k6/steady.js
        output: -

     scenarios: (100.00%) 1 scenario, 16000 max VUs, 1m10s max duration (incl. graceful stop):
              * steady: 10000.00 iterations/s for 1m0s (maxVUs: 1600-16000, gracefulStop: 10s)


running (0m00.9s), 00001/01600 VUs, 9020 complete and 0 interrupted iterations
steady   [   2% ] 00001/01600 VUs  0m00.9s/1m0s  10000.00 iters/s

running (0m01.9s), 00001/01600 VUs, 19021 complete and 0 interrupted iterations
steady   [   3% ] 00001/01600 VUs  0m01.9s/1m0s  10000.00 iters/s

running (0m02.9s), 00002/01600 VUs, 29019 complete and 0 interrupted iterations
steady   [   5% ] 00002/01600 VUs  0m02.9s/1m0s  10000.00 iters/s

running (0m03.9s), 00001/01600 VUs, 39020 complete and 0 interrupted iterations
steady   [   7% ] 00001/01600 VUs  0m03.9s/1m0s  10000.00 iters/s

running (0m04.9s), 00001/01600 VUs, 49021 complete and 0 interrupted iterations
steady   [   8% ] 00001/01600 VUs  0m04.9s/1m0s  10000.00 iters/s

running (0m05.9s), 00001/01600 VUs, 59020 complete and 0 interrupted iterations
steady   [  10% ] 00001/01600 VUs  0m05.9s/1m0s  10000.00 iters/s

running (0m06.9s), 00001/01600 VUs, 69020 complete and 0 interrupted iterations
steady   [  12% ] 00001/01600 VUs  0m06.9s/1m0s  10000.00 iters/s

running (0m07.9s), 00001/01600 VUs, 79020 complete and 0 interrupted iterations
steady   [  13% ] 00001/01600 VUs  0m07.9s/1m0s  10000.00 iters/s

running (0m08.9s), 00001/01600 VUs, 89021 complete and 0 interrupted iterations
steady   [  15% ] 00001/01600 VUs  0m08.9s/1m0s  10000.00 iters/s

running (0m09.9s), 00001/01600 VUs, 99020 complete and 0 interrupted iterations
steady   [  17% ] 00001/01600 VUs  0m09.9s/1m0s  10000.00 iters/s

running (0m10.9s), 00001/01600 VUs, 109020 complete and 0 interrupted iterations
steady   [  18% ] 00001/01600 VUs  0m10.9s/1m0s  10000.00 iters/s

running (0m11.9s), 00001/01600 VUs, 119020 complete and 0 interrupted iterations
steady   [  20% ] 00001/01600 VUs  0m11.9s/1m0s  10000.00 iters/s

running (0m12.9s), 00001/01600 VUs, 129021 complete and 0 interrupted iterations
steady   [  22% ] 00001/01600 VUs  0m12.9s/1m0s  10000.00 iters/s

running (0m13.9s), 00001/01600 VUs, 139021 complete and 0 interrupted iterations
steady   [  23% ] 00001/01600 VUs  0m13.9s/1m0s  10000.00 iters/s

running (0m14.9s), 00001/01600 VUs, 149021 complete and 0 interrupted iterations
steady   [  25% ] 00001/01600 VUs  0m14.9s/1m0s  10000.00 iters/s

running (0m15.9s), 00000/01600 VUs, 159021 complete and 0 interrupted iterations
steady   [  27% ] 00000/01600 VUs  0m15.9s/1m0s  10000.00 iters/s

running (0m16.9s), 00000/01600 VUs, 169021 complete and 0 interrupted iterations
steady   [  28% ] 00000/01600 VUs  0m16.9s/1m0s  10000.00 iters/s

running (0m17.9s), 00001/01600 VUs, 179020 complete and 0 interrupted iterations
steady   [  30% ] 00001/01600 VUs  0m17.9s/1m0s  10000.00 iters/s

running (0m18.9s), 00001/01600 VUs, 189021 complete and 0 interrupted iterations
steady   [  32% ] 00001/01600 VUs  0m18.9s/1m0s  10000.00 iters/s

running (0m19.9s), 00001/01600 VUs, 199021 complete and 0 interrupted iterations
steady   [  33% ] 00001/01600 VUs  0m19.9s/1m0s  10000.00 iters/s

running (0m20.9s), 00002/01600 VUs, 209020 complete and 0 interrupted iterations
steady   [  35% ] 00002/01600 VUs  0m20.9s/1m0s  10000.00 iters/s

running (0m21.9s), 00001/01600 VUs, 219021 complete and 0 interrupted iterations
steady   [  37% ] 00001/01600 VUs  0m21.9s/1m0s  10000.00 iters/s

running (0m22.9s), 00001/01600 VUs, 229021 complete and 0 interrupted iterations
steady   [  38% ] 00001/01600 VUs  0m22.9s/1m0s  10000.00 iters/s

running (0m23.9s), 00002/01600 VUs, 239021 complete and 0 interrupted iterations
steady   [  40% ] 00002/01600 VUs  0m23.9s/1m0s  10000.00 iters/s

running (0m24.9s), 00000/01600 VUs, 249021 complete and 0 interrupted iterations
steady   [  42% ] 00000/01600 VUs  0m24.9s/1m0s  10000.00 iters/s

running (0m25.9s), 00001/01600 VUs, 259020 complete and 0 interrupted iterations
steady   [  43% ] 00001/01600 VUs  0m25.9s/1m0s  10000.00 iters/s

running (0m26.9s), 00001/01600 VUs, 269020 complete and 0 interrupted iterations
steady   [  45% ] 00001/01600 VUs  0m26.9s/1m0s  10000.00 iters/s

running (0m27.9s), 00001/01600 VUs, 279021 complete and 0 interrupted iterations
steady   [  47% ] 00001/01600 VUs  0m27.9s/1m0s  10000.00 iters/s

running (0m28.9s), 00001/01600 VUs, 289020 complete and 0 interrupted iterations
steady   [  48% ] 00001/01600 VUs  0m28.9s/1m0s  10000.00 iters/s

running (0m29.9s), 00002/01600 VUs, 299019 complete and 0 interrupted iterations
steady   [  50% ] 00002/01600 VUs  0m29.9s/1m0s  10000.00 iters/s

running (0m30.9s), 00002/01600 VUs, 309020 complete and 0 interrupted iterations
steady   [  52% ] 00002/01600 VUs  0m30.9s/1m0s  10000.00 iters/s

running (0m31.9s), 00001/01600 VUs, 319020 complete and 0 interrupted iterations
steady   [  53% ] 00001/01600 VUs  0m31.9s/1m0s  10000.00 iters/s

running (0m32.9s), 00002/01600 VUs, 329020 complete and 0 interrupted iterations
steady   [  55% ] 00002/01600 VUs  0m32.9s/1m0s  10000.00 iters/s

running (0m33.9s), 00001/01600 VUs, 339020 complete and 0 interrupted iterations
steady   [  57% ] 00002/01600 VUs  0m33.9s/1m0s  10000.00 iters/s

running (0m34.9s), 00001/01600 VUs, 349020 complete and 0 interrupted iterations
steady   [  58% ] 00001/01600 VUs  0m34.9s/1m0s  10000.00 iters/s

running (0m35.9s), 00001/01600 VUs, 359021 complete and 0 interrupted iterations
steady   [  60% ] 00001/01600 VUs  0m35.9s/1m0s  10000.00 iters/s

running (0m36.9s), 00001/01600 VUs, 369020 complete and 0 interrupted iterations
steady   [  62% ] 00001/01600 VUs  0m36.9s/1m0s  10000.00 iters/s

running (0m37.9s), 00001/01600 VUs, 379021 complete and 0 interrupted iterations
steady   [  63% ] 00001/01600 VUs  0m37.9s/1m0s  10000.00 iters/s

running (0m38.9s), 00001/01600 VUs, 389020 complete and 0 interrupted iterations
steady   [  65% ] 00001/01600 VUs  0m38.9s/1m0s  10000.00 iters/s

running (0m39.9s), 00001/01600 VUs, 399021 complete and 0 interrupted iterations
steady   [  67% ] 00001/01600 VUs  0m39.9s/1m0s  10000.00 iters/s

running (0m40.9s), 00001/01600 VUs, 409021 complete and 0 interrupted iterations
steady   [  68% ] 00001/01600 VUs  0m40.9s/1m0s  10000.00 iters/s

running (0m41.9s), 00001/01600 VUs, 419020 complete and 0 interrupted iterations
steady   [  70% ] 00001/01600 VUs  0m41.9s/1m0s  10000.00 iters/s

running (0m42.9s), 00002/01600 VUs, 429020 complete and 0 interrupted iterations
steady   [  72% ] 00002/01600 VUs  0m42.9s/1m0s  10000.00 iters/s

running (0m43.9s), 00001/01600 VUs, 439021 complete and 0 interrupted iterations
steady   [  73% ] 00001/01600 VUs  0m43.9s/1m0s  10000.00 iters/s

running (0m44.9s), 00001/01600 VUs, 449020 complete and 0 interrupted iterations
steady   [  75% ] 00001/01600 VUs  0m44.9s/1m0s  10000.00 iters/s

running (0m45.9s), 00001/01600 VUs, 459021 complete and 0 interrupted iterations
steady   [  77% ] 00001/01600 VUs  0m45.9s/1m0s  10000.00 iters/s

running (0m46.9s), 00001/01600 VUs, 469020 complete and 0 interrupted iterations
steady   [  78% ] 00001/01600 VUs  0m46.9s/1m0s  10000.00 iters/s

running (15m48.2s), 01612/01612 VUs, 477317 complete and 0 interrupted iterations
steady   [  80% ] 01612/01612 VUs  0m47.9s/1m0s  10000.00 iters/s

running (15m49.2s), 00001/01711 VUs, 488417 complete and 0 interrupted iterations
steady   [  82% ] 00001/01711 VUs  0m48.9s/1m0s  10000.00 iters/s

running (15m50.2s), 00002/01711 VUs, 498416 complete and 0 interrupted iterations
steady   [  83% ] 00002/01711 VUs  0m49.9s/1m0s  10000.00 iters/s

running (15m51.2s), 00001/01711 VUs, 508416 complete and 0 interrupted iterations
steady   [  85% ] 00001/01711 VUs  0m50.9s/1m0s  10000.00 iters/s

running (15m52.2s), 00000/01711 VUs, 518417 complete and 0 interrupted iterations
steady   [  87% ] 00000/01711 VUs  0m51.9s/1m0s  10000.00 iters/s

running (15m53.2s), 00001/01711 VUs, 528416 complete and 0 interrupted iterations
steady   [  88% ] 00001/01711 VUs  0m52.9s/1m0s  10000.00 iters/s

running (15m54.2s), 00001/01711 VUs, 538416 complete and 0 interrupted iterations
steady   [  90% ] 00001/01711 VUs  0m53.9s/1m0s  10000.00 iters/s

running (15m55.2s), 00001/01711 VUs, 548416 complete and 0 interrupted iterations
steady   [  92% ] 00001/01711 VUs  0m54.9s/1m0s  10000.00 iters/s

running (15m56.2s), 00001/01711 VUs, 558416 complete and 0 interrupted iterations
steady   [  93% ] 00001/01711 VUs  0m55.9s/1m0s  10000.00 iters/s

running (15m57.2s), 00001/01711 VUs, 568417 complete and 0 interrupted iterations
steady   [  95% ] 00001/01711 VUs  0m56.9s/1m0s  10000.00 iters/s

running (15m58.2s), 00001/01711 VUs, 578417 complete and 0 interrupted iterations
steady   [  97% ] 00001/01711 VUs  0m57.9s/1m0s  10000.00 iters/s

running (15m59.2s), 00000/01711 VUs, 588417 complete and 0 interrupted iterations
steady   [  98% ] 00001/01711 VUs  0m58.9s/1m0s  10000.00 iters/s

running (16m00.2s), 00005/01711 VUs, 598413 complete and 0 interrupted iterations
steady   [ 100% ] 00005/01711 VUs  0m59.9s/1m0s  10000.00 iters/s

  http_reqs                    599397 (624.19/s)
  http_req_duration            med=0.08ms p95=0.17ms p99=2.44ms max=900415.25ms
  http_req_waiting             p95=0.14ms
  http_req_failed              0.000%
  dropped_iterations           604
  vus_max                      1711
  checks                       0 passed, 0 failed


running (16m00.3s), 00000/01711 VUs, 599397 complete and 0 interrupted iterations
steady ✓ [ 100% ] 00000/01711 VUs  1m0s  10000.00 iters/s
time="2026-07-26T07:06:04-07:00" level=error msg="thresholds on metrics 'dropped_iterations' have been crossed"
