
         /\      Grafana   /‾‾/  
    /\  /  \     |\  __   /  /   
   /  \/    \    | |/ /  /   ‾‾\ 
  /          \   |   (  |  (‾)  |
 / __________ \  |_|\_\  \_____/ 


     execution: local
        script: /Users/juancavallotti/Documents/development/octo-performance/scenarios/004-queue-roundtrip/k6/steady.js
        output: -

     scenarios: (100.00%) 1 scenario, 16000 max VUs, 1m10s max duration (incl. graceful stop):
              * steady: 10000.00 iterations/s for 1m0s (maxVUs: 1600-16000, gracefulStop: 10s)


running (0m00.9s), 00001/01600 VUs, 9029 complete and 0 interrupted iterations
steady   [   2% ] 00001/01600 VUs  0m00.9s/1m0s  10000.00 iters/s

running (0m01.9s), 00001/01600 VUs, 19029 complete and 0 interrupted iterations
steady   [   3% ] 00001/01600 VUs  0m01.9s/1m0s  10000.00 iters/s

running (0m02.9s), 00001/01600 VUs, 29029 complete and 0 interrupted iterations
steady   [   5% ] 00001/01600 VUs  0m02.9s/1m0s  10000.00 iters/s

running (0m03.9s), 00001/01600 VUs, 39029 complete and 0 interrupted iterations
steady   [   7% ] 00001/01600 VUs  0m03.9s/1m0s  10000.00 iters/s

running (0m04.9s), 00001/01600 VUs, 49029 complete and 0 interrupted iterations
steady   [   8% ] 00001/01600 VUs  0m04.9s/1m0s  10000.00 iters/s

running (0m05.9s), 00001/01600 VUs, 59029 complete and 0 interrupted iterations
steady   [  10% ] 00001/01600 VUs  0m05.9s/1m0s  10000.00 iters/s

running (0m06.9s), 00002/01600 VUs, 69028 complete and 0 interrupted iterations
steady   [  12% ] 00002/01600 VUs  0m06.9s/1m0s  10000.00 iters/s

running (0m07.9s), 00001/01600 VUs, 79029 complete and 0 interrupted iterations
steady   [  13% ] 00001/01600 VUs  0m07.9s/1m0s  10000.00 iters/s

running (0m08.9s), 00001/01600 VUs, 89029 complete and 0 interrupted iterations
steady   [  15% ] 00001/01600 VUs  0m08.9s/1m0s  10000.00 iters/s

running (0m09.9s), 00001/01600 VUs, 99029 complete and 0 interrupted iterations
steady   [  17% ] 00001/01600 VUs  0m09.9s/1m0s  10000.00 iters/s

running (0m10.9s), 00001/01600 VUs, 109029 complete and 0 interrupted iterations
steady   [  18% ] 00001/01600 VUs  0m10.9s/1m0s  10000.00 iters/s

running (0m11.9s), 00001/01600 VUs, 119029 complete and 0 interrupted iterations
steady   [  20% ] 00001/01600 VUs  0m11.9s/1m0s  10000.00 iters/s

running (0m12.9s), 00001/01600 VUs, 129029 complete and 0 interrupted iterations
steady   [  22% ] 00001/01600 VUs  0m12.9s/1m0s  10000.00 iters/s

running (0m13.9s), 00001/01600 VUs, 139029 complete and 0 interrupted iterations
steady   [  23% ] 00001/01600 VUs  0m13.9s/1m0s  10000.00 iters/s

running (0m14.9s), 00001/01600 VUs, 149029 complete and 0 interrupted iterations
steady   [  25% ] 00001/01600 VUs  0m14.9s/1m0s  10000.00 iters/s

running (0m15.9s), 00001/01600 VUs, 159029 complete and 0 interrupted iterations
steady   [  27% ] 00001/01600 VUs  0m15.9s/1m0s  10000.00 iters/s

running (11m34.0s), 00001/01600 VUs, 169029 complete and 0 interrupted iterations
steady   [  28% ] 00001/01600 VUs  0m16.9s/1m0s  10000.00 iters/s

running (11m35.0s), 00002/01600 VUs, 179028 complete and 0 interrupted iterations
steady   [  30% ] 00002/01600 VUs  0m17.9s/1m0s  10000.00 iters/s

running (11m36.0s), 00001/01600 VUs, 189029 complete and 0 interrupted iterations
steady   [  32% ] 00001/01600 VUs  0m18.9s/1m0s  10000.00 iters/s

running (11m37.0s), 00001/01600 VUs, 199029 complete and 0 interrupted iterations
steady   [  33% ] 00001/01600 VUs  0m19.9s/1m0s  10000.00 iters/s

running (11m38.0s), 00001/01600 VUs, 209029 complete and 0 interrupted iterations
steady   [  35% ] 00001/01600 VUs  0m20.9s/1m0s  10000.00 iters/s

running (11m39.0s), 00001/01600 VUs, 219029 complete and 0 interrupted iterations
steady   [  37% ] 00001/01600 VUs  0m21.9s/1m0s  10000.00 iters/s

running (11m40.0s), 00001/01600 VUs, 229029 complete and 0 interrupted iterations
steady   [  38% ] 00001/01600 VUs  0m22.9s/1m0s  10000.00 iters/s

running (11m41.0s), 00001/01600 VUs, 239029 complete and 0 interrupted iterations
steady   [  40% ] 00001/01600 VUs  0m23.9s/1m0s  10000.00 iters/s

running (11m42.0s), 00001/01600 VUs, 249029 complete and 0 interrupted iterations
steady   [  42% ] 00001/01600 VUs  0m24.9s/1m0s  10000.00 iters/s

running (11m43.0s), 00001/01600 VUs, 259029 complete and 0 interrupted iterations
steady   [  43% ] 00001/01600 VUs  0m25.9s/1m0s  10000.00 iters/s

running (11m44.0s), 00001/01600 VUs, 269029 complete and 0 interrupted iterations
steady   [  45% ] 00001/01600 VUs  0m26.9s/1m0s  10000.00 iters/s

running (11m45.0s), 00001/01600 VUs, 279029 complete and 0 interrupted iterations
steady   [  47% ] 00001/01600 VUs  0m27.9s/1m0s  10000.00 iters/s

running (11m46.0s), 00001/01600 VUs, 289029 complete and 0 interrupted iterations
steady   [  48% ] 00001/01600 VUs  0m28.9s/1m0s  10000.00 iters/s

running (11m47.0s), 00001/01600 VUs, 299029 complete and 0 interrupted iterations
steady   [  50% ] 00001/01600 VUs  0m29.9s/1m0s  10000.00 iters/s

running (11m48.0s), 00001/01600 VUs, 309029 complete and 0 interrupted iterations
steady   [  52% ] 00001/01600 VUs  0m30.9s/1m0s  10000.00 iters/s

running (11m49.0s), 00006/01600 VUs, 319024 complete and 0 interrupted iterations
steady   [  53% ] 00006/01600 VUs  0m31.9s/1m0s  10000.00 iters/s

running (11m50.0s), 00001/01600 VUs, 329029 complete and 0 interrupted iterations
steady   [  55% ] 00001/01600 VUs  0m32.9s/1m0s  10000.00 iters/s

running (11m51.0s), 00001/01600 VUs, 339029 complete and 0 interrupted iterations
steady   [  57% ] 00001/01600 VUs  0m33.9s/1m0s  10000.00 iters/s

running (11m52.0s), 00001/01600 VUs, 349029 complete and 0 interrupted iterations
steady   [  58% ] 00001/01600 VUs  0m34.9s/1m0s  10000.00 iters/s

running (11m53.0s), 00001/01600 VUs, 359029 complete and 0 interrupted iterations
steady   [  60% ] 00001/01600 VUs  0m35.9s/1m0s  10000.00 iters/s

running (11m54.0s), 00001/01600 VUs, 369029 complete and 0 interrupted iterations
steady   [  62% ] 00001/01600 VUs  0m36.9s/1m0s  10000.00 iters/s

running (11m55.0s), 00001/01600 VUs, 379029 complete and 0 interrupted iterations
steady   [  63% ] 00001/01600 VUs  0m37.9s/1m0s  10000.00 iters/s

running (11m56.0s), 00001/01600 VUs, 389028 complete and 0 interrupted iterations
steady   [  65% ] 00001/01600 VUs  0m38.9s/1m0s  10000.00 iters/s

running (11m57.0s), 00001/01600 VUs, 399029 complete and 0 interrupted iterations
steady   [  67% ] 00001/01600 VUs  0m39.9s/1m0s  10000.00 iters/s

running (11m58.0s), 00001/01600 VUs, 409029 complete and 0 interrupted iterations
steady   [  68% ] 00001/01600 VUs  0m40.9s/1m0s  10000.00 iters/s

running (11m59.0s), 00001/01600 VUs, 419029 complete and 0 interrupted iterations
steady   [  70% ] 00001/01600 VUs  0m41.9s/1m0s  10000.00 iters/s

running (12m00.0s), 00001/01600 VUs, 429029 complete and 0 interrupted iterations
steady   [  72% ] 00001/01600 VUs  0m42.9s/1m0s  10000.00 iters/s

running (12m01.0s), 00002/01600 VUs, 439028 complete and 0 interrupted iterations
steady   [  73% ] 00002/01600 VUs  0m43.9s/1m0s  10000.00 iters/s

running (12m02.0s), 00001/01600 VUs, 449029 complete and 0 interrupted iterations
steady   [  75% ] 00001/01600 VUs  0m44.9s/1m0s  10000.00 iters/s

running (12m03.0s), 00002/01600 VUs, 459028 complete and 0 interrupted iterations
steady   [  77% ] 00002/01600 VUs  0m45.9s/1m0s  10000.00 iters/s

running (12m04.0s), 00001/01600 VUs, 469029 complete and 0 interrupted iterations
steady   [  78% ] 00001/01600 VUs  0m46.9s/1m0s  10000.00 iters/s

running (12m05.0s), 00001/01600 VUs, 479029 complete and 0 interrupted iterations
steady   [  80% ] 00001/01600 VUs  0m47.9s/1m0s  10000.00 iters/s

running (12m06.0s), 00001/01600 VUs, 489029 complete and 0 interrupted iterations
steady   [  82% ] 00001/01600 VUs  0m48.9s/1m0s  10000.00 iters/s

running (12m07.0s), 00001/01600 VUs, 499029 complete and 0 interrupted iterations
steady   [  83% ] 00001/01600 VUs  0m49.9s/1m0s  10000.00 iters/s

running (12m08.0s), 00002/01600 VUs, 509028 complete and 0 interrupted iterations
steady   [  85% ] 00002/01600 VUs  0m50.9s/1m0s  10000.00 iters/s

running (12m09.0s), 00001/01600 VUs, 519029 complete and 0 interrupted iterations
steady   [  87% ] 00001/01600 VUs  0m51.9s/1m0s  10000.00 iters/s

running (12m10.0s), 00002/01600 VUs, 529028 complete and 0 interrupted iterations
steady   [  88% ] 00002/01600 VUs  0m52.9s/1m0s  10000.00 iters/s

running (12m11.0s), 00001/01600 VUs, 539029 complete and 0 interrupted iterations
steady   [  90% ] 00002/01600 VUs  0m53.9s/1m0s  10000.00 iters/s

running (12m12.0s), 00001/01600 VUs, 549029 complete and 0 interrupted iterations
steady   [  92% ] 00001/01600 VUs  0m54.9s/1m0s  10000.00 iters/s

running (12m13.0s), 00001/01600 VUs, 559029 complete and 0 interrupted iterations
steady   [  93% ] 00001/01600 VUs  0m55.9s/1m0s  10000.00 iters/s

running (12m14.0s), 00001/01600 VUs, 569029 complete and 0 interrupted iterations
steady   [  95% ] 00001/01600 VUs  0m56.9s/1m0s  10000.00 iters/s

running (12m15.0s), 00001/01600 VUs, 579029 complete and 0 interrupted iterations
steady   [  97% ] 00001/01600 VUs  0m57.9s/1m0s  10000.00 iters/s

running (12m16.0s), 00001/01600 VUs, 589029 complete and 0 interrupted iterations
steady   [  98% ] 00001/01600 VUs  0m58.9s/1m0s  10000.00 iters/s

running (12m17.0s), 00001/01600 VUs, 599029 complete and 0 interrupted iterations
steady   [ 100% ] 00001/01600 VUs  0m59.9s/1m0s  10000.00 iters/s

  http_reqs                    600001 (813.96/s)
  http_req_duration            med=0.08ms p95=0.15ms p99=0.48ms max=677288.03ms
  http_req_waiting             p95=0.13ms
  http_req_failed              0.000%
  dropped_iterations           0
  vus_max                      1600
  checks                       0 passed, 0 failed


running (12m17.1s), 00000/01600 VUs, 600001 complete and 0 interrupted iterations
steady ✓ [ 100% ] 00000/01600 VUs  1m0s  10000.00 iters/s
