
         /\      Grafana   /‾‾/  
    /\  /  \     |\  __   /  /   
   /  \/    \    | |/ /  /   ‾‾\ 
  /          \   |   (  |  (‾)  |
 / __________ \  |_|\_\  \_____/ 


     execution: local
        script: /Users/juancavallotti/Documents/development/octo-performance/scenarios/001-template-page/k6/steady.js
        output: -

     scenarios: (100.00%) 1 scenario, 16000 max VUs, 1m10s max duration (incl. graceful stop):
              * steady: 16000.00 iterations/s for 1m0s (maxVUs: 1600-16000, gracefulStop: 10s)


running (0m00.9s), 00003/01600 VUs, 14286 complete and 0 interrupted iterations
steady   [   1% ] 00003/01600 VUs  0m00.9s/1m0s  16000.00 iters/s

running (0m01.9s), 00002/01600 VUs, 30286 complete and 0 interrupted iterations
steady   [   3% ] 00002/01600 VUs  0m01.9s/1m0s  16000.00 iters/s

running (0m02.9s), 00002/01600 VUs, 46287 complete and 0 interrupted iterations
steady   [   5% ] 00002/01600 VUs  0m02.9s/1m0s  16000.00 iters/s

running (0m03.9s), 00001/01600 VUs, 62286 complete and 0 interrupted iterations
steady   [   6% ] 00001/01600 VUs  0m03.9s/1m0s  16000.00 iters/s

running (0m04.9s), 00002/01600 VUs, 78286 complete and 0 interrupted iterations
steady   [   8% ] 00002/01600 VUs  0m04.9s/1m0s  16000.00 iters/s

running (0m05.9s), 00002/01600 VUs, 94286 complete and 0 interrupted iterations
steady   [  10% ] 00002/01600 VUs  0m05.9s/1m0s  16000.00 iters/s

running (0m06.9s), 00002/01600 VUs, 110287 complete and 0 interrupted iterations
steady   [  11% ] 00002/01600 VUs  0m06.9s/1m0s  16000.00 iters/s

running (0m07.9s), 00002/01600 VUs, 126285 complete and 0 interrupted iterations
steady   [  13% ] 00002/01600 VUs  0m07.9s/1m0s  16000.00 iters/s

running (0m08.9s), 00019/01600 VUs, 142276 complete and 0 interrupted iterations
steady   [  15% ] 00019/01600 VUs  0m08.9s/1m0s  16000.00 iters/s

running (0m09.9s), 01604/01605 VUs, 148558 complete and 0 interrupted iterations
steady   [  16% ] 01604/01605 VUs  0m09.9s/1m0s  16000.00 iters/s

running (0m10.9s), 00002/01606 VUs, 166054 complete and 0 interrupted iterations
steady   [  18% ] 00002/01606 VUs  0m10.9s/1m0s  16000.00 iters/s

running (0m11.9s), 01252/01606 VUs, 180648 complete and 0 interrupted iterations
steady   [  20% ] 01252/01606 VUs  0m11.9s/1m0s  16000.00 iters/s

running (0m13.0s), 01311/01683 VUs, 189656 complete and 0 interrupted iterations
steady   [  22% ] 01311/01683 VUs  0m13.1s/1m0s  16000.00 iters/s

running (0m13.9s), 01989/01989 VUs, 197655 complete and 0 interrupted iterations
steady   [  23% ] 01989/01989 VUs  0m13.9s/1m0s  16000.00 iters/s

running (0m14.9s), 02172/02183 VUs, 203041 complete and 0 interrupted iterations
steady   [  25% ] 02172/02183 VUs  0m14.9s/1m0s  16000.00 iters/s

running (0m15.9s), 02036/02260 VUs, 210654 complete and 0 interrupted iterations
steady   [  26% ] 02036/02260 VUs  0m15.9s/1m0s  16000.00 iters/s

running (0m16.9s), 00747/02260 VUs, 227835 complete and 0 interrupted iterations
steady   [  28% ] 00747/02260 VUs  0m16.9s/1m0s  16000.00 iters/s

running (0m17.9s), 01685/02347 VUs, 233124 complete and 0 interrupted iterations
steady   [  30% ] 01683/02347 VUs  0m17.9s/1m0s  16000.00 iters/s

running (0m18.9s), 02523/02523 VUs, 242391 complete and 0 interrupted iterations
steady   [  31% ] 02523/02523 VUs  0m18.9s/1m0s  16000.00 iters/s

running (0m19.9s), 02638/02639 VUs, 254811 complete and 0 interrupted iterations
steady   [  33% ] 02638/02639 VUs  0m19.9s/1m0s  16000.00 iters/s

running (0m20.9s), 02755/02755 VUs, 260260 complete and 0 interrupted iterations
steady   [  35% ] 02755/02755 VUs  0m20.9s/1m0s  16000.00 iters/s

running (0m21.9s), 00002/02920 VUs, 275010 complete and 0 interrupted iterations
steady   [  36% ] 00002/02920 VUs  0m21.9s/1m0s  16000.00 iters/s

running (0m22.9s), 02232/02982 VUs, 287193 complete and 0 interrupted iterations
steady   [  38% ] 02232/02982 VUs  0m22.9s/1m0s  16000.00 iters/s

running (0m23.9s), 02857/03014 VUs, 293343 complete and 0 interrupted iterations
steady   [  40% ] 02857/03014 VUs  0m23.9s/1m0s  16000.00 iters/s

running (0m24.9s), 01991/03186 VUs, 301831 complete and 0 interrupted iterations
steady   [  42% ] 01992/03186 VUs  0m24.9s/1m0s  16000.00 iters/s

running (0m25.9s), 02430/03376 VUs, 311068 complete and 0 interrupted iterations
steady   [  43% ] 02430/03376 VUs  0m25.9s/1m0s  16000.00 iters/s

running (0m27.0s), 00490/03506 VUs, 322338 complete and 0 interrupted iterations
steady   [  45% ] 00490/03506 VUs  0m27.0s/1m0s  16000.00 iters/s

running (0m27.9s), 02555/03524 VUs, 333794 complete and 0 interrupted iterations
steady   [  47% ] 02555/03524 VUs  0m27.9s/1m0s  16000.00 iters/s

running (0m28.9s), 03623/03624 VUs, 343116 complete and 0 interrupted iterations
steady   [  48% ] 03623/03624 VUs  0m28.9s/1m0s  16000.00 iters/s

running (0m30.0s), 03413/03792 VUs, 354702 complete and 0 interrupted iterations
steady   [  50% ] 03413/03792 VUs  0m30.0s/1m0s  16000.00 iters/s

running (0m30.9s), 00812/03801 VUs, 360320 complete and 0 interrupted iterations
steady   [  52% ] 00809/03801 VUs  0m30.9s/1m0s  16000.00 iters/s

running (0m31.9s), 00060/03830 VUs, 376428 complete and 0 interrupted iterations
steady   [  53% ] 00060/03830 VUs  0m31.9s/1m0s  16000.00 iters/s

running (0m32.9s), 03845/03846 VUs, 387028 complete and 0 interrupted iterations
steady   [  55% ] 03845/03846 VUs  0m32.9s/1m0s  16000.00 iters/s

running (0m33.9s), 04061/04061 VUs, 396567 complete and 0 interrupted iterations
steady   [  57% ] 04061/04061 VUs  0m33.9s/1m0s  16000.00 iters/s

running (0m35.6s), 03040/04127 VUs, 404105 complete and 0 interrupted iterations
steady   [  60% ] 03040/04127 VUs  0m35.8s/1m0s  16000.00 iters/s

running (0m36.0s), 04127/04128 VUs, 407561 complete and 0 interrupted iterations
steady   [  60% ] 04127/04127 VUs  0m36.0s/1m0s  16000.00 iters/s

running (0m36.9s), 00001/04160 VUs, 421311 complete and 0 interrupted iterations
steady   [  61% ] 00002/04160 VUs  0m36.9s/1m0s  16000.00 iters/s

running (0m37.9s), 02713/04160 VUs, 434605 complete and 0 interrupted iterations
steady   [  63% ] 02713/04160 VUs  0m37.9s/1m0s  16000.00 iters/s

running (0m38.9s), 03372/04280 VUs, 447240 complete and 0 interrupted iterations
steady   [  65% ] 03372/04280 VUs  0m38.9s/1m0s  16000.00 iters/s

running (0m40.0s), 02955/04285 VUs, 455440 complete and 0 interrupted iterations
steady   [  67% ] 02955/04285 VUs  0m40.0s/1m0s  16000.00 iters/s

running (0m41.0s), 04246/04315 VUs, 468521 complete and 0 interrupted iterations
steady   [  68% ] 04245/04315 VUs  0m41.0s/1m0s  16000.00 iters/s

running (0m41.9s), 00268/04339 VUs, 485961 complete and 0 interrupted iterations
steady   [  70% ] 00268/04339 VUs  0m41.9s/1m0s  16000.00 iters/s

running (0m42.9s), 04374/04374 VUs, 496215 complete and 0 interrupted iterations
steady   [  71% ] 04374/04374 VUs  0m42.9s/1m0s  16000.00 iters/s

running (0m43.9s), 04168/04547 VUs, 503630 complete and 0 interrupted iterations
steady   [  73% ] 04168/04547 VUs  0m43.9s/1m0s  16000.00 iters/s

running (0m44.9s), 04000/04554 VUs, 509426 complete and 0 interrupted iterations
steady   [  75% ] 04000/04553 VUs  0m44.9s/1m0s  16000.00 iters/s

running (0m45.9s), 03611/04610 VUs, 523555 complete and 0 interrupted iterations
steady   [  77% ] 03611/04610 VUs  0m45.9s/1m0s  16000.00 iters/s

running (0m46.9s), 02384/04681 VUs, 539362 complete and 0 interrupted iterations
steady   [  78% ] 02384/04681 VUs  0m46.9s/1m0s  16000.00 iters/s

running (0m47.9s), 04507/04787 VUs, 549702 complete and 0 interrupted iterations
steady   [  80% ] 04507/04787 VUs  0m47.9s/1m0s  16000.00 iters/s

running (0m48.9s), 04563/04899 VUs, 559705 complete and 0 interrupted iterations
steady   [  82% ] 04563/04899 VUs  0m48.9s/1m0s  16000.00 iters/s

running (0m49.9s), 03165/04907 VUs, 568392 complete and 0 interrupted iterations
steady   [  83% ] 03165/04907 VUs  0m49.9s/1m0s  16000.00 iters/s

running (0m50.9s), 00001/04953 VUs, 584996 complete and 0 interrupted iterations
steady   [  85% ] 00001/04953 VUs  0m50.9s/1m0s  16000.00 iters/s

running (0m52.0s), 01957/04953 VUs, 598216 complete and 0 interrupted iterations
steady   [  87% ] 01957/04953 VUs  0m52.0s/1m0s  16000.00 iters/s

running (0m52.9s), 03989/05035 VUs, 607320 complete and 0 interrupted iterations
steady   [  88% ] 03989/05035 VUs  0m52.9s/1m0s  16000.00 iters/s

running (0m54.0s), 05017/05170 VUs, 616445 complete and 0 interrupted iterations
steady   [  90% ] 05018/05170 VUs  0m54.0s/1m0s  16000.00 iters/s

running (0m55.2s), 05036/05325 VUs, 624185 complete and 0 interrupted iterations
steady   [  92% ] 05036/05325 VUs  0m55.2s/1m0s  16000.00 iters/s

running (0m56.0s), 04916/05332 VUs, 626353 complete and 0 interrupted iterations
steady   [  93% ] 04916/05332 VUs  0m56.0s/1m0s  16000.00 iters/s

running (0m56.9s), 02582/05340 VUs, 638981 complete and 0 interrupted iterations
steady   [  95% ] 02581/05340 VUs  0m56.9s/1m0s  16000.00 iters/s

running (0m57.9s), 00225/05340 VUs, 656257 complete and 0 interrupted iterations
steady   [  97% ] 00093/05340 VUs  0m57.9s/1m0s  16000.00 iters/s

running (0m58.9s), 04837/05360 VUs, 665426 complete and 0 interrupted iterations
steady   [  98% ] 04837/05360 VUs  0m58.9s/1m0s  16000.00 iters/s

running (0m59.9s), 03673/05453 VUs, 679162 complete and 0 interrupted iterations
steady   [ 100% ] 03673/05453 VUs  0m59.9s/1m0s  16000.00 iters/s

running (1m00.4s), 00000/05453 VUs, 684520 complete and 0 interrupted iterations
steady ✓ [ 100% ] 00000/05453 VUs  1m0s  16000.00 iters/s

  http_reqs                    684520 (11333.42/s)
  http_req_duration            med=45.94ms p95=773.49ms p99=1429.95ms max=3861.18ms
  http_req_waiting             p95=741.19ms
  http_req_failed              0.000%
  dropped_iterations           275522
  vus_max                      5453
  checks                       0 passed, 0 failed


running (1m00.4s), 00000/05453 VUs, 684520 complete and 0 interrupted iterations
steady ✓ [ 100% ] 00000/05453 VUs  1m0s  16000.00 iters/s
time="2026-07-26T03:04:18-07:00" level=error msg="thresholds on metrics 'dropped_iterations, http_req_duration' have been crossed"
