
         /\      Grafana   /‾‾/  
    /\  /  \     |\  __   /  /   
   /  \/    \    | |/ /  /   ‾‾\ 
  /          \   |   (  |  (‾)  |
 / __________ \  |_|\_\  \_____/ 


     execution: local
        script: /Users/juancavallotti/Documents/development/octo-performance/scenarios/003-postgres-crud/k6/steady.js
        output: -

     scenarios: (100.00%) 1 scenario, 3600 max VUs, 1m10s max duration (incl. graceful stop):
              * steady: 1500.00 iterations/s for 1m0s (maxVUs: 360-3600, gracefulStop: 10s)


running (0m00.9s), 0414/0415 VUs, 732 complete and 0 interrupted iterations
steady   [   1% ] 0414/0415 VUs  0m00.9s/1m0s  1500.00 iters/s

running (0m01.9s), 0517/0518 VUs, 1560 complete and 0 interrupted iterations
steady   [   3% ] 0517/0518 VUs  0m01.9s/1m0s  1500.00 iters/s

running (0m02.9s), 0632/0633 VUs, 2546 complete and 0 interrupted iterations
steady   [   5% ] 0632/0633 VUs  0m02.9s/1m0s  1500.00 iters/s

running (0m03.9s), 0784/0784 VUs, 3275 complete and 0 interrupted iterations
steady   [   6% ] 0784/0784 VUs  0m03.9s/1m0s  1500.00 iters/s

running (0m04.9s), 0904/0908 VUs, 3773 complete and 0 interrupted iterations
steady   [   8% ] 0904/0908 VUs  0m04.9s/1m0s  1500.00 iters/s

running (0m05.9s), 1058/1062 VUs, 4625 complete and 0 interrupted iterations
steady   [  10% ] 1058/1062 VUs  0m05.9s/1m0s  1500.00 iters/s

running (0m06.9s), 1194/1194 VUs, 5481 complete and 0 interrupted iterations
steady   [  11% ] 1194/1194 VUs  0m06.9s/1m0s  1500.00 iters/s

running (0m07.9s), 1303/1308 VUs, 6286 complete and 0 interrupted iterations
steady   [  13% ] 1303/1308 VUs  0m07.9s/1m0s  1500.00 iters/s

running (0m08.9s), 1398/1398 VUs, 7403 complete and 0 interrupted iterations
steady   [  15% ] 1398/1398 VUs  0m08.9s/1m0s  1500.00 iters/s

running (0m09.9s), 1156/1521 VUs, 8702 complete and 0 interrupted iterations
steady   [  16% ] 1156/1521 VUs  0m09.9s/1m0s  1500.00 iters/s

running (0m10.9s), 0103/1521 VUs, 11244 complete and 0 interrupted iterations
steady   [  18% ] 0103/1521 VUs  0m10.9s/1m0s  1500.00 iters/s

running (0m11.9s), 0894/1521 VUs, 11957 complete and 0 interrupted iterations
steady   [  20% ] 0894/1521 VUs  0m11.9s/1m0s  1500.00 iters/s

running (0m12.9s), 1568/1569 VUs, 12547 complete and 0 interrupted iterations
steady   [  21% ] 1568/1569 VUs  0m12.9s/1m0s  1500.00 iters/s

running (0m13.9s), 1727/1736 VUs, 13091 complete and 0 interrupted iterations
steady   [  23% ] 1727/1736 VUs  0m13.9s/1m0s  1500.00 iters/s

running (0m14.9s), 1871/1885 VUs, 13830 complete and 0 interrupted iterations
steady   [  25% ] 1871/1885 VUs  0m14.9s/1m0s  1500.00 iters/s

running (0m15.9s), 1956/1978 VUs, 14818 complete and 0 interrupted iterations
steady   [  26% ] 1956/1978 VUs  0m15.9s/1m0s  1500.00 iters/s

running (0m16.9s), 2112/2123 VUs, 15611 complete and 0 interrupted iterations
steady   [  28% ] 2112/2123 VUs  0m16.9s/1m0s  1500.00 iters/s

running (0m17.9s), 2266/2267 VUs, 16365 complete and 0 interrupted iterations
steady   [  30% ] 2266/2267 VUs  0m17.9s/1m0s  1500.00 iters/s

running (0m18.9s), 2357/2361 VUs, 17229 complete and 0 interrupted iterations
steady   [  31% ] 2357/2361 VUs  0m18.9s/1m0s  1500.00 iters/s

running (0m19.9s), 2491/2491 VUs, 18118 complete and 0 interrupted iterations
steady   [  33% ] 2491/2491 VUs  0m19.9s/1m0s  1500.00 iters/s

running (0m20.9s), 2613/2614 VUs, 18930 complete and 0 interrupted iterations
steady   [  35% ] 2613/2614 VUs  0m20.9s/1m0s  1500.00 iters/s

running (0m21.9s), 2737/2740 VUs, 19551 complete and 0 interrupted iterations
steady   [  36% ] 2737/2740 VUs  0m21.9s/1m0s  1500.00 iters/s

running (0m22.9s), 2839/2844 VUs, 20509 complete and 0 interrupted iterations
steady   [  38% ] 2839/2844 VUs  0m22.9s/1m0s  1500.00 iters/s

running (0m23.9s), 2972/2979 VUs, 21272 complete and 0 interrupted iterations
steady   [  40% ] 2972/2979 VUs  0m23.9s/1m0s  1500.00 iters/s

running (0m24.9s), 3157/3158 VUs, 21863 complete and 0 interrupted iterations
steady   [  41% ] 3157/3158 VUs  0m24.9s/1m0s  1500.00 iters/s

running (0m25.9s), 3269/3272 VUs, 22674 complete and 0 interrupted iterations
steady   [  43% ] 3269/3272 VUs  0m25.9s/1m0s  1500.00 iters/s

running (0m26.9s), 3395/3395 VUs, 23478 complete and 0 interrupted iterations
steady   [  45% ] 3395/3395 VUs  0m26.9s/1m0s  1500.00 iters/s

running (0m27.9s), 3456/3456 VUs, 24031 complete and 0 interrupted iterations
steady   [  46% ] 3456/3456 VUs  0m27.9s/1m0s  1500.00 iters/s

running (0m28.9s), 3561/3565 VUs, 24604 complete and 0 interrupted iterations
steady   [  48% ] 3561/3565 VUs  0m28.9s/1m0s  1500.00 iters/s
time="2026-07-25T18:01:53-07:00" level=warning msg="Insufficient VUs, reached 3600 active VUs and cannot initialize more" executor=constant-arrival-rate scenario=steady

running (0m29.9s), 3593/3600 VUs, 25166 complete and 0 interrupted iterations
steady   [  50% ] 3593/3600 VUs  0m29.9s/1m0s  1500.00 iters/s

running (0m30.9s), 3592/3600 VUs, 25970 complete and 0 interrupted iterations
steady   [  51% ] 3592/3600 VUs  0m30.9s/1m0s  1500.00 iters/s

running (0m31.9s), 3597/3600 VUs, 26648 complete and 0 interrupted iterations
steady   [  53% ] 3597/3600 VUs  0m31.9s/1m0s  1500.00 iters/s

running (0m32.9s), 3600/3600 VUs, 27216 complete and 0 interrupted iterations
steady   [  55% ] 3600/3600 VUs  0m32.9s/1m0s  1500.00 iters/s

running (0m33.9s), 3596/3600 VUs, 27861 complete and 0 interrupted iterations
steady   [  56% ] 3596/3600 VUs  0m33.9s/1m0s  1500.00 iters/s

running (0m34.9s), 3589/3600 VUs, 28345 complete and 0 interrupted iterations
steady   [  58% ] 3589/3600 VUs  0m34.9s/1m0s  1500.00 iters/s

running (0m35.9s), 3600/3600 VUs, 29163 complete and 0 interrupted iterations
steady   [  60% ] 3600/3600 VUs  0m35.9s/1m0s  1500.00 iters/s

running (0m36.9s), 3595/3600 VUs, 30026 complete and 0 interrupted iterations
steady   [  61% ] 3595/3600 VUs  0m36.9s/1m0s  1500.00 iters/s

running (0m37.9s), 2471/3600 VUs, 32500 complete and 0 interrupted iterations
steady   [  63% ] 2471/3600 VUs  0m37.9s/1m0s  1500.00 iters/s

running (0m38.9s), 1941/3600 VUs, 34530 complete and 0 interrupted iterations
steady   [  65% ] 1941/3600 VUs  0m38.9s/1m0s  1500.00 iters/s

running (0m39.9s), 2839/3600 VUs, 35129 complete and 0 interrupted iterations
steady   [  66% ] 2839/3600 VUs  0m39.9s/1m0s  1500.00 iters/s

running (0m40.9s), 3597/3600 VUs, 35752 complete and 0 interrupted iterations
steady   [  68% ] 3597/3600 VUs  0m40.9s/1m0s  1500.00 iters/s

running (0m41.9s), 3600/3600 VUs, 36710 complete and 0 interrupted iterations
steady   [  70% ] 3600/3600 VUs  0m41.9s/1m0s  1500.00 iters/s

running (0m42.9s), 3600/3600 VUs, 37531 complete and 0 interrupted iterations
steady   [  71% ] 3600/3600 VUs  0m42.9s/1m0s  1500.00 iters/s

running (0m43.9s), 3599/3600 VUs, 38315 complete and 0 interrupted iterations
steady   [  73% ] 3599/3600 VUs  0m43.9s/1m0s  1500.00 iters/s

running (0m44.9s), 3599/3600 VUs, 39007 complete and 0 interrupted iterations
steady   [  75% ] 3599/3600 VUs  0m44.9s/1m0s  1500.00 iters/s

running (0m45.9s), 3600/3600 VUs, 39813 complete and 0 interrupted iterations
steady   [  76% ] 3600/3600 VUs  0m45.9s/1m0s  1500.00 iters/s

running (0m46.9s), 3596/3600 VUs, 40600 complete and 0 interrupted iterations
steady   [  78% ] 3596/3600 VUs  0m46.9s/1m0s  1500.00 iters/s

running (0m47.9s), 3590/3600 VUs, 41342 complete and 0 interrupted iterations
steady   [  80% ] 3590/3600 VUs  0m47.9s/1m0s  1500.00 iters/s

running (0m48.9s), 3600/3600 VUs, 42033 complete and 0 interrupted iterations
steady   [  81% ] 3600/3600 VUs  0m48.9s/1m0s  1500.00 iters/s

running (0m49.9s), 3597/3600 VUs, 42698 complete and 0 interrupted iterations
steady   [  83% ] 3597/3600 VUs  0m49.9s/1m0s  1500.00 iters/s

running (0m50.9s), 3590/3600 VUs, 43411 complete and 0 interrupted iterations
steady   [  85% ] 3590/3600 VUs  0m50.9s/1m0s  1500.00 iters/s

running (0m51.9s), 3591/3600 VUs, 44081 complete and 0 interrupted iterations
steady   [  86% ] 3591/3600 VUs  0m51.9s/1m0s  1500.00 iters/s

running (0m52.9s), 3600/3600 VUs, 44853 complete and 0 interrupted iterations
steady   [  88% ] 3600/3600 VUs  0m52.9s/1m0s  1500.00 iters/s

running (0m53.9s), 3600/3600 VUs, 45406 complete and 0 interrupted iterations
steady   [  90% ] 3600/3600 VUs  0m53.9s/1m0s  1500.00 iters/s

running (0m54.9s), 3590/3600 VUs, 46058 complete and 0 interrupted iterations
steady   [  91% ] 3590/3600 VUs  0m54.9s/1m0s  1500.00 iters/s

running (0m55.9s), 3600/3600 VUs, 46741 complete and 0 interrupted iterations
steady   [  93% ] 3600/3600 VUs  0m55.9s/1m0s  1500.00 iters/s

running (0m56.9s), 3600/3600 VUs, 47504 complete and 0 interrupted iterations
steady   [  95% ] 3600/3600 VUs  0m56.9s/1m0s  1500.00 iters/s

running (0m57.9s), 3600/3600 VUs, 47805 complete and 0 interrupted iterations
steady   [  96% ] 3600/3600 VUs  0m57.9s/1m0s  1500.00 iters/s

running (0m58.9s), 3598/3600 VUs, 48306 complete and 0 interrupted iterations
steady   [  98% ] 3598/3600 VUs  0m58.9s/1m0s  1500.00 iters/s

running (0m59.9s), 3600/3600 VUs, 48902 complete and 0 interrupted iterations
steady   [ 100% ] 3600/3600 VUs  0m59.9s/1m0s  1500.00 iters/s

running (1m00.9s), 2937/3600 VUs, 49626 complete and 0 interrupted iterations
steady ↓ [ 100% ] 3600/3600 VUs  1m0s  1500.00 iters/s

running (1m01.9s), 2143/3600 VUs, 50420 complete and 0 interrupted iterations
steady ↓ [ 100% ] 3600/3600 VUs  1m0s  1500.00 iters/s

running (1m02.9s), 1254/3600 VUs, 51309 complete and 0 interrupted iterations
steady ↓ [ 100% ] 3600/3600 VUs  1m0s  1500.00 iters/s

running (1m03.9s), 0467/3600 VUs, 52096 complete and 0 interrupted iterations
steady ↓ [ 100% ] 3600/3600 VUs  1m0s  1500.00 iters/s

  http_reqs                    52563 (815.26/s)
  http_req_duration            med=3092.36ms p95=5915.61ms p99=6193.60ms max=6303.82ms
  http_req_waiting             p95=5915.38ms
  http_req_failed              0.000%
  dropped_iterations           37440
  vus_max                      3600
  checks                       0 passed, 0 failed


running (1m04.5s), 0000/3600 VUs, 52563 complete and 0 interrupted iterations
steady ✓ [ 100% ] 0000/3600 VUs  1m0s  1500.00 iters/s
time="2026-07-25T18:02:28-07:00" level=error msg="thresholds on metrics 'dropped_iterations, http_req_duration' have been crossed"
