
         /\      Grafana   /‾‾/  
    /\  /  \     |\  __   /  /   
   /  \/    \    | |/ /  /   ‾‾\ 
  /          \   |   (  |  (‾)  |
 / __________ \  |_|\_\  \_____/ 


     execution: local
        script: /Users/juancavallotti/Documents/development/octo-performance/scenarios/001-template-page/k6/steady.js
        output: -

     scenarios: (100.00%) 1 scenario, 16000 max VUs, 1m10s max duration (incl. graceful stop):
              * steady: 16000.00 iterations/s for 1m0s (maxVUs: 1600-16000, gracefulStop: 10s)


running (0m00.9s), 00014/01600 VUs, 14264 complete and 0 interrupted iterations
steady   [   1% ] 00014/01600 VUs  0m00.9s/1m0s  16000.00 iters/s

running (0m01.9s), 00011/01600 VUs, 30266 complete and 0 interrupted iterations
steady   [   3% ] 00011/01600 VUs  0m01.9s/1m0s  16000.00 iters/s

running (0m02.9s), 00037/01600 VUs, 46243 complete and 0 interrupted iterations
steady   [   5% ] 00037/01600 VUs  0m02.9s/1m0s  16000.00 iters/s

running (0m03.9s), 00028/01600 VUs, 62249 complete and 0 interrupted iterations
steady   [   6% ] 00028/01600 VUs  0m03.9s/1m0s  16000.00 iters/s

running (0m04.9s), 00007/01600 VUs, 78270 complete and 0 interrupted iterations
steady   [   8% ] 00007/01600 VUs  0m04.9s/1m0s  16000.00 iters/s

running (0m05.9s), 00021/01600 VUs, 94256 complete and 0 interrupted iterations
steady   [  10% ] 00021/01600 VUs  0m05.9s/1m0s  16000.00 iters/s

running (0m06.9s), 00008/01600 VUs, 110269 complete and 0 interrupted iterations
steady   [  11% ] 00008/01600 VUs  0m06.9s/1m0s  16000.00 iters/s

running (0m07.9s), 00011/01600 VUs, 126267 complete and 0 interrupted iterations
steady   [  13% ] 00010/01600 VUs  0m07.9s/1m0s  16000.00 iters/s

running (0m08.9s), 00025/01600 VUs, 142253 complete and 0 interrupted iterations
steady   [  15% ] 00025/01600 VUs  0m08.9s/1m0s  16000.00 iters/s

running (0m09.9s), 00009/01600 VUs, 158269 complete and 0 interrupted iterations
steady   [  16% ] 00009/01600 VUs  0m09.9s/1m0s  16000.00 iters/s

running (0m10.9s), 00014/01600 VUs, 174263 complete and 0 interrupted iterations
steady   [  18% ] 00014/01600 VUs  0m10.9s/1m0s  16000.00 iters/s

running (0m11.9s), 00017/01600 VUs, 190260 complete and 0 interrupted iterations
steady   [  20% ] 00017/01600 VUs  0m11.9s/1m0s  16000.00 iters/s

running (0m12.9s), 00009/01600 VUs, 206270 complete and 0 interrupted iterations
steady   [  21% ] 00009/01600 VUs  0m12.9s/1m0s  16000.00 iters/s

running (0m13.9s), 00009/01600 VUs, 222268 complete and 0 interrupted iterations
steady   [  23% ] 00009/01600 VUs  0m13.9s/1m0s  16000.00 iters/s

running (0m14.9s), 00007/01600 VUs, 238270 complete and 0 interrupted iterations
steady   [  25% ] 00007/01600 VUs  0m14.9s/1m0s  16000.00 iters/s

running (0m15.9s), 00011/01600 VUs, 254267 complete and 0 interrupted iterations
steady   [  26% ] 00011/01600 VUs  0m15.9s/1m0s  16000.00 iters/s

running (0m16.9s), 00007/01600 VUs, 270270 complete and 0 interrupted iterations
steady   [  28% ] 00007/01600 VUs  0m16.9s/1m0s  16000.00 iters/s

running (0m17.9s), 00009/01600 VUs, 286268 complete and 0 interrupted iterations
steady   [  30% ] 00009/01600 VUs  0m17.9s/1m0s  16000.00 iters/s

running (0m18.9s), 00009/01600 VUs, 302267 complete and 0 interrupted iterations
steady   [  31% ] 00009/01600 VUs  0m18.9s/1m0s  16000.00 iters/s

running (0m19.9s), 00010/01600 VUs, 318269 complete and 0 interrupted iterations
steady   [  33% ] 00010/01600 VUs  0m19.9s/1m0s  16000.00 iters/s

running (0m20.9s), 00008/01600 VUs, 334269 complete and 0 interrupted iterations
steady   [  35% ] 00008/01600 VUs  0m20.9s/1m0s  16000.00 iters/s

running (0m21.9s), 00007/01600 VUs, 350270 complete and 0 interrupted iterations
steady   [  36% ] 00007/01600 VUs  0m21.9s/1m0s  16000.00 iters/s

running (0m22.9s), 00015/01600 VUs, 366262 complete and 0 interrupted iterations
steady   [  38% ] 00015/01600 VUs  0m22.9s/1m0s  16000.00 iters/s

running (0m23.9s), 00009/01600 VUs, 382268 complete and 0 interrupted iterations
steady   [  40% ] 00009/01600 VUs  0m23.9s/1m0s  16000.00 iters/s

running (0m24.9s), 00020/01600 VUs, 398257 complete and 0 interrupted iterations
steady   [  41% ] 00020/01600 VUs  0m24.9s/1m0s  16000.00 iters/s

running (0m25.9s), 00014/01600 VUs, 414262 complete and 0 interrupted iterations
steady   [  43% ] 00014/01600 VUs  0m25.9s/1m0s  16000.00 iters/s

running (0m26.9s), 00028/01600 VUs, 430249 complete and 0 interrupted iterations
steady   [  45% ] 00028/01600 VUs  0m26.9s/1m0s  16000.00 iters/s

running (0m27.9s), 00011/01600 VUs, 446266 complete and 0 interrupted iterations
steady   [  46% ] 00010/01600 VUs  0m27.9s/1m0s  16000.00 iters/s

running (0m28.9s), 00002/01600 VUs, 462274 complete and 0 interrupted iterations
steady   [  48% ] 00002/01600 VUs  0m28.9s/1m0s  16000.00 iters/s

running (0m29.9s), 00003/01600 VUs, 478272 complete and 0 interrupted iterations
steady   [  50% ] 00004/01600 VUs  0m29.9s/1m0s  16000.00 iters/s

running (0m30.9s), 00013/01600 VUs, 494265 complete and 0 interrupted iterations
steady   [  51% ] 00013/01600 VUs  0m30.9s/1m0s  16000.00 iters/s

running (0m31.9s), 00010/01600 VUs, 510267 complete and 0 interrupted iterations
steady   [  53% ] 00011/01600 VUs  0m31.9s/1m0s  16000.00 iters/s

running (0m32.9s), 00025/01600 VUs, 526252 complete and 0 interrupted iterations
steady   [  55% ] 00025/01600 VUs  0m32.9s/1m0s  16000.00 iters/s

running (0m33.9s), 00011/01600 VUs, 542267 complete and 0 interrupted iterations
steady   [  56% ] 00011/01600 VUs  0m33.9s/1m0s  16000.00 iters/s

running (0m34.9s), 00018/01600 VUs, 558259 complete and 0 interrupted iterations
steady   [  58% ] 00018/01600 VUs  0m34.9s/1m0s  16000.00 iters/s

running (0m35.9s), 00007/01600 VUs, 574272 complete and 0 interrupted iterations
steady   [  60% ] 00007/01600 VUs  0m35.9s/1m0s  16000.00 iters/s

running (0m36.9s), 00007/01600 VUs, 590270 complete and 0 interrupted iterations
steady   [  61% ] 00007/01600 VUs  0m36.9s/1m0s  16000.00 iters/s

running (0m37.9s), 00008/01600 VUs, 606269 complete and 0 interrupted iterations
steady   [  63% ] 00008/01600 VUs  0m37.9s/1m0s  16000.00 iters/s

running (0m38.9s), 00009/01600 VUs, 622268 complete and 0 interrupted iterations
steady   [  65% ] 00009/01600 VUs  0m38.9s/1m0s  16000.00 iters/s

running (0m39.9s), 00017/01600 VUs, 638261 complete and 0 interrupted iterations
steady   [  66% ] 00017/01600 VUs  0m39.9s/1m0s  16000.00 iters/s

running (0m40.9s), 00014/01600 VUs, 654263 complete and 0 interrupted iterations
steady   [  68% ] 00013/01600 VUs  0m40.9s/1m0s  16000.00 iters/s

running (0m41.9s), 00009/01600 VUs, 670268 complete and 0 interrupted iterations
steady   [  70% ] 00009/01600 VUs  0m41.9s/1m0s  16000.00 iters/s

running (0m42.9s), 00010/01600 VUs, 686268 complete and 0 interrupted iterations
steady   [  71% ] 00010/01600 VUs  0m42.9s/1m0s  16000.00 iters/s

running (0m43.9s), 00029/01600 VUs, 702252 complete and 0 interrupted iterations
steady   [  73% ] 00029/01600 VUs  0m43.9s/1m0s  16000.00 iters/s

running (0m44.9s), 00010/01600 VUs, 718267 complete and 0 interrupted iterations
steady   [  75% ] 00010/01600 VUs  0m44.9s/1m0s  16000.00 iters/s

running (0m45.9s), 00020/01600 VUs, 734257 complete and 0 interrupted iterations
steady   [  76% ] 00020/01600 VUs  0m45.9s/1m0s  16000.00 iters/s

running (0m46.9s), 00129/01600 VUs, 750147 complete and 0 interrupted iterations
steady   [  78% ] 00129/01600 VUs  0m46.9s/1m0s  16000.00 iters/s

running (0m47.9s), 00028/01600 VUs, 766250 complete and 0 interrupted iterations
steady   [  80% ] 00028/01600 VUs  0m47.9s/1m0s  16000.00 iters/s

running (0m48.9s), 00082/01600 VUs, 782194 complete and 0 interrupted iterations
steady   [  81% ] 00082/01600 VUs  0m48.9s/1m0s  16000.00 iters/s

running (0m49.9s), 00012/01600 VUs, 798265 complete and 0 interrupted iterations
steady   [  83% ] 00012/01600 VUs  0m49.9s/1m0s  16000.00 iters/s

running (0m50.9s), 00010/01600 VUs, 814269 complete and 0 interrupted iterations
steady   [  85% ] 00010/01600 VUs  0m50.9s/1m0s  16000.00 iters/s

running (0m51.9s), 00011/01600 VUs, 830266 complete and 0 interrupted iterations
steady   [  86% ] 00011/01600 VUs  0m51.9s/1m0s  16000.00 iters/s

running (0m52.9s), 00008/01600 VUs, 846270 complete and 0 interrupted iterations
steady   [  88% ] 00008/01600 VUs  0m52.9s/1m0s  16000.00 iters/s

running (0m53.9s), 00012/01600 VUs, 862268 complete and 0 interrupted iterations
steady   [  90% ] 00012/01600 VUs  0m53.9s/1m0s  16000.00 iters/s

running (0m54.9s), 00011/01600 VUs, 878265 complete and 0 interrupted iterations
steady   [  91% ] 00011/01600 VUs  0m54.9s/1m0s  16000.00 iters/s

running (0m55.9s), 00010/01600 VUs, 894267 complete and 0 interrupted iterations
steady   [  93% ] 00011/01600 VUs  0m55.9s/1m0s  16000.00 iters/s

running (0m56.9s), 00076/01600 VUs, 910201 complete and 0 interrupted iterations
steady   [  95% ] 00076/01600 VUs  0m56.9s/1m0s  16000.00 iters/s

running (0m57.9s), 00097/01600 VUs, 926180 complete and 0 interrupted iterations
steady   [  96% ] 00096/01600 VUs  0m57.9s/1m0s  16000.00 iters/s

running (0m58.9s), 00010/01600 VUs, 942266 complete and 0 interrupted iterations
steady   [  98% ] 00011/01600 VUs  0m58.9s/1m0s  16000.00 iters/s

running (0m59.9s), 00015/01600 VUs, 958262 complete and 0 interrupted iterations
steady   [ 100% ] 00015/01600 VUs  0m59.9s/1m0s  16000.00 iters/s

  http_reqs                    960000 (15999.25/s)
  http_req_duration            med=0.64ms p95=4.95ms p99=14.93ms max=95.03ms
  http_req_waiting             p95=4.86ms
  http_req_failed              0.000%
  dropped_iterations           0
  vus_max                      1600
  checks                       0 passed, 0 failed


running (1m00.0s), 00000/01600 VUs, 960000 complete and 0 interrupted iterations
steady ✓ [ 100% ] 00000/01600 VUs  1m0s  16000.00 iters/s
