
         /\      Grafana   /‾‾/  
    /\  /  \     |\  __   /  /   
   /  \/    \    | |/ /  /   ‾‾\ 
  /          \   |   (  |  (‾)  |
 / __________ \  |_|\_\  \_____/ 


     execution: local
        script: /Users/juancavallotti/Documents/development/octo-performance/scenarios/003-postgres-crud/k6/steady.js
        output: -

     scenarios: (100.00%) 1 scenario, 3600 max VUs, 1m10s max duration (incl. graceful stop):
              * steady: 1500.00 iterations/s for 1m0s (maxVUs: 360-3600, gracefulStop: 10s)


running (0m01.0s), 0003/0360 VUs, 1459 complete and 0 interrupted iterations
steady   [   2% ] 0003/0360 VUs  0m01.0s/1m0s  1500.00 iters/s

running (0m02.0s), 0004/0360 VUs, 2958 complete and 0 interrupted iterations
steady   [   3% ] 0004/0360 VUs  0m02.0s/1m0s  1500.00 iters/s

running (0m03.0s), 0003/0360 VUs, 4459 complete and 0 interrupted iterations
steady   [   5% ] 0003/0360 VUs  0m03.0s/1m0s  1500.00 iters/s

running (0m04.0s), 0003/0360 VUs, 5959 complete and 0 interrupted iterations
steady   [   7% ] 0003/0360 VUs  0m04.0s/1m0s  1500.00 iters/s

running (0m05.0s), 0003/0360 VUs, 7459 complete and 0 interrupted iterations
steady   [   8% ] 0003/0360 VUs  0m05.0s/1m0s  1500.00 iters/s

running (0m06.0s), 0002/0360 VUs, 8959 complete and 0 interrupted iterations
steady   [  10% ] 0002/0360 VUs  0m06.0s/1m0s  1500.00 iters/s

running (0m07.0s), 0003/0360 VUs, 10459 complete and 0 interrupted iterations
steady   [  12% ] 0003/0360 VUs  0m07.0s/1m0s  1500.00 iters/s

running (0m08.0s), 0003/0360 VUs, 11960 complete and 0 interrupted iterations
steady   [  13% ] 0003/0360 VUs  0m08.0s/1m0s  1500.00 iters/s

running (0m09.0s), 0003/0360 VUs, 13459 complete and 0 interrupted iterations
steady   [  15% ] 0003/0360 VUs  0m09.0s/1m0s  1500.00 iters/s

running (0m10.0s), 0004/0360 VUs, 14958 complete and 0 interrupted iterations
steady   [  17% ] 0003/0360 VUs  0m10.0s/1m0s  1500.00 iters/s

running (0m11.0s), 0003/0360 VUs, 16459 complete and 0 interrupted iterations
steady   [  18% ] 0003/0360 VUs  0m11.0s/1m0s  1500.00 iters/s

running (0m12.0s), 0003/0360 VUs, 17959 complete and 0 interrupted iterations
steady   [  20% ] 0003/0360 VUs  0m12.0s/1m0s  1500.00 iters/s

running (0m13.0s), 0003/0360 VUs, 19459 complete and 0 interrupted iterations
steady   [  22% ] 0003/0360 VUs  0m13.0s/1m0s  1500.00 iters/s

running (0m14.0s), 0003/0360 VUs, 20959 complete and 0 interrupted iterations
steady   [  23% ] 0003/0360 VUs  0m14.0s/1m0s  1500.00 iters/s

running (0m15.0s), 0003/0360 VUs, 22459 complete and 0 interrupted iterations
steady   [  25% ] 0003/0360 VUs  0m15.0s/1m0s  1500.00 iters/s

running (0m16.0s), 0002/0360 VUs, 23960 complete and 0 interrupted iterations
steady   [  27% ] 0002/0360 VUs  0m16.0s/1m0s  1500.00 iters/s

running (0m17.0s), 0003/0360 VUs, 25458 complete and 0 interrupted iterations
steady   [  28% ] 0003/0360 VUs  0m17.0s/1m0s  1500.00 iters/s

running (0m18.0s), 0003/0360 VUs, 26959 complete and 0 interrupted iterations
steady   [  30% ] 0003/0360 VUs  0m18.0s/1m0s  1500.00 iters/s

running (0m19.0s), 0002/0360 VUs, 28459 complete and 0 interrupted iterations
steady   [  32% ] 0002/0360 VUs  0m19.0s/1m0s  1500.00 iters/s

running (0m20.0s), 0003/0360 VUs, 29959 complete and 0 interrupted iterations
steady   [  33% ] 0003/0360 VUs  0m20.0s/1m0s  1500.00 iters/s

running (0m21.0s), 0003/0360 VUs, 31459 complete and 0 interrupted iterations
steady   [  35% ] 0003/0360 VUs  0m21.0s/1m0s  1500.00 iters/s

running (0m22.0s), 0003/0360 VUs, 32959 complete and 0 interrupted iterations
steady   [  37% ] 0003/0360 VUs  0m22.0s/1m0s  1500.00 iters/s

running (0m23.0s), 0003/0360 VUs, 34459 complete and 0 interrupted iterations
steady   [  38% ] 0003/0360 VUs  0m23.0s/1m0s  1500.00 iters/s

running (0m24.0s), 0003/0360 VUs, 35959 complete and 0 interrupted iterations
steady   [  40% ] 0003/0360 VUs  0m24.0s/1m0s  1500.00 iters/s

running (0m25.0s), 0003/0360 VUs, 37459 complete and 0 interrupted iterations
steady   [  42% ] 0003/0360 VUs  0m25.0s/1m0s  1500.00 iters/s

running (1m24.8s), 0030/0360 VUs, 38749 complete and 0 interrupted iterations
steady   [  43% ] 0030/0360 VUs  0m26.0s/1m0s  1500.00 iters/s

running (1m25.7s), 0003/0392 VUs, 40370 complete and 0 interrupted iterations
steady   [  45% ] 0003/0392 VUs  0m27.0s/1m0s  1500.00 iters/s

running (1m26.7s), 0003/0392 VUs, 41870 complete and 0 interrupted iterations
steady   [  47% ] 0003/0392 VUs  0m28.0s/1m0s  1500.00 iters/s

running (1m27.7s), 0002/0392 VUs, 43370 complete and 0 interrupted iterations
steady   [  48% ] 0002/0392 VUs  0m29.0s/1m0s  1500.00 iters/s

running (1m28.7s), 0003/0392 VUs, 44867 complete and 0 interrupted iterations
steady   [  50% ] 0003/0392 VUs  0m30.0s/1m0s  1500.00 iters/s

running (1m29.7s), 0004/0392 VUs, 46369 complete and 0 interrupted iterations
steady   [  52% ] 0004/0392 VUs  0m31.0s/1m0s  1500.00 iters/s

running (1m30.7s), 0003/0392 VUs, 47870 complete and 0 interrupted iterations
steady   [  53% ] 0003/0392 VUs  0m32.0s/1m0s  1500.00 iters/s

running (1m31.7s), 0003/0392 VUs, 49370 complete and 0 interrupted iterations
steady   [  55% ] 0003/0392 VUs  0m33.0s/1m0s  1500.00 iters/s

running (1m32.7s), 0003/0392 VUs, 50870 complete and 0 interrupted iterations
steady   [  57% ] 0003/0392 VUs  0m34.0s/1m0s  1500.00 iters/s

running (1m33.7s), 0003/0392 VUs, 52370 complete and 0 interrupted iterations
steady   [  58% ] 0003/0392 VUs  0m35.0s/1m0s  1500.00 iters/s

running (1m34.7s), 0033/0392 VUs, 53863 complete and 0 interrupted iterations
steady   [  60% ] 0033/0392 VUs  0m36.0s/1m0s  1500.00 iters/s

running (1m35.7s), 0004/0392 VUs, 55369 complete and 0 interrupted iterations
steady   [  62% ] 0004/0392 VUs  0m37.0s/1m0s  1500.00 iters/s

running (1m36.7s), 0003/0392 VUs, 56870 complete and 0 interrupted iterations
steady   [  63% ] 0003/0392 VUs  0m38.0s/1m0s  1500.00 iters/s

running (1m37.7s), 0003/0392 VUs, 58370 complete and 0 interrupted iterations
steady   [  65% ] 0003/0392 VUs  0m39.0s/1m0s  1500.00 iters/s

running (1m38.7s), 0004/0392 VUs, 59870 complete and 0 interrupted iterations
steady   [  67% ] 0004/0392 VUs  0m40.0s/1m0s  1500.00 iters/s

running (1m39.7s), 0003/0392 VUs, 61370 complete and 0 interrupted iterations
steady   [  68% ] 0003/0392 VUs  0m41.0s/1m0s  1500.00 iters/s

running (1m40.7s), 0003/0392 VUs, 62870 complete and 0 interrupted iterations
steady   [  70% ] 0003/0392 VUs  0m42.0s/1m0s  1500.00 iters/s

running (1m41.7s), 0003/0392 VUs, 64370 complete and 0 interrupted iterations
steady   [  72% ] 0003/0392 VUs  0m43.0s/1m0s  1500.00 iters/s

running (1m42.7s), 0003/0392 VUs, 65870 complete and 0 interrupted iterations
steady   [  73% ] 0003/0392 VUs  0m44.0s/1m0s  1500.00 iters/s

running (1m43.7s), 0003/0392 VUs, 67370 complete and 0 interrupted iterations
steady   [  75% ] 0003/0392 VUs  0m45.0s/1m0s  1500.00 iters/s

running (1m44.7s), 0003/0392 VUs, 68870 complete and 0 interrupted iterations
steady   [  77% ] 0003/0392 VUs  0m46.0s/1m0s  1500.00 iters/s

running (1m45.7s), 0003/0392 VUs, 70370 complete and 0 interrupted iterations
steady   [  78% ] 0003/0392 VUs  0m47.0s/1m0s  1500.00 iters/s

running (1m46.7s), 0003/0392 VUs, 71870 complete and 0 interrupted iterations
steady   [  80% ] 0003/0392 VUs  0m48.0s/1m0s  1500.00 iters/s

running (1m47.7s), 0002/0392 VUs, 73370 complete and 0 interrupted iterations
steady   [  82% ] 0002/0392 VUs  0m49.0s/1m0s  1500.00 iters/s

running (1m48.7s), 0003/0392 VUs, 74870 complete and 0 interrupted iterations
steady   [  83% ] 0003/0392 VUs  0m50.0s/1m0s  1500.00 iters/s

running (1m49.7s), 0003/0392 VUs, 76370 complete and 0 interrupted iterations
steady   [  85% ] 0003/0392 VUs  0m51.0s/1m0s  1500.00 iters/s

running (1m50.7s), 0003/0392 VUs, 77870 complete and 0 interrupted iterations
steady   [  87% ] 0003/0392 VUs  0m52.0s/1m0s  1500.00 iters/s

running (1m51.7s), 0003/0392 VUs, 79370 complete and 0 interrupted iterations
steady   [  88% ] 0003/0392 VUs  0m53.0s/1m0s  1500.00 iters/s

running (1m52.7s), 0003/0392 VUs, 80870 complete and 0 interrupted iterations
steady   [  90% ] 0003/0392 VUs  0m54.0s/1m0s  1500.00 iters/s

running (1m53.7s), 0003/0392 VUs, 82370 complete and 0 interrupted iterations
steady   [  92% ] 0003/0392 VUs  0m55.0s/1m0s  1500.00 iters/s

running (1m54.7s), 0003/0392 VUs, 83870 complete and 0 interrupted iterations
steady   [  93% ] 0003/0392 VUs  0m56.0s/1m0s  1500.00 iters/s

running (1m55.7s), 0003/0392 VUs, 85370 complete and 0 interrupted iterations
steady   [  95% ] 0003/0392 VUs  0m57.0s/1m0s  1500.00 iters/s

running (1m56.7s), 0004/0392 VUs, 86870 complete and 0 interrupted iterations
steady   [  97% ] 0004/0392 VUs  0m58.0s/1m0s  1500.00 iters/s

running (1m57.7s), 0003/0392 VUs, 88370 complete and 0 interrupted iterations
steady   [  98% ] 0003/0392 VUs  0m59.0s/1m0s  1500.00 iters/s

running (1m58.7s), 0003/0392 VUs, 89870 complete and 0 interrupted iterations
steady   [ 100% ] 0003/0392 VUs  1m00.0s/1m0s  1500.00 iters/s

  http_reqs                    89912 (757.27/s)
  http_req_duration            med=1.70ms p95=2.60ms p99=13.47ms max=59061.51ms
  http_req_waiting             p95=2.56ms
  http_req_failed              0.000%
  dropped_iterations           89
  vus_max                      392
  checks                       0 passed, 0 failed


running (1m58.7s), 0000/0392 VUs, 89912 complete and 0 interrupted iterations
steady ✓ [ 100% ] 0000/0392 VUs  1m0s  1500.00 iters/s
time="2026-07-26T06:32:12-07:00" level=error msg="thresholds on metrics 'dropped_iterations' have been crossed"
