
         /\      Grafana   /‾‾/  
    /\  /  \     |\  __   /  /   
   /  \/    \    | |/ /  /   ‾‾\ 
  /          \   |   (  |  (‾)  |
 / __________ \  |_|\_\  \_____/ 


     execution: local
        script: /Users/juancavallotti/Documents/development/octo-performance/scenarios/006-json-transform/k6/steady.js
        output: -

     scenarios: (100.00%) 1 scenario, 800 max VUs, 1m10s max duration (incl. graceful stop):
              * steady: 4000.00 iterations/s for 1m0s (maxVUs: 80-800, gracefulStop: 10s)


running (0m01.0s), 001/080 VUs, 3960 complete and 0 interrupted iterations
steady   [   2% ] 001/080 VUs  0m01.0s/1m0s  4000.00 iters/s

running (0m02.0s), 001/080 VUs, 7960 complete and 0 interrupted iterations
steady   [   3% ] 001/080 VUs  0m02.0s/1m0s  4000.00 iters/s

running (0m03.0s), 001/080 VUs, 11960 complete and 0 interrupted iterations
steady   [   5% ] 001/080 VUs  0m03.0s/1m0s  4000.00 iters/s

running (0m04.0s), 001/080 VUs, 15960 complete and 0 interrupted iterations
steady   [   7% ] 001/080 VUs  0m04.0s/1m0s  4000.00 iters/s

running (0m05.0s), 001/080 VUs, 19960 complete and 0 interrupted iterations
steady   [   8% ] 001/080 VUs  0m05.0s/1m0s  4000.00 iters/s

running (0m06.0s), 001/080 VUs, 23960 complete and 0 interrupted iterations
steady   [  10% ] 001/080 VUs  0m06.0s/1m0s  4000.00 iters/s

running (0m07.0s), 001/080 VUs, 27960 complete and 0 interrupted iterations
steady   [  12% ] 001/080 VUs  0m07.0s/1m0s  4000.00 iters/s

running (0m08.0s), 002/080 VUs, 31959 complete and 0 interrupted iterations
steady   [  13% ] 002/080 VUs  0m08.0s/1m0s  4000.00 iters/s

running (0m09.0s), 001/080 VUs, 35960 complete and 0 interrupted iterations
steady   [  15% ] 001/080 VUs  0m09.0s/1m0s  4000.00 iters/s

running (0m10.0s), 001/080 VUs, 39960 complete and 0 interrupted iterations
steady   [  17% ] 001/080 VUs  0m10.0s/1m0s  4000.00 iters/s

running (0m11.0s), 001/080 VUs, 43960 complete and 0 interrupted iterations
steady   [  18% ] 001/080 VUs  0m11.0s/1m0s  4000.00 iters/s

running (0m12.0s), 000/080 VUs, 47961 complete and 0 interrupted iterations
steady   [  20% ] 000/080 VUs  0m12.0s/1m0s  4000.00 iters/s

running (0m13.0s), 001/080 VUs, 51960 complete and 0 interrupted iterations
steady   [  22% ] 001/080 VUs  0m13.0s/1m0s  4000.00 iters/s

running (0m14.0s), 001/080 VUs, 55960 complete and 0 interrupted iterations
steady   [  23% ] 000/080 VUs  0m14.0s/1m0s  4000.00 iters/s

running (0m15.0s), 001/080 VUs, 59960 complete and 0 interrupted iterations
steady   [  25% ] 001/080 VUs  0m15.0s/1m0s  4000.00 iters/s

running (0m16.0s), 001/080 VUs, 63960 complete and 0 interrupted iterations
steady   [  27% ] 001/080 VUs  0m16.0s/1m0s  4000.00 iters/s

running (0m17.0s), 001/080 VUs, 67960 complete and 0 interrupted iterations
steady   [  28% ] 001/080 VUs  0m17.0s/1m0s  4000.00 iters/s

running (0m18.0s), 001/080 VUs, 71960 complete and 0 interrupted iterations
steady   [  30% ] 001/080 VUs  0m18.0s/1m0s  4000.00 iters/s

running (0m19.0s), 001/080 VUs, 75960 complete and 0 interrupted iterations
steady   [  32% ] 001/080 VUs  0m19.0s/1m0s  4000.00 iters/s

running (0m20.0s), 001/080 VUs, 79960 complete and 0 interrupted iterations
steady   [  33% ] 001/080 VUs  0m20.0s/1m0s  4000.00 iters/s

running (0m21.0s), 001/080 VUs, 83960 complete and 0 interrupted iterations
steady   [  35% ] 001/080 VUs  0m21.0s/1m0s  4000.00 iters/s

running (0m22.0s), 003/080 VUs, 87959 complete and 0 interrupted iterations
steady   [  37% ] 003/080 VUs  0m22.0s/1m0s  4000.00 iters/s

running (0m23.0s), 003/080 VUs, 91958 complete and 0 interrupted iterations
steady   [  38% ] 003/080 VUs  0m23.0s/1m0s  4000.00 iters/s

running (0m24.0s), 001/080 VUs, 95960 complete and 0 interrupted iterations
steady   [  40% ] 001/080 VUs  0m24.0s/1m0s  4000.00 iters/s

running (0m25.0s), 001/080 VUs, 99960 complete and 0 interrupted iterations
steady   [  42% ] 001/080 VUs  0m25.0s/1m0s  4000.00 iters/s

running (0m26.0s), 001/080 VUs, 103960 complete and 0 interrupted iterations
steady   [  43% ] 001/080 VUs  0m26.0s/1m0s  4000.00 iters/s

running (0m27.0s), 000/080 VUs, 107961 complete and 0 interrupted iterations
steady   [  45% ] 000/080 VUs  0m27.0s/1m0s  4000.00 iters/s

running (0m28.0s), 001/080 VUs, 111960 complete and 0 interrupted iterations
steady   [  47% ] 001/080 VUs  0m28.0s/1m0s  4000.00 iters/s

running (0m29.0s), 002/080 VUs, 115959 complete and 0 interrupted iterations
steady   [  48% ] 002/080 VUs  0m29.0s/1m0s  4000.00 iters/s

running (0m30.0s), 001/080 VUs, 119960 complete and 0 interrupted iterations
steady   [  50% ] 001/080 VUs  0m30.0s/1m0s  4000.00 iters/s

running (0m31.0s), 001/080 VUs, 123960 complete and 0 interrupted iterations
steady   [  52% ] 001/080 VUs  0m31.0s/1m0s  4000.00 iters/s

running (0m32.0s), 001/080 VUs, 127960 complete and 0 interrupted iterations
steady   [  53% ] 001/080 VUs  0m32.0s/1m0s  4000.00 iters/s

running (0m33.0s), 001/080 VUs, 131960 complete and 0 interrupted iterations
steady   [  55% ] 001/080 VUs  0m33.0s/1m0s  4000.00 iters/s

running (0m34.0s), 001/080 VUs, 135960 complete and 0 interrupted iterations
steady   [  57% ] 001/080 VUs  0m34.0s/1m0s  4000.00 iters/s

running (0m35.0s), 000/080 VUs, 139961 complete and 0 interrupted iterations
steady   [  58% ] 000/080 VUs  0m35.0s/1m0s  4000.00 iters/s

running (0m36.0s), 001/080 VUs, 143960 complete and 0 interrupted iterations
steady   [  60% ] 001/080 VUs  0m36.0s/1m0s  4000.00 iters/s

running (0m37.0s), 001/080 VUs, 147960 complete and 0 interrupted iterations
steady   [  62% ] 001/080 VUs  0m37.0s/1m0s  4000.00 iters/s

running (0m38.0s), 003/080 VUs, 151958 complete and 0 interrupted iterations
steady   [  63% ] 003/080 VUs  0m38.0s/1m0s  4000.00 iters/s

running (0m39.0s), 001/080 VUs, 155960 complete and 0 interrupted iterations
steady   [  65% ] 001/080 VUs  0m39.0s/1m0s  4000.00 iters/s

running (0m40.0s), 001/080 VUs, 159960 complete and 0 interrupted iterations
steady   [  67% ] 001/080 VUs  0m40.0s/1m0s  4000.00 iters/s

running (0m41.0s), 001/080 VUs, 163960 complete and 0 interrupted iterations
steady   [  68% ] 001/080 VUs  0m41.0s/1m0s  4000.00 iters/s

running (0m42.0s), 001/080 VUs, 167960 complete and 0 interrupted iterations
steady   [  70% ] 001/080 VUs  0m42.0s/1m0s  4000.00 iters/s

running (0m43.0s), 001/080 VUs, 171960 complete and 0 interrupted iterations
steady   [  72% ] 001/080 VUs  0m43.0s/1m0s  4000.00 iters/s

running (0m44.0s), 001/080 VUs, 175960 complete and 0 interrupted iterations
steady   [  73% ] 001/080 VUs  0m44.0s/1m0s  4000.00 iters/s

running (0m45.0s), 001/080 VUs, 179960 complete and 0 interrupted iterations
steady   [  75% ] 001/080 VUs  0m45.0s/1m0s  4000.00 iters/s

running (0m46.0s), 001/080 VUs, 183960 complete and 0 interrupted iterations
steady   [  77% ] 001/080 VUs  0m46.0s/1m0s  4000.00 iters/s

running (0m47.0s), 001/080 VUs, 187960 complete and 0 interrupted iterations
steady   [  78% ] 001/080 VUs  0m47.0s/1m0s  4000.00 iters/s

running (0m48.0s), 001/080 VUs, 191960 complete and 0 interrupted iterations
steady   [  80% ] 001/080 VUs  0m48.0s/1m0s  4000.00 iters/s

running (0m49.0s), 001/080 VUs, 195960 complete and 0 interrupted iterations
steady   [  82% ] 001/080 VUs  0m49.0s/1m0s  4000.00 iters/s

running (0m50.0s), 001/080 VUs, 199960 complete and 0 interrupted iterations
steady   [  83% ] 001/080 VUs  0m50.0s/1m0s  4000.00 iters/s

running (0m51.0s), 001/080 VUs, 203960 complete and 0 interrupted iterations
steady   [  85% ] 001/080 VUs  0m51.0s/1m0s  4000.00 iters/s

running (0m52.0s), 001/080 VUs, 207960 complete and 0 interrupted iterations
steady   [  87% ] 001/080 VUs  0m52.0s/1m0s  4000.00 iters/s

running (0m53.0s), 001/080 VUs, 211960 complete and 0 interrupted iterations
steady   [  88% ] 001/080 VUs  0m53.0s/1m0s  4000.00 iters/s

running (0m54.0s), 001/080 VUs, 215960 complete and 0 interrupted iterations
steady   [  90% ] 001/080 VUs  0m54.0s/1m0s  4000.00 iters/s

running (0m55.0s), 001/080 VUs, 219960 complete and 0 interrupted iterations
steady   [  92% ] 001/080 VUs  0m55.0s/1m0s  4000.00 iters/s

running (0m56.0s), 001/080 VUs, 223960 complete and 0 interrupted iterations
steady   [  93% ] 001/080 VUs  0m56.0s/1m0s  4000.00 iters/s

running (0m57.0s), 001/080 VUs, 227960 complete and 0 interrupted iterations
steady   [  95% ] 001/080 VUs  0m57.0s/1m0s  4000.00 iters/s

running (0m58.0s), 001/080 VUs, 231960 complete and 0 interrupted iterations
steady   [  97% ] 001/080 VUs  0m58.0s/1m0s  4000.00 iters/s

running (0m59.0s), 001/080 VUs, 235960 complete and 0 interrupted iterations
steady   [  98% ] 001/080 VUs  0m59.0s/1m0s  4000.00 iters/s

running (1m00.0s), 001/080 VUs, 239960 complete and 0 interrupted iterations
steady   [ 100% ] 001/080 VUs  1m00.0s/1m0s  4000.00 iters/s

  http_reqs                    240001 (3999.97/s)
  http_req_duration            med=0.18ms p95=0.52ms p99=0.77ms max=9.30ms
  http_req_waiting             p95=0.49ms
  http_req_failed              0.000%
  dropped_iterations           0
  vus_max                      80
  checks                       0 passed, 0 failed


running (1m00.0s), 000/080 VUs, 240001 complete and 0 interrupted iterations
steady ✓ [ 100% ] 000/080 VUs  1m0s  4000.00 iters/s
