
         /\      Grafana   /‾‾/  
    /\  /  \     |\  __   /  /   
   /  \/    \    | |/ /  /   ‾‾\ 
  /          \   |   (  |  (‾)  |
 / __________ \  |_|\_\  \_____/ 


     execution: local
        script: /Users/juancavallotti/Documents/development/octo-performance/scenarios/003-postgres-crud/k6/steady.js
        output: -

     scenarios: (100.00%) 1 scenario, 3600 max VUs, 1m10s max duration (incl. graceful stop):
              * steady: 1500.00 iterations/s for 1m0s (maxVUs: 360-3600, gracefulStop: 10s)


running (0m01.0s), 0494/0495 VUs, 335 complete and 0 interrupted iterations
steady   [   2% ] 0494/0495 VUs  0m01.0s/1m0s  1500.00 iters/s

running (0m01.9s), 0665/0670 VUs, 536 complete and 0 interrupted iterations
steady   [   3% ] 0665/0670 VUs  0m01.9s/1m0s  1500.00 iters/s

running (0m02.9s), 0773/0776 VUs, 690 complete and 0 interrupted iterations
steady   [   5% ] 0773/0776 VUs  0m02.9s/1m0s  1500.00 iters/s

running (0m03.9s), 1041/1044 VUs, 878 complete and 0 interrupted iterations
steady   [   7% ] 1041/1044 VUs  0m03.9s/1m0s  1500.00 iters/s

running (0m04.9s), 1280/1281 VUs, 1084 complete and 0 interrupted iterations
steady   [   8% ] 1280/1281 VUs  0m04.9s/1m0s  1500.00 iters/s

running (0m05.9s), 1523/1523 VUs, 1281 complete and 0 interrupted iterations
steady   [  10% ] 1523/1523 VUs  0m05.9s/1m0s  1500.00 iters/s

running (0m06.9s), 1695/1696 VUs, 1518 complete and 0 interrupted iterations
steady   [  12% ] 1695/1696 VUs  0m06.9s/1m0s  1500.00 iters/s

running (0m07.9s), 1946/1946 VUs, 1793 complete and 0 interrupted iterations
steady   [  13% ] 1946/1946 VUs  0m07.9s/1m0s  1500.00 iters/s

running (0m08.9s), 2213/2213 VUs, 2016 complete and 0 interrupted iterations
steady   [  15% ] 2213/2213 VUs  0m08.9s/1m0s  1500.00 iters/s

running (0m09.9s), 2449/2450 VUs, 2235 complete and 0 interrupted iterations
steady   [  17% ] 2449/2450 VUs  0m09.9s/1m0s  1500.00 iters/s

running (0m10.9s), 2617/2617 VUs, 2474 complete and 0 interrupted iterations
steady   [  18% ] 2617/2617 VUs  0m10.9s/1m0s  1500.00 iters/s

running (0m11.9s), 2833/2834 VUs, 2658 complete and 0 interrupted iterations
steady   [  20% ] 2833/2834 VUs  0m11.9s/1m0s  1500.00 iters/s

running (0m12.9s), 3028/3028 VUs, 2816 complete and 0 interrupted iterations
steady   [  22% ] 3028/3028 VUs  0m12.9s/1m0s  1500.00 iters/s

running (0m13.9s), 3230/3233 VUs, 3176 complete and 0 interrupted iterations
steady   [  23% ] 3230/3233 VUs  0m13.9s/1m0s  1500.00 iters/s

running (0m14.9s), 3404/3435 VUs, 4072 complete and 0 interrupted iterations
steady   [  25% ] 3404/3435 VUs  0m14.9s/1m0s  1500.00 iters/s
time="2026-07-25T17:56:34-07:00" level=warning msg="Insufficient VUs, reached 3600 active VUs and cannot initialize more" executor=constant-arrival-rate scenario=steady

running (0m15.9s), 3600/3600 VUs, 4528 complete and 0 interrupted iterations
steady   [  27% ] 3600/3600 VUs  0m15.9s/1m0s  1500.00 iters/s

running (0m16.9s), 3600/3600 VUs, 4732 complete and 0 interrupted iterations
steady   [  28% ] 3600/3600 VUs  0m16.9s/1m0s  1500.00 iters/s

running (0m17.9s), 3600/3600 VUs, 4941 complete and 0 interrupted iterations
steady   [  30% ] 3600/3600 VUs  0m17.9s/1m0s  1500.00 iters/s

running (0m18.9s), 3600/3600 VUs, 5190 complete and 0 interrupted iterations
steady   [  32% ] 3600/3600 VUs  0m18.9s/1m0s  1500.00 iters/s

running (0m19.9s), 3600/3600 VUs, 5422 complete and 0 interrupted iterations
steady   [  33% ] 3600/3600 VUs  0m19.9s/1m0s  1500.00 iters/s

running (0m20.9s), 3600/3600 VUs, 5653 complete and 0 interrupted iterations
steady   [  35% ] 3600/3600 VUs  0m20.9s/1m0s  1500.00 iters/s

running (0m21.9s), 3599/3600 VUs, 5873 complete and 0 interrupted iterations
steady   [  37% ] 3599/3600 VUs  0m21.9s/1m0s  1500.00 iters/s

running (0m22.9s), 3599/3600 VUs, 6074 complete and 0 interrupted iterations
steady   [  38% ] 3600/3600 VUs  0m22.9s/1m0s  1500.00 iters/s

running (0m23.9s), 3600/3600 VUs, 6253 complete and 0 interrupted iterations
steady   [  40% ] 3600/3600 VUs  0m23.9s/1m0s  1500.00 iters/s

running (0m24.9s), 3599/3600 VUs, 6504 complete and 0 interrupted iterations
steady   [  42% ] 3599/3600 VUs  0m24.9s/1m0s  1500.00 iters/s

running (0m25.9s), 3600/3600 VUs, 6715 complete and 0 interrupted iterations
steady   [  43% ] 3600/3600 VUs  0m25.9s/1m0s  1500.00 iters/s

running (0m26.9s), 3600/3600 VUs, 6857 complete and 0 interrupted iterations
steady   [  45% ] 3600/3600 VUs  0m26.9s/1m0s  1500.00 iters/s

running (0m27.9s), 3600/3600 VUs, 7078 complete and 0 interrupted iterations
steady   [  47% ] 3600/3600 VUs  0m27.9s/1m0s  1500.00 iters/s

running (0m28.9s), 3600/3600 VUs, 7327 complete and 0 interrupted iterations
steady   [  48% ] 3600/3600 VUs  0m28.9s/1m0s  1500.00 iters/s

running (0m29.9s), 3600/3600 VUs, 7567 complete and 0 interrupted iterations
steady   [  50% ] 3600/3600 VUs  0m29.9s/1m0s  1500.00 iters/s

running (0m30.9s), 3598/3600 VUs, 7714 complete and 0 interrupted iterations
steady   [  52% ] 3600/3600 VUs  0m30.9s/1m0s  1500.00 iters/s

running (0m31.9s), 3599/3600 VUs, 7947 complete and 0 interrupted iterations
steady   [  53% ] 3599/3600 VUs  0m31.9s/1m0s  1500.00 iters/s

running (0m32.9s), 3594/3600 VUs, 8175 complete and 0 interrupted iterations
steady   [  55% ] 3594/3600 VUs  0m32.9s/1m0s  1500.00 iters/s

running (0m33.9s), 3600/3600 VUs, 8419 complete and 0 interrupted iterations
steady   [  57% ] 3600/3600 VUs  0m33.9s/1m0s  1500.00 iters/s

running (0m34.9s), 3600/3600 VUs, 8675 complete and 0 interrupted iterations
steady   [  58% ] 3600/3600 VUs  0m34.9s/1m0s  1500.00 iters/s

running (0m35.9s), 3600/3600 VUs, 8905 complete and 0 interrupted iterations
steady   [  60% ] 3600/3600 VUs  0m35.9s/1m0s  1500.00 iters/s

running (0m36.9s), 3600/3600 VUs, 9690 complete and 0 interrupted iterations
steady   [  62% ] 3600/3600 VUs  0m36.9s/1m0s  1500.00 iters/s

running (0m37.9s), 3600/3600 VUs, 10754 complete and 0 interrupted iterations
steady   [  63% ] 3600/3600 VUs  0m37.9s/1m0s  1500.00 iters/s

running (0m38.9s), 3600/3600 VUs, 10991 complete and 0 interrupted iterations
steady   [  65% ] 3600/3600 VUs  0m38.9s/1m0s  1500.00 iters/s

running (0m39.9s), 3600/3600 VUs, 11216 complete and 0 interrupted iterations
steady   [  67% ] 3600/3600 VUs  0m39.9s/1m0s  1500.00 iters/s

running (0m40.9s), 3599/3600 VUs, 11471 complete and 0 interrupted iterations
steady   [  68% ] 3599/3600 VUs  0m40.9s/1m0s  1500.00 iters/s

running (0m41.9s), 3600/3600 VUs, 11704 complete and 0 interrupted iterations
steady   [  70% ] 3600/3600 VUs  0m41.9s/1m0s  1500.00 iters/s

running (0m42.9s), 3599/3600 VUs, 11879 complete and 0 interrupted iterations
steady   [  72% ] 3599/3600 VUs  0m42.9s/1m0s  1500.00 iters/s

running (0m43.9s), 3600/3600 VUs, 12097 complete and 0 interrupted iterations
steady   [  73% ] 3600/3600 VUs  0m43.9s/1m0s  1500.00 iters/s

running (0m44.9s), 3595/3600 VUs, 12284 complete and 0 interrupted iterations
steady   [  75% ] 3595/3600 VUs  0m44.9s/1m0s  1500.00 iters/s

running (0m45.9s), 3598/3600 VUs, 12472 complete and 0 interrupted iterations
steady   [  77% ] 3598/3600 VUs  0m45.9s/1m0s  1500.00 iters/s

running (0m46.9s), 3600/3600 VUs, 12655 complete and 0 interrupted iterations
steady   [  78% ] 3600/3600 VUs  0m46.9s/1m0s  1500.00 iters/s

running (0m47.9s), 3600/3600 VUs, 12848 complete and 0 interrupted iterations
steady   [  80% ] 3600/3600 VUs  0m47.9s/1m0s  1500.00 iters/s

running (0m48.9s), 3600/3600 VUs, 13077 complete and 0 interrupted iterations
steady   [  82% ] 3600/3600 VUs  0m48.9s/1m0s  1500.00 iters/s

running (0m49.9s), 3600/3600 VUs, 13307 complete and 0 interrupted iterations
steady   [  83% ] 3600/3600 VUs  0m49.9s/1m0s  1500.00 iters/s

running (0m50.9s), 3600/3600 VUs, 13510 complete and 0 interrupted iterations
steady   [  85% ] 3600/3600 VUs  0m50.9s/1m0s  1500.00 iters/s

running (0m51.9s), 3600/3600 VUs, 13704 complete and 0 interrupted iterations
steady   [  87% ] 3600/3600 VUs  0m51.9s/1m0s  1500.00 iters/s

running (0m52.9s), 3600/3600 VUs, 13878 complete and 0 interrupted iterations
steady   [  88% ] 3600/3600 VUs  0m52.9s/1m0s  1500.00 iters/s

running (0m53.9s), 3599/3600 VUs, 14105 complete and 0 interrupted iterations
steady   [  90% ] 3599/3600 VUs  0m53.9s/1m0s  1500.00 iters/s

running (0m54.9s), 3599/3600 VUs, 14327 complete and 0 interrupted iterations
steady   [  92% ] 3599/3600 VUs  0m54.9s/1m0s  1500.00 iters/s

running (0m55.9s), 3599/3600 VUs, 14571 complete and 0 interrupted iterations
steady   [  93% ] 3599/3600 VUs  0m55.9s/1m0s  1500.00 iters/s

running (0m56.9s), 3598/3600 VUs, 14803 complete and 0 interrupted iterations
steady   [  95% ] 3598/3600 VUs  0m56.9s/1m0s  1500.00 iters/s

running (0m57.9s), 3600/3600 VUs, 14977 complete and 0 interrupted iterations
steady   [  97% ] 3600/3600 VUs  0m57.9s/1m0s  1500.00 iters/s

running (0m58.9s), 3600/3600 VUs, 15171 complete and 0 interrupted iterations
steady   [  98% ] 3600/3600 VUs  0m58.9s/1m0s  1500.00 iters/s

running (0m59.9s), 3600/3600 VUs, 15300 complete and 0 interrupted iterations
steady   [ 100% ] 3600/3600 VUs  0m59.9s/1m0s  1500.00 iters/s

running (1m00.9s), 3541/3600 VUs, 15365 complete and 0 interrupted iterations
steady ↓ [ 100% ] 3600/3600 VUs  1m0s  1500.00 iters/s

running (1m01.9s), 3356/3600 VUs, 15550 complete and 0 interrupted iterations
steady ↓ [ 100% ] 3600/3600 VUs  1m0s  1500.00 iters/s

running (1m02.9s), 3190/3600 VUs, 15716 complete and 0 interrupted iterations
steady ↓ [ 100% ] 3600/3600 VUs  1m0s  1500.00 iters/s

running (1m03.9s), 3056/3600 VUs, 15850 complete and 0 interrupted iterations
steady ↓ [ 100% ] 3600/3600 VUs  1m0s  1500.00 iters/s

running (1m04.9s), 2818/3600 VUs, 16088 complete and 0 interrupted iterations
steady ↓ [ 100% ] 3600/3600 VUs  1m0s  1500.00 iters/s

running (1m05.9s), 2643/3600 VUs, 16263 complete and 0 interrupted iterations
steady ↓ [ 100% ] 3600/3600 VUs  1m0s  1500.00 iters/s

running (1m06.9s), 2463/3600 VUs, 16443 complete and 0 interrupted iterations
steady ↓ [ 100% ] 3600/3600 VUs  1m0s  1500.00 iters/s

running (1m07.9s), 2260/3600 VUs, 16646 complete and 0 interrupted iterations
steady ↓ [ 100% ] 3600/3600 VUs  1m0s  1500.00 iters/s

running (1m08.9s), 2046/3600 VUs, 16860 complete and 0 interrupted iterations
steady ↓ [ 100% ] 3600/3600 VUs  1m0s  1500.00 iters/s

running (1m09.9s), 1845/3600 VUs, 17061 complete and 0 interrupted iterations
steady ↓ [ 100% ] 3600/3600 VUs  1m0s  1500.00 iters/s

  http_reqs                    17083 (242.29/s)
  http_req_duration            med=10471.13ms p95=19015.02ms p99=19240.83ms max=19596.69ms
  http_req_waiting             p95=19013.66ms
  http_req_failed              0.000%
  dropped_iterations           71095
  vus_max                      3600
  checks                       0 passed, 0 failed


running (1m10.5s), 0000/3600 VUs, 17075 complete and 1831 interrupted iterations
steady ✓ [ 100% ] 1831/3600 VUs  1m0s  1500.00 iters/s
time="2026-07-25T17:57:29-07:00" level=error msg="thresholds on metrics 'dropped_iterations, http_req_duration' have been crossed"
