
         /\      Grafana   /‾‾/  
    /\  /  \     |\  __   /  /   
   /  \/    \    | |/ /  /   ‾‾\ 
  /          \   |   (  |  (‾)  |
 / __________ \  |_|\_\  \_____/ 


     execution: local
        script: /Users/juancavallotti/Documents/development/octo-performance/scenarios/001-template-page/k6/steady.js
        output: -

     scenarios: (100.00%) 1 scenario, 16000 max VUs, 1m10s max duration (incl. graceful stop):
              * steady: 16000.00 iterations/s for 1m0s (maxVUs: 1600-16000, gracefulStop: 10s)


running (0m00.7s), 01686/01687 VUs, 5348 complete and 0 interrupted iterations
steady   [   1% ] 01686/01687 VUs  0m00.7s/1m0s  16000.00 iters/s

running (0m01.7s), 01899/01900 VUs, 11023 complete and 0 interrupted iterations
steady   [   3% ] 01899/01900 VUs  0m01.7s/1m0s  16000.00 iters/s

running (0m02.8s), 01637/02198 VUs, 20015 complete and 0 interrupted iterations
steady   [   5% ] 01637/02198 VUs  0m02.8s/1m0s  16000.00 iters/s

running (0m03.7s), 01548/02255 VUs, 25505 complete and 0 interrupted iterations
steady   [   6% ] 01548/02255 VUs  0m03.7s/1m0s  16000.00 iters/s

running (0m04.7s), 00002/02268 VUs, 42821 complete and 0 interrupted iterations
steady   [   8% ] 00002/02268 VUs  0m04.7s/1m0s  16000.00 iters/s

running (0m05.8s), 01789/02270 VUs, 50527 complete and 0 interrupted iterations
steady   [  10% ] 01790/02270 VUs  0m05.8s/1m0s  16000.00 iters/s

running (0m06.7s), 02365/02365 VUs, 58090 complete and 0 interrupted iterations
steady   [  11% ] 02365/02365 VUs  0m06.7s/1m0s  16000.00 iters/s

running (0m08.2s), 02171/02540 VUs, 66075 complete and 0 interrupted iterations
steady   [  14% ] 02171/02540 VUs  0m08.2s/1m0s  16000.00 iters/s

running (0m08.7s), 01781/02558 VUs, 71733 complete and 0 interrupted iterations
steady   [  15% ] 01781/02558 VUs  0m08.7s/1m0s  16000.00 iters/s

running (0m09.7s), 02774/02774 VUs, 79697 complete and 0 interrupted iterations
steady   [  16% ] 02774/02774 VUs  0m09.7s/1m0s  16000.00 iters/s

running (0m11.1s), 02913/02915 VUs, 86395 complete and 0 interrupted iterations
steady   [  18% ] 02913/02915 VUs  0m11.1s/1m0s  16000.00 iters/s

running (0m11.7s), 01204/02958 VUs, 94969 complete and 0 interrupted iterations
steady   [  20% ] 01205/02958 VUs  0m11.7s/1m0s  16000.00 iters/s

running (0m12.8s), 03041/03042 VUs, 104991 complete and 0 interrupted iterations
steady   [  21% ] 03041/03042 VUs  0m12.8s/1m0s  16000.00 iters/s

running (0m13.8s), 02982/03184 VUs, 114056 complete and 0 interrupted iterations
steady   [  23% ] 02982/03184 VUs  0m13.8s/1m0s  16000.00 iters/s

running (0m14.7s), 03206/03206 VUs, 122046 complete and 0 interrupted iterations
steady   [  25% ] 03206/03206 VUs  0m14.7s/1m0s  16000.00 iters/s

running (0m15.7s), 03360/03360 VUs, 128866 complete and 0 interrupted iterations
steady   [  26% ] 03360/03360 VUs  0m15.7s/1m0s  16000.00 iters/s

running (0m16.7s), 02331/03481 VUs, 138710 complete and 0 interrupted iterations
steady   [  28% ] 02331/03481 VUs  0m16.7s/1m0s  16000.00 iters/s

running (0m18.0s), 02645/03590 VUs, 144314 complete and 0 interrupted iterations
steady   [  30% ] 02645/03590 VUs  0m18.0s/1m0s  16000.00 iters/s

running (0m18.7s), 03640/03641 VUs, 153141 complete and 0 interrupted iterations
steady   [  31% ] 03640/03641 VUs  0m18.7s/1m0s  16000.00 iters/s

running (0m19.7s), 03508/03783 VUs, 161631 complete and 0 interrupted iterations
steady   [  33% ] 03508/03783 VUs  0m19.7s/1m0s  16000.00 iters/s

running (0m20.7s), 03886/04021 VUs, 170768 complete and 0 interrupted iterations
steady   [  35% ] 03886/04021 VUs  0m20.7s/1m0s  16000.00 iters/s

running (0m22.2s), 03970/04043 VUs, 179218 complete and 0 interrupted iterations
steady   [  37% ] 03968/04043 VUs  0m22.2s/1m0s  16000.00 iters/s

running (0m22.7s), 03856/04052 VUs, 187818 complete and 0 interrupted iterations
steady   [  38% ] 03856/04052 VUs  0m22.7s/1m0s  16000.00 iters/s

running (0m23.7s), 03566/04206 VUs, 196133 complete and 0 interrupted iterations
steady   [  40% ] 03564/04206 VUs  0m23.7s/1m0s  16000.00 iters/s

running (0m24.7s), 00004/04208 VUs, 214649 complete and 0 interrupted iterations
steady   [  41% ] 00004/04208 VUs  0m24.7s/1m0s  16000.00 iters/s

running (0m25.7s), 04316/04317 VUs, 221500 complete and 0 interrupted iterations
steady   [  43% ] 04316/04317 VUs  0m25.7s/1m0s  16000.00 iters/s

running (0m26.8s), 04347/04347 VUs, 224797 complete and 0 interrupted iterations
steady   [  45% ] 04347/04347 VUs  0m26.8s/1m0s  16000.00 iters/s

running (0m27.7s), 04398/04399 VUs, 237186 complete and 0 interrupted iterations
steady   [  46% ] 04398/04399 VUs  0m27.7s/1m0s  16000.00 iters/s

running (0m28.8s), 02903/04578 VUs, 245819 complete and 0 interrupted iterations
steady   [  48% ] 02903/04578 VUs  0m28.8s/1m0s  16000.00 iters/s

running (0m29.7s), 04766/04766 VUs, 255698 complete and 0 interrupted iterations
steady   [  50% ] 04766/04766 VUs  0m29.7s/1m0s  16000.00 iters/s

running (0m30.7s), 04850/04850 VUs, 265535 complete and 0 interrupted iterations
steady   [  51% ] 04850/04850 VUs  0m30.7s/1m0s  16000.00 iters/s

running (0m32.0s), 04357/04875 VUs, 270719 complete and 0 interrupted iterations
steady   [  53% ] 04356/04875 VUs  0m31.9s/1m0s  16000.00 iters/s

running (0m32.7s), 04947/04947 VUs, 280203 complete and 0 interrupted iterations
steady   [  55% ] 04947/04947 VUs  0m32.7s/1m0s  16000.00 iters/s

running (0m33.7s), 03655/05014 VUs, 291529 complete and 0 interrupted iterations
steady   [  56% ] 03655/05014 VUs  0m33.7s/1m0s  16000.00 iters/s

running (0m34.7s), 03086/05167 VUs, 299413 complete and 0 interrupted iterations
steady   [  58% ] 03086/05167 VUs  0m34.7s/1m0s  16000.00 iters/s

running (0m35.7s), 05086/05220 VUs, 309625 complete and 0 interrupted iterations
steady   [  60% ] 05176/05220 VUs  0m35.7s/1m0s  16000.00 iters/s

running (0m36.9s), 02313/05307 VUs, 319771 complete and 0 interrupted iterations
steady   [  62% ] 02313/05307 VUs  0m36.9s/1m0s  16000.00 iters/s

running (0m37.7s), 01655/05323 VUs, 324361 complete and 0 interrupted iterations
steady   [  63% ] 01655/05323 VUs  0m37.7s/1m0s  16000.00 iters/s

running (0m38.7s), 05352/05352 VUs, 336485 complete and 0 interrupted iterations
steady   [  65% ] 05352/05352 VUs  0m38.7s/1m0s  16000.00 iters/s

running (0m39.7s), 02579/05573 VUs, 350400 complete and 0 interrupted iterations
steady   [  66% ] 02579/05573 VUs  0m39.7s/1m0s  16000.00 iters/s

running (0m40.7s), 05540/05708 VUs, 357024 complete and 0 interrupted iterations
steady   [  68% ] 05540/05708 VUs  0m40.7s/1m0s  16000.00 iters/s

running (0m41.7s), 05765/05765 VUs, 368055 complete and 0 interrupted iterations
steady   [  70% ] 05765/05765 VUs  0m41.7s/1m0s  16000.00 iters/s

running (0m43.1s), 05639/05891 VUs, 375302 complete and 0 interrupted iterations
steady   [  72% ] 05639/05891 VUs  0m43.1s/1m0s  16000.00 iters/s

running (0m43.7s), 05135/05897 VUs, 382142 complete and 0 interrupted iterations
steady   [  73% ] 05135/05897 VUs  0m43.7s/1m0s  16000.00 iters/s

running (0m44.7s), 05918/05918 VUs, 389677 complete and 0 interrupted iterations
steady   [  75% ] 05918/05918 VUs  0m44.7s/1m0s  16000.00 iters/s

running (0m45.7s), 05958/05959 VUs, 394105 complete and 0 interrupted iterations
steady   [  76% ] 05958/05958 VUs  0m45.7s/1m0s  16000.00 iters/s

running (0m46.7s), 05968/05983 VUs, 399811 complete and 0 interrupted iterations
steady   [  78% ] 05968/05983 VUs  0m46.7s/1m0s  16000.00 iters/s

running (0m47.7s), 01530/05987 VUs, 421601 complete and 0 interrupted iterations
steady   [  80% ] 01532/05987 VUs  0m47.7s/1m0s  16000.00 iters/s

running (0m48.8s), 06012/06013 VUs, 427068 complete and 0 interrupted iterations
steady   [  81% ] 06012/06013 VUs  0m48.8s/1m0s  16000.00 iters/s

running (0m49.7s), 05085/06099 VUs, 434128 complete and 0 interrupted iterations
steady   [  83% ] 05085/06099 VUs  0m49.7s/1m0s  16000.00 iters/s

running (0m50.8s), 06154/06154 VUs, 440637 complete and 0 interrupted iterations
steady   [  85% ] 06154/06154 VUs  0m50.8s/1m0s  16000.00 iters/s

running (0m53.5s), 05659/06217 VUs, 444678 complete and 0 interrupted iterations
steady   [  89% ] 05659/06217 VUs  0m53.5s/1m0s  16000.00 iters/s

running (0m53.7s), 06213/06217 VUs, 444678 complete and 0 interrupted iterations
steady   [  90% ] 06213/06217 VUs  0m53.7s/1m0s  16000.00 iters/s

running (0m54.7s), 05361/06222 VUs, 451813 complete and 0 interrupted iterations
steady   [  91% ] 05361/06222 VUs  0m54.7s/1m0s  16000.00 iters/s

running (0m55.7s), 05853/06295 VUs, 457796 complete and 0 interrupted iterations
steady   [  93% ] 05853/06295 VUs  0m55.7s/1m0s  16000.00 iters/s

running (0m56.7s), 06109/06317 VUs, 462285 complete and 0 interrupted iterations
steady   [  95% ] 06109/06317 VUs  0m56.7s/1m0s  16000.00 iters/s

running (0m57.7s), 06136/06322 VUs, 463726 complete and 0 interrupted iterations
steady   [  96% ] 06136/06322 VUs  0m57.7s/1m0s  16000.00 iters/s

running (0m58.8s), 06321/06323 VUs, 463729 complete and 0 interrupted iterations
steady   [  98% ] 06321/06323 VUs  0m58.8s/1m0s  16000.00 iters/s

running (0m59.8s), 06149/06327 VUs, 468971 complete and 0 interrupted iterations
steady   [ 100% ] 06149/06327 VUs  0m59.8s/1m0s  16000.00 iters/s

running (1m00.8s), 05271/06333 VUs, 472543 complete and 0 interrupted iterations
steady ↓ [ 100% ] 06062/06332 VUs  1m0s  16000.00 iters/s

running (1m01.7s), 03646/06333 VUs, 474168 complete and 0 interrupted iterations
steady ↓ [ 100% ] 06062/06332 VUs  1m0s  16000.00 iters/s

running (1m02.2s), 00000/06333 VUs, 477814 complete and 0 interrupted iterations
steady ✓ [ 100% ] 00000/06333 VUs  1m0s  16000.00 iters/s

  http_reqs                    477814 (7685.66/s)
  http_req_duration            med=312.24ms p95=1408.08ms p99=2434.13ms max=4265.44ms
  http_req_waiting             p95=1345.84ms
  http_req_failed              0.000%
  dropped_iterations           481130
  vus_max                      6333
  checks                       0 passed, 0 failed


running (1m02.2s), 00000/06333 VUs, 477814 complete and 0 interrupted iterations
steady ✓ [ 100% ] 00000/06333 VUs  1m0s  16000.00 iters/s
time="2026-07-26T10:10:52-07:00" level=error msg="thresholds on metrics 'dropped_iterations, http_req_duration' have been crossed"
