
         /\      Grafana   /‾‾/  
    /\  /  \     |\  __   /  /   
   /  \/    \    | |/ /  /   ‾‾\ 
  /          \   |   (  |  (‾)  |
 / __________ \  |_|\_\  \_____/ 


     execution: local
        script: /Users/juancavallotti/Documents/development/octo-performance/scenarios/002-fanout-transform/k6/steady.js
        output: -

     scenarios: (100.00%) 1 scenario, 6000 max VUs, 1m10s max duration (incl. graceful stop):
              * steady: 6000.00 iterations/s for 1m0s (maxVUs: 600-6000, gracefulStop: 10s)


running (0m00.7s), 0634/0634 VUs, 2891 complete and 0 interrupted iterations
steady   [   1% ] 0634/0634 VUs  0m00.7s/1m0s  6000.00 iters/s

running (0m01.7s), 0234/0713 VUs, 6750 complete and 0 interrupted iterations
steady   [   3% ] 0234/0713 VUs  0m01.7s/1m0s  6000.00 iters/s

running (0m02.7s), 0650/0735 VUs, 11581 complete and 0 interrupted iterations
steady   [   5% ] 0650/0735 VUs  0m02.7s/1m0s  6000.00 iters/s

running (0m03.7s), 0739/0793 VUs, 16878 complete and 0 interrupted iterations
steady   [   6% ] 0739/0793 VUs  0m03.7s/1m0s  6000.00 iters/s

running (0m04.7s), 0851/0913 VUs, 21488 complete and 0 interrupted iterations
steady   [   8% ] 0851/0913 VUs  0m04.7s/1m0s  6000.00 iters/s

running (0m05.7s), 0799/1015 VUs, 25848 complete and 0 interrupted iterations
steady   [  10% ] 0799/1015 VUs  0m05.7s/1m0s  6000.00 iters/s

running (0m06.7s), 1037/1042 VUs, 31149 complete and 0 interrupted iterations
steady   [  11% ] 1037/1042 VUs  0m06.7s/1m0s  6000.00 iters/s

running (0m07.7s), 0939/1142 VUs, 35777 complete and 0 interrupted iterations
steady   [  13% ] 0938/1142 VUs  0m07.7s/1m0s  6000.00 iters/s

running (0m08.7s), 1013/1144 VUs, 41503 complete and 0 interrupted iterations
steady   [  15% ] 1013/1144 VUs  0m08.7s/1m0s  6000.00 iters/s

running (0m09.7s), 0820/1167 VUs, 46999 complete and 0 interrupted iterations
steady   [  16% ] 0820/1167 VUs  0m09.7s/1m0s  6000.00 iters/s

running (0m10.7s), 1189/1189 VUs, 52474 complete and 0 interrupted iterations
steady   [  18% ] 1189/1189 VUs  0m10.7s/1m0s  6000.00 iters/s

running (0m11.7s), 1008/1196 VUs, 58593 complete and 0 interrupted iterations
steady   [  20% ] 1008/1196 VUs  0m11.7s/1m0s  6000.00 iters/s

running (0m12.7s), 0503/1293 VUs, 64266 complete and 0 interrupted iterations
steady   [  21% ] 0503/1293 VUs  0m12.7s/1m0s  6000.00 iters/s

running (0m13.7s), 1291/1297 VUs, 69316 complete and 0 interrupted iterations
steady   [  23% ] 1291/1297 VUs  0m13.7s/1m0s  6000.00 iters/s

running (0m14.7s), 1127/1346 VUs, 74503 complete and 0 interrupted iterations
steady   [  25% ] 1127/1346 VUs  0m14.7s/1m0s  6000.00 iters/s

running (0m15.7s), 1402/1402 VUs, 79427 complete and 0 interrupted iterations
steady   [  26% ] 1402/1402 VUs  0m15.7s/1m0s  6000.00 iters/s

running (0m16.7s), 1420/1420 VUs, 85226 complete and 0 interrupted iterations
steady   [  28% ] 1420/1420 VUs  0m16.7s/1m0s  6000.00 iters/s

running (0m17.7s), 1400/1454 VUs, 90038 complete and 0 interrupted iterations
steady   [  30% ] 1400/1454 VUs  0m17.7s/1m0s  6000.00 iters/s

running (0m18.7s), 0902/1538 VUs, 95793 complete and 0 interrupted iterations
steady   [  31% ] 0902/1538 VUs  0m18.7s/1m0s  6000.00 iters/s

running (0m19.7s), 0002/1538 VUs, 102693 complete and 0 interrupted iterations
steady   [  33% ] 0002/1538 VUs  0m19.7s/1m0s  6000.00 iters/s

running (0m20.7s), 0441/1538 VUs, 108244 complete and 0 interrupted iterations
steady   [  35% ] 0441/1538 VUs  0m20.7s/1m0s  6000.00 iters/s

running (0m21.7s), 0048/1538 VUs, 114638 complete and 0 interrupted iterations
steady   [  36% ] 0048/1538 VUs  0m21.7s/1m0s  6000.00 iters/s

running (0m22.7s), 0766/1538 VUs, 119932 complete and 0 interrupted iterations
steady   [  38% ] 0766/1538 VUs  0m22.7s/1m0s  6000.00 iters/s

running (0m23.7s), 1116/1581 VUs, 125158 complete and 0 interrupted iterations
steady   [  40% ] 1116/1581 VUs  0m23.7s/1m0s  6000.00 iters/s

running (0m24.7s), 0667/1581 VUs, 131609 complete and 0 interrupted iterations
steady   [  41% ] 0667/1581 VUs  0m24.7s/1m0s  6000.00 iters/s

running (0m25.7s), 0883/1581 VUs, 137368 complete and 0 interrupted iterations
steady   [  43% ] 0883/1581 VUs  0m25.7s/1m0s  6000.00 iters/s

running (0m26.7s), 0851/1645 VUs, 142842 complete and 0 interrupted iterations
steady   [  45% ] 0851/1645 VUs  0m26.7s/1m0s  6000.00 iters/s

running (0m27.7s), 0683/1645 VUs, 149012 complete and 0 interrupted iterations
steady   [  46% ] 0683/1645 VUs  0m27.7s/1m0s  6000.00 iters/s

running (0m28.7s), 1348/1669 VUs, 153653 complete and 0 interrupted iterations
steady   [  48% ] 1348/1669 VUs  0m28.7s/1m0s  6000.00 iters/s

running (0m29.7s), 1439/1674 VUs, 159477 complete and 0 interrupted iterations
steady   [  50% ] 1439/1674 VUs  0m29.7s/1m0s  6000.00 iters/s

running (0m30.7s), 1503/1701 VUs, 164890 complete and 0 interrupted iterations
steady   [  51% ] 1503/1701 VUs  0m30.7s/1m0s  6000.00 iters/s

running (0m31.7s), 1677/1784 VUs, 169804 complete and 0 interrupted iterations
steady   [  53% ] 1681/1784 VUs  0m31.7s/1m0s  6000.00 iters/s

running (0m32.7s), 1296/1809 VUs, 175918 complete and 0 interrupted iterations
steady   [  55% ] 1296/1809 VUs  0m32.7s/1m0s  6000.00 iters/s

running (0m33.7s), 1231/1810 VUs, 181924 complete and 0 interrupted iterations
steady   [  56% ] 1231/1810 VUs  0m33.7s/1m0s  6000.00 iters/s

running (0m34.7s), 1525/1831 VUs, 187322 complete and 0 interrupted iterations
steady   [  58% ] 1525/1831 VUs  0m34.7s/1m0s  6000.00 iters/s

running (0m35.7s), 1872/1873 VUs, 192271 complete and 0 interrupted iterations
steady   [  60% ] 1872/1873 VUs  0m35.7s/1m0s  6000.00 iters/s

running (0m36.7s), 1909/1942 VUs, 197061 complete and 0 interrupted iterations
steady   [  61% ] 1909/1942 VUs  0m36.7s/1m0s  6000.00 iters/s

running (0m37.7s), 1600/1981 VUs, 202803 complete and 0 interrupted iterations
steady   [  63% ] 1600/1981 VUs  0m37.7s/1m0s  6000.00 iters/s

running (0m38.7s), 0807/1989 VUs, 209126 complete and 0 interrupted iterations
steady   [  65% ] 0807/1989 VUs  0m38.7s/1m0s  6000.00 iters/s

running (0m39.7s), 1683/1989 VUs, 214268 complete and 0 interrupted iterations
steady   [  66% ] 1683/1989 VUs  0m39.7s/1m0s  6000.00 iters/s

running (0m40.7s), 1741/2011 VUs, 219759 complete and 0 interrupted iterations
steady   [  68% ] 1741/2011 VUs  0m40.7s/1m0s  6000.00 iters/s

running (0m41.7s), 1953/2016 VUs, 225511 complete and 0 interrupted iterations
steady   [  70% ] 1953/2016 VUs  0m41.7s/1m0s  6000.00 iters/s

running (0m42.7s), 1689/2061 VUs, 231355 complete and 0 interrupted iterations
steady   [  71% ] 1689/2061 VUs  0m42.7s/1m0s  6000.00 iters/s

running (0m43.7s), 1079/2079 VUs, 237677 complete and 0 interrupted iterations
steady   [  73% ] 1079/2079 VUs  0m43.7s/1m0s  6000.00 iters/s

running (0m44.8s), 0306/2079 VUs, 244542 complete and 0 interrupted iterations
steady   [  75% ] 0306/2079 VUs  0m44.8s/1m0s  6000.00 iters/s

running (0m45.7s), 0302/2079 VUs, 250461 complete and 0 interrupted iterations
steady   [  76% ] 0302/2079 VUs  0m45.7s/1m0s  6000.00 iters/s

running (0m46.7s), 0117/2079 VUs, 256706 complete and 0 interrupted iterations
steady   [  78% ] 0117/2079 VUs  0m46.7s/1m0s  6000.00 iters/s

running (0m47.7s), 0966/2079 VUs, 261785 complete and 0 interrupted iterations
steady   [  80% ] 0966/2079 VUs  0m47.7s/1m0s  6000.00 iters/s

running (0m48.7s), 0003/2079 VUs, 268751 complete and 0 interrupted iterations
steady   [  81% ] 0003/2079 VUs  0m48.7s/1m0s  6000.00 iters/s

running (0m49.7s), 0534/2079 VUs, 274143 complete and 0 interrupted iterations
steady   [  83% ] 0534/2079 VUs  0m49.7s/1m0s  6000.00 iters/s

running (0m50.7s), 1655/2102 VUs, 278485 complete and 0 interrupted iterations
steady   [  85% ] 1655/2102 VUs  0m50.7s/1m0s  6000.00 iters/s

running (0m51.7s), 2153/2168 VUs, 283458 complete and 0 interrupted iterations
steady   [  86% ] 2153/2168 VUs  0m51.7s/1m0s  6000.00 iters/s

running (0m52.7s), 1828/2231 VUs, 289061 complete and 0 interrupted iterations
steady   [  88% ] 1828/2231 VUs  0m52.7s/1m0s  6000.00 iters/s

running (0m53.7s), 1711/2231 VUs, 294948 complete and 0 interrupted iterations
steady   [  90% ] 1711/2231 VUs  0m53.7s/1m0s  6000.00 iters/s

running (0m54.7s), 2111/2294 VUs, 299778 complete and 0 interrupted iterations
steady   [  91% ] 2111/2294 VUs  0m54.7s/1m0s  6000.00 iters/s

running (0m55.7s), 1488/2305 VUs, 306299 complete and 0 interrupted iterations
steady   [  93% ] 1488/2305 VUs  0m55.7s/1m0s  6000.00 iters/s

running (0m56.7s), 2294/2306 VUs, 311489 complete and 0 interrupted iterations
steady   [  95% ] 2294/2306 VUs  0m56.7s/1m0s  6000.00 iters/s

running (0m57.7s), 2118/2341 VUs, 316740 complete and 0 interrupted iterations
steady   [  96% ] 2118/2341 VUs  0m57.7s/1m0s  6000.00 iters/s

running (0m58.7s), 2458/2463 VUs, 320952 complete and 0 interrupted iterations
steady   [  98% ] 2458/2463 VUs  0m58.7s/1m0s  6000.00 iters/s

running (0m59.7s), 2569/2601 VUs, 324313 complete and 0 interrupted iterations
steady   [ 100% ] 2569/2601 VUs  0m59.7s/1m0s  6000.00 iters/s

running (1m00.5s), 0000/2646 VUs, 327689 complete and 0 interrupted iterations
steady ✓ [ 100% ] 0000/2646 VUs  1m0s  6000.00 iters/s

  http_reqs                    327689 (5416.45/s)
  http_req_duration            med=196.35ms p95=449.54ms p99=682.90ms max=976.65ms
  http_req_waiting             p95=448.65ms
  http_req_failed              0.000%
  dropped_iterations           32149
  vus_max                      2601
  checks                       0 passed, 0 failed


running (1m00.5s), 0000/2646 VUs, 327689 complete and 0 interrupted iterations
steady ✓ [ 100% ] 0000/2646 VUs  1m0s  6000.00 iters/s
time="2026-07-26T14:18:47-07:00" level=error msg="thresholds on metrics 'dropped_iterations, http_req_duration' have been crossed"
