
         /\      Grafana   /‾‾/  
    /\  /  \     |\  __   /  /   
   /  \/    \    | |/ /  /   ‾‾\ 
  /          \   |   (  |  (‾)  |
 / __________ \  |_|\_\  \_____/ 


     execution: local
        script: /Users/juancavallotti/Documents/development/octo-performance/scenarios/003-postgres-crud/k6/steady.js
        output: -

     scenarios: (100.00%) 1 scenario, 3600 max VUs, 1m10s max duration (incl. graceful stop):
              * steady: 1500.00 iterations/s for 1m0s (maxVUs: 360-3600, gracefulStop: 10s)


running (0m00.9s), 0385/0386 VUs, 881 complete and 0 interrupted iterations
steady   [   1% ] 0385/0386 VUs  0m00.9s/1m0s  1500.00 iters/s

running (0m01.9s), 0521/0522 VUs, 1680 complete and 0 interrupted iterations
steady   [   3% ] 0521/0522 VUs  0m01.9s/1m0s  1500.00 iters/s

running (0m02.9s), 0649/0650 VUs, 2352 complete and 0 interrupted iterations
steady   [   5% ] 0649/0650 VUs  0m02.9s/1m0s  1500.00 iters/s

running (0m03.9s), 0769/0769 VUs, 2910 complete and 0 interrupted iterations
steady   [   7% ] 0769/0769 VUs  0m03.9s/1m0s  1500.00 iters/s

running (0m05.0s), 0861/0865 VUs, 3123 complete and 0 interrupted iterations
steady   [   8% ] 0861/0865 VUs  0m05.0s/1m0s  1500.00 iters/s

running (0m05.9s), 0961/0971 VUs, 3749 complete and 0 interrupted iterations
steady   [  10% ] 0961/0971 VUs  0m05.9s/1m0s  1500.00 iters/s

running (0m06.9s), 0005/0971 VUs, 6200 complete and 0 interrupted iterations
steady   [  11% ] 0005/0971 VUs  0m06.9s/1m0s  1500.00 iters/s

running (0m07.9s), 0369/0971 VUs, 7337 complete and 0 interrupted iterations
steady   [  13% ] 0369/0971 VUs  0m07.9s/1m0s  1500.00 iters/s

running (0m08.9s), 0993/0993 VUs, 8150 complete and 0 interrupted iterations
steady   [  15% ] 0993/0993 VUs  0m08.9s/1m0s  1500.00 iters/s

running (0m09.9s), 1087/1092 VUs, 9101 complete and 0 interrupted iterations
steady   [  16% ] 1087/1092 VUs  0m09.9s/1m0s  1500.00 iters/s

running (0m10.9s), 1210/1212 VUs, 9676 complete and 0 interrupted iterations
steady   [  18% ] 1210/1212 VUs  0m10.9s/1m0s  1500.00 iters/s

running (0m11.9s), 1353/1368 VUs, 10295 complete and 0 interrupted iterations
steady   [  20% ] 1353/1368 VUs  0m11.9s/1m0s  1500.00 iters/s

running (0m12.9s), 1516/1519 VUs, 10833 complete and 0 interrupted iterations
steady   [  22% ] 1516/1519 VUs  0m12.9s/1m0s  1500.00 iters/s

running (0m13.9s), 1588/1588 VUs, 11301 complete and 0 interrupted iterations
steady   [  23% ] 1588/1588 VUs  0m13.9s/1m0s  1500.00 iters/s

running (0m14.9s), 1736/1740 VUs, 11897 complete and 0 interrupted iterations
steady   [  25% ] 1736/1740 VUs  0m14.9s/1m0s  1500.00 iters/s

running (0m15.9s), 1882/1886 VUs, 12489 complete and 0 interrupted iterations
steady   [  26% ] 1882/1886 VUs  0m15.9s/1m0s  1500.00 iters/s

running (0m16.9s), 2027/2029 VUs, 12781 complete and 0 interrupted iterations
steady   [  28% ] 2027/2029 VUs  0m16.9s/1m0s  1500.00 iters/s

running (0m17.9s), 2187/2188 VUs, 13173 complete and 0 interrupted iterations
steady   [  30% ] 2187/2188 VUs  0m17.9s/1m0s  1500.00 iters/s

running (0m18.9s), 2296/2298 VUs, 13579 complete and 0 interrupted iterations
steady   [  32% ] 2296/2298 VUs  0m18.9s/1m0s  1500.00 iters/s

running (0m19.9s), 2395/2398 VUs, 14059 complete and 0 interrupted iterations
steady   [  33% ] 2395/2398 VUs  0m19.9s/1m0s  1500.00 iters/s

running (0m20.9s), 2520/2523 VUs, 14636 complete and 0 interrupted iterations
steady   [  35% ] 2520/2523 VUs  0m20.9s/1m0s  1500.00 iters/s

running (0m21.9s), 2630/2630 VUs, 15143 complete and 0 interrupted iterations
steady   [  36% ] 2630/2630 VUs  0m21.9s/1m0s  1500.00 iters/s

running (0m22.9s), 2728/2729 VUs, 15566 complete and 0 interrupted iterations
steady   [  38% ] 2728/2729 VUs  0m22.9s/1m0s  1500.00 iters/s

running (0m23.9s), 2885/2885 VUs, 15875 complete and 0 interrupted iterations
steady   [  40% ] 2885/2885 VUs  0m23.9s/1m0s  1500.00 iters/s

running (0m24.9s), 3041/3042 VUs, 16178 complete and 0 interrupted iterations
steady   [  42% ] 3041/3042 VUs  0m24.9s/1m0s  1500.00 iters/s

running (0m25.9s), 3204/3205 VUs, 16550 complete and 0 interrupted iterations
steady   [  43% ] 3204/3205 VUs  0m25.9s/1m0s  1500.00 iters/s

running (0m26.9s), 3389/3390 VUs, 16971 complete and 0 interrupted iterations
steady   [  45% ] 3389/3390 VUs  0m26.9s/1m0s  1500.00 iters/s

running (0m27.9s), 3541/3544 VUs, 17353 complete and 0 interrupted iterations
steady   [  46% ] 3541/3544 VUs  0m27.9s/1m0s  1500.00 iters/s
time="2026-07-25T17:58:32-07:00" level=warning msg="Insufficient VUs, reached 3600 active VUs and cannot initialize more" executor=constant-arrival-rate scenario=steady

running (0m28.9s), 3598/3600 VUs, 17913 complete and 0 interrupted iterations
steady   [  48% ] 3598/3600 VUs  0m28.9s/1m0s  1500.00 iters/s

running (0m29.9s), 3599/3600 VUs, 18228 complete and 0 interrupted iterations
steady   [  50% ] 3599/3600 VUs  0m29.9s/1m0s  1500.00 iters/s

running (0m30.9s), 3584/3600 VUs, 18798 complete and 0 interrupted iterations
steady   [  52% ] 3584/3600 VUs  0m30.9s/1m0s  1500.00 iters/s

running (0m31.9s), 3600/3600 VUs, 19508 complete and 0 interrupted iterations
steady   [  53% ] 3600/3600 VUs  0m31.9s/1m0s  1500.00 iters/s

running (0m32.9s), 3600/3600 VUs, 20121 complete and 0 interrupted iterations
steady   [  55% ] 3600/3600 VUs  0m32.9s/1m0s  1500.00 iters/s

running (0m33.9s), 3600/3600 VUs, 20548 complete and 0 interrupted iterations
steady   [  57% ] 3600/3600 VUs  0m33.9s/1m0s  1500.00 iters/s

running (0m34.9s), 3600/3600 VUs, 21200 complete and 0 interrupted iterations
steady   [  58% ] 3600/3600 VUs  0m34.9s/1m0s  1500.00 iters/s

running (0m35.9s), 3600/3600 VUs, 21646 complete and 0 interrupted iterations
steady   [  60% ] 3600/3600 VUs  0m35.9s/1m0s  1500.00 iters/s

running (0m36.9s), 3595/3600 VUs, 22289 complete and 0 interrupted iterations
steady   [  61% ] 3595/3600 VUs  0m36.9s/1m0s  1500.00 iters/s

running (0m37.9s), 3598/3600 VUs, 23154 complete and 0 interrupted iterations
steady   [  63% ] 3598/3600 VUs  0m37.9s/1m0s  1500.00 iters/s

running (0m38.9s), 3593/3600 VUs, 23903 complete and 0 interrupted iterations
steady   [  65% ] 3593/3600 VUs  0m38.9s/1m0s  1500.00 iters/s

running (0m39.9s), 2327/3600 VUs, 26551 complete and 0 interrupted iterations
steady   [  66% ] 2327/3600 VUs  0m39.9s/1m0s  1500.00 iters/s

running (0m40.9s), 2683/3600 VUs, 27698 complete and 0 interrupted iterations
steady   [  68% ] 2683/3600 VUs  0m40.9s/1m0s  1500.00 iters/s

running (0m41.9s), 3475/3600 VUs, 28418 complete and 0 interrupted iterations
steady   [  70% ] 3475/3600 VUs  0m41.9s/1m0s  1500.00 iters/s

running (0m42.9s), 3583/3600 VUs, 29271 complete and 0 interrupted iterations
steady   [  71% ] 3583/3600 VUs  0m42.9s/1m0s  1500.00 iters/s

running (0m43.9s), 3593/3600 VUs, 29914 complete and 0 interrupted iterations
steady   [  73% ] 3592/3600 VUs  0m43.9s/1m0s  1500.00 iters/s

running (0m44.9s), 3600/3600 VUs, 30798 complete and 0 interrupted iterations
steady   [  75% ] 3600/3600 VUs  0m44.9s/1m0s  1500.00 iters/s

running (0m45.9s), 3597/3600 VUs, 31604 complete and 0 interrupted iterations
steady   [  76% ] 3597/3600 VUs  0m45.9s/1m0s  1500.00 iters/s

running (0m46.9s), 3586/3600 VUs, 32545 complete and 0 interrupted iterations
steady   [  78% ] 3586/3600 VUs  0m46.9s/1m0s  1500.00 iters/s

running (0m47.9s), 3588/3600 VUs, 33394 complete and 0 interrupted iterations
steady   [  80% ] 3588/3600 VUs  0m47.9s/1m0s  1500.00 iters/s

running (0m48.9s), 3600/3600 VUs, 33943 complete and 0 interrupted iterations
steady   [  81% ] 3600/3600 VUs  0m48.9s/1m0s  1500.00 iters/s

running (0m49.9s), 3600/3600 VUs, 34685 complete and 0 interrupted iterations
steady   [  83% ] 3600/3600 VUs  0m49.9s/1m0s  1500.00 iters/s

running (0m50.9s), 3597/3600 VUs, 35462 complete and 0 interrupted iterations
steady   [  85% ] 3597/3600 VUs  0m50.9s/1m0s  1500.00 iters/s

running (0m51.9s), 3592/3600 VUs, 36316 complete and 0 interrupted iterations
steady   [  86% ] 3592/3600 VUs  0m51.9s/1m0s  1500.00 iters/s

running (0m52.9s), 3600/3600 VUs, 36835 complete and 0 interrupted iterations
steady   [  88% ] 3600/3600 VUs  0m52.9s/1m0s  1500.00 iters/s

running (0m53.9s), 3596/3600 VUs, 37174 complete and 0 interrupted iterations
steady   [  90% ] 3597/3600 VUs  0m53.9s/1m0s  1500.00 iters/s

running (0m54.9s), 3597/3600 VUs, 37629 complete and 0 interrupted iterations
steady   [  91% ] 3597/3600 VUs  0m54.9s/1m0s  1500.00 iters/s

running (0m55.9s), 3600/3600 VUs, 38193 complete and 0 interrupted iterations
steady   [  93% ] 3600/3600 VUs  0m55.9s/1m0s  1500.00 iters/s

running (0m56.9s), 3598/3600 VUs, 38949 complete and 0 interrupted iterations
steady   [  95% ] 3598/3600 VUs  0m56.9s/1m0s  1500.00 iters/s

running (0m57.9s), 3600/3600 VUs, 39658 complete and 0 interrupted iterations
steady   [  96% ] 3600/3600 VUs  0m57.9s/1m0s  1500.00 iters/s

running (0m58.9s), 3600/3600 VUs, 40375 complete and 0 interrupted iterations
steady   [  98% ] 3600/3600 VUs  0m58.9s/1m0s  1500.00 iters/s

running (0m59.9s), 3592/3600 VUs, 41061 complete and 0 interrupted iterations
steady   [ 100% ] 3592/3600 VUs  0m59.9s/1m0s  1500.00 iters/s

running (1m00.9s), 2937/3600 VUs, 41786 complete and 0 interrupted iterations
steady ↓ [ 100% ] 3600/3600 VUs  1m0s  1500.00 iters/s

running (1m01.9s), 2637/3600 VUs, 42086 complete and 0 interrupted iterations
steady ↓ [ 100% ] 3600/3600 VUs  1m0s  1500.00 iters/s

running (1m02.9s), 2036/3600 VUs, 42687 complete and 0 interrupted iterations
steady ↓ [ 100% ] 3600/3600 VUs  1m0s  1500.00 iters/s

running (1m03.9s), 1463/3600 VUs, 43260 complete and 0 interrupted iterations
steady ↓ [ 100% ] 3600/3600 VUs  1m0s  1500.00 iters/s

running (1m04.9s), 1066/3600 VUs, 43657 complete and 0 interrupted iterations
steady ↓ [ 100% ] 3600/3600 VUs  1m0s  1500.00 iters/s

running (1m05.9s), 0590/3600 VUs, 44133 complete and 0 interrupted iterations
steady ↓ [ 100% ] 3600/3600 VUs  1m0s  1500.00 iters/s

running (1m06.9s), 0135/3600 VUs, 44588 complete and 0 interrupted iterations
steady ↓ [ 100% ] 3600/3600 VUs  1m0s  1500.00 iters/s

  http_reqs                    44723 (663.40/s)
  http_req_duration            med=4371.68ms p95=6733.18ms p99=7081.76ms max=7277.79ms
  http_req_waiting             p95=6731.90ms
  http_req_failed              0.000%
  dropped_iterations           45278
  vus_max                      3600
  checks                       0 passed, 0 failed


running (1m07.4s), 0000/3600 VUs, 44723 complete and 0 interrupted iterations
steady ✓ [ 100% ] 0000/3600 VUs  1m0s  1500.00 iters/s
time="2026-07-25T17:59:11-07:00" level=error msg="thresholds on metrics 'dropped_iterations, http_req_duration' have been crossed"
