
         /\      Grafana   /‾‾/  
    /\  /  \     |\  __   /  /   
   /  \/    \    | |/ /  /   ‾‾\ 
  /          \   |   (  |  (‾)  |
 / __________ \  |_|\_\  \_____/ 


     execution: local
        script: /Users/juancavallotti/Documents/development/octo-performance/scenarios/004-queue-roundtrip/k6/steady.js
        output: -

     scenarios: (100.00%) 1 scenario, 16000 max VUs, 1m10s max duration (incl. graceful stop):
              * steady: 10000.00 iterations/s for 1m0s (maxVUs: 1600-16000, gracefulStop: 10s)


running (0m00.9s), 00001/01600 VUs, 8939 complete and 0 interrupted iterations
steady   [   1% ] 00001/01600 VUs  0m00.9s/1m0s  10000.00 iters/s

running (0m01.9s), 00002/01600 VUs, 18939 complete and 0 interrupted iterations
steady   [   3% ] 00002/01600 VUs  0m01.9s/1m0s  10000.00 iters/s

running (0m02.9s), 00001/01600 VUs, 28939 complete and 0 interrupted iterations
steady   [   5% ] 00001/01600 VUs  0m02.9s/1m0s  10000.00 iters/s

running (0m03.9s), 00001/01600 VUs, 38940 complete and 0 interrupted iterations
steady   [   6% ] 00001/01600 VUs  0m03.9s/1m0s  10000.00 iters/s

running (15m27.2s), 00028/01602 VUs, 48420 complete and 0 interrupted iterations
steady   [   8% ] 00029/01602 VUs  0m04.9s/1m0s  10000.00 iters/s

running (15m28.2s), 00001/01602 VUs, 58447 complete and 0 interrupted iterations
steady   [  10% ] 00001/01602 VUs  0m05.9s/1m0s  10000.00 iters/s

running (15m29.2s), 00001/01602 VUs, 68447 complete and 0 interrupted iterations
steady   [  11% ] 00001/01602 VUs  0m06.9s/1m0s  10000.00 iters/s

running (15m30.2s), 00001/01602 VUs, 78447 complete and 0 interrupted iterations
steady   [  13% ] 00001/01602 VUs  0m07.9s/1m0s  10000.00 iters/s

running (15m31.2s), 00001/01602 VUs, 88447 complete and 0 interrupted iterations
steady   [  15% ] 00001/01602 VUs  0m08.9s/1m0s  10000.00 iters/s

running (15m32.2s), 00001/01602 VUs, 98447 complete and 0 interrupted iterations
steady   [  16% ] 00001/01602 VUs  0m09.9s/1m0s  10000.00 iters/s

running (15m33.2s), 00001/01602 VUs, 108448 complete and 0 interrupted iterations
steady   [  18% ] 00001/01602 VUs  0m10.9s/1m0s  10000.00 iters/s

running (15m34.2s), 00002/01602 VUs, 118447 complete and 0 interrupted iterations
steady   [  20% ] 00002/01602 VUs  0m11.9s/1m0s  10000.00 iters/s

running (15m35.2s), 00001/01602 VUs, 128447 complete and 0 interrupted iterations
steady   [  21% ] 00000/01602 VUs  0m12.9s/1m0s  10000.00 iters/s

running (15m36.2s), 00001/01602 VUs, 138447 complete and 0 interrupted iterations
steady   [  23% ] 00001/01602 VUs  0m13.9s/1m0s  10000.00 iters/s

running (15m37.2s), 00001/01602 VUs, 148447 complete and 0 interrupted iterations
steady   [  25% ] 00001/01602 VUs  0m14.9s/1m0s  10000.00 iters/s

running (15m38.2s), 00001/01602 VUs, 158448 complete and 0 interrupted iterations
steady   [  26% ] 00001/01602 VUs  0m15.9s/1m0s  10000.00 iters/s

running (15m39.2s), 00001/01602 VUs, 168448 complete and 0 interrupted iterations
steady   [  28% ] 00001/01602 VUs  0m16.9s/1m0s  10000.00 iters/s

running (15m40.2s), 00002/01602 VUs, 178447 complete and 0 interrupted iterations
steady   [  30% ] 00002/01602 VUs  0m17.9s/1m0s  10000.00 iters/s

running (15m41.2s), 00001/01602 VUs, 188447 complete and 0 interrupted iterations
steady   [  31% ] 00001/01602 VUs  0m18.9s/1m0s  10000.00 iters/s

running (15m42.2s), 00123/01602 VUs, 198326 complete and 0 interrupted iterations
steady   [  33% ] 00123/01602 VUs  0m19.9s/1m0s  10000.00 iters/s

running (15m43.2s), 00107/01602 VUs, 208342 complete and 0 interrupted iterations
steady   [  35% ] 00107/01602 VUs  0m20.9s/1m0s  10000.00 iters/s

running (15m44.2s), 00001/01602 VUs, 218447 complete and 0 interrupted iterations
steady   [  36% ] 00001/01602 VUs  0m21.9s/1m0s  10000.00 iters/s

running (15m45.2s), 00001/01602 VUs, 228448 complete and 0 interrupted iterations
steady   [  38% ] 00001/01602 VUs  0m22.9s/1m0s  10000.00 iters/s

running (15m46.2s), 00002/01602 VUs, 238447 complete and 0 interrupted iterations
steady   [  40% ] 00002/01602 VUs  0m23.9s/1m0s  10000.00 iters/s

running (15m47.2s), 00001/01602 VUs, 248448 complete and 0 interrupted iterations
steady   [  41% ] 00001/01602 VUs  0m24.9s/1m0s  10000.00 iters/s

running (15m48.2s), 00001/01602 VUs, 258448 complete and 0 interrupted iterations
steady   [  43% ] 00001/01602 VUs  0m25.9s/1m0s  10000.00 iters/s

running (15m49.2s), 00002/01602 VUs, 268446 complete and 0 interrupted iterations
steady   [  45% ] 00002/01602 VUs  0m26.9s/1m0s  10000.00 iters/s

running (15m50.2s), 00005/01602 VUs, 278444 complete and 0 interrupted iterations
steady   [  46% ] 00005/01602 VUs  0m27.9s/1m0s  10000.00 iters/s

running (15m51.2s), 00001/01602 VUs, 288447 complete and 0 interrupted iterations
steady   [  48% ] 00001/01602 VUs  0m28.9s/1m0s  10000.00 iters/s

running (15m52.2s), 00001/01602 VUs, 298447 complete and 0 interrupted iterations
steady   [  50% ] 00001/01602 VUs  0m29.9s/1m0s  10000.00 iters/s

running (15m53.2s), 00001/01602 VUs, 308447 complete and 0 interrupted iterations
steady   [  51% ] 00001/01602 VUs  0m30.9s/1m0s  10000.00 iters/s

running (15m54.2s), 00001/01602 VUs, 318448 complete and 0 interrupted iterations
steady   [  53% ] 00001/01602 VUs  0m31.9s/1m0s  10000.00 iters/s

running (15m55.2s), 00003/01602 VUs, 328446 complete and 0 interrupted iterations
steady   [  55% ] 00003/01602 VUs  0m32.9s/1m0s  10000.00 iters/s

running (15m56.2s), 00001/01602 VUs, 338447 complete and 0 interrupted iterations
steady   [  56% ] 00001/01602 VUs  0m33.9s/1m0s  10000.00 iters/s

running (15m57.2s), 00001/01602 VUs, 348447 complete and 0 interrupted iterations
steady   [  58% ] 00001/01602 VUs  0m34.9s/1m0s  10000.00 iters/s

running (15m58.2s), 00001/01602 VUs, 358447 complete and 0 interrupted iterations
steady   [  60% ] 00001/01602 VUs  0m35.9s/1m0s  10000.00 iters/s

running (15m59.2s), 00001/01602 VUs, 368447 complete and 0 interrupted iterations
steady   [  61% ] 00001/01602 VUs  0m36.9s/1m0s  10000.00 iters/s

running (16m00.2s), 00000/01602 VUs, 378448 complete and 0 interrupted iterations
steady   [  63% ] 00001/01602 VUs  0m37.9s/1m0s  10000.00 iters/s

running (16m01.2s), 00000/01602 VUs, 388448 complete and 0 interrupted iterations
steady   [  65% ] 00001/01602 VUs  0m38.9s/1m0s  10000.00 iters/s

running (16m02.2s), 00009/01602 VUs, 398440 complete and 0 interrupted iterations
steady   [  66% ] 00009/01602 VUs  0m39.9s/1m0s  10000.00 iters/s

running (16m03.2s), 00001/01602 VUs, 408447 complete and 0 interrupted iterations
steady   [  68% ] 00001/01602 VUs  0m40.9s/1m0s  10000.00 iters/s

running (16m04.2s), 00001/01602 VUs, 418447 complete and 0 interrupted iterations
steady   [  70% ] 00001/01602 VUs  0m41.9s/1m0s  10000.00 iters/s

running (16m05.2s), 00001/01602 VUs, 428447 complete and 0 interrupted iterations
steady   [  71% ] 00001/01602 VUs  0m42.9s/1m0s  10000.00 iters/s

running (16m06.2s), 00000/01602 VUs, 438448 complete and 0 interrupted iterations
steady   [  73% ] 00001/01602 VUs  0m43.9s/1m0s  10000.00 iters/s

running (16m07.2s), 00001/01602 VUs, 448448 complete and 0 interrupted iterations
steady   [  75% ] 00001/01602 VUs  0m44.9s/1m0s  10000.00 iters/s

running (16m08.2s), 00001/01602 VUs, 458447 complete and 0 interrupted iterations
steady   [  76% ] 00001/01602 VUs  0m45.9s/1m0s  10000.00 iters/s

running (16m09.2s), 00001/01602 VUs, 468447 complete and 0 interrupted iterations
steady   [  78% ] 00001/01602 VUs  0m46.9s/1m0s  10000.00 iters/s

running (16m10.2s), 00001/01602 VUs, 478447 complete and 0 interrupted iterations
steady   [  80% ] 00001/01602 VUs  0m47.9s/1m0s  10000.00 iters/s

running (16m11.2s), 00001/01602 VUs, 488447 complete and 0 interrupted iterations
steady   [  81% ] 00001/01602 VUs  0m48.9s/1m0s  10000.00 iters/s

running (16m12.2s), 00001/01602 VUs, 498448 complete and 0 interrupted iterations
steady   [  83% ] 00001/01602 VUs  0m49.9s/1m0s  10000.00 iters/s

running (16m13.2s), 00001/01602 VUs, 508447 complete and 0 interrupted iterations
steady   [  85% ] 00001/01602 VUs  0m50.9s/1m0s  10000.00 iters/s

running (16m14.2s), 00001/01602 VUs, 518447 complete and 0 interrupted iterations
steady   [  86% ] 00001/01602 VUs  0m51.9s/1m0s  10000.00 iters/s

running (31m34.2s), 00005/01602 VUs, 528447 complete and 0 interrupted iterations
steady   [  88% ] 00005/01602 VUs  0m52.9s/1m0s  10000.00 iters/s

running (31m35.2s), 00003/01602 VUs, 538446 complete and 0 interrupted iterations
steady   [  90% ] 00003/01602 VUs  0m53.9s/1m0s  10000.00 iters/s

running (31m36.2s), 00001/01602 VUs, 548448 complete and 0 interrupted iterations
steady   [  91% ] 00001/01602 VUs  0m54.9s/1m0s  10000.00 iters/s

running (31m37.2s), 00001/01602 VUs, 558447 complete and 0 interrupted iterations
steady   [  93% ] 00001/01602 VUs  0m55.9s/1m0s  10000.00 iters/s

running (31m38.2s), 00002/01602 VUs, 568446 complete and 0 interrupted iterations
steady   [  95% ] 00002/01602 VUs  0m56.9s/1m0s  10000.00 iters/s

running (31m39.2s), 00000/01602 VUs, 578448 complete and 0 interrupted iterations
steady   [  96% ] 00000/01602 VUs  0m57.9s/1m0s  10000.00 iters/s

running (31m40.2s), 00001/01602 VUs, 588447 complete and 0 interrupted iterations
steady   [  98% ] 00001/01602 VUs  0m58.9s/1m0s  10000.00 iters/s

running (31m41.2s), 00001/01602 VUs, 598448 complete and 0 interrupted iterations
steady   [ 100% ] 00001/01602 VUs  0m59.9s/1m0s  10000.00 iters/s

  http_reqs                    599508 (315.31/s)
  http_req_duration            med=0.08ms p95=0.19ms p99=3.12ms max=922493.81ms
  http_req_waiting             p95=0.16ms
  http_req_failed              0.000%
  dropped_iterations           492
  vus_max                      1602
  checks                       0 passed, 0 failed


running (31m41.3s), 00000/01602 VUs, 599508 complete and 0 interrupted iterations
steady ✓ [ 100% ] 00000/01602 VUs  1m0s  10000.00 iters/s
time="2026-07-26T08:02:08-07:00" level=error msg="thresholds on metrics 'dropped_iterations' have been crossed"
