
         /\      Grafana   /‾‾/  
    /\  /  \     |\  __   /  /   
   /  \/    \    | |/ /  /   ‾‾\ 
  /          \   |   (  |  (‾)  |
 / __________ \  |_|\_\  \_____/ 


     execution: local
        script: /Users/juancavallotti/Documents/development/octo-performance/scenarios/001-template-page/k6/steady.js
        output: -

     scenarios: (100.00%) 1 scenario, 16000 max VUs, 1m10s max duration (incl. graceful stop):
              * steady: 16000.00 iterations/s for 1m0s (maxVUs: 1600-16000, gracefulStop: 10s)


running (0m00.7s), 01079/01646 VUs, 6768 complete and 0 interrupted iterations
steady   [   1% ] 01079/01646 VUs  0m00.7s/1m0s  16000.00 iters/s

running (0m01.7s), 01731/01741 VUs, 14016 complete and 0 interrupted iterations
steady   [   3% ] 01731/01741 VUs  0m01.7s/1m0s  16000.00 iters/s

running (0m02.8s), 01589/01967 VUs, 22620 complete and 0 interrupted iterations
steady   [   5% ] 01589/01967 VUs  0m02.8s/1m0s  16000.00 iters/s

running (0m03.7s), 01654/02089 VUs, 33784 complete and 0 interrupted iterations
steady   [   6% ] 01654/02089 VUs  0m03.7s/1m0s  16000.00 iters/s

running (0m04.9s), 01943/02274 VUs, 43879 complete and 0 interrupted iterations
steady   [   8% ] 01943/02274 VUs  0m04.9s/1m0s  16000.00 iters/s

running (0m05.7s), 02381/02381 VUs, 53789 complete and 0 interrupted iterations
steady   [   9% ] 02381/02381 VUs  0m05.7s/1m0s  16000.00 iters/s

running (0m06.7s), 00002/02534 VUs, 67237 complete and 0 interrupted iterations
steady   [  11% ] 00002/02534 VUs  0m06.7s/1m0s  16000.00 iters/s

running (0m07.7s), 00244/02534 VUs, 83083 complete and 0 interrupted iterations
steady   [  13% ] 00244/02534 VUs  0m07.7s/1m0s  16000.00 iters/s

running (0m08.8s), 02670/02670 VUs, 91145 complete and 0 interrupted iterations
steady   [  15% ] 02670/02670 VUs  0m08.9s/1m0s  16000.00 iters/s

running (0m09.7s), 02778/02779 VUs, 100733 complete and 0 interrupted iterations
steady   [  16% ] 02778/02779 VUs  0m09.7s/1m0s  16000.00 iters/s

running (0m10.7s), 02512/03022 VUs, 110859 complete and 0 interrupted iterations
steady   [  18% ] 02512/03022 VUs  0m10.7s/1m0s  16000.00 iters/s

running (0m11.7s), 01947/03115 VUs, 119202 complete and 0 interrupted iterations
steady   [  20% ] 01947/03115 VUs  0m11.7s/1m0s  16000.00 iters/s

running (0m12.7s), 03226/03227 VUs, 128564 complete and 0 interrupted iterations
steady   [  21% ] 03226/03227 VUs  0m12.7s/1m0s  16000.00 iters/s

running (0m13.7s), 01715/03351 VUs, 142314 complete and 0 interrupted iterations
steady   [  23% ] 01715/03351 VUs  0m13.7s/1m0s  16000.00 iters/s

running (0m14.7s), 03488/03503 VUs, 151405 complete and 0 interrupted iterations
steady   [  25% ] 03488/03503 VUs  0m14.7s/1m0s  16000.00 iters/s

running (0m15.7s), 02811/03515 VUs, 162836 complete and 0 interrupted iterations
steady   [  26% ] 02811/03515 VUs  0m15.7s/1m0s  16000.00 iters/s

running (0m16.7s), 03191/03635 VUs, 175360 complete and 0 interrupted iterations
steady   [  28% ] 03191/03635 VUs  0m16.7s/1m0s  16000.00 iters/s

running (0m17.7s), 03907/03947 VUs, 183751 complete and 0 interrupted iterations
steady   [  29% ] 03907/03947 VUs  0m17.7s/1m0s  16000.00 iters/s

running (0m18.8s), 03771/04011 VUs, 194114 complete and 0 interrupted iterations
steady   [  31% ] 03769/04011 VUs  0m18.8s/1m0s  16000.00 iters/s

running (0m19.7s), 03517/04031 VUs, 209612 complete and 0 interrupted iterations
steady   [  33% ] 03517/04031 VUs  0m19.7s/1m0s  16000.00 iters/s

running (0m20.7s), 04075/04158 VUs, 222829 complete and 0 interrupted iterations
steady   [  34% ] 04075/04158 VUs  0m20.7s/1m0s  16000.00 iters/s

running (0m21.7s), 03894/04256 VUs, 233275 complete and 0 interrupted iterations
steady   [  36% ] 03894/04256 VUs  0m21.7s/1m0s  16000.00 iters/s

running (0m22.7s), 04377/04383 VUs, 239829 complete and 0 interrupted iterations
steady   [  38% ] 04377/04383 VUs  0m22.7s/1m0s  16000.00 iters/s

running (0m23.7s), 03457/04394 VUs, 250662 complete and 0 interrupted iterations
steady   [  40% ] 03470/04394 VUs  0m23.8s/1m0s  16000.00 iters/s

running (0m24.7s), 03913/04445 VUs, 263458 complete and 0 interrupted iterations
steady   [  41% ] 03913/04445 VUs  0m24.7s/1m0s  16000.00 iters/s

running (0m25.7s), 02451/04759 VUs, 275485 complete and 0 interrupted iterations
steady   [  43% ] 02451/04759 VUs  0m25.7s/1m0s  16000.00 iters/s

running (0m26.7s), 03950/04786 VUs, 286282 complete and 0 interrupted iterations
steady   [  44% ] 03950/04786 VUs  0m26.7s/1m0s  16000.00 iters/s

running (0m27.7s), 01315/04807 VUs, 297167 complete and 0 interrupted iterations
steady   [  46% ] 01315/04807 VUs  0m27.8s/1m0s  16000.00 iters/s

running (0m28.7s), 04727/04881 VUs, 305891 complete and 0 interrupted iterations
steady   [  48% ] 04727/04881 VUs  0m28.7s/1m0s  16000.00 iters/s

running (0m29.7s), 00042/04890 VUs, 326142 complete and 0 interrupted iterations
steady   [  49% ] 00042/04890 VUs  0m29.7s/1m0s  16000.00 iters/s

running (0m30.7s), 01630/04890 VUs, 340131 complete and 0 interrupted iterations
steady   [  51% ] 01676/04890 VUs  0m30.7s/1m0s  16000.00 iters/s

running (0m31.7s), 03687/04931 VUs, 353043 complete and 0 interrupted iterations
steady   [  53% ] 03687/04931 VUs  0m31.7s/1m0s  16000.00 iters/s

running (0m32.7s), 03150/04939 VUs, 364039 complete and 0 interrupted iterations
steady   [  54% ] 03150/04939 VUs  0m32.7s/1m0s  16000.00 iters/s

running (0m33.7s), 03385/04963 VUs, 379484 complete and 0 interrupted iterations
steady   [  56% ] 03385/04963 VUs  0m33.7s/1m0s  16000.00 iters/s

running (0m34.7s), 03868/05041 VUs, 391844 complete and 0 interrupted iterations
steady   [  58% ] 03868/05041 VUs  0m34.7s/1m0s  16000.00 iters/s

running (0m35.8s), 05230/05252 VUs, 401933 complete and 0 interrupted iterations
steady   [  60% ] 05230/05252 VUs  0m35.8s/1m0s  16000.00 iters/s

running (0m36.7s), 04840/05420 VUs, 411648 complete and 0 interrupted iterations
steady   [  61% ] 04840/05420 VUs  0m36.7s/1m0s  16000.00 iters/s

running (0m37.8s), 05152/05485 VUs, 417600 complete and 0 interrupted iterations
steady   [  63% ] 05152/05485 VUs  0m37.8s/1m0s  16000.00 iters/s

running (0m38.7s), 05022/05503 VUs, 431097 complete and 0 interrupted iterations
steady   [  65% ] 05022/05503 VUs  0m38.7s/1m0s  16000.00 iters/s

running (0m39.8s), 05614/05622 VUs, 442501 complete and 0 interrupted iterations
steady   [  66% ] 05614/05622 VUs  0m39.8s/1m0s  16000.00 iters/s

running (0m40.7s), 05602/05732 VUs, 452887 complete and 0 interrupted iterations
steady   [  68% ] 05602/05732 VUs  0m40.7s/1m0s  16000.00 iters/s

running (0m41.7s), 04106/05888 VUs, 466820 complete and 0 interrupted iterations
steady   [  69% ] 04106/05888 VUs  0m41.7s/1m0s  16000.00 iters/s

running (0m43.5s), 04598/06244 VUs, 480257 complete and 0 interrupted iterations
steady   [  73% ] 04598/06244 VUs  0m43.7s/1m0s  16000.00 iters/s

running (0m43.7s), 04598/06244 VUs, 480257 complete and 0 interrupted iterations
steady   [  73% ] 04598/06244 VUs  0m43.7s/1m0s  16000.00 iters/s

running (0m44.7s), 06282/06283 VUs, 495254 complete and 0 interrupted iterations
steady   [  75% ] 06282/06283 VUs  0m44.7s/1m0s  16000.00 iters/s

running (0m45.7s), 06391/06392 VUs, 507496 complete and 0 interrupted iterations
steady   [  76% ] 06391/06392 VUs  0m45.7s/1m0s  16000.00 iters/s

running (0m46.7s), 05662/06543 VUs, 518810 complete and 0 interrupted iterations
steady   [  78% ] 05662/06543 VUs  0m46.7s/1m0s  16000.00 iters/s

running (0m47.7s), 05351/06715 VUs, 531039 complete and 0 interrupted iterations
steady   [  80% ] 05351/06715 VUs  0m47.7s/1m0s  16000.00 iters/s

running (0m48.7s), 06777/06777 VUs, 542668 complete and 0 interrupted iterations
steady   [  81% ] 06777/06777 VUs  0m48.7s/1m0s  16000.00 iters/s

running (0m49.7s), 06388/06899 VUs, 549149 complete and 0 interrupted iterations
steady   [  83% ] 06388/06899 VUs  0m49.7s/1m0s  16000.00 iters/s

running (0m50.7s), 04433/06913 VUs, 562149 complete and 0 interrupted iterations
steady   [  84% ] 04434/06913 VUs  0m50.7s/1m0s  16000.00 iters/s

running (0m51.8s), 06671/06943 VUs, 576096 complete and 0 interrupted iterations
steady   [  86% ] 06671/06943 VUs  0m51.8s/1m0s  16000.00 iters/s

running (0m52.7s), 05884/06986 VUs, 589872 complete and 0 interrupted iterations
steady   [  88% ] 05884/06986 VUs  0m52.7s/1m0s  16000.00 iters/s

running (0m53.7s), 05574/07087 VUs, 603148 complete and 0 interrupted iterations
steady   [  90% ] 05574/07087 VUs  0m53.7s/1m0s  16000.00 iters/s

running (0m54.7s), 00002/07090 VUs, 624742 complete and 0 interrupted iterations
steady   [  91% ] 00002/07090 VUs  0m54.7s/1m0s  16000.00 iters/s

running (0m55.7s), 04250/07090 VUs, 629637 complete and 0 interrupted iterations
steady   [  93% ] 04250/07090 VUs  0m55.7s/1m0s  16000.00 iters/s

running (0m56.7s), 00694/07107 VUs, 643023 complete and 0 interrupted iterations
steady   [  95% ] 00686/07107 VUs  0m56.7s/1m0s  16000.00 iters/s

running (0m57.7s), 06026/07107 VUs, 647404 complete and 0 interrupted iterations
steady   [  96% ] 06026/07107 VUs  0m57.7s/1m0s  16000.00 iters/s

running (0m58.7s), 00620/07131 VUs, 662717 complete and 0 interrupted iterations
steady   [  98% ] 00620/07131 VUs  0m58.7s/1m0s  16000.00 iters/s

running (0m59.7s), 06237/07134 VUs, 672138 complete and 0 interrupted iterations
steady   [ 100% ] 06237/07134 VUs  0m59.7s/1m0s  16000.00 iters/s

running (1m00.7s), 00295/07134 VUs, 683469 complete and 0 interrupted iterations
steady ↓ [ 100% ] 06305/07134 VUs  1m0s  16000.00 iters/s

  http_reqs                    683764 (11257.09/s)
  http_req_duration            med=228.15ms p95=980.46ms p99=1503.86ms max=4877.99ms
  http_req_waiting             p95=944.01ms
  http_req_failed              0.000%
  dropped_iterations           276587
  vus_max                      7134
  checks                       0 passed, 0 failed


running (1m00.7s), 00000/07134 VUs, 683764 complete and 0 interrupted iterations
steady ✓ [ 100% ] 00000/07134 VUs  1m0s  16000.00 iters/s
time="2026-07-26T13:57:08-07:00" level=error msg="thresholds on metrics 'dropped_iterations, http_req_duration' have been crossed"
