
         /\      Grafana   /‾‾/  
    /\  /  \     |\  __   /  /   
   /  \/    \    | |/ /  /   ‾‾\ 
  /          \   |   (  |  (‾)  |
 / __________ \  |_|\_\  \_____/ 


     execution: local
        script: /Users/juancavallotti/Documents/development/octo-performance/scenarios/001-template-page/k6/steady.js
        output: -

     scenarios: (100.00%) 1 scenario, 4800 max VUs, 30s max duration (incl. graceful stop):
              * steady: 24000.00 iterations/s for 20s (maxVUs: 480-4800, gracefulStop: 10s)


running (01.0s), 0003/0480 VUs, 23224 complete and 0 interrupted iterations
steady   [   5% ] 0003/0480 VUs  01.0s/20s  24000.00 iters/s

running (02.0s), 0004/0490 VUs, 47113 complete and 0 interrupted iterations
steady   [  10% ] 0003/0490 VUs  02.0s/20s  24000.00 iters/s

running (03.0s), 0003/0495 VUs, 70946 complete and 0 interrupted iterations
steady   [  15% ] 0003/0495 VUs  03.0s/20s  24000.00 iters/s

running (04.0s), 0003/0495 VUs, 94947 complete and 0 interrupted iterations
steady   [  20% ] 0003/0495 VUs  04.0s/20s  24000.00 iters/s

running (05.0s), 0004/0503 VUs, 116651 complete and 0 interrupted iterations
steady   [  25% ] 0003/0503 VUs  05.0s/20s  24000.00 iters/s

running (06.0s), 0003/0503 VUs, 140653 complete and 0 interrupted iterations
steady   [  30% ] 0003/0503 VUs  06.0s/20s  24000.00 iters/s

running (07.0s), 0003/0504 VUs, 164290 complete and 0 interrupted iterations
steady   [  35% ] 0003/0504 VUs  07.0s/20s  24000.00 iters/s

running (08.0s), 0002/0504 VUs, 188291 complete and 0 interrupted iterations
steady   [  40% ] 0002/0504 VUs  08.0s/20s  24000.00 iters/s

running (09.0s), 0003/0504 VUs, 212291 complete and 0 interrupted iterations
steady   [  45% ] 0003/0504 VUs  09.0s/20s  24000.00 iters/s

running (10.0s), 0004/0507 VUs, 236255 complete and 0 interrupted iterations
steady   [  50% ] 0004/0507 VUs  10.0s/20s  24000.00 iters/s

running (11.0s), 0003/0507 VUs, 260256 complete and 0 interrupted iterations
steady   [  55% ] 0003/0507 VUs  11.0s/20s  24000.00 iters/s

running (12.0s), 0004/0507 VUs, 284255 complete and 0 interrupted iterations
steady   [  60% ] 0004/0507 VUs  12.0s/20s  24000.00 iters/s

running (13.0s), 0285/0511 VUs, 307905 complete and 0 interrupted iterations
steady   [  65% ] 0285/0511 VUs  13.0s/20s  24000.00 iters/s

running (14.0s), 0004/0511 VUs, 332158 complete and 0 interrupted iterations
steady   [  70% ] 0004/0511 VUs  14.0s/20s  24000.00 iters/s

running (15.0s), 0003/0511 VUs, 356158 complete and 0 interrupted iterations
steady   [  75% ] 0003/0511 VUs  15.0s/20s  24000.00 iters/s

running (16.0s), 0004/0513 VUs, 380124 complete and 0 interrupted iterations
steady   [  80% ] 0004/0513 VUs  16.0s/20s  24000.00 iters/s

running (17.0s), 0003/0513 VUs, 404128 complete and 0 interrupted iterations
steady   [  85% ] 0003/0513 VUs  17.0s/20s  24000.00 iters/s

running (18.0s), 0009/0513 VUs, 428123 complete and 0 interrupted iterations
steady   [  90% ] 0009/0513 VUs  18.0s/20s  24000.00 iters/s

running (19.0s), 0059/0513 VUs, 452060 complete and 0 interrupted iterations
steady   [  95% ] 0059/0513 VUs  19.0s/20s  24000.00 iters/s

running (20.0s), 0003/0515 VUs, 476070 complete and 0 interrupted iterations
steady   [ 100% ] 0003/0515 VUs  20.0s/20s  24000.00 iters/s

  http_reqs                    476848 (23841.33/s)
  http_req_duration            med=0.10ms p95=0.90ms p99=16.05ms max=88.09ms
  http_req_waiting             p95=0.75ms
  http_req_failed              0.000%
  dropped_iterations           3161
  vus_max                      515
  checks                       0 passed, 0 failed


running (20.0s), 0000/0515 VUs, 476848 complete and 0 interrupted iterations
steady ✓ [ 100% ] 0000/0515 VUs  20s  24000.00 iters/s
time="2026-07-25T10:56:48-07:00" level=error msg="thresholds on metrics 'dropped_iterations' have been crossed"
