
         /\      Grafana   /‾‾/  
    /\  /  \     |\  __   /  /   
   /  \/    \    | |/ /  /   ‾‾\ 
  /          \   |   (  |  (‾)  |
 / __________ \  |_|\_\  \_____/ 


     execution: local
        script: /Users/juancavallotti/Documents/development/octo-performance/scenarios/006-json-transform/k6/steady.js
        output: -

     scenarios: (100.00%) 1 scenario, 800 max VUs, 1m10s max duration (incl. graceful stop):
              * steady: 4000.00 iterations/s for 1m0s (maxVUs: 80-800, gracefulStop: 10s)


running (0m01.0s), 001/080 VUs, 3949 complete and 0 interrupted iterations
steady   [   2% ] 001/080 VUs  0m01.0s/1m0s  4000.00 iters/s

running (0m02.0s), 004/080 VUs, 7946 complete and 0 interrupted iterations
steady   [   3% ] 004/080 VUs  0m02.0s/1m0s  4000.00 iters/s

running (0m03.0s), 001/080 VUs, 11949 complete and 0 interrupted iterations
steady   [   5% ] 001/080 VUs  0m03.0s/1m0s  4000.00 iters/s

running (0m04.0s), 001/080 VUs, 15949 complete and 0 interrupted iterations
steady   [   7% ] 001/080 VUs  0m04.0s/1m0s  4000.00 iters/s

running (0m05.0s), 001/080 VUs, 19949 complete and 0 interrupted iterations
steady   [   8% ] 001/080 VUs  0m05.0s/1m0s  4000.00 iters/s

running (0m06.0s), 001/080 VUs, 23949 complete and 0 interrupted iterations
steady   [  10% ] 001/080 VUs  0m06.0s/1m0s  4000.00 iters/s

running (0m07.0s), 001/080 VUs, 27949 complete and 0 interrupted iterations
steady   [  12% ] 001/080 VUs  0m07.0s/1m0s  4000.00 iters/s

running (0m08.0s), 001/080 VUs, 31949 complete and 0 interrupted iterations
steady   [  13% ] 001/080 VUs  0m08.0s/1m0s  4000.00 iters/s

running (0m09.0s), 001/080 VUs, 35949 complete and 0 interrupted iterations
steady   [  15% ] 001/080 VUs  0m09.0s/1m0s  4000.00 iters/s

running (0m10.0s), 003/080 VUs, 39947 complete and 0 interrupted iterations
steady   [  17% ] 003/080 VUs  0m10.0s/1m0s  4000.00 iters/s

running (0m11.0s), 001/080 VUs, 43949 complete and 0 interrupted iterations
steady   [  18% ] 001/080 VUs  0m11.0s/1m0s  4000.00 iters/s

running (0m12.0s), 001/080 VUs, 47949 complete and 0 interrupted iterations
steady   [  20% ] 001/080 VUs  0m12.0s/1m0s  4000.00 iters/s

running (0m13.0s), 001/080 VUs, 51949 complete and 0 interrupted iterations
steady   [  22% ] 001/080 VUs  0m13.0s/1m0s  4000.00 iters/s

running (0m14.0s), 001/080 VUs, 55949 complete and 0 interrupted iterations
steady   [  23% ] 001/080 VUs  0m14.0s/1m0s  4000.00 iters/s

running (0m15.0s), 001/080 VUs, 59949 complete and 0 interrupted iterations
steady   [  25% ] 001/080 VUs  0m15.0s/1m0s  4000.00 iters/s

running (0m16.0s), 003/080 VUs, 63947 complete and 0 interrupted iterations
steady   [  27% ] 003/080 VUs  0m16.0s/1m0s  4000.00 iters/s

running (0m17.0s), 001/080 VUs, 67949 complete and 0 interrupted iterations
steady   [  28% ] 001/080 VUs  0m17.0s/1m0s  4000.00 iters/s

running (0m18.0s), 000/080 VUs, 71950 complete and 0 interrupted iterations
steady   [  30% ] 001/080 VUs  0m18.0s/1m0s  4000.00 iters/s

running (0m19.0s), 001/080 VUs, 75949 complete and 0 interrupted iterations
steady   [  32% ] 001/080 VUs  0m19.0s/1m0s  4000.00 iters/s

running (0m20.0s), 001/080 VUs, 79949 complete and 0 interrupted iterations
steady   [  33% ] 001/080 VUs  0m20.0s/1m0s  4000.00 iters/s

running (0m21.0s), 001/080 VUs, 83949 complete and 0 interrupted iterations
steady   [  35% ] 001/080 VUs  0m21.0s/1m0s  4000.00 iters/s

running (0m22.0s), 001/080 VUs, 87949 complete and 0 interrupted iterations
steady   [  37% ] 001/080 VUs  0m22.0s/1m0s  4000.00 iters/s

running (0m23.0s), 001/080 VUs, 91949 complete and 0 interrupted iterations
steady   [  38% ] 001/080 VUs  0m23.0s/1m0s  4000.00 iters/s

running (0m24.0s), 001/080 VUs, 95949 complete and 0 interrupted iterations
steady   [  40% ] 001/080 VUs  0m24.0s/1m0s  4000.00 iters/s

running (0m25.0s), 001/080 VUs, 99949 complete and 0 interrupted iterations
steady   [  42% ] 001/080 VUs  0m25.0s/1m0s  4000.00 iters/s

running (0m26.0s), 001/080 VUs, 103949 complete and 0 interrupted iterations
steady   [  43% ] 001/080 VUs  0m26.0s/1m0s  4000.00 iters/s

running (0m27.0s), 001/080 VUs, 107949 complete and 0 interrupted iterations
steady   [  45% ] 001/080 VUs  0m27.0s/1m0s  4000.00 iters/s

running (0m28.0s), 002/080 VUs, 111948 complete and 0 interrupted iterations
steady   [  47% ] 002/080 VUs  0m28.0s/1m0s  4000.00 iters/s

running (0m29.0s), 001/080 VUs, 115949 complete and 0 interrupted iterations
steady   [  48% ] 001/080 VUs  0m29.0s/1m0s  4000.00 iters/s

running (0m30.0s), 001/080 VUs, 119949 complete and 0 interrupted iterations
steady   [  50% ] 001/080 VUs  0m30.0s/1m0s  4000.00 iters/s

running (0m31.0s), 001/080 VUs, 123949 complete and 0 interrupted iterations
steady   [  52% ] 001/080 VUs  0m31.0s/1m0s  4000.00 iters/s

running (0m32.0s), 001/080 VUs, 127949 complete and 0 interrupted iterations
steady   [  53% ] 001/080 VUs  0m32.0s/1m0s  4000.00 iters/s

running (0m33.0s), 001/080 VUs, 131949 complete and 0 interrupted iterations
steady   [  55% ] 001/080 VUs  0m33.0s/1m0s  4000.00 iters/s

running (0m34.0s), 004/080 VUs, 135946 complete and 0 interrupted iterations
steady   [  57% ] 004/080 VUs  0m34.0s/1m0s  4000.00 iters/s

running (0m35.0s), 001/080 VUs, 139949 complete and 0 interrupted iterations
steady   [  58% ] 001/080 VUs  0m35.0s/1m0s  4000.00 iters/s

running (0m36.0s), 001/080 VUs, 143949 complete and 0 interrupted iterations
steady   [  60% ] 001/080 VUs  0m36.0s/1m0s  4000.00 iters/s

running (0m37.0s), 001/080 VUs, 147949 complete and 0 interrupted iterations
steady   [  62% ] 001/080 VUs  0m37.0s/1m0s  4000.00 iters/s

running (0m38.0s), 001/080 VUs, 151949 complete and 0 interrupted iterations
steady   [  63% ] 001/080 VUs  0m38.0s/1m0s  4000.00 iters/s

running (0m39.0s), 001/080 VUs, 155949 complete and 0 interrupted iterations
steady   [  65% ] 001/080 VUs  0m39.0s/1m0s  4000.00 iters/s

running (0m40.0s), 001/080 VUs, 159949 complete and 0 interrupted iterations
steady   [  67% ] 001/080 VUs  0m40.0s/1m0s  4000.00 iters/s

running (0m41.0s), 001/080 VUs, 163949 complete and 0 interrupted iterations
steady   [  68% ] 001/080 VUs  0m41.0s/1m0s  4000.00 iters/s

running (0m42.0s), 001/080 VUs, 167949 complete and 0 interrupted iterations
steady   [  70% ] 001/080 VUs  0m42.0s/1m0s  4000.00 iters/s

running (0m43.0s), 001/080 VUs, 171949 complete and 0 interrupted iterations
steady   [  72% ] 001/080 VUs  0m43.0s/1m0s  4000.00 iters/s

running (0m44.0s), 001/080 VUs, 175949 complete and 0 interrupted iterations
steady   [  73% ] 001/080 VUs  0m44.0s/1m0s  4000.00 iters/s

running (0m45.0s), 002/080 VUs, 179948 complete and 0 interrupted iterations
steady   [  75% ] 002/080 VUs  0m45.0s/1m0s  4000.00 iters/s

running (0m46.0s), 002/080 VUs, 183949 complete and 0 interrupted iterations
steady   [  77% ] 002/080 VUs  0m46.0s/1m0s  4000.00 iters/s

running (0m47.0s), 002/080 VUs, 187948 complete and 0 interrupted iterations
steady   [  78% ] 002/080 VUs  0m47.0s/1m0s  4000.00 iters/s

running (0m48.0s), 001/080 VUs, 191949 complete and 0 interrupted iterations
steady   [  80% ] 001/080 VUs  0m48.0s/1m0s  4000.00 iters/s

running (0m49.0s), 001/080 VUs, 195949 complete and 0 interrupted iterations
steady   [  82% ] 001/080 VUs  0m49.0s/1m0s  4000.00 iters/s

running (0m50.0s), 001/080 VUs, 199949 complete and 0 interrupted iterations
steady   [  83% ] 001/080 VUs  0m50.0s/1m0s  4000.00 iters/s

running (0m51.0s), 001/080 VUs, 203949 complete and 0 interrupted iterations
steady   [  85% ] 001/080 VUs  0m51.0s/1m0s  4000.00 iters/s

running (0m52.0s), 001/080 VUs, 207949 complete and 0 interrupted iterations
steady   [  87% ] 001/080 VUs  0m52.0s/1m0s  4000.00 iters/s

running (0m53.0s), 001/080 VUs, 211949 complete and 0 interrupted iterations
steady   [  88% ] 001/080 VUs  0m53.0s/1m0s  4000.00 iters/s

running (0m54.0s), 001/080 VUs, 215949 complete and 0 interrupted iterations
steady   [  90% ] 001/080 VUs  0m54.0s/1m0s  4000.00 iters/s

running (0m55.0s), 001/080 VUs, 219949 complete and 0 interrupted iterations
steady   [  92% ] 001/080 VUs  0m55.0s/1m0s  4000.00 iters/s

running (0m56.0s), 001/080 VUs, 223949 complete and 0 interrupted iterations
steady   [  93% ] 001/080 VUs  0m56.0s/1m0s  4000.00 iters/s

running (0m57.0s), 001/080 VUs, 227949 complete and 0 interrupted iterations
steady   [  95% ] 001/080 VUs  0m57.0s/1m0s  4000.00 iters/s

running (0m58.0s), 001/080 VUs, 231949 complete and 0 interrupted iterations
steady   [  97% ] 001/080 VUs  0m58.0s/1m0s  4000.00 iters/s

running (0m59.0s), 001/080 VUs, 235949 complete and 0 interrupted iterations
steady   [  98% ] 001/080 VUs  0m59.0s/1m0s  4000.00 iters/s

running (1m00.0s), 001/080 VUs, 239949 complete and 0 interrupted iterations
steady   [ 100% ] 001/080 VUs  1m00.0s/1m0s  4000.00 iters/s

  http_reqs                    240000 (3999.96/s)
  http_req_duration            med=0.18ms p95=0.51ms p99=0.73ms max=13.54ms
  http_req_waiting             p95=0.48ms
  http_req_failed              0.000%
  dropped_iterations           0
  vus_max                      80
  checks                       0 passed, 0 failed


running (1m00.0s), 000/080 VUs, 240000 complete and 0 interrupted iterations
steady ✓ [ 100% ] 000/080 VUs  1m0s  4000.00 iters/s
