
         /\      Grafana   /‾‾/  
    /\  /  \     |\  __   /  /   
   /  \/    \    | |/ /  /   ‾‾\ 
  /          \   |   (  |  (‾)  |
 / __________ \  |_|\_\  \_____/ 


     execution: local
        script: /Users/juancavallotti/Documents/development/octo-performance/scenarios/001-template-page/k6/steady.js
        output: -

     scenarios: (100.00%) 1 scenario, 16000 max VUs, 1m10s max duration (incl. graceful stop):
              * steady: 16000.00 iterations/s for 1m0s (maxVUs: 1600-16000, gracefulStop: 10s)


running (0m00.9s), 00016/01600 VUs, 14271 complete and 0 interrupted iterations
steady   [   1% ] 00016/01600 VUs  0m00.9s/1m0s  16000.00 iters/s

running (0m01.9s), 00012/01600 VUs, 30275 complete and 0 interrupted iterations
steady   [   3% ] 00012/01600 VUs  0m01.9s/1m0s  16000.00 iters/s

running (0m02.9s), 00010/01600 VUs, 46276 complete and 0 interrupted iterations
steady   [   5% ] 00010/01600 VUs  0m02.9s/1m0s  16000.00 iters/s

running (0m03.9s), 00057/01600 VUs, 62253 complete and 0 interrupted iterations
steady   [   6% ] 00060/01600 VUs  0m03.9s/1m0s  16000.00 iters/s

running (0m04.9s), 00014/01600 VUs, 78273 complete and 0 interrupted iterations
steady   [   8% ] 00014/01600 VUs  0m04.9s/1m0s  16000.00 iters/s

running (0m05.9s), 00013/01600 VUs, 94274 complete and 0 interrupted iterations
steady   [  10% ] 00013/01600 VUs  0m05.9s/1m0s  16000.00 iters/s

running (0m06.9s), 00007/01600 VUs, 110280 complete and 0 interrupted iterations
steady   [  11% ] 00007/01600 VUs  0m06.9s/1m0s  16000.00 iters/s

running (0m07.9s), 00022/01600 VUs, 126266 complete and 0 interrupted iterations
steady   [  13% ] 00022/01600 VUs  0m07.9s/1m0s  16000.00 iters/s

running (0m08.9s), 00020/01600 VUs, 142265 complete and 0 interrupted iterations
steady   [  15% ] 00020/01600 VUs  0m08.9s/1m0s  16000.00 iters/s

running (0m09.9s), 00012/01600 VUs, 158277 complete and 0 interrupted iterations
steady   [  16% ] 00012/01600 VUs  0m09.9s/1m0s  16000.00 iters/s

running (0m10.9s), 00009/01600 VUs, 174277 complete and 0 interrupted iterations
steady   [  18% ] 00009/01600 VUs  0m10.9s/1m0s  16000.00 iters/s

running (0m11.9s), 00008/01600 VUs, 190278 complete and 0 interrupted iterations
steady   [  20% ] 00008/01600 VUs  0m11.9s/1m0s  16000.00 iters/s

running (0m12.9s), 00005/01600 VUs, 206281 complete and 0 interrupted iterations
steady   [  21% ] 00005/01600 VUs  0m12.9s/1m0s  16000.00 iters/s

running (0m13.9s), 00008/01600 VUs, 222278 complete and 0 interrupted iterations
steady   [  23% ] 00008/01600 VUs  0m13.9s/1m0s  16000.00 iters/s

running (0m14.9s), 00010/01600 VUs, 238277 complete and 0 interrupted iterations
steady   [  25% ] 00010/01600 VUs  0m14.9s/1m0s  16000.00 iters/s

running (0m15.9s), 00008/01600 VUs, 254280 complete and 0 interrupted iterations
steady   [  26% ] 00008/01600 VUs  0m15.9s/1m0s  16000.00 iters/s

running (0m16.9s), 00012/01600 VUs, 270275 complete and 0 interrupted iterations
steady   [  28% ] 00012/01600 VUs  0m16.9s/1m0s  16000.00 iters/s

running (0m17.9s), 00007/01600 VUs, 286280 complete and 0 interrupted iterations
steady   [  30% ] 00007/01600 VUs  0m17.9s/1m0s  16000.00 iters/s

running (0m18.9s), 00005/01600 VUs, 302281 complete and 0 interrupted iterations
steady   [  31% ] 00005/01600 VUs  0m18.9s/1m0s  16000.00 iters/s

running (0m19.9s), 00006/01600 VUs, 318281 complete and 0 interrupted iterations
steady   [  33% ] 00006/01600 VUs  0m19.9s/1m0s  16000.00 iters/s

running (0m20.9s), 00008/01600 VUs, 334280 complete and 0 interrupted iterations
steady   [  35% ] 00008/01600 VUs  0m20.9s/1m0s  16000.00 iters/s

running (0m21.9s), 00007/01600 VUs, 350279 complete and 0 interrupted iterations
steady   [  36% ] 00007/01600 VUs  0m21.9s/1m0s  16000.00 iters/s

running (0m22.9s), 00008/01600 VUs, 366278 complete and 0 interrupted iterations
steady   [  38% ] 00008/01600 VUs  0m22.9s/1m0s  16000.00 iters/s

running (0m23.9s), 00007/01600 VUs, 382279 complete and 0 interrupted iterations
steady   [  40% ] 00008/01600 VUs  0m23.9s/1m0s  16000.00 iters/s

running (0m24.9s), 00009/01600 VUs, 398277 complete and 0 interrupted iterations
steady   [  41% ] 00009/01600 VUs  0m24.9s/1m0s  16000.00 iters/s

running (0m25.9s), 00006/01600 VUs, 414279 complete and 0 interrupted iterations
steady   [  43% ] 00006/01600 VUs  0m25.9s/1m0s  16000.00 iters/s

running (0m26.9s), 00012/01600 VUs, 430274 complete and 0 interrupted iterations
steady   [  45% ] 00012/01600 VUs  0m26.9s/1m0s  16000.00 iters/s

running (0m27.9s), 00015/01600 VUs, 446271 complete and 0 interrupted iterations
steady   [  46% ] 00016/01600 VUs  0m27.9s/1m0s  16000.00 iters/s

running (0m28.9s), 00012/01600 VUs, 462275 complete and 0 interrupted iterations
steady   [  48% ] 00012/01600 VUs  0m28.9s/1m0s  16000.00 iters/s

running (0m29.9s), 00028/01600 VUs, 478262 complete and 0 interrupted iterations
steady   [  50% ] 00028/01600 VUs  0m29.9s/1m0s  16000.00 iters/s

running (0m30.9s), 00008/01600 VUs, 494279 complete and 0 interrupted iterations
steady   [  51% ] 00008/01600 VUs  0m30.9s/1m0s  16000.00 iters/s

running (0m31.9s), 00008/01600 VUs, 510279 complete and 0 interrupted iterations
steady   [  53% ] 00007/01600 VUs  0m31.9s/1m0s  16000.00 iters/s

running (0m32.9s), 00022/01600 VUs, 526271 complete and 0 interrupted iterations
steady   [  55% ] 00021/01600 VUs  0m32.9s/1m0s  16000.00 iters/s

running (0m33.9s), 00011/01600 VUs, 542276 complete and 0 interrupted iterations
steady   [  56% ] 00011/01600 VUs  0m33.9s/1m0s  16000.00 iters/s

running (0m34.9s), 00010/01600 VUs, 558276 complete and 0 interrupted iterations
steady   [  58% ] 00010/01600 VUs  0m34.9s/1m0s  16000.00 iters/s

running (0m35.9s), 00009/01600 VUs, 574277 complete and 0 interrupted iterations
steady   [  60% ] 00009/01600 VUs  0m35.9s/1m0s  16000.00 iters/s

running (0m36.9s), 00005/01600 VUs, 590282 complete and 0 interrupted iterations
steady   [  61% ] 00005/01600 VUs  0m36.9s/1m0s  16000.00 iters/s

running (0m37.9s), 00078/01600 VUs, 606222 complete and 0 interrupted iterations
steady   [  63% ] 00082/01600 VUs  0m37.9s/1m0s  16000.00 iters/s

running (0m38.9s), 00007/01600 VUs, 622279 complete and 0 interrupted iterations
steady   [  65% ] 00007/01600 VUs  0m38.9s/1m0s  16000.00 iters/s

running (0m39.9s), 00007/01600 VUs, 638279 complete and 0 interrupted iterations
steady   [  66% ] 00008/01600 VUs  0m39.9s/1m0s  16000.00 iters/s

running (0m40.9s), 00008/01600 VUs, 654278 complete and 0 interrupted iterations
steady   [  68% ] 00008/01600 VUs  0m40.9s/1m0s  16000.00 iters/s

running (0m41.9s), 00621/01600 VUs, 669664 complete and 0 interrupted iterations
steady   [  70% ] 00621/01600 VUs  0m41.9s/1m0s  16000.00 iters/s

running (0m42.9s), 00013/01600 VUs, 686274 complete and 0 interrupted iterations
steady   [  71% ] 00012/01600 VUs  0m42.9s/1m0s  16000.00 iters/s

running (0m43.9s), 00013/01600 VUs, 702273 complete and 0 interrupted iterations
steady   [  73% ] 00013/01600 VUs  0m43.9s/1m0s  16000.00 iters/s

running (0m44.9s), 00199/01600 VUs, 718087 complete and 0 interrupted iterations
steady   [  75% ] 00199/01600 VUs  0m44.9s/1m0s  16000.00 iters/s

running (0m45.9s), 00006/01600 VUs, 734280 complete and 0 interrupted iterations
steady   [  76% ] 00006/01600 VUs  0m45.9s/1m0s  16000.00 iters/s

running (0m46.9s), 00007/01600 VUs, 750280 complete and 0 interrupted iterations
steady   [  78% ] 00007/01600 VUs  0m46.9s/1m0s  16000.00 iters/s

running (0m47.9s), 00025/01600 VUs, 766261 complete and 0 interrupted iterations
steady   [  80% ] 00025/01600 VUs  0m47.9s/1m0s  16000.00 iters/s

running (0m48.9s), 00006/01600 VUs, 782281 complete and 0 interrupted iterations
steady   [  81% ] 00006/01600 VUs  0m48.9s/1m0s  16000.00 iters/s

running (0m49.9s), 00015/01600 VUs, 798275 complete and 0 interrupted iterations
steady   [  83% ] 00015/01600 VUs  0m49.9s/1m0s  16000.00 iters/s

running (0m50.9s), 00009/01600 VUs, 814279 complete and 0 interrupted iterations
steady   [  85% ] 00009/01600 VUs  0m50.9s/1m0s  16000.00 iters/s

running (0m51.9s), 00075/01600 VUs, 830120 complete and 0 interrupted iterations
steady   [  86% ] 00075/01600 VUs  0m51.9s/1m0s  16000.00 iters/s

running (0m52.9s), 00016/01600 VUs, 846271 complete and 0 interrupted iterations
steady   [  88% ] 00016/01600 VUs  0m52.9s/1m0s  16000.00 iters/s

running (0m53.9s), 00006/01600 VUs, 862281 complete and 0 interrupted iterations
steady   [  90% ] 00006/01600 VUs  0m53.9s/1m0s  16000.00 iters/s

running (0m54.9s), 00012/01600 VUs, 878273 complete and 0 interrupted iterations
steady   [  91% ] 00012/01600 VUs  0m54.9s/1m0s  16000.00 iters/s

running (0m55.9s), 00009/01600 VUs, 894277 complete and 0 interrupted iterations
steady   [  93% ] 00009/01600 VUs  0m55.9s/1m0s  16000.00 iters/s

running (0m56.9s), 00010/01600 VUs, 910278 complete and 0 interrupted iterations
steady   [  95% ] 00010/01600 VUs  0m56.9s/1m0s  16000.00 iters/s

running (0m57.9s), 01274/01602 VUs, 924453 complete and 0 interrupted iterations
steady   [  96% ] 01274/01602 VUs  0m57.9s/1m0s  16000.00 iters/s

running (0m58.9s), 00549/01602 VUs, 941331 complete and 0 interrupted iterations
steady   [  98% ] 00549/01602 VUs  0m58.9s/1m0s  16000.00 iters/s

running (0m59.9s), 00310/01602 VUs, 957461 complete and 0 interrupted iterations
steady   [ 100% ] 00310/01602 VUs  0m59.9s/1m0s  16000.00 iters/s

  http_reqs                    959448 (15990.01/s)
  http_req_duration            med=0.54ms p95=21.17ms p99=56.36ms max=290.15ms
  http_req_waiting             p95=20.84ms
  http_req_failed              0.000%
  dropped_iterations           553
  vus_max                      1602
  checks                       0 passed, 0 failed


running (1m00.0s), 00000/01602 VUs, 959448 complete and 0 interrupted iterations
steady ✓ [ 100% ] 00000/01602 VUs  1m0s  16000.00 iters/s
time="2026-07-25T11:25:53-07:00" level=error msg="thresholds on metrics 'dropped_iterations, http_req_duration' have been crossed"
