
         /\      Grafana   /‾‾/  
    /\  /  \     |\  __   /  /   
   /  \/    \    | |/ /  /   ‾‾\ 
  /          \   |   (  |  (‾)  |
 / __________ \  |_|\_\  \_____/ 


     execution: local
        script: /Users/juancavallotti/Documents/development/octo-performance/scenarios/001-template-page/k6/steady.js
        output: -

     scenarios: (100.00%) 1 scenario, 16000 max VUs, 1m10s max duration (incl. graceful stop):
              * steady: 16000.00 iterations/s for 1m0s (maxVUs: 1600-16000, gracefulStop: 10s)


running (0m00.9s), 00001/01600 VUs, 14537 complete and 0 interrupted iterations
steady   [   2% ] 00001/01600 VUs  0m00.9s/1m0s  16000.00 iters/s

running (0m01.9s), 00002/01600 VUs, 30536 complete and 0 interrupted iterations
steady   [   3% ] 00002/01600 VUs  0m01.9s/1m0s  16000.00 iters/s

running (0m02.9s), 00002/01600 VUs, 46536 complete and 0 interrupted iterations
steady   [   5% ] 00002/01600 VUs  0m02.9s/1m0s  16000.00 iters/s

running (0m03.9s), 00006/01600 VUs, 62538 complete and 0 interrupted iterations
steady   [   7% ] 00006/01600 VUs  0m03.9s/1m0s  16000.00 iters/s

running (0m04.9s), 00001/01600 VUs, 78536 complete and 0 interrupted iterations
steady   [   8% ] 00001/01600 VUs  0m04.9s/1m0s  16000.00 iters/s

running (0m05.9s), 00002/01600 VUs, 94536 complete and 0 interrupted iterations
steady   [  10% ] 00002/01600 VUs  0m05.9s/1m0s  16000.00 iters/s

running (0m06.9s), 00004/01600 VUs, 110534 complete and 0 interrupted iterations
steady   [  12% ] 00004/01600 VUs  0m06.9s/1m0s  16000.00 iters/s

running (0m07.9s), 00002/01600 VUs, 126536 complete and 0 interrupted iterations
steady   [  13% ] 00002/01600 VUs  0m07.9s/1m0s  16000.00 iters/s

running (0m08.9s), 00001/01600 VUs, 142537 complete and 0 interrupted iterations
steady   [  15% ] 00002/01600 VUs  0m08.9s/1m0s  16000.00 iters/s

running (0m09.9s), 00002/01600 VUs, 158536 complete and 0 interrupted iterations
steady   [  17% ] 00002/01600 VUs  0m09.9s/1m0s  16000.00 iters/s

running (0m10.9s), 00002/01600 VUs, 174536 complete and 0 interrupted iterations
steady   [  18% ] 00002/01600 VUs  0m10.9s/1m0s  16000.00 iters/s

running (0m11.9s), 00002/01600 VUs, 190536 complete and 0 interrupted iterations
steady   [  20% ] 00002/01600 VUs  0m11.9s/1m0s  16000.00 iters/s

running (0m12.9s), 00002/01600 VUs, 206536 complete and 0 interrupted iterations
steady   [  22% ] 00002/01600 VUs  0m12.9s/1m0s  16000.00 iters/s

running (0m13.9s), 00001/01600 VUs, 222537 complete and 0 interrupted iterations
steady   [  23% ] 00001/01600 VUs  0m13.9s/1m0s  16000.00 iters/s

running (0m14.9s), 00002/01600 VUs, 238535 complete and 0 interrupted iterations
steady   [  25% ] 00001/01600 VUs  0m14.9s/1m0s  16000.00 iters/s

running (0m15.9s), 00480/01600 VUs, 253927 complete and 0 interrupted iterations
steady   [  27% ] 00480/01600 VUs  0m15.9s/1m0s  16000.00 iters/s

running (0m17.0s), 01692/01692 VUs, 261420 complete and 0 interrupted iterations
steady   [  28% ] 00649/01692 VUs  0m17.1s/1m0s  16000.00 iters/s

running (0m17.9s), 01803/01846 VUs, 269019 complete and 0 interrupted iterations
steady   [  30% ] 01803/01846 VUs  0m17.9s/1m0s  16000.00 iters/s

running (0m18.9s), 01399/02014 VUs, 277206 complete and 0 interrupted iterations
steady   [  32% ] 01399/02014 VUs  0m18.9s/1m0s  16000.00 iters/s

running (0m19.9s), 00001/02057 VUs, 289351 complete and 0 interrupted iterations
steady   [  33% ] 00001/02057 VUs  0m19.9s/1m0s  16000.00 iters/s

running (0m20.9s), 01538/02088 VUs, 301648 complete and 0 interrupted iterations
steady   [  35% ] 01537/02088 VUs  0m20.9s/1m0s  16000.00 iters/s

running (0m21.9s), 00814/02159 VUs, 309357 complete and 0 interrupted iterations
steady   [  37% ] 00814/02159 VUs  0m21.9s/1m0s  16000.00 iters/s

running (0m22.9s), 02260/02336 VUs, 317629 complete and 0 interrupted iterations
steady   [  38% ] 02260/02336 VUs  0m22.9s/1m0s  16000.00 iters/s

running (0m23.9s), 00179/02488 VUs, 330058 complete and 0 interrupted iterations
steady   [  40% ] 00179/02488 VUs  0m23.9s/1m0s  16000.00 iters/s

running (0m24.9s), 01456/02502 VUs, 341835 complete and 0 interrupted iterations
steady   [  42% ] 01456/02502 VUs  0m24.9s/1m0s  16000.00 iters/s

running (0m25.9s), 02604/02652 VUs, 348791 complete and 0 interrupted iterations
steady   [  43% ] 02604/02652 VUs  0m25.9s/1m0s  16000.00 iters/s

running (0m27.0s), 02105/02825 VUs, 354831 complete and 0 interrupted iterations
steady   [  45% ] 02105/02825 VUs  0m27.0s/1m0s  16000.00 iters/s

running (0m27.9s), 02975/02976 VUs, 362412 complete and 0 interrupted iterations
steady   [  47% ] 02975/02976 VUs  0m27.9s/1m0s  16000.00 iters/s

running (0m28.9s), 02241/03138 VUs, 372416 complete and 0 interrupted iterations
steady   [  48% ] 02241/03138 VUs  0m28.9s/1m0s  16000.00 iters/s

running (0m29.9s), 00843/03166 VUs, 389556 complete and 0 interrupted iterations
steady   [  50% ] 00843/03166 VUs  0m29.9s/1m0s  16000.00 iters/s

running (0m30.9s), 03173/03174 VUs, 397195 complete and 0 interrupted iterations
steady   [  52% ] 03173/03174 VUs  0m30.9s/1m0s  16000.00 iters/s

running (0m32.0s), 02046/03259 VUs, 409723 complete and 0 interrupted iterations
steady   [  53% ] 02046/03259 VUs  0m32.0s/1m0s  16000.00 iters/s

running (0m32.9s), 03358/03359 VUs, 418152 complete and 0 interrupted iterations
steady   [  55% ] 03358/03359 VUs  0m32.9s/1m0s  16000.00 iters/s

running (0m33.9s), 00002/03420 VUs, 434758 complete and 0 interrupted iterations
steady   [  57% ] 00002/03420 VUs  0m33.9s/1m0s  16000.00 iters/s

running (0m34.9s), 02744/03444 VUs, 445757 complete and 0 interrupted iterations
steady   [  58% ] 02744/03444 VUs  0m34.9s/1m0s  16000.00 iters/s

running (0m35.9s), 02695/03546 VUs, 455539 complete and 0 interrupted iterations
steady   [  60% ] 02695/03546 VUs  0m35.9s/1m0s  16000.00 iters/s

running (0m37.0s), 03105/03887 VUs, 462933 complete and 0 interrupted iterations
steady   [  62% ] 03105/03887 VUs  0m37.0s/1m0s  16000.00 iters/s

running (0m37.9s), 00002/03900 VUs, 476251 complete and 0 interrupted iterations
steady   [  63% ] 00002/03900 VUs  0m37.9s/1m0s  16000.00 iters/s

running (0m38.9s), 02574/03902 VUs, 488818 complete and 0 interrupted iterations
steady   [  65% ] 02574/03902 VUs  0m38.9s/1m0s  16000.00 iters/s

running (0m39.9s), 03507/04067 VUs, 498764 complete and 0 interrupted iterations
steady   [  67% ] 03507/04067 VUs  0m39.9s/1m0s  16000.00 iters/s

running (0m40.9s), 04292/04310 VUs, 508323 complete and 0 interrupted iterations
steady   [  68% ] 04292/04310 VUs  0m40.9s/1m0s  16000.00 iters/s

running (0m42.0s), 04361/04363 VUs, 512009 complete and 0 interrupted iterations
steady   [  70% ] 04361/04363 VUs  0m42.0s/1m0s  16000.00 iters/s

running (0m42.9s), 01062/04376 VUs, 533250 complete and 0 interrupted iterations
steady   [  72% ] 01062/04376 VUs  0m42.9s/1m0s  16000.00 iters/s

running (0m44.0s), 04441/04443 VUs, 543145 complete and 0 interrupted iterations
steady   [  73% ] 04441/04443 VUs  0m44.0s/1m0s  16000.00 iters/s

running (0m44.9s), 04557/04558 VUs, 551702 complete and 0 interrupted iterations
steady   [  75% ] 04557/04558 VUs  0m44.9s/1m0s  16000.00 iters/s

running (0m45.9s), 04735/04736 VUs, 560217 complete and 0 interrupted iterations
steady   [  77% ] 04735/04736 VUs  0m45.9s/1m0s  16000.00 iters/s

running (0m46.9s), 04751/04751 VUs, 564126 complete and 0 interrupted iterations
steady   [  78% ] 04751/04751 VUs  0m46.9s/1m0s  16000.00 iters/s

running (0m47.9s), 00411/04754 VUs, 582771 complete and 0 interrupted iterations
steady   [  80% ] 00411/04754 VUs  0m47.9s/1m0s  16000.00 iters/s

running (0m48.9s), 03999/04860 VUs, 591437 complete and 0 interrupted iterations
steady   [  82% ] 03999/04860 VUs  0m48.9s/1m0s  16000.00 iters/s

running (0m49.9s), 04381/04953 VUs, 598943 complete and 0 interrupted iterations
steady   [  83% ] 04381/04953 VUs  0m49.9s/1m0s  16000.00 iters/s

running (0m50.9s), 05096/05096 VUs, 604360 complete and 0 interrupted iterations
steady   [  85% ] 05096/05096 VUs  0m50.9s/1m0s  16000.00 iters/s

running (0m51.9s), 05149/05154 VUs, 614272 complete and 0 interrupted iterations
steady   [  87% ] 05149/05154 VUs  0m51.9s/1m0s  16000.00 iters/s

running (0m52.9s), 05093/05292 VUs, 618511 complete and 0 interrupted iterations
steady   [  88% ] 05093/05292 VUs  0m52.9s/1m0s  16000.00 iters/s

running (0m54.0s), 05001/05295 VUs, 619300 complete and 0 interrupted iterations
steady   [  90% ] 05001/05295 VUs  0m54.0s/1m0s  16000.00 iters/s

running (0m54.9s), 00003/05311 VUs, 635419 complete and 0 interrupted iterations
steady   [  92% ] 00003/05311 VUs  0m54.9s/1m0s  16000.00 iters/s

running (0m55.9s), 04425/05376 VUs, 643601 complete and 0 interrupted iterations
steady   [  93% ] 04425/05376 VUs  0m55.9s/1m0s  16000.00 iters/s

running (0m56.9s), 05357/05579 VUs, 652190 complete and 0 interrupted iterations
steady   [  95% ] 05357/05579 VUs  0m56.9s/1m0s  16000.00 iters/s

running (0m57.9s), 04401/05697 VUs, 661927 complete and 0 interrupted iterations
steady   [  97% ] 04400/05697 VUs  0m57.9s/1m0s  16000.00 iters/s

running (0m58.9s), 03803/05798 VUs, 675339 complete and 0 interrupted iterations
steady   [  98% ] 03803/05798 VUs  0m58.9s/1m0s  16000.00 iters/s

running (0m59.9s), 01247/05798 VUs, 693985 complete and 0 interrupted iterations
steady   [ 100% ] 01247/05798 VUs  0m59.9s/1m0s  16000.00 iters/s

  http_reqs                    696752 (11577.48/s)
  http_req_duration            med=13.48ms p95=781.66ms p99=1525.76ms max=4510.83ms
  http_req_waiting             p95=768.64ms
  http_req_failed              0.000%
  dropped_iterations           263530
  vus_max                      5798
  checks                       0 passed, 0 failed


running (1m00.2s), 00000/05798 VUs, 696752 complete and 0 interrupted iterations
steady ✓ [ 100% ] 00000/05798 VUs  1m0s  16000.00 iters/s
time="2026-07-26T03:02:51-07:00" level=error msg="thresholds on metrics 'dropped_iterations, http_req_duration' have been crossed"
