
         /\      Grafana   /‾‾/  
    /\  /  \     |\  __   /  /   
   /  \/    \    | |/ /  /   ‾‾\ 
  /          \   |   (  |  (‾)  |
 / __________ \  |_|\_\  \_____/ 


     execution: local
        script: /Users/juancavallotti/Documents/development/octo-performance/scenarios/002-fanout-transform/k6/steady.js
        output: -

     scenarios: (100.00%) 1 scenario, 6000 max VUs, 1m10s max duration (incl. graceful stop):
              * steady: 6000.00 iterations/s for 1m0s (maxVUs: 600-6000, gracefulStop: 10s)


running (0m00.9s), 0003/0600 VUs, 5674 complete and 0 interrupted iterations
steady   [   2% ] 0003/0600 VUs  0m00.9s/1m0s  6000.00 iters/s

running (0m01.9s), 0003/0600 VUs, 11674 complete and 0 interrupted iterations
steady   [   3% ] 0003/0600 VUs  0m01.9s/1m0s  6000.00 iters/s

running (0m02.9s), 0003/0600 VUs, 17674 complete and 0 interrupted iterations
steady   [   5% ] 0003/0600 VUs  0m02.9s/1m0s  6000.00 iters/s

running (0m03.9s), 0002/0600 VUs, 23675 complete and 0 interrupted iterations
steady   [   7% ] 0002/0600 VUs  0m03.9s/1m0s  6000.00 iters/s

running (0m04.9s), 0002/0600 VUs, 29675 complete and 0 interrupted iterations
steady   [   8% ] 0002/0600 VUs  0m04.9s/1m0s  6000.00 iters/s

running (0m05.9s), 0005/0600 VUs, 35672 complete and 0 interrupted iterations
steady   [  10% ] 0005/0600 VUs  0m05.9s/1m0s  6000.00 iters/s

running (0m06.9s), 0002/0600 VUs, 41675 complete and 0 interrupted iterations
steady   [  12% ] 0002/0600 VUs  0m06.9s/1m0s  6000.00 iters/s

running (0m07.9s), 0002/0600 VUs, 47675 complete and 0 interrupted iterations
steady   [  13% ] 0002/0600 VUs  0m07.9s/1m0s  6000.00 iters/s

running (0m08.9s), 0002/0600 VUs, 53675 complete and 0 interrupted iterations
steady   [  15% ] 0002/0600 VUs  0m08.9s/1m0s  6000.00 iters/s

running (0m09.9s), 0004/0600 VUs, 59673 complete and 0 interrupted iterations
steady   [  17% ] 0004/0600 VUs  0m09.9s/1m0s  6000.00 iters/s

running (0m10.9s), 0003/0600 VUs, 65674 complete and 0 interrupted iterations
steady   [  18% ] 0003/0600 VUs  0m10.9s/1m0s  6000.00 iters/s

running (0m11.9s), 0002/0600 VUs, 71675 complete and 0 interrupted iterations
steady   [  20% ] 0002/0600 VUs  0m11.9s/1m0s  6000.00 iters/s

running (0m12.9s), 0002/0600 VUs, 77675 complete and 0 interrupted iterations
steady   [  22% ] 0002/0600 VUs  0m12.9s/1m0s  6000.00 iters/s

running (0m13.9s), 0003/0600 VUs, 83675 complete and 0 interrupted iterations
steady   [  23% ] 0003/0600 VUs  0m13.9s/1m0s  6000.00 iters/s

running (0m14.9s), 0002/0600 VUs, 89675 complete and 0 interrupted iterations
steady   [  25% ] 0002/0600 VUs  0m14.9s/1m0s  6000.00 iters/s

running (0m15.9s), 0006/0600 VUs, 95671 complete and 0 interrupted iterations
steady   [  27% ] 0006/0600 VUs  0m15.9s/1m0s  6000.00 iters/s

running (0m16.9s), 0005/0600 VUs, 101672 complete and 0 interrupted iterations
steady   [  28% ] 0005/0600 VUs  0m16.9s/1m0s  6000.00 iters/s

running (0m17.9s), 0007/0600 VUs, 107671 complete and 0 interrupted iterations
steady   [  30% ] 0007/0600 VUs  0m17.9s/1m0s  6000.00 iters/s

running (0m18.9s), 0003/0600 VUs, 113674 complete and 0 interrupted iterations
steady   [  32% ] 0002/0600 VUs  0m18.9s/1m0s  6000.00 iters/s

running (0m19.9s), 0002/0600 VUs, 119675 complete and 0 interrupted iterations
steady   [  33% ] 0002/0600 VUs  0m19.9s/1m0s  6000.00 iters/s

running (0m20.9s), 0004/0600 VUs, 125673 complete and 0 interrupted iterations
steady   [  35% ] 0004/0600 VUs  0m20.9s/1m0s  6000.00 iters/s

running (0m21.9s), 0006/0600 VUs, 131672 complete and 0 interrupted iterations
steady   [  37% ] 0006/0600 VUs  0m21.9s/1m0s  6000.00 iters/s

running (0m22.9s), 0003/0600 VUs, 137675 complete and 0 interrupted iterations
steady   [  38% ] 0003/0600 VUs  0m22.9s/1m0s  6000.00 iters/s

running (0m23.9s), 0003/0600 VUs, 143675 complete and 0 interrupted iterations
steady   [  40% ] 0003/0600 VUs  0m23.9s/1m0s  6000.00 iters/s

running (0m24.9s), 0001/0600 VUs, 149676 complete and 0 interrupted iterations
steady   [  42% ] 0001/0600 VUs  0m24.9s/1m0s  6000.00 iters/s

running (0m25.9s), 0002/0600 VUs, 155676 complete and 0 interrupted iterations
steady   [  43% ] 0002/0600 VUs  0m25.9s/1m0s  6000.00 iters/s

running (0m26.9s), 0002/0600 VUs, 161676 complete and 0 interrupted iterations
steady   [  45% ] 0002/0600 VUs  0m26.9s/1m0s  6000.00 iters/s

running (0m27.9s), 0003/0600 VUs, 167675 complete and 0 interrupted iterations
steady   [  47% ] 0003/0600 VUs  0m27.9s/1m0s  6000.00 iters/s

running (0m28.9s), 0002/0600 VUs, 173676 complete and 0 interrupted iterations
steady   [  48% ] 0002/0600 VUs  0m28.9s/1m0s  6000.00 iters/s

running (0m29.9s), 0003/0600 VUs, 179674 complete and 0 interrupted iterations
steady   [  50% ] 0003/0600 VUs  0m29.9s/1m0s  6000.00 iters/s

running (0m30.9s), 0008/0600 VUs, 185670 complete and 0 interrupted iterations
steady   [  52% ] 0008/0600 VUs  0m30.9s/1m0s  6000.00 iters/s

running (0m31.9s), 0003/0600 VUs, 191675 complete and 0 interrupted iterations
steady   [  53% ] 0003/0600 VUs  0m31.9s/1m0s  6000.00 iters/s

running (0m32.9s), 0002/0600 VUs, 197675 complete and 0 interrupted iterations
steady   [  55% ] 0002/0600 VUs  0m32.9s/1m0s  6000.00 iters/s

running (0m33.9s), 0003/0600 VUs, 203675 complete and 0 interrupted iterations
steady   [  57% ] 0003/0600 VUs  0m33.9s/1m0s  6000.00 iters/s

running (0m34.9s), 0001/0600 VUs, 209676 complete and 0 interrupted iterations
steady   [  58% ] 0001/0600 VUs  0m34.9s/1m0s  6000.00 iters/s

running (0m35.9s), 0003/0600 VUs, 215675 complete and 0 interrupted iterations
steady   [  60% ] 0003/0600 VUs  0m35.9s/1m0s  6000.00 iters/s

running (0m36.9s), 0003/0600 VUs, 221675 complete and 0 interrupted iterations
steady   [  62% ] 0003/0600 VUs  0m36.9s/1m0s  6000.00 iters/s

running (0m37.9s), 0002/0600 VUs, 227676 complete and 0 interrupted iterations
steady   [  63% ] 0002/0600 VUs  0m37.9s/1m0s  6000.00 iters/s

running (0m38.9s), 0003/0600 VUs, 233675 complete and 0 interrupted iterations
steady   [  65% ] 0003/0600 VUs  0m38.9s/1m0s  6000.00 iters/s

running (0m39.9s), 0002/0600 VUs, 239676 complete and 0 interrupted iterations
steady   [  67% ] 0002/0600 VUs  0m39.9s/1m0s  6000.00 iters/s

running (0m40.9s), 0002/0600 VUs, 245675 complete and 0 interrupted iterations
steady   [  68% ] 0003/0600 VUs  0m40.9s/1m0s  6000.00 iters/s

running (0m41.9s), 0002/0600 VUs, 251676 complete and 0 interrupted iterations
steady   [  70% ] 0002/0600 VUs  0m41.9s/1m0s  6000.00 iters/s

running (0m42.9s), 0005/0600 VUs, 257672 complete and 0 interrupted iterations
steady   [  72% ] 0006/0600 VUs  0m42.9s/1m0s  6000.00 iters/s

running (0m43.9s), 0002/0600 VUs, 263676 complete and 0 interrupted iterations
steady   [  73% ] 0002/0600 VUs  0m43.9s/1m0s  6000.00 iters/s

running (0m44.9s), 0003/0600 VUs, 269675 complete and 0 interrupted iterations
steady   [  75% ] 0003/0600 VUs  0m44.9s/1m0s  6000.00 iters/s

running (0m45.9s), 0002/0600 VUs, 275676 complete and 0 interrupted iterations
steady   [  77% ] 0002/0600 VUs  0m45.9s/1m0s  6000.00 iters/s

running (0m46.9s), 0007/0600 VUs, 281670 complete and 0 interrupted iterations
steady   [  78% ] 0007/0600 VUs  0m46.9s/1m0s  6000.00 iters/s

running (0m47.9s), 0002/0600 VUs, 287676 complete and 0 interrupted iterations
steady   [  80% ] 0002/0600 VUs  0m47.9s/1m0s  6000.00 iters/s

running (0m48.9s), 0002/0600 VUs, 293676 complete and 0 interrupted iterations
steady   [  82% ] 0002/0600 VUs  0m48.9s/1m0s  6000.00 iters/s

running (0m49.9s), 0004/0600 VUs, 299674 complete and 0 interrupted iterations
steady   [  83% ] 0004/0600 VUs  0m49.9s/1m0s  6000.00 iters/s

running (0m50.9s), 0002/0600 VUs, 305676 complete and 0 interrupted iterations
steady   [  85% ] 0002/0600 VUs  0m50.9s/1m0s  6000.00 iters/s

running (0m51.9s), 0002/0600 VUs, 311676 complete and 0 interrupted iterations
steady   [  87% ] 0002/0600 VUs  0m51.9s/1m0s  6000.00 iters/s

running (0m52.9s), 0002/0600 VUs, 317676 complete and 0 interrupted iterations
steady   [  88% ] 0002/0600 VUs  0m52.9s/1m0s  6000.00 iters/s

running (0m53.9s), 0002/0600 VUs, 323676 complete and 0 interrupted iterations
steady   [  90% ] 0002/0600 VUs  0m53.9s/1m0s  6000.00 iters/s

running (0m54.9s), 0002/0600 VUs, 329676 complete and 0 interrupted iterations
steady   [  92% ] 0002/0600 VUs  0m54.9s/1m0s  6000.00 iters/s

running (0m55.9s), 0003/0600 VUs, 335675 complete and 0 interrupted iterations
steady   [  93% ] 0003/0600 VUs  0m55.9s/1m0s  6000.00 iters/s

running (0m56.9s), 0002/0600 VUs, 341676 complete and 0 interrupted iterations
steady   [  95% ] 0002/0600 VUs  0m56.9s/1m0s  6000.00 iters/s

running (0m57.9s), 0002/0600 VUs, 347676 complete and 0 interrupted iterations
steady   [  97% ] 0002/0600 VUs  0m57.9s/1m0s  6000.00 iters/s

running (0m58.9s), 0002/0600 VUs, 353676 complete and 0 interrupted iterations
steady   [  98% ] 0002/0600 VUs  0m58.9s/1m0s  6000.00 iters/s

running (0m59.9s), 0003/0600 VUs, 359676 complete and 0 interrupted iterations
steady   [ 100% ] 0003/0600 VUs  0m59.9s/1m0s  6000.00 iters/s

  http_reqs                    360002 (5999.94/s)
  http_req_duration            med=0.35ms p95=1.50ms p99=3.63ms max=27.48ms
  http_req_waiting             p95=1.49ms
  http_req_failed              0.000%
  dropped_iterations           0
  vus_max                      600
  checks                       0 passed, 0 failed


running (1m00.0s), 0000/0600 VUs, 360002 complete and 0 interrupted iterations
steady ✓ [ 100% ] 0000/0600 VUs  1m0s  6000.00 iters/s
