
         /\      Grafana   /‾‾/  
    /\  /  \     |\  __   /  /   
   /  \/    \    | |/ /  /   ‾‾\ 
  /          \   |   (  |  (‾)  |
 / __________ \  |_|\_\  \_____/ 


     execution: local
        script: /Users/juancavallotti/Documents/development/octo-performance/scenarios/002-fanout-transform/k6/steady.js
        output: -

     scenarios: (100.00%) 1 scenario, 6000 max VUs, 1m10s max duration (incl. graceful stop):
              * steady: 6000.00 iterations/s for 1m0s (maxVUs: 600-6000, gracefulStop: 10s)


running (0m01.0s), 0001/0600 VUs, 5732 complete and 0 interrupted iterations
steady   [   2% ] 0001/0600 VUs  0m01.0s/1m0s  6000.00 iters/s

running (0m02.0s), 0001/0600 VUs, 11732 complete and 0 interrupted iterations
steady   [   3% ] 0001/0600 VUs  0m02.0s/1m0s  6000.00 iters/s

running (0m03.0s), 0001/0600 VUs, 17732 complete and 0 interrupted iterations
steady   [   5% ] 0001/0600 VUs  0m03.0s/1m0s  6000.00 iters/s

running (0m04.0s), 0001/0600 VUs, 23732 complete and 0 interrupted iterations
steady   [   7% ] 0001/0600 VUs  0m04.0s/1m0s  6000.00 iters/s

running (0m05.0s), 0001/0600 VUs, 29732 complete and 0 interrupted iterations
steady   [   8% ] 0001/0600 VUs  0m05.0s/1m0s  6000.00 iters/s

running (0m06.0s), 0001/0600 VUs, 35732 complete and 0 interrupted iterations
steady   [  10% ] 0001/0600 VUs  0m06.0s/1m0s  6000.00 iters/s

running (0m07.0s), 0001/0600 VUs, 41732 complete and 0 interrupted iterations
steady   [  12% ] 0001/0600 VUs  0m07.0s/1m0s  6000.00 iters/s

running (0m08.0s), 0001/0600 VUs, 47732 complete and 0 interrupted iterations
steady   [  13% ] 0001/0600 VUs  0m08.0s/1m0s  6000.00 iters/s

running (0m09.0s), 0001/0600 VUs, 53732 complete and 0 interrupted iterations
steady   [  15% ] 0001/0600 VUs  0m09.0s/1m0s  6000.00 iters/s

running (0m10.0s), 0001/0600 VUs, 59732 complete and 0 interrupted iterations
steady   [  17% ] 0001/0600 VUs  0m10.0s/1m0s  6000.00 iters/s

running (0m11.0s), 0001/0600 VUs, 65732 complete and 0 interrupted iterations
steady   [  18% ] 0001/0600 VUs  0m11.0s/1m0s  6000.00 iters/s

running (0m12.0s), 0000/0600 VUs, 71733 complete and 0 interrupted iterations
steady   [  20% ] 0000/0600 VUs  0m12.0s/1m0s  6000.00 iters/s

running (0m13.0s), 0001/0600 VUs, 77732 complete and 0 interrupted iterations
steady   [  22% ] 0001/0600 VUs  0m13.0s/1m0s  6000.00 iters/s

running (0m14.0s), 0001/0600 VUs, 83732 complete and 0 interrupted iterations
steady   [  23% ] 0001/0600 VUs  0m14.0s/1m0s  6000.00 iters/s

running (0m15.0s), 0002/0600 VUs, 89731 complete and 0 interrupted iterations
steady   [  25% ] 0002/0600 VUs  0m15.0s/1m0s  6000.00 iters/s

running (0m16.0s), 0001/0600 VUs, 95732 complete and 0 interrupted iterations
steady   [  27% ] 0001/0600 VUs  0m16.0s/1m0s  6000.00 iters/s

running (0m17.0s), 0001/0600 VUs, 101732 complete and 0 interrupted iterations
steady   [  28% ] 0001/0600 VUs  0m17.0s/1m0s  6000.00 iters/s

running (0m18.0s), 0001/0600 VUs, 107733 complete and 0 interrupted iterations
steady   [  30% ] 0001/0600 VUs  0m18.0s/1m0s  6000.00 iters/s

running (0m19.0s), 0001/0600 VUs, 113732 complete and 0 interrupted iterations
steady   [  32% ] 0001/0600 VUs  0m19.0s/1m0s  6000.00 iters/s

running (0m20.0s), 0001/0600 VUs, 119732 complete and 0 interrupted iterations
steady   [  33% ] 0001/0600 VUs  0m20.0s/1m0s  6000.00 iters/s

running (0m21.0s), 0001/0600 VUs, 125733 complete and 0 interrupted iterations
steady   [  35% ] 0001/0600 VUs  0m21.0s/1m0s  6000.00 iters/s

running (0m22.0s), 0003/0600 VUs, 131731 complete and 0 interrupted iterations
steady   [  37% ] 0003/0600 VUs  0m22.0s/1m0s  6000.00 iters/s

running (0m23.0s), 0000/0600 VUs, 137733 complete and 0 interrupted iterations
steady   [  38% ] 0000/0600 VUs  0m23.0s/1m0s  6000.00 iters/s

running (0m24.0s), 0002/0600 VUs, 143732 complete and 0 interrupted iterations
steady   [  40% ] 0002/0600 VUs  0m24.0s/1m0s  6000.00 iters/s

running (0m25.0s), 0001/0600 VUs, 149732 complete and 0 interrupted iterations
steady   [  42% ] 0001/0600 VUs  0m25.0s/1m0s  6000.00 iters/s

running (0m26.0s), 0001/0600 VUs, 155733 complete and 0 interrupted iterations
steady   [  43% ] 0001/0600 VUs  0m26.0s/1m0s  6000.00 iters/s

running (0m27.0s), 0001/0600 VUs, 161732 complete and 0 interrupted iterations
steady   [  45% ] 0001/0600 VUs  0m27.0s/1m0s  6000.00 iters/s

running (0m28.0s), 0003/0600 VUs, 167730 complete and 0 interrupted iterations
steady   [  47% ] 0003/0600 VUs  0m28.0s/1m0s  6000.00 iters/s

running (0m29.0s), 0002/0600 VUs, 173732 complete and 0 interrupted iterations
steady   [  48% ] 0002/0600 VUs  0m29.0s/1m0s  6000.00 iters/s

running (0m30.0s), 0001/0600 VUs, 179733 complete and 0 interrupted iterations
steady   [  50% ] 0001/0600 VUs  0m30.0s/1m0s  6000.00 iters/s

running (0m31.0s), 0002/0600 VUs, 185732 complete and 0 interrupted iterations
steady   [  52% ] 0002/0600 VUs  0m31.0s/1m0s  6000.00 iters/s

running (0m32.0s), 0001/0600 VUs, 191733 complete and 0 interrupted iterations
steady   [  53% ] 0001/0600 VUs  0m32.0s/1m0s  6000.00 iters/s

running (0m33.0s), 0003/0600 VUs, 197731 complete and 0 interrupted iterations
steady   [  55% ] 0003/0600 VUs  0m33.0s/1m0s  6000.00 iters/s

running (0m34.0s), 0002/0600 VUs, 203732 complete and 0 interrupted iterations
steady   [  57% ] 0002/0600 VUs  0m34.0s/1m0s  6000.00 iters/s

running (0m35.0s), 0003/0600 VUs, 209731 complete and 0 interrupted iterations
steady   [  58% ] 0003/0600 VUs  0m35.0s/1m0s  6000.00 iters/s

running (0m36.0s), 0001/0600 VUs, 215733 complete and 0 interrupted iterations
steady   [  60% ] 0001/0600 VUs  0m36.0s/1m0s  6000.00 iters/s

running (0m37.0s), 0002/0600 VUs, 221732 complete and 0 interrupted iterations
steady   [  62% ] 0002/0600 VUs  0m37.0s/1m0s  6000.00 iters/s

running (0m38.0s), 0001/0600 VUs, 227733 complete and 0 interrupted iterations
steady   [  63% ] 0001/0600 VUs  0m38.0s/1m0s  6000.00 iters/s

running (0m39.0s), 0002/0600 VUs, 233732 complete and 0 interrupted iterations
steady   [  65% ] 0002/0600 VUs  0m39.0s/1m0s  6000.00 iters/s

running (0m40.0s), 0001/0600 VUs, 239732 complete and 0 interrupted iterations
steady   [  67% ] 0001/0600 VUs  0m40.0s/1m0s  6000.00 iters/s

running (0m41.0s), 0001/0600 VUs, 245733 complete and 0 interrupted iterations
steady   [  68% ] 0001/0600 VUs  0m41.0s/1m0s  6000.00 iters/s

running (0m42.0s), 0002/0600 VUs, 251732 complete and 0 interrupted iterations
steady   [  70% ] 0002/0600 VUs  0m42.0s/1m0s  6000.00 iters/s

running (0m43.0s), 0001/0600 VUs, 257733 complete and 0 interrupted iterations
steady   [  72% ] 0001/0600 VUs  0m43.0s/1m0s  6000.00 iters/s

running (0m44.0s), 0001/0600 VUs, 263733 complete and 0 interrupted iterations
steady   [  73% ] 0001/0600 VUs  0m44.0s/1m0s  6000.00 iters/s

running (0m45.0s), 0002/0600 VUs, 269732 complete and 0 interrupted iterations
steady   [  75% ] 0001/0600 VUs  0m45.0s/1m0s  6000.00 iters/s

running (0m46.0s), 0001/0600 VUs, 275733 complete and 0 interrupted iterations
steady   [  77% ] 0001/0600 VUs  0m46.0s/1m0s  6000.00 iters/s

running (0m47.0s), 0001/0600 VUs, 281733 complete and 0 interrupted iterations
steady   [  78% ] 0001/0600 VUs  0m47.0s/1m0s  6000.00 iters/s

running (0m48.0s), 0001/0600 VUs, 287733 complete and 0 interrupted iterations
steady   [  80% ] 0001/0600 VUs  0m48.0s/1m0s  6000.00 iters/s

running (0m49.0s), 0001/0600 VUs, 293733 complete and 0 interrupted iterations
steady   [  82% ] 0001/0600 VUs  0m49.0s/1m0s  6000.00 iters/s

running (0m50.0s), 0001/0600 VUs, 299733 complete and 0 interrupted iterations
steady   [  83% ] 0001/0600 VUs  0m50.0s/1m0s  6000.00 iters/s

running (0m51.0s), 0001/0600 VUs, 305733 complete and 0 interrupted iterations
steady   [  85% ] 0001/0600 VUs  0m51.0s/1m0s  6000.00 iters/s

running (0m52.0s), 0001/0600 VUs, 311733 complete and 0 interrupted iterations
steady   [  87% ] 0001/0600 VUs  0m52.0s/1m0s  6000.00 iters/s

running (0m53.0s), 0001/0600 VUs, 317733 complete and 0 interrupted iterations
steady   [  88% ] 0001/0600 VUs  0m53.0s/1m0s  6000.00 iters/s

running (0m54.0s), 0001/0600 VUs, 323733 complete and 0 interrupted iterations
steady   [  90% ] 0001/0600 VUs  0m54.0s/1m0s  6000.00 iters/s

running (0m55.0s), 0001/0600 VUs, 329733 complete and 0 interrupted iterations
steady   [  92% ] 0001/0600 VUs  0m55.0s/1m0s  6000.00 iters/s

running (0m56.0s), 0001/0600 VUs, 335734 complete and 0 interrupted iterations
steady   [  93% ] 0001/0600 VUs  0m56.0s/1m0s  6000.00 iters/s

running (0m57.0s), 0001/0600 VUs, 341733 complete and 0 interrupted iterations
steady   [  95% ] 0001/0600 VUs  0m57.0s/1m0s  6000.00 iters/s

running (0m58.0s), 0001/0600 VUs, 347733 complete and 0 interrupted iterations
steady   [  97% ] 0001/0600 VUs  0m58.0s/1m0s  6000.00 iters/s

running (0m59.0s), 0001/0600 VUs, 353733 complete and 0 interrupted iterations
steady   [  98% ] 0001/0600 VUs  0m59.0s/1m0s  6000.00 iters/s

running (1m00.0s), 0001/0600 VUs, 359733 complete and 0 interrupted iterations
steady   [ 100% ] 0001/0600 VUs  1m00.0s/1m0s  6000.00 iters/s

  http_reqs                    360002 (5999.95/s)
  http_req_duration            med=0.15ms p95=0.39ms p99=0.69ms max=9.47ms
  http_req_waiting             p95=0.37ms
  http_req_failed              0.000%
  dropped_iterations           0
  vus_max                      600
  checks                       0 passed, 0 failed


running (1m00.0s), 0000/0600 VUs, 360002 complete and 0 interrupted iterations
steady ✓ [ 100% ] 0000/0600 VUs  1m0s  6000.00 iters/s
