
         /\      Grafana   /‾‾/  
    /\  /  \     |\  __   /  /   
   /  \/    \    | |/ /  /   ‾‾\ 
  /          \   |   (  |  (‾)  |
 / __________ \  |_|\_\  \_____/ 


     execution: local
        script: /Users/juancavallotti/Documents/development/octo-performance/scenarios/001-template-page/k6/steady.js
        output: -

     scenarios: (100.00%) 1 scenario, 16000 max VUs, 1m10s max duration (incl. graceful stop):
              * steady: 16000.00 iterations/s for 1m0s (maxVUs: 1600-16000, gracefulStop: 10s)


running (0m00.6s), 01697/01697 VUs, 2618 complete and 0 interrupted iterations
steady   [   1% ] 01697/01697 VUs  0m00.6s/1m0s  16000.00 iters/s

running (0m01.6s), 01668/01806 VUs, 8931 complete and 0 interrupted iterations
steady   [   3% ] 01668/01806 VUs  0m01.6s/1m0s  16000.00 iters/s

running (0m02.6s), 01874/01875 VUs, 17405 complete and 0 interrupted iterations
steady   [   4% ] 01874/01875 VUs  0m02.6s/1m0s  16000.00 iters/s

running (0m03.6s), 01510/02014 VUs, 24527 complete and 0 interrupted iterations
steady   [   6% ] 01510/02014 VUs  0m03.6s/1m0s  16000.00 iters/s

running (0m04.6s), 02047/02180 VUs, 32911 complete and 0 interrupted iterations
steady   [   8% ] 02046/02179 VUs  0m04.6s/1m0s  16000.00 iters/s

running (0m05.8s), 02144/02262 VUs, 44264 complete and 0 interrupted iterations
steady   [  10% ] 02144/02262 VUs  0m06.0s/1m0s  16000.00 iters/s

running (0m06.6s), 02324/02325 VUs, 51554 complete and 0 interrupted iterations
steady   [  11% ] 02324/02325 VUs  0m06.6s/1m0s  16000.00 iters/s

running (0m07.6s), 02591/02591 VUs, 59917 complete and 0 interrupted iterations
steady   [  13% ] 02591/02591 VUs  0m07.6s/1m0s  16000.00 iters/s

running (0m08.6s), 02237/02616 VUs, 66769 complete and 0 interrupted iterations
steady   [  14% ] 02238/02616 VUs  0m08.6s/1m0s  16000.00 iters/s

running (0m09.6s), 02718/02719 VUs, 76076 complete and 0 interrupted iterations
steady   [  16% ] 02718/02719 VUs  0m09.6s/1m0s  16000.00 iters/s

running (0m10.6s), 02746/02813 VUs, 84272 complete and 0 interrupted iterations
steady   [  18% ] 02746/02813 VUs  0m10.6s/1m0s  16000.00 iters/s

running (0m11.6s), 00010/02867 VUs, 101280 complete and 0 interrupted iterations
steady   [  19% ] 00010/02867 VUs  0m11.6s/1m0s  16000.00 iters/s

running (0m12.6s), 02950/02951 VUs, 109547 complete and 0 interrupted iterations
steady   [  21% ] 02778/02952 VUs  0m12.6s/1m0s  16000.00 iters/s

running (0m13.6s), 03173/03193 VUs, 117251 complete and 0 interrupted iterations
steady   [  23% ] 03173/03193 VUs  0m13.6s/1m0s  16000.00 iters/s

running (0m14.6s), 02942/03201 VUs, 122652 complete and 0 interrupted iterations
steady   [  24% ] 02943/03201 VUs  0m14.6s/1m0s  16000.00 iters/s

running (0m15.6s), 02468/03278 VUs, 131216 complete and 0 interrupted iterations
steady   [  26% ] 02468/03278 VUs  0m15.6s/1m0s  16000.00 iters/s

running (0m16.6s), 03377/03377 VUs, 137693 complete and 0 interrupted iterations
steady   [  28% ] 03377/03377 VUs  0m16.6s/1m0s  16000.00 iters/s

running (0m17.6s), 03625/03625 VUs, 144142 complete and 0 interrupted iterations
steady   [  29% ] 03625/03625 VUs  0m17.6s/1m0s  16000.00 iters/s

running (0m19.4s), 03683/03684 VUs, 152780 complete and 0 interrupted iterations
steady   [  32% ] 03683/03684 VUs  0m19.4s/1m0s  16000.00 iters/s

running (0m19.6s), 03684/03692 VUs, 156990 complete and 0 interrupted iterations
steady   [  33% ] 03684/03692 VUs  0m19.6s/1m0s  16000.00 iters/s

running (0m20.6s), 03857/03858 VUs, 163581 complete and 0 interrupted iterations
steady   [  34% ] 03857/03858 VUs  0m20.6s/1m0s  16000.00 iters/s

running (0m21.6s), 03803/03942 VUs, 173176 complete and 0 interrupted iterations
steady   [  36% ] 03803/03942 VUs  0m21.6s/1m0s  16000.00 iters/s

running (0m22.6s), 03439/04056 VUs, 182026 complete and 0 interrupted iterations
steady   [  38% ] 03400/04056 VUs  0m22.6s/1m0s  16000.00 iters/s

running (0m23.7s), 03577/04215 VUs, 190234 complete and 0 interrupted iterations
steady   [  40% ] 03577/04215 VUs  0m23.7s/1m0s  16000.00 iters/s

running (0m24.6s), 04157/04242 VUs, 200030 complete and 0 interrupted iterations
steady   [  41% ] 04157/04242 VUs  0m24.6s/1m0s  16000.00 iters/s

running (0m25.6s), 03546/04253 VUs, 213430 complete and 0 interrupted iterations
steady   [  43% ] 03546/04253 VUs  0m25.6s/1m0s  16000.00 iters/s

running (0m26.6s), 04396/04496 VUs, 221131 complete and 0 interrupted iterations
steady   [  44% ] 04396/04496 VUs  0m26.6s/1m0s  16000.00 iters/s

running (0m27.6s), 04605/04605 VUs, 226483 complete and 0 interrupted iterations
steady   [  46% ] 04605/04605 VUs  0m27.6s/1m0s  16000.00 iters/s

running (0m28.6s), 04357/04803 VUs, 229627 complete and 0 interrupted iterations
steady   [  48% ] 04357/04803 VUs  0m28.6s/1m0s  16000.00 iters/s

running (0m29.7s), 04375/04805 VUs, 230937 complete and 0 interrupted iterations
steady   [  49% ] 04375/04805 VUs  0m29.7s/1m0s  16000.00 iters/s

running (0m30.7s), 04007/04805 VUs, 231735 complete and 0 interrupted iterations
steady   [  51% ] 04007/04805 VUs  0m30.7s/1m0s  16000.00 iters/s

running (0m31.6s), 04641/04820 VUs, 237897 complete and 0 interrupted iterations
steady   [  53% ] 04641/04820 VUs  0m31.6s/1m0s  16000.00 iters/s

running (0m32.6s), 04760/04873 VUs, 243911 complete and 0 interrupted iterations
steady   [  54% ] 04760/04873 VUs  0m32.6s/1m0s  16000.00 iters/s

running (0m33.6s), 04711/05055 VUs, 250054 complete and 0 interrupted iterations
steady   [  56% ] 04711/05055 VUs  0m33.6s/1m0s  16000.00 iters/s

running (0m34.6s), 04055/05124 VUs, 258307 complete and 0 interrupted iterations
steady   [  58% ] 04055/05124 VUs  0m34.6s/1m0s  16000.00 iters/s

running (0m35.6s), 05251/05253 VUs, 265236 complete and 0 interrupted iterations
steady   [  59% ] 05251/05253 VUs  0m35.6s/1m0s  16000.00 iters/s

running (0m36.6s), 05332/05415 VUs, 271566 complete and 0 interrupted iterations
steady   [  61% ] 05332/05415 VUs  0m36.6s/1m0s  16000.00 iters/s

running (0m37.6s), 04633/05467 VUs, 275298 complete and 0 interrupted iterations
steady   [  63% ] 04633/05467 VUs  0m37.6s/1m0s  16000.00 iters/s

running (0m38.6s), 04465/05473 VUs, 281353 complete and 0 interrupted iterations
steady   [  64% ] 04470/05473 VUs  0m38.6s/1m0s  16000.00 iters/s

running (0m39.6s), 05492/05501 VUs, 287596 complete and 0 interrupted iterations
steady   [  66% ] 05492/05500 VUs  0m39.6s/1m0s  16000.00 iters/s

running (0m40.6s), 05660/05676 VUs, 293631 complete and 0 interrupted iterations
steady   [  68% ] 05660/05676 VUs  0m40.6s/1m0s  16000.00 iters/s

running (0m41.6s), 05854/05858 VUs, 300002 complete and 0 interrupted iterations
steady   [  69% ] 05854/05858 VUs  0m41.6s/1m0s  16000.00 iters/s

running (0m42.6s), 04994/05917 VUs, 309310 complete and 0 interrupted iterations
steady   [  71% ] 04994/05917 VUs  0m42.6s/1m0s  16000.00 iters/s

running (0m43.6s), 05494/06071 VUs, 316157 complete and 0 interrupted iterations
steady   [  73% ] 05494/06071 VUs  0m43.6s/1m0s  16000.00 iters/s

running (0m44.7s), 06010/06166 VUs, 324379 complete and 0 interrupted iterations
steady   [  75% ] 06009/06166 VUs  0m44.7s/1m0s  16000.00 iters/s

running (0m45.6s), 01893/06166 VUs, 342651 complete and 0 interrupted iterations
steady   [  76% ] 01894/06166 VUs  0m45.6s/1m0s  16000.00 iters/s

running (0m46.6s), 06249/06249 VUs, 349784 complete and 0 interrupted iterations
steady   [  78% ] 06249/06249 VUs  0m46.6s/1m0s  16000.00 iters/s

running (0m47.6s), 05245/06357 VUs, 363956 complete and 0 interrupted iterations
steady   [  79% ] 05245/06357 VUs  0m47.6s/1m0s  16000.00 iters/s

running (0m48.6s), 04777/06426 VUs, 374067 complete and 0 interrupted iterations
steady   [  81% ] 04777/06426 VUs  0m48.6s/1m0s  16000.00 iters/s

running (0m49.6s), 06667/06668 VUs, 380089 complete and 0 interrupted iterations
steady   [  83% ] 06667/06668 VUs  0m49.6s/1m0s  16000.00 iters/s

running (0m50.6s), 06487/06678 VUs, 384025 complete and 0 interrupted iterations
steady   [  84% ] 06487/06678 VUs  0m50.6s/1m0s  16000.00 iters/s

running (0m51.8s), 06232/06681 VUs, 387737 complete and 0 interrupted iterations
steady   [  86% ] 06232/06681 VUs  0m51.8s/1m0s  16000.00 iters/s

running (0m52.6s), 06071/06692 VUs, 397784 complete and 0 interrupted iterations
steady   [  88% ] 06071/06692 VUs  0m52.6s/1m0s  16000.00 iters/s

running (0m53.7s), 06671/06771 VUs, 405358 complete and 0 interrupted iterations
steady   [  89% ] 06671/06771 VUs  0m53.7s/1m0s  16000.00 iters/s

running (0m54.7s), 06936/06944 VUs, 412612 complete and 0 interrupted iterations
steady   [  91% ] 06937/06944 VUs  0m54.7s/1m0s  16000.00 iters/s

running (0m55.6s), 06977/06978 VUs, 417689 complete and 0 interrupted iterations
steady   [  93% ] 06977/06978 VUs  0m55.6s/1m0s  16000.00 iters/s

running (0m56.6s), 06663/07148 VUs, 424943 complete and 0 interrupted iterations
steady   [  94% ] 06663/07148 VUs  0m56.6s/1m0s  16000.00 iters/s

running (0m57.7s), 07112/07257 VUs, 434324 complete and 0 interrupted iterations
steady   [  96% ] 07112/07257 VUs  0m57.7s/1m0s  16000.00 iters/s

running (0m58.6s), 07224/07328 VUs, 439724 complete and 0 interrupted iterations
steady   [  98% ] 07224/07328 VUs  0m58.6s/1m0s  16000.00 iters/s

running (0m59.6s), 07156/07337 VUs, 443136 complete and 0 interrupted iterations
steady   [  99% ] 07156/07337 VUs  0m59.6s/1m0s  16000.00 iters/s

running (1m00.6s), 07224/07339 VUs, 443571 complete and 0 interrupted iterations
steady   [ 100% ] 07224/07339 VUs  1m0s  16000.00 iters/s

running (1m01.7s), 06576/07341 VUs, 447410 complete and 0 interrupted iterations
steady   [ 100% ] 06576/07341 VUs  1m0s  16000.00 iters/s

running (1m02.5s), 00000/07343 VUs, 454752 complete and 0 interrupted iterations
steady ✓ [ 100% ] 00000/07343 VUs  1m0s  16000.00 iters/s

running (1m02.5s), 00000/07343 VUs, 454752 complete and 0 interrupted iterations
steady ✓ [ 100% ] 00000/07343 VUs  1m0s  16000.00 iters/s

  http_reqs                    454752 (7273.21/s)
  http_req_duration            med=319.75ms p95=1729.36ms p99=3191.10ms max=7328.38ms
  http_req_waiting             p95=1691.63ms
  http_req_failed              0.000%
  dropped_iterations           496615
  vus_max                      7341
  checks                       0 passed, 0 failed


running (1m02.5s), 00000/07343 VUs, 454752 complete and 0 interrupted iterations
steady ✓ [ 100% ] 00000/07343 VUs  1m0s  16000.00 iters/s
time="2026-07-26T10:35:36-07:00" level=error msg="thresholds on metrics 'dropped_iterations, http_req_duration' have been crossed"
