
         /\      Grafana   /‾‾/  
    /\  /  \     |\  __   /  /   
   /  \/    \    | |/ /  /   ‾‾\ 
  /          \   |   (  |  (‾)  |
 / __________ \  |_|\_\  \_____/ 


     execution: local
        script: /Users/juancavallotti/Documents/development/octo-performance/scenarios/001-template-page/k6/steady.js
        output: -

     scenarios: (100.00%) 1 scenario, 16000 max VUs, 1m10s max duration (incl. graceful stop):
              * steady: 16000.00 iterations/s for 1m0s (maxVUs: 1600-16000, gracefulStop: 10s)


running (0m00.8s), 00002/01600 VUs, 13158 complete and 0 interrupted iterations
steady   [   1% ] 00002/01600 VUs  0m00.8s/1m0s  16000.00 iters/s

running (0m01.8s), 01638/01640 VUs, 20720 complete and 0 interrupted iterations
steady   [   3% ] 01638/01640 VUs  0m01.8s/1m0s  16000.00 iters/s

running (0m02.8s), 01108/01782 VUs, 29419 complete and 0 interrupted iterations
steady   [   5% ] 01108/01782 VUs  0m02.8s/1m0s  16000.00 iters/s

running (0m04.1s), 00748/01856 VUs, 35889 complete and 0 interrupted iterations
steady   [   7% ] 00748/01856 VUs  0m04.1s/1m0s  16000.00 iters/s

running (0m04.8s), 01457/01965 VUs, 42750 complete and 0 interrupted iterations
steady   [   8% ] 01457/01965 VUs  0m04.8s/1m0s  16000.00 iters/s

running (0m05.9s), 01786/02130 VUs, 49223 complete and 0 interrupted iterations
steady   [  10% ] 01786/02130 VUs  0m05.9s/1m0s  16000.00 iters/s

running (0m06.8s), 02120/02151 VUs, 54433 complete and 0 interrupted iterations
steady   [  11% ] 02120/02151 VUs  0m06.8s/1m0s  16000.00 iters/s

running (0m07.8s), 02349/02503 VUs, 62275 complete and 0 interrupted iterations
steady   [  13% ] 02349/02503 VUs  0m07.8s/1m0s  16000.00 iters/s

running (0m08.9s), 02226/02581 VUs, 69170 complete and 0 interrupted iterations
steady   [  15% ] 02227/02581 VUs  0m08.9s/1m0s  16000.00 iters/s

running (0m09.8s), 02039/02622 VUs, 77707 complete and 0 interrupted iterations
steady   [  16% ] 02039/02622 VUs  0m09.8s/1m0s  16000.00 iters/s

running (0m10.8s), 02815/02820 VUs, 84838 complete and 0 interrupted iterations
steady   [  18% ] 02815/02820 VUs  0m10.8s/1m0s  16000.00 iters/s

running (0m11.8s), 02987/02991 VUs, 90248 complete and 0 interrupted iterations
steady   [  20% ] 02987/02991 VUs  0m11.8s/1m0s  16000.00 iters/s

running (0m12.9s), 02565/03009 VUs, 94759 complete and 0 interrupted iterations
steady   [  22% ] 02565/03009 VUs  0m12.9s/1m0s  16000.00 iters/s

running (0m13.8s), 02613/03186 VUs, 103284 complete and 0 interrupted iterations
steady   [  23% ] 02613/03186 VUs  0m13.8s/1m0s  16000.00 iters/s

running (0m14.9s), 03295/03296 VUs, 107495 complete and 0 interrupted iterations
steady   [  25% ] 03295/03296 VUs  0m14.9s/1m0s  16000.00 iters/s

running (0m15.8s), 02303/03372 VUs, 113963 complete and 0 interrupted iterations
steady   [  26% ] 02303/03372 VUs  0m15.8s/1m0s  16000.00 iters/s

running (0m16.8s), 03539/03541 VUs, 118400 complete and 0 interrupted iterations
steady   [  28% ] 03539/03541 VUs  0m16.8s/1m0s  16000.00 iters/s

running (0m17.9s), 03062/03545 VUs, 119504 complete and 0 interrupted iterations
steady   [  30% ] 03120/03545 VUs  0m18.1s/1m0s  16000.00 iters/s

running (0m18.8s), 01452/03548 VUs, 126681 complete and 0 interrupted iterations
steady   [  31% ] 01452/03548 VUs  0m18.8s/1m0s  16000.00 iters/s

running (0m19.8s), 03690/03691 VUs, 131338 complete and 0 interrupted iterations
steady   [  33% ] 03690/03691 VUs  0m19.8s/1m0s  16000.00 iters/s

running (0m20.8s), 03928/03928 VUs, 140533 complete and 0 interrupted iterations
steady   [  35% ] 03928/03928 VUs  0m20.8s/1m0s  16000.00 iters/s

running (0m21.8s), 04004/04033 VUs, 150254 complete and 0 interrupted iterations
steady   [  36% ] 04004/04033 VUs  0m21.8s/1m0s  16000.00 iters/s

running (0m22.8s), 04071/04140 VUs, 152915 complete and 0 interrupted iterations
steady   [  38% ] 04072/04140 VUs  0m22.8s/1m0s  16000.00 iters/s

running (0m23.8s), 03602/04159 VUs, 161056 complete and 0 interrupted iterations
steady   [  40% ] 03602/04159 VUs  0m23.8s/1m0s  16000.00 iters/s

running (0m24.8s), 04178/04238 VUs, 167423 complete and 0 interrupted iterations
steady   [  41% ] 04178/04238 VUs  0m24.8s/1m0s  16000.00 iters/s

running (0m25.8s), 00782/04278 VUs, 181956 complete and 0 interrupted iterations
steady   [  43% ] 00782/04278 VUs  0m25.8s/1m0s  16000.00 iters/s

running (0m26.9s), 03511/04283 VUs, 194642 complete and 0 interrupted iterations
steady   [  45% ] 03511/04283 VUs  0m26.9s/1m0s  16000.00 iters/s

running (0m27.8s), 04001/04399 VUs, 199485 complete and 0 interrupted iterations
steady   [  46% ] 04003/04399 VUs  0m27.8s/1m0s  16000.00 iters/s

running (0m29.0s), 04380/04412 VUs, 202201 complete and 0 interrupted iterations
steady   [  48% ] 04380/04411 VUs  0m29.0s/1m0s  16000.00 iters/s

running (0m29.8s), 04427/04430 VUs, 209246 complete and 0 interrupted iterations
steady   [  50% ] 04427/04430 VUs  0m29.8s/1m0s  16000.00 iters/s

running (0m30.8s), 04564/04564 VUs, 213967 complete and 0 interrupted iterations
steady   [  51% ] 04564/04564 VUs  0m30.8s/1m0s  16000.00 iters/s

running (0m31.9s), 04598/04607 VUs, 219159 complete and 0 interrupted iterations
steady   [  53% ] 04599/04607 VUs  0m31.9s/1m0s  16000.00 iters/s

running (0m32.8s), 04387/04627 VUs, 221700 complete and 0 interrupted iterations
steady   [  55% ] 04387/04627 VUs  0m32.8s/1m0s  16000.00 iters/s

running (0m34.0s), 04143/04630 VUs, 223292 complete and 0 interrupted iterations
steady   [  57% ] 04173/04630 VUs  0m34.0s/1m0s  16000.00 iters/s

running (0m34.8s), 04645/04645 VUs, 230559 complete and 0 interrupted iterations
steady   [  58% ] 04645/04645 VUs  0m34.8s/1m0s  16000.00 iters/s

running (0m35.8s), 04466/04801 VUs, 234261 complete and 0 interrupted iterations
steady   [  60% ] 04466/04801 VUs  0m35.8s/1m0s  16000.00 iters/s

running (0m36.8s), 04631/04809 VUs, 237704 complete and 0 interrupted iterations
steady   [  61% ] 04631/04809 VUs  0m36.8s/1m0s  16000.00 iters/s

running (0m37.8s), 04366/04822 VUs, 243308 complete and 0 interrupted iterations
steady   [  63% ] 04366/04822 VUs  0m37.9s/1m0s  16000.00 iters/s

running (0m38.8s), 04827/04828 VUs, 245333 complete and 0 interrupted iterations
steady   [  65% ] 04827/04828 VUs  0m38.8s/1m0s  16000.00 iters/s

running (0m39.8s), 03550/04831 VUs, 251311 complete and 0 interrupted iterations
steady   [  66% ] 03550/04831 VUs  0m39.8s/1m0s  16000.00 iters/s

running (0m41.2s), 04222/04832 VUs, 254887 complete and 0 interrupted iterations
steady   [  69% ] 04222/04832 VUs  0m41.2s/1m0s  16000.00 iters/s

running (0m41.8s), 03390/04835 VUs, 257095 complete and 0 interrupted iterations
steady   [  70% ] 03390/04835 VUs  0m41.8s/1m0s  16000.00 iters/s

running (0m43.1s), 03942/04836 VUs, 258119 complete and 0 interrupted iterations
steady   [  72% ] 03942/04836 VUs  0m43.1s/1m0s  16000.00 iters/s

running (0m43.9s), 03283/04838 VUs, 260806 complete and 0 interrupted iterations
steady   [  73% ] 03266/04838 VUs  0m43.9s/1m0s  16000.00 iters/s

running (0m44.8s), 04334/04879 VUs, 268211 complete and 0 interrupted iterations
steady   [  75% ] 04334/04879 VUs  0m44.8s/1m0s  16000.00 iters/s

running (0m45.9s), 04751/05028 VUs, 272820 complete and 0 interrupted iterations
steady   [  77% ] 04751/05028 VUs  0m45.9s/1m0s  16000.00 iters/s

running (0m46.8s), 04945/05091 VUs, 277869 complete and 0 interrupted iterations
steady   [  78% ] 04945/05091 VUs  0m46.8s/1m0s  16000.00 iters/s

running (0m47.8s), 05225/05225 VUs, 283254 complete and 0 interrupted iterations
steady   [  80% ] 05225/05225 VUs  0m47.8s/1m0s  16000.00 iters/s

running (0m49.2s), 05256/05258 VUs, 283768 complete and 0 interrupted iterations
steady   [  82% ] 05256/05258 VUs  0m49.2s/1m0s  16000.00 iters/s

running (0m49.8s), 05256/05258 VUs, 283768 complete and 0 interrupted iterations
steady   [  83% ] 05256/05258 VUs  0m49.8s/1m0s  16000.00 iters/s

running (0m50.8s), 03149/05260 VUs, 286472 complete and 0 interrupted iterations
steady   [  85% ] 03142/05260 VUs  0m50.8s/1m0s  16000.00 iters/s

running (0m51.8s), 04362/05269 VUs, 292624 complete and 0 interrupted iterations
steady   [  86% ] 04362/05269 VUs  0m51.8s/1m0s  16000.00 iters/s

running (0m52.8s), 04132/05282 VUs, 296600 complete and 0 interrupted iterations
steady   [  88% ] 04133/05282 VUs  0m52.8s/1m0s  16000.00 iters/s

running (0m53.8s), 04693/05295 VUs, 300827 complete and 0 interrupted iterations
steady   [  90% ] 04695/05295 VUs  0m53.8s/1m0s  16000.00 iters/s

running (0m54.8s), 05182/05309 VUs, 303233 complete and 0 interrupted iterations
steady   [  91% ] 05182/05309 VUs  0m54.8s/1m0s  16000.00 iters/s

running (0m55.8s), 04209/05309 VUs, 305786 complete and 0 interrupted iterations
steady   [  93% ] 04209/05309 VUs  0m55.8s/1m0s  16000.00 iters/s

running (0m56.8s), 03929/05311 VUs, 307659 complete and 0 interrupted iterations
steady   [  95% ] 03913/05311 VUs  0m56.8s/1m0s  16000.00 iters/s

running (0m57.8s), 05338/05339 VUs, 314427 complete and 0 interrupted iterations
steady   [  96% ] 05338/05339 VUs  0m57.8s/1m0s  16000.00 iters/s

running (0m58.8s), 04468/05407 VUs, 318137 complete and 0 interrupted iterations
steady   [  98% ] 04468/05407 VUs  0m58.8s/1m0s  16000.00 iters/s

running (0m59.9s), 03539/05415 VUs, 325421 complete and 0 interrupted iterations
steady   [ 100% ] 03539/05415 VUs  0m59.9s/1m0s  16000.00 iters/s

running (1m00.4s), 00000/05424 VUs, 330844 complete and 0 interrupted iterations
steady ✓ [ 100% ] 00000/05424 VUs  1m0s  16000.00 iters/s

  http_reqs                    330844 (5473.16/s)
  http_req_duration            med=381.65ms p95=1858.31ms p99=2707.42ms max=6213.35ms
  http_req_waiting             p95=1818.39ms
  http_req_failed              0.000%
  dropped_iterations           629137
  vus_max                      5415
  checks                       0 passed, 0 failed


running (1m00.4s), 00000/05424 VUs, 330844 complete and 0 interrupted iterations
steady ✓ [ 100% ] 00000/05424 VUs  1m0s  16000.00 iters/s
time="2026-07-26T10:13:52-07:00" level=error msg="thresholds on metrics 'dropped_iterations, http_req_duration' have been crossed"
