
         /\      Grafana   /‾‾/  
    /\  /  \     |\  __   /  /   
   /  \/    \    | |/ /  /   ‾‾\ 
  /          \   |   (  |  (‾)  |
 / __________ \  |_|\_\  \_____/ 


     execution: local
        script: /Users/juancavallotti/Documents/development/octo-performance/scenarios/006-json-transform/k6/steady.js
        output: -

     scenarios: (100.00%) 1 scenario, 800 max VUs, 1m10s max duration (incl. graceful stop):
              * steady: 4000.00 iterations/s for 1m0s (maxVUs: 80-800, gracefulStop: 10s)


running (0m01.0s), 001/080 VUs, 3957 complete and 0 interrupted iterations
steady   [   2% ] 001/080 VUs  0m01.0s/1m0s  4000.00 iters/s

running (0m02.0s), 001/080 VUs, 7957 complete and 0 interrupted iterations
steady   [   3% ] 001/080 VUs  0m02.0s/1m0s  4000.00 iters/s

running (0m03.0s), 000/080 VUs, 11957 complete and 0 interrupted iterations
steady   [   5% ] 000/080 VUs  0m03.0s/1m0s  4000.00 iters/s

running (0m04.0s), 001/080 VUs, 15957 complete and 0 interrupted iterations
steady   [   7% ] 001/080 VUs  0m04.0s/1m0s  4000.00 iters/s

running (0m05.0s), 001/080 VUs, 19957 complete and 0 interrupted iterations
steady   [   8% ] 001/080 VUs  0m05.0s/1m0s  4000.00 iters/s

running (0m06.0s), 000/080 VUs, 23957 complete and 0 interrupted iterations
steady   [  10% ] 000/080 VUs  0m06.0s/1m0s  4000.00 iters/s

running (0m07.0s), 000/080 VUs, 27957 complete and 0 interrupted iterations
steady   [  12% ] 000/080 VUs  0m07.0s/1m0s  4000.00 iters/s

running (0m08.0s), 001/080 VUs, 31956 complete and 0 interrupted iterations
steady   [  13% ] 001/080 VUs  0m08.0s/1m0s  4000.00 iters/s

running (0m09.0s), 000/080 VUs, 35957 complete and 0 interrupted iterations
steady   [  15% ] 000/080 VUs  0m09.0s/1m0s  4000.00 iters/s

running (0m10.0s), 001/080 VUs, 39957 complete and 0 interrupted iterations
steady   [  17% ] 001/080 VUs  0m10.0s/1m0s  4000.00 iters/s

running (0m11.0s), 000/080 VUs, 43957 complete and 0 interrupted iterations
steady   [  18% ] 000/080 VUs  0m11.0s/1m0s  4000.00 iters/s

running (0m12.0s), 001/080 VUs, 47956 complete and 0 interrupted iterations
steady   [  20% ] 001/080 VUs  0m12.0s/1m0s  4000.00 iters/s

running (0m13.0s), 001/080 VUs, 51956 complete and 0 interrupted iterations
steady   [  22% ] 001/080 VUs  0m13.0s/1m0s  4000.00 iters/s

running (0m14.0s), 001/080 VUs, 55956 complete and 0 interrupted iterations
steady   [  23% ] 001/080 VUs  0m14.0s/1m0s  4000.00 iters/s

running (0m15.0s), 002/080 VUs, 59956 complete and 0 interrupted iterations
steady   [  25% ] 002/080 VUs  0m15.0s/1m0s  4000.00 iters/s

running (0m16.0s), 002/080 VUs, 63956 complete and 0 interrupted iterations
steady   [  27% ] 002/080 VUs  0m16.0s/1m0s  4000.00 iters/s

running (0m17.0s), 001/080 VUs, 67957 complete and 0 interrupted iterations
steady   [  28% ] 001/080 VUs  0m17.0s/1m0s  4000.00 iters/s

running (0m18.0s), 000/080 VUs, 71957 complete and 0 interrupted iterations
steady   [  30% ] 000/080 VUs  0m18.0s/1m0s  4000.00 iters/s

running (0m19.0s), 000/080 VUs, 75957 complete and 0 interrupted iterations
steady   [  32% ] 000/080 VUs  0m19.0s/1m0s  4000.00 iters/s

running (0m20.0s), 004/080 VUs, 79954 complete and 0 interrupted iterations
steady   [  33% ] 004/080 VUs  0m20.0s/1m0s  4000.00 iters/s

running (0m21.0s), 000/080 VUs, 83957 complete and 0 interrupted iterations
steady   [  35% ] 000/080 VUs  0m21.0s/1m0s  4000.00 iters/s

running (0m22.0s), 002/080 VUs, 87956 complete and 0 interrupted iterations
steady   [  37% ] 002/080 VUs  0m22.0s/1m0s  4000.00 iters/s

running (0m23.0s), 000/080 VUs, 91957 complete and 0 interrupted iterations
steady   [  38% ] 000/080 VUs  0m23.0s/1m0s  4000.00 iters/s

running (0m24.0s), 001/080 VUs, 95957 complete and 0 interrupted iterations
steady   [  40% ] 001/080 VUs  0m24.0s/1m0s  4000.00 iters/s

running (0m25.0s), 000/080 VUs, 99957 complete and 0 interrupted iterations
steady   [  42% ] 000/080 VUs  0m25.0s/1m0s  4000.00 iters/s

running (0m26.0s), 001/080 VUs, 103957 complete and 0 interrupted iterations
steady   [  43% ] 001/080 VUs  0m26.0s/1m0s  4000.00 iters/s

running (0m27.0s), 001/080 VUs, 107957 complete and 0 interrupted iterations
steady   [  45% ] 001/080 VUs  0m27.0s/1m0s  4000.00 iters/s

running (0m28.0s), 001/080 VUs, 111957 complete and 0 interrupted iterations
steady   [  47% ] 001/080 VUs  0m28.0s/1m0s  4000.00 iters/s

running (0m29.0s), 000/080 VUs, 115957 complete and 0 interrupted iterations
steady   [  48% ] 000/080 VUs  0m29.0s/1m0s  4000.00 iters/s

running (0m30.0s), 000/080 VUs, 119957 complete and 0 interrupted iterations
steady   [  50% ] 000/080 VUs  0m30.0s/1m0s  4000.00 iters/s

running (0m31.0s), 001/080 VUs, 123957 complete and 0 interrupted iterations
steady   [  52% ] 001/080 VUs  0m31.0s/1m0s  4000.00 iters/s

running (0m32.0s), 000/080 VUs, 127957 complete and 0 interrupted iterations
steady   [  53% ] 000/080 VUs  0m32.0s/1m0s  4000.00 iters/s

running (0m33.0s), 000/080 VUs, 131957 complete and 0 interrupted iterations
steady   [  55% ] 000/080 VUs  0m33.0s/1m0s  4000.00 iters/s

running (0m34.0s), 000/080 VUs, 135957 complete and 0 interrupted iterations
steady   [  57% ] 001/080 VUs  0m34.0s/1m0s  4000.00 iters/s

running (0m35.0s), 001/080 VUs, 139957 complete and 0 interrupted iterations
steady   [  58% ] 001/080 VUs  0m35.0s/1m0s  4000.00 iters/s

running (0m36.0s), 001/080 VUs, 143957 complete and 0 interrupted iterations
steady   [  60% ] 001/080 VUs  0m36.0s/1m0s  4000.00 iters/s

running (0m37.0s), 000/080 VUs, 147957 complete and 0 interrupted iterations
steady   [  62% ] 000/080 VUs  0m37.0s/1m0s  4000.00 iters/s

running (0m38.0s), 001/080 VUs, 151957 complete and 0 interrupted iterations
steady   [  63% ] 001/080 VUs  0m38.0s/1m0s  4000.00 iters/s

running (0m39.0s), 000/080 VUs, 155957 complete and 0 interrupted iterations
steady   [  65% ] 000/080 VUs  0m39.0s/1m0s  4000.00 iters/s

running (0m40.0s), 001/080 VUs, 159957 complete and 0 interrupted iterations
steady   [  67% ] 001/080 VUs  0m40.0s/1m0s  4000.00 iters/s

running (0m41.0s), 001/080 VUs, 163957 complete and 0 interrupted iterations
steady   [  68% ] 001/080 VUs  0m41.0s/1m0s  4000.00 iters/s

running (0m42.0s), 000/080 VUs, 167957 complete and 0 interrupted iterations
steady   [  70% ] 000/080 VUs  0m42.0s/1m0s  4000.00 iters/s

running (0m43.0s), 004/080 VUs, 171954 complete and 0 interrupted iterations
steady   [  72% ] 004/080 VUs  0m43.0s/1m0s  4000.00 iters/s

running (0m44.0s), 001/080 VUs, 175957 complete and 0 interrupted iterations
steady   [  73% ] 001/080 VUs  0m44.0s/1m0s  4000.00 iters/s

running (0m45.0s), 001/080 VUs, 179957 complete and 0 interrupted iterations
steady   [  75% ] 001/080 VUs  0m45.0s/1m0s  4000.00 iters/s

running (0m46.0s), 001/080 VUs, 183956 complete and 0 interrupted iterations
steady   [  77% ] 001/080 VUs  0m46.0s/1m0s  4000.00 iters/s

running (0m47.0s), 000/080 VUs, 187957 complete and 0 interrupted iterations
steady   [  78% ] 000/080 VUs  0m47.0s/1m0s  4000.00 iters/s

running (0m48.0s), 000/080 VUs, 191957 complete and 0 interrupted iterations
steady   [  80% ] 001/080 VUs  0m48.0s/1m0s  4000.00 iters/s

running (0m49.0s), 000/080 VUs, 195957 complete and 0 interrupted iterations
steady   [  82% ] 001/080 VUs  0m49.0s/1m0s  4000.00 iters/s

running (0m50.0s), 001/080 VUs, 199957 complete and 0 interrupted iterations
steady   [  83% ] 001/080 VUs  0m50.0s/1m0s  4000.00 iters/s

running (0m51.0s), 000/080 VUs, 203957 complete and 0 interrupted iterations
steady   [  85% ] 000/080 VUs  0m51.0s/1m0s  4000.00 iters/s

running (0m52.0s), 000/080 VUs, 207957 complete and 0 interrupted iterations
steady   [  87% ] 000/080 VUs  0m52.0s/1m0s  4000.00 iters/s

running (0m53.0s), 001/080 VUs, 211956 complete and 0 interrupted iterations
steady   [  88% ] 001/080 VUs  0m53.0s/1m0s  4000.00 iters/s

running (0m54.0s), 000/083 VUs, 215888 complete and 0 interrupted iterations
steady   [  90% ] 001/083 VUs  0m54.0s/1m0s  4000.00 iters/s

running (0m55.0s), 006/084 VUs, 219883 complete and 0 interrupted iterations
steady   [  92% ] 006/084 VUs  0m55.0s/1m0s  4000.00 iters/s

running (0m56.0s), 001/084 VUs, 223887 complete and 0 interrupted iterations
steady   [  93% ] 001/084 VUs  0m56.0s/1m0s  4000.00 iters/s

running (0m57.0s), 001/084 VUs, 227887 complete and 0 interrupted iterations
steady   [  95% ] 001/084 VUs  0m57.0s/1m0s  4000.00 iters/s

running (0m58.0s), 001/084 VUs, 231887 complete and 0 interrupted iterations
steady   [  97% ] 001/084 VUs  0m58.0s/1m0s  4000.00 iters/s

running (0m59.0s), 001/084 VUs, 235887 complete and 0 interrupted iterations
steady   [  98% ] 001/084 VUs  0m59.0s/1m0s  4000.00 iters/s

running (1m00.0s), 001/084 VUs, 239887 complete and 0 interrupted iterations
steady   [ 100% ] 001/084 VUs  1m00.0s/1m0s  4000.00 iters/s

  http_reqs                    239931 (3998.80/s)
  http_req_duration            med=0.18ms p95=0.52ms p99=0.78ms max=35.53ms
  http_req_waiting             p95=0.49ms
  http_req_failed              0.000%
  dropped_iterations           70
  vus_max                      84
  checks                       0 passed, 0 failed


running (1m00.0s), 000/084 VUs, 239931 complete and 0 interrupted iterations
steady ✓ [ 100% ] 000/084 VUs  1m0s  4000.00 iters/s
time="2026-07-25T15:46:05-07:00" level=error msg="thresholds on metrics 'dropped_iterations' have been crossed"
