
         /\      Grafana   /‾‾/  
    /\  /  \     |\  __   /  /   
   /  \/    \    | |/ /  /   ‾‾\ 
  /          \   |   (  |  (‾)  |
 / __________ \  |_|\_\  \_____/ 


     execution: local
        script: /Users/juancavallotti/Documents/development/octo-performance/scenarios/001-template-page/k6/steady.js
        output: -

     scenarios: (100.00%) 1 scenario, 16000 max VUs, 1m10s max duration (incl. graceful stop):
              * steady: 16000.00 iterations/s for 1m0s (maxVUs: 1600-16000, gracefulStop: 10s)


running (0m00.7s), 01619/01619 VUs, 4022 complete and 0 interrupted iterations
steady   [   1% ] 01619/01619 VUs  0m00.7s/1m0s  16000.00 iters/s

running (0m01.6s), 01811/01811 VUs, 9321 complete and 0 interrupted iterations
steady   [   3% ] 01811/01811 VUs  0m01.6s/1m0s  16000.00 iters/s

running (0m02.6s), 00001/01875 VUs, 23041 complete and 0 interrupted iterations
steady   [   4% ] 00002/01875 VUs  0m02.6s/1m0s  16000.00 iters/s

running (0m03.6s), 01907/01908 VUs, 33701 complete and 0 interrupted iterations
steady   [   6% ] 01907/01908 VUs  0m03.6s/1m0s  16000.00 iters/s

running (0m04.7s), 02107/02107 VUs, 40724 complete and 0 interrupted iterations
steady   [   8% ] 02107/02107 VUs  0m04.7s/1m0s  16000.00 iters/s

running (0m05.6s), 01941/02193 VUs, 50543 complete and 0 interrupted iterations
steady   [   9% ] 01941/02193 VUs  0m05.6s/1m0s  16000.00 iters/s

running (0m06.6s), 02438/02439 VUs, 58625 complete and 0 interrupted iterations
steady   [  11% ] 02438/02439 VUs  0m06.6s/1m0s  16000.00 iters/s

running (0m07.6s), 01859/02504 VUs, 64975 complete and 0 interrupted iterations
steady   [  13% ] 01859/02504 VUs  0m07.6s/1m0s  16000.00 iters/s

running (0m08.6s), 02568/02689 VUs, 74543 complete and 0 interrupted iterations
steady   [  14% ] 02568/02689 VUs  0m08.6s/1m0s  16000.00 iters/s

running (0m09.6s), 02879/02917 VUs, 80645 complete and 0 interrupted iterations
steady   [  16% ] 02879/02917 VUs  0m09.6s/1m0s  16000.00 iters/s

running (0m10.6s), 01417/02944 VUs, 88420 complete and 0 interrupted iterations
steady   [  18% ] 01417/02944 VUs  0m10.6s/1m0s  16000.00 iters/s

running (0m11.6s), 03245/03245 VUs, 94671 complete and 0 interrupted iterations
steady   [  19% ] 03245/03245 VUs  0m11.6s/1m0s  16000.00 iters/s

running (0m12.6s), 03459/03460 VUs, 103243 complete and 0 interrupted iterations
steady   [  21% ] 03459/03460 VUs  0m12.6s/1m0s  16000.00 iters/s

running (0m13.6s), 02878/03483 VUs, 109494 complete and 0 interrupted iterations
steady   [  23% ] 02878/03483 VUs  0m13.6s/1m0s  16000.00 iters/s

running (0m14.6s), 02531/03526 VUs, 119676 complete and 0 interrupted iterations
steady   [  24% ] 02531/03526 VUs  0m14.6s/1m0s  16000.00 iters/s

running (0m15.6s), 03702/03703 VUs, 126590 complete and 0 interrupted iterations
steady   [  26% ] 03702/03703 VUs  0m15.6s/1m0s  16000.00 iters/s

running (0m16.6s), 03277/03890 VUs, 136425 complete and 0 interrupted iterations
steady   [  28% ] 03277/03890 VUs  0m16.6s/1m0s  16000.00 iters/s

running (0m17.6s), 03708/04016 VUs, 142359 complete and 0 interrupted iterations
steady   [  29% ] 03708/04016 VUs  0m17.6s/1m0s  16000.00 iters/s

running (0m18.6s), 04032/04033 VUs, 148996 complete and 0 interrupted iterations
steady   [  31% ] 04032/04033 VUs  0m18.6s/1m0s  16000.00 iters/s

running (0m19.6s), 04178/04178 VUs, 160367 complete and 0 interrupted iterations
steady   [  33% ] 04178/04178 VUs  0m19.6s/1m0s  16000.00 iters/s

running (0m20.7s), 03871/04350 VUs, 172165 complete and 0 interrupted iterations
steady   [  34% ] 03871/04350 VUs  0m20.7s/1m0s  16000.00 iters/s

running (0m21.7s), 04408/04448 VUs, 180921 complete and 0 interrupted iterations
steady   [  36% ] 04407/04447 VUs  0m21.7s/1m0s  16000.00 iters/s

running (0m22.6s), 04093/04576 VUs, 189022 complete and 0 interrupted iterations
steady   [  38% ] 04091/04576 VUs  0m22.6s/1m0s  16000.00 iters/s

running (0m23.6s), 01174/04581 VUs, 208031 complete and 0 interrupted iterations
steady   [  39% ] 01174/04581 VUs  0m23.6s/1m0s  16000.00 iters/s

running (0m24.6s), 04146/04588 VUs, 214616 complete and 0 interrupted iterations
steady   [  41% ] 04146/04588 VUs  0m24.6s/1m0s  16000.00 iters/s

running (0m25.6s), 03301/04727 VUs, 222774 complete and 0 interrupted iterations
steady   [  43% ] 03301/04727 VUs  0m25.6s/1m0s  16000.00 iters/s

running (0m26.6s), 04535/04869 VUs, 230710 complete and 0 interrupted iterations
steady   [  44% ] 04534/04869 VUs  0m26.6s/1m0s  16000.00 iters/s

running (0m28.7s), 04234/05107 VUs, 244008 complete and 0 interrupted iterations
steady   [  48% ] 04234/05107 VUs  0m28.8s/1m0s  16000.00 iters/s

running (0m28.8s), 04234/05107 VUs, 244008 complete and 0 interrupted iterations
steady   [  48% ] 04234/05107 VUs  0m28.8s/1m0s  16000.00 iters/s

running (0m29.6s), 04170/05309 VUs, 255269 complete and 0 interrupted iterations
steady   [  49% ] 04170/05309 VUs  0m29.6s/1m0s  16000.00 iters/s

running (0m30.6s), 05422/05424 VUs, 263224 complete and 0 interrupted iterations
steady   [  51% ] 05422/05424 VUs  0m30.6s/1m0s  16000.00 iters/s

running (0m31.7s), 04977/05516 VUs, 273364 complete and 0 interrupted iterations
steady   [  53% ] 04977/05516 VUs  0m31.7s/1m0s  16000.00 iters/s

running (0m32.6s), 05235/05701 VUs, 278821 complete and 0 interrupted iterations
steady   [  54% ] 05235/05701 VUs  0m32.6s/1m0s  16000.00 iters/s

running (0m33.6s), 05812/05897 VUs, 288484 complete and 0 interrupted iterations
steady   [  56% ] 05812/05897 VUs  0m33.6s/1m0s  16000.00 iters/s

running (0m34.6s), 05905/05936 VUs, 294740 complete and 0 interrupted iterations
steady   [  58% ] 05905/05936 VUs  0m34.6s/1m0s  16000.00 iters/s

running (0m35.6s), 05950/05951 VUs, 306840 complete and 0 interrupted iterations
steady   [  59% ] 05950/05951 VUs  0m35.6s/1m0s  16000.00 iters/s

running (0m36.6s), 05748/06143 VUs, 318769 complete and 0 interrupted iterations
steady   [  61% ] 05748/06143 VUs  0m36.6s/1m0s  16000.00 iters/s

running (0m37.6s), 05519/06351 VUs, 327184 complete and 0 interrupted iterations
steady   [  63% ] 05519/06351 VUs  0m37.6s/1m0s  16000.00 iters/s

running (0m38.6s), 06501/06502 VUs, 338179 complete and 0 interrupted iterations
steady   [  64% ] 06501/06502 VUs  0m38.6s/1m0s  16000.00 iters/s

running (0m39.6s), 06623/06624 VUs, 350634 complete and 0 interrupted iterations
steady   [  66% ] 06623/06624 VUs  0m39.6s/1m0s  16000.00 iters/s

running (0m40.6s), 04240/06730 VUs, 362243 complete and 0 interrupted iterations
steady   [  68% ] 04240/06730 VUs  0m40.6s/1m0s  16000.00 iters/s

running (0m41.7s), 05814/06732 VUs, 363466 complete and 0 interrupted iterations
steady   [  70% ] 06563/06734 VUs  0m42.2s/1m0s  16000.00 iters/s

running (0m42.7s), 05001/06737 VUs, 366407 complete and 0 interrupted iterations
steady   [  71% ] 05001/06737 VUs  0m42.7s/1m0s  16000.00 iters/s

running (0m43.6s), 06620/06750 VUs, 378641 complete and 0 interrupted iterations
steady   [  73% ] 06620/06750 VUs  0m43.6s/1m0s  16000.00 iters/s

running (0m44.7s), 05771/06927 VUs, 388969 complete and 0 interrupted iterations
steady   [  74% ] 05771/06927 VUs  0m44.7s/1m0s  16000.00 iters/s

running (0m45.6s), 06209/07110 VUs, 397548 complete and 0 interrupted iterations
steady   [  76% ] 06209/07110 VUs  0m45.6s/1m0s  16000.00 iters/s

running (0m46.6s), 06936/07151 VUs, 402194 complete and 0 interrupted iterations
steady   [  78% ] 06936/07151 VUs  0m46.6s/1m0s  16000.00 iters/s

running (0m47.6s), 00259/07162 VUs, 422847 complete and 0 interrupted iterations
steady   [  79% ] 00260/07162 VUs  0m47.6s/1m0s  16000.00 iters/s

running (0m48.6s), 03679/07186 VUs, 431274 complete and 0 interrupted iterations
steady   [  81% ] 03679/07186 VUs  0m48.6s/1m0s  16000.00 iters/s

running (0m49.9s), 06855/07200 VUs, 438748 complete and 0 interrupted iterations
steady   [  83% ] 06855/07200 VUs  0m49.9s/1m0s  16000.00 iters/s

running (0m50.6s), 06623/07212 VUs, 442422 complete and 0 interrupted iterations
steady   [  84% ] 06623/07212 VUs  0m50.6s/1m0s  16000.00 iters/s

running (0m51.6s), 06756/07216 VUs, 445587 complete and 0 interrupted iterations
steady   [  86% ] 06756/07216 VUs  0m51.6s/1m0s  16000.00 iters/s

running (0m52.6s), 07152/07228 VUs, 451669 complete and 0 interrupted iterations
steady   [  88% ] 07152/07228 VUs  0m52.6s/1m0s  16000.00 iters/s

running (0m53.6s), 07167/07233 VUs, 461883 complete and 0 interrupted iterations
steady   [  89% ] 07167/07232 VUs  0m53.6s/1m0s  16000.00 iters/s

running (0m54.7s), 06644/07280 VUs, 467394 complete and 0 interrupted iterations
steady   [  91% ] 06644/07280 VUs  0m54.7s/1m0s  16000.00 iters/s

running (0m55.6s), 06839/07298 VUs, 473608 complete and 0 interrupted iterations
steady   [  93% ] 06839/07298 VUs  0m55.6s/1m0s  16000.00 iters/s

running (0m56.6s), 06868/07313 VUs, 479961 complete and 0 interrupted iterations
steady   [  94% ] 06868/07313 VUs  0m56.6s/1m0s  16000.00 iters/s

running (0m57.7s), 05510/07318 VUs, 492249 complete and 0 interrupted iterations
steady   [  96% ] 05510/07318 VUs  0m57.7s/1m0s  16000.00 iters/s

running (0m58.6s), 06854/07393 VUs, 502338 complete and 0 interrupted iterations
steady   [  98% ] 06854/07393 VUs  0m58.6s/1m0s  16000.00 iters/s

running (0m59.6s), 06334/07514 VUs, 516492 complete and 0 interrupted iterations
steady   [  99% ] 06334/07514 VUs  0m59.6s/1m0s  16000.00 iters/s

running (1m00.7s), 00182/07570 VUs, 526023 complete and 0 interrupted iterations
steady ↓ [ 100% ] 06666/07568 VUs  1m0s  16000.00 iters/s

  http_reqs                    526205 (8671.06/s)
  http_req_duration            med=346.13ms p95=1336.63ms p99=2063.62ms max=4544.42ms
  http_req_waiting             p95=1306.04ms
  http_req_failed              0.000%
  dropped_iterations           433657
  vus_max                      7570
  checks                       0 passed, 0 failed


running (1m00.7s), 00000/07570 VUs, 526205 complete and 0 interrupted iterations
steady ✓ [ 100% ] 00000/07570 VUs  1m0s  16000.00 iters/s
time="2026-07-26T10:15:24-07:00" level=error msg="thresholds on metrics 'dropped_iterations, http_req_duration' have been crossed"
