
         /\      Grafana   /‾‾/  
    /\  /  \     |\  __   /  /   
   /  \/    \    | |/ /  /   ‾‾\ 
  /          \   |   (  |  (‾)  |
 / __________ \  |_|\_\  \_____/ 


     execution: local
        script: /Users/juancavallotti/Documents/development/octo-performance/scenarios/001-template-page/k6/steady.js
        output: -

     scenarios: (100.00%) 1 scenario, 16000 max VUs, 1m10s max duration (incl. graceful stop):
              * steady: 16000.00 iterations/s for 1m0s (maxVUs: 1600-16000, gracefulStop: 10s)


running (0m00.9s), 00003/01600 VUs, 14346 complete and 0 interrupted iterations
steady   [   1% ] 00003/01600 VUs  0m00.9s/1m0s  16000.00 iters/s

running (0m01.9s), 00003/01600 VUs, 30345 complete and 0 interrupted iterations
steady   [   3% ] 00004/01600 VUs  0m01.9s/1m0s  16000.00 iters/s

running (0m02.9s), 00309/01600 VUs, 46041 complete and 0 interrupted iterations
steady   [   5% ] 00310/01600 VUs  0m02.9s/1m0s  16000.00 iters/s

running (0m03.9s), 00203/01605 VUs, 57266 complete and 0 interrupted iterations
steady   [   7% ] 00203/01605 VUs  0m03.9s/1m0s  16000.00 iters/s

running (0m04.9s), 01340/01713 VUs, 69590 complete and 0 interrupted iterations
steady   [   8% ] 01340/01713 VUs  0m04.9s/1m0s  16000.00 iters/s

running (0m05.9s), 00001/01713 VUs, 86945 complete and 0 interrupted iterations
steady   [  10% ] 00002/01713 VUs  0m05.9s/1m0s  16000.00 iters/s

running (0m06.9s), 00002/01713 VUs, 102945 complete and 0 interrupted iterations
steady   [  11% ] 00002/01713 VUs  0m06.9s/1m0s  16000.00 iters/s

running (0m07.9s), 00002/01713 VUs, 118944 complete and 0 interrupted iterations
steady   [  13% ] 00002/01713 VUs  0m07.9s/1m0s  16000.00 iters/s

running (0m08.9s), 00002/01713 VUs, 134944 complete and 0 interrupted iterations
steady   [  15% ] 00002/01713 VUs  0m08.9s/1m0s  16000.00 iters/s

running (0m09.9s), 00003/01715 VUs, 150485 complete and 0 interrupted iterations
steady   [  16% ] 00003/01715 VUs  0m09.9s/1m0s  16000.00 iters/s

running (0m10.9s), 00002/01715 VUs, 166486 complete and 0 interrupted iterations
steady   [  18% ] 00002/01715 VUs  0m10.9s/1m0s  16000.00 iters/s

running (0m11.9s), 00002/01715 VUs, 182486 complete and 0 interrupted iterations
steady   [  20% ] 00002/01715 VUs  0m11.9s/1m0s  16000.00 iters/s

running (0m12.9s), 00002/01715 VUs, 198484 complete and 0 interrupted iterations
steady   [  21% ] 00003/01715 VUs  0m12.9s/1m0s  16000.00 iters/s

running (0m13.9s), 00003/01715 VUs, 214485 complete and 0 interrupted iterations
steady   [  23% ] 00003/01715 VUs  0m13.9s/1m0s  16000.00 iters/s

running (0m14.9s), 00029/01715 VUs, 230460 complete and 0 interrupted iterations
steady   [  25% ] 00029/01715 VUs  0m14.9s/1m0s  16000.00 iters/s

running (0m15.9s), 00003/01715 VUs, 246485 complete and 0 interrupted iterations
steady   [  26% ] 00003/01715 VUs  0m15.9s/1m0s  16000.00 iters/s

running (0m16.9s), 00001/01715 VUs, 262487 complete and 0 interrupted iterations
steady   [  28% ] 00001/01715 VUs  0m16.9s/1m0s  16000.00 iters/s

running (0m17.9s), 00003/01715 VUs, 278485 complete and 0 interrupted iterations
steady   [  30% ] 00003/01715 VUs  0m17.9s/1m0s  16000.00 iters/s

running (0m18.9s), 00001/01715 VUs, 294486 complete and 0 interrupted iterations
steady   [  31% ] 00001/01715 VUs  0m18.9s/1m0s  16000.00 iters/s

running (0m19.9s), 00001/01715 VUs, 310486 complete and 0 interrupted iterations
steady   [  33% ] 00001/01715 VUs  0m19.9s/1m0s  16000.00 iters/s

running (0m20.9s), 00003/01715 VUs, 326485 complete and 0 interrupted iterations
steady   [  35% ] 00003/01715 VUs  0m20.9s/1m0s  16000.00 iters/s

running (0m21.9s), 00007/01715 VUs, 342480 complete and 0 interrupted iterations
steady   [  36% ] 00007/01715 VUs  0m21.9s/1m0s  16000.00 iters/s

running (0m22.9s), 00005/01715 VUs, 358484 complete and 0 interrupted iterations
steady   [  38% ] 00005/01715 VUs  0m22.9s/1m0s  16000.00 iters/s

running (0m23.9s), 00002/01715 VUs, 374486 complete and 0 interrupted iterations
steady   [  40% ] 00002/01715 VUs  0m23.9s/1m0s  16000.00 iters/s

running (0m24.9s), 00002/01715 VUs, 390486 complete and 0 interrupted iterations
steady   [  41% ] 00002/01715 VUs  0m24.9s/1m0s  16000.00 iters/s

running (0m25.9s), 00002/01715 VUs, 406486 complete and 0 interrupted iterations
steady   [  43% ] 00002/01715 VUs  0m25.9s/1m0s  16000.00 iters/s

running (0m26.9s), 00001/01715 VUs, 422486 complete and 0 interrupted iterations
steady   [  45% ] 00001/01715 VUs  0m26.9s/1m0s  16000.00 iters/s

running (0m27.9s), 00002/01715 VUs, 438486 complete and 0 interrupted iterations
steady   [  46% ] 00002/01715 VUs  0m27.9s/1m0s  16000.00 iters/s

running (0m28.9s), 00001/01715 VUs, 454486 complete and 0 interrupted iterations
steady   [  48% ] 00001/01715 VUs  0m28.9s/1m0s  16000.00 iters/s

running (0m29.9s), 00002/01715 VUs, 470485 complete and 0 interrupted iterations
steady   [  50% ] 00002/01715 VUs  0m29.9s/1m0s  16000.00 iters/s

running (0m30.9s), 00003/01715 VUs, 486485 complete and 0 interrupted iterations
steady   [  51% ] 00003/01715 VUs  0m30.9s/1m0s  16000.00 iters/s

running (0m31.9s), 00002/01715 VUs, 502486 complete and 0 interrupted iterations
steady   [  53% ] 00002/01715 VUs  0m31.9s/1m0s  16000.00 iters/s

running (0m32.9s), 00002/01715 VUs, 518485 complete and 0 interrupted iterations
steady   [  55% ] 00002/01715 VUs  0m32.9s/1m0s  16000.00 iters/s

running (0m33.9s), 00003/01715 VUs, 534485 complete and 0 interrupted iterations
steady   [  56% ] 00003/01715 VUs  0m33.9s/1m0s  16000.00 iters/s

running (0m34.9s), 00002/01715 VUs, 550486 complete and 0 interrupted iterations
steady   [  58% ] 00002/01715 VUs  0m34.9s/1m0s  16000.00 iters/s

running (0m35.9s), 00002/01715 VUs, 566486 complete and 0 interrupted iterations
steady   [  60% ] 00002/01715 VUs  0m35.9s/1m0s  16000.00 iters/s

running (0m36.9s), 00001/01715 VUs, 582486 complete and 0 interrupted iterations
steady   [  61% ] 00001/01715 VUs  0m36.9s/1m0s  16000.00 iters/s

running (0m37.9s), 00003/01715 VUs, 598485 complete and 0 interrupted iterations
steady   [  63% ] 00003/01715 VUs  0m37.9s/1m0s  16000.00 iters/s

running (0m38.9s), 00601/01717 VUs, 611919 complete and 0 interrupted iterations
steady   [  65% ] 00601/01717 VUs  0m38.9s/1m0s  16000.00 iters/s

running (0m39.9s), 00001/01735 VUs, 624564 complete and 0 interrupted iterations
steady   [  66% ] 00001/01735 VUs  0m39.9s/1m0s  16000.00 iters/s

running (0m40.9s), 00002/01735 VUs, 640562 complete and 0 interrupted iterations
steady   [  68% ] 00002/01735 VUs  0m40.9s/1m0s  16000.00 iters/s

running (0m41.9s), 00003/01735 VUs, 656562 complete and 0 interrupted iterations
steady   [  70% ] 00002/01735 VUs  0m41.9s/1m0s  16000.00 iters/s

running (0m42.9s), 00001/01735 VUs, 672563 complete and 0 interrupted iterations
steady   [  71% ] 00002/01735 VUs  0m42.9s/1m0s  16000.00 iters/s

running (0m43.9s), 00012/01735 VUs, 688552 complete and 0 interrupted iterations
steady   [  73% ] 00011/01735 VUs  0m43.9s/1m0s  16000.00 iters/s

running (0m44.9s), 00003/01735 VUs, 704563 complete and 0 interrupted iterations
steady   [  75% ] 00002/01735 VUs  0m44.9s/1m0s  16000.00 iters/s

running (0m45.9s), 00002/01735 VUs, 720562 complete and 0 interrupted iterations
steady   [  76% ] 00002/01735 VUs  0m45.9s/1m0s  16000.00 iters/s

running (0m46.9s), 00157/01735 VUs, 736413 complete and 0 interrupted iterations
steady   [  78% ] 00157/01735 VUs  0m46.9s/1m0s  16000.00 iters/s

running (0m47.9s), 00005/01735 VUs, 752564 complete and 0 interrupted iterations
steady   [  80% ] 00006/01735 VUs  0m47.9s/1m0s  16000.00 iters/s

running (0m48.9s), 00004/01735 VUs, 768561 complete and 0 interrupted iterations
steady   [  81% ] 00004/01735 VUs  0m48.9s/1m0s  16000.00 iters/s

running (0m49.9s), 00002/01735 VUs, 784563 complete and 0 interrupted iterations
steady   [  83% ] 00002/01735 VUs  0m49.9s/1m0s  16000.00 iters/s

running (0m50.9s), 00002/01735 VUs, 800563 complete and 0 interrupted iterations
steady   [  85% ] 00002/01735 VUs  0m50.9s/1m0s  16000.00 iters/s

running (0m51.9s), 00183/01735 VUs, 816418 complete and 0 interrupted iterations
steady   [  87% ] 00183/01735 VUs  0m51.9s/1m0s  16000.00 iters/s

running (0m52.9s), 00001/01735 VUs, 832563 complete and 0 interrupted iterations
steady   [  88% ] 00001/01735 VUs  0m52.9s/1m0s  16000.00 iters/s

running (0m53.9s), 00002/01735 VUs, 848562 complete and 0 interrupted iterations
steady   [  90% ] 00002/01735 VUs  0m53.9s/1m0s  16000.00 iters/s

running (0m54.9s), 00002/01735 VUs, 864562 complete and 0 interrupted iterations
steady   [  91% ] 00002/01735 VUs  0m54.9s/1m0s  16000.00 iters/s

running (0m55.9s), 00002/01735 VUs, 880563 complete and 0 interrupted iterations
steady   [  93% ] 00002/01735 VUs  0m55.9s/1m0s  16000.00 iters/s

running (0m56.9s), 00009/01735 VUs, 896553 complete and 0 interrupted iterations
steady   [  95% ] 00009/01735 VUs  0m56.9s/1m0s  16000.00 iters/s

running (0m57.9s), 01744/01745 VUs, 910616 complete and 0 interrupted iterations
steady   [  97% ] 01744/01745 VUs  0m57.9s/1m0s  16000.00 iters/s

running (0m58.9s), 01216/01808 VUs, 923079 complete and 0 interrupted iterations
steady   [  98% ] 01217/01808 VUs  0m58.9s/1m0s  16000.00 iters/s

running (0m59.9s), 01176/01819 VUs, 937827 complete and 0 interrupted iterations
steady   [ 100% ] 01176/01819 VUs  0m59.9s/1m0s  16000.00 iters/s

  http_reqs                    940698 (15673.93/s)
  http_req_duration            med=0.10ms p95=30.79ms p99=159.15ms max=584.99ms
  http_req_waiting             p95=28.20ms
  http_req_failed              0.000%
  dropped_iterations           19306
  vus_max                      1819
  checks                       0 passed, 0 failed


running (1m00.0s), 00000/01819 VUs, 940698 complete and 0 interrupted iterations
steady ✓ [ 100% ] 00000/01819 VUs  1m0s  16000.00 iters/s
time="2026-07-26T10:19:34-07:00" level=error msg="thresholds on metrics 'dropped_iterations, http_req_duration' have been crossed"
