
         /\      Grafana   /‾‾/  
    /\  /  \     |\  __   /  /   
   /  \/    \    | |/ /  /   ‾‾\ 
  /          \   |   (  |  (‾)  |
 / __________ \  |_|\_\  \_____/ 


     execution: local
        script: /Users/juancavallotti/Documents/development/octo-performance/scenarios/001-template-page/k6/steady.js
        output: -

     scenarios: (100.00%) 1 scenario, 16000 max VUs, 1m10s max duration (incl. graceful stop):
              * steady: 16000.00 iterations/s for 1m0s (maxVUs: 1600-16000, gracefulStop: 10s)


running (0m00.9s), 00007/01600 VUs, 14383 complete and 0 interrupted iterations
steady   [   1% ] 00007/01600 VUs  0m00.9s/1m0s  16000.00 iters/s

running (0m01.9s), 00008/01600 VUs, 30382 complete and 0 interrupted iterations
steady   [   3% ] 00008/01600 VUs  0m01.9s/1m0s  16000.00 iters/s

running (0m02.9s), 00012/01600 VUs, 46378 complete and 0 interrupted iterations
steady   [   5% ] 00012/01600 VUs  0m02.9s/1m0s  16000.00 iters/s

running (0m03.9s), 00011/01600 VUs, 62379 complete and 0 interrupted iterations
steady   [   6% ] 00011/01600 VUs  0m03.9s/1m0s  16000.00 iters/s

running (0m04.9s), 00008/01600 VUs, 78384 complete and 0 interrupted iterations
steady   [   8% ] 00008/01600 VUs  0m04.9s/1m0s  16000.00 iters/s

running (0m05.9s), 00008/01600 VUs, 94382 complete and 0 interrupted iterations
steady   [  10% ] 00008/01600 VUs  0m05.9s/1m0s  16000.00 iters/s

running (0m06.9s), 00006/01600 VUs, 110386 complete and 0 interrupted iterations
steady   [  11% ] 00006/01600 VUs  0m06.9s/1m0s  16000.00 iters/s

running (0m07.9s), 00008/01600 VUs, 126382 complete and 0 interrupted iterations
steady   [  13% ] 00008/01600 VUs  0m07.9s/1m0s  16000.00 iters/s

running (0m08.9s), 00007/01600 VUs, 142383 complete and 0 interrupted iterations
steady   [  15% ] 00007/01600 VUs  0m08.9s/1m0s  16000.00 iters/s

running (0m09.9s), 00006/01600 VUs, 158385 complete and 0 interrupted iterations
steady   [  16% ] 00006/01600 VUs  0m09.9s/1m0s  16000.00 iters/s

running (0m10.9s), 00015/01600 VUs, 174375 complete and 0 interrupted iterations
steady   [  18% ] 00015/01600 VUs  0m10.9s/1m0s  16000.00 iters/s

running (0m11.9s), 00016/01600 VUs, 190375 complete and 0 interrupted iterations
steady   [  20% ] 00017/01600 VUs  0m11.9s/1m0s  16000.00 iters/s

running (0m12.9s), 00007/01600 VUs, 206383 complete and 0 interrupted iterations
steady   [  21% ] 00007/01600 VUs  0m12.9s/1m0s  16000.00 iters/s

running (0m13.9s), 00007/01600 VUs, 222383 complete and 0 interrupted iterations
steady   [  23% ] 00007/01600 VUs  0m13.9s/1m0s  16000.00 iters/s

running (0m14.9s), 00010/01600 VUs, 238379 complete and 0 interrupted iterations
steady   [  25% ] 00010/01600 VUs  0m14.9s/1m0s  16000.00 iters/s

running (0m15.9s), 00007/01600 VUs, 254383 complete and 0 interrupted iterations
steady   [  26% ] 00007/01600 VUs  0m15.9s/1m0s  16000.00 iters/s

running (0m16.9s), 00007/01600 VUs, 270383 complete and 0 interrupted iterations
steady   [  28% ] 00007/01600 VUs  0m16.9s/1m0s  16000.00 iters/s

running (0m17.9s), 00008/01600 VUs, 286382 complete and 0 interrupted iterations
steady   [  30% ] 00008/01600 VUs  0m17.9s/1m0s  16000.00 iters/s

running (0m18.9s), 00011/01600 VUs, 302379 complete and 0 interrupted iterations
steady   [  31% ] 00011/01600 VUs  0m18.9s/1m0s  16000.00 iters/s

running (0m19.9s), 00009/01600 VUs, 318382 complete and 0 interrupted iterations
steady   [  33% ] 00009/01600 VUs  0m19.9s/1m0s  16000.00 iters/s

running (0m20.9s), 00060/01600 VUs, 334336 complete and 0 interrupted iterations
steady   [  35% ] 00060/01600 VUs  0m20.9s/1m0s  16000.00 iters/s

running (0m21.9s), 00009/01600 VUs, 350381 complete and 0 interrupted iterations
steady   [  36% ] 00009/01600 VUs  0m21.9s/1m0s  16000.00 iters/s

running (0m22.9s), 00010/01600 VUs, 366380 complete and 0 interrupted iterations
steady   [  38% ] 00010/01600 VUs  0m22.9s/1m0s  16000.00 iters/s

running (0m23.9s), 00023/01600 VUs, 382366 complete and 0 interrupted iterations
steady   [  40% ] 00023/01600 VUs  0m23.9s/1m0s  16000.00 iters/s

running (0m24.9s), 00008/01600 VUs, 398382 complete and 0 interrupted iterations
steady   [  41% ] 00008/01600 VUs  0m24.9s/1m0s  16000.00 iters/s

running (0m25.9s), 00014/01600 VUs, 414377 complete and 0 interrupted iterations
steady   [  43% ] 00014/01600 VUs  0m25.9s/1m0s  16000.00 iters/s

running (0m26.9s), 00008/01600 VUs, 430382 complete and 0 interrupted iterations
steady   [  45% ] 00008/01600 VUs  0m26.9s/1m0s  16000.00 iters/s

running (0m27.9s), 00015/01600 VUs, 446375 complete and 0 interrupted iterations
steady   [  46% ] 00014/01600 VUs  0m27.9s/1m0s  16000.00 iters/s

running (0m28.9s), 00006/01600 VUs, 462384 complete and 0 interrupted iterations
steady   [  48% ] 00006/01600 VUs  0m28.9s/1m0s  16000.00 iters/s

running (0m29.9s), 00008/01600 VUs, 478383 complete and 0 interrupted iterations
steady   [  50% ] 00008/01600 VUs  0m29.9s/1m0s  16000.00 iters/s

running (0m30.9s), 00020/01600 VUs, 494370 complete and 0 interrupted iterations
steady   [  51% ] 00020/01600 VUs  0m30.9s/1m0s  16000.00 iters/s

running (0m31.9s), 00008/01600 VUs, 510382 complete and 0 interrupted iterations
steady   [  53% ] 00008/01600 VUs  0m31.9s/1m0s  16000.00 iters/s

running (0m32.9s), 00007/01600 VUs, 526383 complete and 0 interrupted iterations
steady   [  55% ] 00007/01600 VUs  0m32.9s/1m0s  16000.00 iters/s

running (0m33.9s), 00009/01600 VUs, 542381 complete and 0 interrupted iterations
steady   [  56% ] 00009/01600 VUs  0m33.9s/1m0s  16000.00 iters/s

running (0m34.9s), 00008/01600 VUs, 558382 complete and 0 interrupted iterations
steady   [  58% ] 00008/01600 VUs  0m34.9s/1m0s  16000.00 iters/s

running (0m35.9s), 00045/01600 VUs, 574345 complete and 0 interrupted iterations
steady   [  60% ] 00045/01600 VUs  0m35.9s/1m0s  16000.00 iters/s

running (0m36.9s), 00008/01600 VUs, 590382 complete and 0 interrupted iterations
steady   [  61% ] 00008/01600 VUs  0m36.9s/1m0s  16000.00 iters/s

running (0m37.9s), 00008/01600 VUs, 606382 complete and 0 interrupted iterations
steady   [  63% ] 00008/01600 VUs  0m37.9s/1m0s  16000.00 iters/s

running (0m38.9s), 00033/01600 VUs, 622357 complete and 0 interrupted iterations
steady   [  65% ] 00033/01600 VUs  0m38.9s/1m0s  16000.00 iters/s

running (0m39.9s), 00006/01600 VUs, 638384 complete and 0 interrupted iterations
steady   [  66% ] 00006/01600 VUs  0m39.9s/1m0s  16000.00 iters/s

running (0m40.9s), 00040/01600 VUs, 654349 complete and 0 interrupted iterations
steady   [  68% ] 00039/01600 VUs  0m40.9s/1m0s  16000.00 iters/s

running (0m41.9s), 00006/01600 VUs, 670384 complete and 0 interrupted iterations
steady   [  70% ] 00007/01600 VUs  0m41.9s/1m0s  16000.00 iters/s

running (0m42.9s), 00008/01600 VUs, 686382 complete and 0 interrupted iterations
steady   [  71% ] 00008/01600 VUs  0m42.9s/1m0s  16000.00 iters/s

running (0m43.9s), 00011/01600 VUs, 702379 complete and 0 interrupted iterations
steady   [  73% ] 00011/01600 VUs  0m43.9s/1m0s  16000.00 iters/s

running (0m44.9s), 00031/01600 VUs, 718359 complete and 0 interrupted iterations
steady   [  75% ] 00031/01600 VUs  0m44.9s/1m0s  16000.00 iters/s

running (0m45.9s), 00026/01600 VUs, 734365 complete and 0 interrupted iterations
steady   [  76% ] 00026/01600 VUs  0m45.9s/1m0s  16000.00 iters/s

running (0m46.9s), 00011/01600 VUs, 750378 complete and 0 interrupted iterations
steady   [  78% ] 00012/01600 VUs  0m46.9s/1m0s  16000.00 iters/s

running (0m47.9s), 00011/01600 VUs, 766380 complete and 0 interrupted iterations
steady   [  80% ] 00011/01600 VUs  0m47.9s/1m0s  16000.00 iters/s

running (0m48.9s), 00010/01600 VUs, 782380 complete and 0 interrupted iterations
steady   [  81% ] 00011/01600 VUs  0m48.9s/1m0s  16000.00 iters/s

running (0m49.9s), 00008/01600 VUs, 798383 complete and 0 interrupted iterations
steady   [  83% ] 00008/01600 VUs  0m49.9s/1m0s  16000.00 iters/s

running (0m50.9s), 00032/01600 VUs, 814358 complete and 0 interrupted iterations
steady   [  85% ] 00032/01600 VUs  0m50.9s/1m0s  16000.00 iters/s

running (0m51.9s), 00013/01600 VUs, 830377 complete and 0 interrupted iterations
steady   [  86% ] 00013/01600 VUs  0m51.9s/1m0s  16000.00 iters/s

running (0m52.9s), 00027/01600 VUs, 846363 complete and 0 interrupted iterations
steady   [  88% ] 00027/01600 VUs  0m52.9s/1m0s  16000.00 iters/s

running (0m53.9s), 00040/01600 VUs, 862350 complete and 0 interrupted iterations
steady   [  90% ] 00040/01600 VUs  0m53.9s/1m0s  16000.00 iters/s

running (0m54.9s), 00009/01600 VUs, 878381 complete and 0 interrupted iterations
steady   [  91% ] 00009/01600 VUs  0m54.9s/1m0s  16000.00 iters/s

running (0m55.9s), 00009/01600 VUs, 894381 complete and 0 interrupted iterations
steady   [  93% ] 00009/01600 VUs  0m55.9s/1m0s  16000.00 iters/s

running (0m56.9s), 00007/01600 VUs, 910383 complete and 0 interrupted iterations
steady   [  95% ] 00007/01600 VUs  0m56.9s/1m0s  16000.00 iters/s

running (0m57.9s), 00008/01600 VUs, 926384 complete and 0 interrupted iterations
steady   [  96% ] 00008/01600 VUs  0m57.9s/1m0s  16000.00 iters/s

running (0m58.9s), 00026/01600 VUs, 942364 complete and 0 interrupted iterations
steady   [  98% ] 00026/01600 VUs  0m58.9s/1m0s  16000.00 iters/s

running (0m59.9s), 00008/01600 VUs, 958382 complete and 0 interrupted iterations
steady   [ 100% ] 00008/01600 VUs  0m59.9s/1m0s  16000.00 iters/s

  http_reqs                    960001 (15999.25/s)
  http_req_duration            med=0.51ms p95=2.90ms p99=7.80ms max=73.82ms
  http_req_waiting             p95=2.82ms
  http_req_failed              0.000%
  dropped_iterations           0
  vus_max                      1600
  checks                       0 passed, 0 failed


running (1m00.0s), 00000/01600 VUs, 960001 complete and 0 interrupted iterations
steady ✓ [ 100% ] 00000/01600 VUs  1m0s  16000.00 iters/s
