
         /\      Grafana   /‾‾/  
    /\  /  \     |\  __   /  /   
   /  \/    \    | |/ /  /   ‾‾\ 
  /          \   |   (  |  (‾)  |
 / __________ \  |_|\_\  \_____/ 


     execution: local
        script: /Users/juancavallotti/Documents/development/octo-performance/scenarios/004-queue-roundtrip/k6/steady.js
        output: -

     scenarios: (100.00%) 1 scenario, 16000 max VUs, 1m10s max duration (incl. graceful stop):
              * steady: 10000.00 iterations/s for 1m0s (maxVUs: 1600-16000, gracefulStop: 10s)


running (0m00.9s), 00002/01600 VUs, 8940 complete and 0 interrupted iterations
steady   [   1% ] 00002/01600 VUs  0m00.9s/1m0s  10000.00 iters/s

running (0m01.9s), 00000/01600 VUs, 18941 complete and 0 interrupted iterations
steady   [   3% ] 00000/01600 VUs  0m01.9s/1m0s  10000.00 iters/s

running (0m02.9s), 00001/01600 VUs, 28940 complete and 0 interrupted iterations
steady   [   5% ] 00001/01600 VUs  0m02.9s/1m0s  10000.00 iters/s

running (0m03.9s), 00002/01600 VUs, 38940 complete and 0 interrupted iterations
steady   [   6% ] 00002/01600 VUs  0m03.9s/1m0s  10000.00 iters/s

running (0m04.9s), 00001/01600 VUs, 48940 complete and 0 interrupted iterations
steady   [   8% ] 00001/01600 VUs  0m04.9s/1m0s  10000.00 iters/s

running (0m05.9s), 00012/01600 VUs, 58930 complete and 0 interrupted iterations
steady   [  10% ] 00012/01600 VUs  0m05.9s/1m0s  10000.00 iters/s

running (0m06.9s), 00001/01600 VUs, 68940 complete and 0 interrupted iterations
steady   [  11% ] 00002/01600 VUs  0m06.9s/1m0s  10000.00 iters/s

running (0m07.9s), 00002/01600 VUs, 78940 complete and 0 interrupted iterations
steady   [  13% ] 00002/01600 VUs  0m07.9s/1m0s  10000.00 iters/s

running (0m08.9s), 00242/01600 VUs, 88722 complete and 0 interrupted iterations
steady   [  15% ] 00242/01600 VUs  0m08.9s/1m0s  10000.00 iters/s

running (0m09.9s), 00001/01600 VUs, 98940 complete and 0 interrupted iterations
steady   [  16% ] 00001/01600 VUs  0m09.9s/1m0s  10000.00 iters/s

running (0m10.9s), 00001/01600 VUs, 108941 complete and 0 interrupted iterations
steady   [  18% ] 00001/01600 VUs  0m10.9s/1m0s  10000.00 iters/s

running (0m11.9s), 00001/01600 VUs, 118940 complete and 0 interrupted iterations
steady   [  20% ] 00001/01600 VUs  0m11.9s/1m0s  10000.00 iters/s

running (0m12.9s), 00003/01600 VUs, 128938 complete and 0 interrupted iterations
steady   [  21% ] 00004/01600 VUs  0m12.9s/1m0s  10000.00 iters/s

running (0m13.9s), 00006/01600 VUs, 138934 complete and 0 interrupted iterations
steady   [  23% ] 00006/01600 VUs  0m13.9s/1m0s  10000.00 iters/s

running (0m14.9s), 00027/01600 VUs, 148923 complete and 0 interrupted iterations
steady   [  25% ] 00027/01600 VUs  0m14.9s/1m0s  10000.00 iters/s

running (0m15.9s), 00001/01600 VUs, 158940 complete and 0 interrupted iterations
steady   [  26% ] 00001/01600 VUs  0m15.9s/1m0s  10000.00 iters/s

running (0m16.9s), 00002/01600 VUs, 168940 complete and 0 interrupted iterations
steady   [  28% ] 00002/01600 VUs  0m16.9s/1m0s  10000.00 iters/s

running (0m17.9s), 00004/01600 VUs, 178940 complete and 0 interrupted iterations
steady   [  30% ] 00004/01600 VUs  0m17.9s/1m0s  10000.00 iters/s

running (0m18.9s), 00001/01600 VUs, 188941 complete and 0 interrupted iterations
steady   [  31% ] 00001/01600 VUs  0m18.9s/1m0s  10000.00 iters/s

running (0m19.9s), 00002/01600 VUs, 198939 complete and 0 interrupted iterations
steady   [  33% ] 00001/01600 VUs  0m19.9s/1m0s  10000.00 iters/s

running (0m20.9s), 00002/01600 VUs, 208940 complete and 0 interrupted iterations
steady   [  35% ] 00002/01600 VUs  0m20.9s/1m0s  10000.00 iters/s

running (0m21.9s), 00002/01600 VUs, 218939 complete and 0 interrupted iterations
steady   [  36% ] 00001/01600 VUs  0m21.9s/1m0s  10000.00 iters/s

running (0m22.9s), 00001/01600 VUs, 228940 complete and 0 interrupted iterations
steady   [  38% ] 00001/01600 VUs  0m22.9s/1m0s  10000.00 iters/s

running (0m23.9s), 00001/01600 VUs, 238940 complete and 0 interrupted iterations
steady   [  40% ] 00001/01600 VUs  0m23.9s/1m0s  10000.00 iters/s

running (0m24.9s), 00001/01600 VUs, 248940 complete and 0 interrupted iterations
steady   [  41% ] 00001/01600 VUs  0m24.9s/1m0s  10000.00 iters/s

running (0m25.9s), 00001/01600 VUs, 258940 complete and 0 interrupted iterations
steady   [  43% ] 00001/01600 VUs  0m25.9s/1m0s  10000.00 iters/s

running (0m26.9s), 00005/01600 VUs, 268949 complete and 0 interrupted iterations
steady   [  45% ] 00006/01600 VUs  0m26.9s/1m0s  10000.00 iters/s

running (0m27.9s), 00002/01600 VUs, 278940 complete and 0 interrupted iterations
steady   [  46% ] 00002/01600 VUs  0m27.9s/1m0s  10000.00 iters/s

running (0m28.9s), 00001/01600 VUs, 288940 complete and 0 interrupted iterations
steady   [  48% ] 00001/01600 VUs  0m28.9s/1m0s  10000.00 iters/s

running (0m29.9s), 00002/01600 VUs, 298940 complete and 0 interrupted iterations
steady   [  50% ] 00002/01600 VUs  0m29.9s/1m0s  10000.00 iters/s

running (0m30.9s), 00002/01600 VUs, 308940 complete and 0 interrupted iterations
steady   [  51% ] 00002/01600 VUs  0m30.9s/1m0s  10000.00 iters/s

running (0m31.9s), 00002/01600 VUs, 318940 complete and 0 interrupted iterations
steady   [  53% ] 00002/01600 VUs  0m31.9s/1m0s  10000.00 iters/s

running (0m32.9s), 00001/01600 VUs, 328941 complete and 0 interrupted iterations
steady   [  55% ] 00001/01600 VUs  0m32.9s/1m0s  10000.00 iters/s

running (0m33.9s), 00001/01600 VUs, 338940 complete and 0 interrupted iterations
steady   [  56% ] 00001/01600 VUs  0m33.9s/1m0s  10000.00 iters/s

running (0m34.9s), 00002/01600 VUs, 348939 complete and 0 interrupted iterations
steady   [  58% ] 00001/01600 VUs  0m34.9s/1m0s  10000.00 iters/s

running (0m35.9s), 00004/01600 VUs, 358942 complete and 0 interrupted iterations
steady   [  60% ] 00004/01600 VUs  0m35.9s/1m0s  10000.00 iters/s

running (0m36.9s), 00001/01600 VUs, 368940 complete and 0 interrupted iterations
steady   [  61% ] 00001/01600 VUs  0m36.9s/1m0s  10000.00 iters/s

running (0m37.9s), 00001/01600 VUs, 378940 complete and 0 interrupted iterations
steady   [  63% ] 00001/01600 VUs  0m37.9s/1m0s  10000.00 iters/s

running (0m38.9s), 00001/01600 VUs, 388941 complete and 0 interrupted iterations
steady   [  65% ] 00001/01600 VUs  0m38.9s/1m0s  10000.00 iters/s

running (0m39.9s), 00001/01600 VUs, 398940 complete and 0 interrupted iterations
steady   [  66% ] 00001/01600 VUs  0m39.9s/1m0s  10000.00 iters/s

running (0m40.9s), 00001/01600 VUs, 408941 complete and 0 interrupted iterations
steady   [  68% ] 00001/01600 VUs  0m40.9s/1m0s  10000.00 iters/s

running (0m41.9s), 00002/01600 VUs, 418940 complete and 0 interrupted iterations
steady   [  70% ] 00002/01600 VUs  0m41.9s/1m0s  10000.00 iters/s

running (0m42.9s), 00001/01600 VUs, 428941 complete and 0 interrupted iterations
steady   [  71% ] 00001/01600 VUs  0m42.9s/1m0s  10000.00 iters/s

running (0m43.9s), 00001/01600 VUs, 438940 complete and 0 interrupted iterations
steady   [  73% ] 00001/01600 VUs  0m43.9s/1m0s  10000.00 iters/s

running (0m44.9s), 00001/01600 VUs, 448941 complete and 0 interrupted iterations
steady   [  75% ] 00001/01600 VUs  0m44.9s/1m0s  10000.00 iters/s

running (0m45.9s), 00002/01600 VUs, 458939 complete and 0 interrupted iterations
steady   [  76% ] 00002/01600 VUs  0m45.9s/1m0s  10000.00 iters/s

running (0m46.9s), 00001/01600 VUs, 468940 complete and 0 interrupted iterations
steady   [  78% ] 00001/01600 VUs  0m46.9s/1m0s  10000.00 iters/s

running (0m47.9s), 00001/01600 VUs, 478940 complete and 0 interrupted iterations
steady   [  80% ] 00001/01600 VUs  0m47.9s/1m0s  10000.00 iters/s

running (0m48.9s), 00000/01600 VUs, 488941 complete and 0 interrupted iterations
steady   [  81% ] 00000/01600 VUs  0m48.9s/1m0s  10000.00 iters/s

running (0m49.9s), 00001/01600 VUs, 498940 complete and 0 interrupted iterations
steady   [  83% ] 00001/01600 VUs  0m49.9s/1m0s  10000.00 iters/s

running (0m50.9s), 00001/01600 VUs, 508940 complete and 0 interrupted iterations
steady   [  85% ] 00001/01600 VUs  0m50.9s/1m0s  10000.00 iters/s

running (0m51.9s), 00001/01600 VUs, 518940 complete and 0 interrupted iterations
steady   [  86% ] 00001/01600 VUs  0m51.9s/1m0s  10000.00 iters/s

running (0m52.9s), 00001/01600 VUs, 528940 complete and 0 interrupted iterations
steady   [  88% ] 00001/01600 VUs  0m52.9s/1m0s  10000.00 iters/s

running (0m53.9s), 00001/01600 VUs, 538940 complete and 0 interrupted iterations
steady   [  90% ] 00001/01600 VUs  0m53.9s/1m0s  10000.00 iters/s

running (0m54.9s), 00002/01600 VUs, 548940 complete and 0 interrupted iterations
steady   [  91% ] 00001/01600 VUs  0m54.9s/1m0s  10000.00 iters/s

running (0m55.9s), 00002/01600 VUs, 558940 complete and 0 interrupted iterations
steady   [  93% ] 00002/01600 VUs  0m55.9s/1m0s  10000.00 iters/s

running (0m56.9s), 00001/01600 VUs, 568940 complete and 0 interrupted iterations
steady   [  95% ] 00001/01600 VUs  0m56.9s/1m0s  10000.00 iters/s

running (0m57.9s), 00001/01600 VUs, 578940 complete and 0 interrupted iterations
steady   [  96% ] 00001/01600 VUs  0m57.9s/1m0s  10000.00 iters/s

running (0m58.9s), 00001/01600 VUs, 588940 complete and 0 interrupted iterations
steady   [  98% ] 00001/01600 VUs  0m58.9s/1m0s  10000.00 iters/s

running (0m59.9s), 00002/01600 VUs, 598939 complete and 0 interrupted iterations
steady   [ 100% ] 00002/01600 VUs  0m59.9s/1m0s  10000.00 iters/s

  http_reqs                    600001 (9999.53/s)
  http_req_duration            med=0.10ms p95=0.29ms p99=5.24ms max=86.03ms
  http_req_waiting             p95=0.25ms
  http_req_failed              0.000%
  dropped_iterations           0
  vus_max                      1600
  checks                       0 passed, 0 failed


running (1m00.0s), 00000/01600 VUs, 600001 complete and 0 interrupted iterations
steady ✓ [ 100% ] 00000/01600 VUs  1m0s  10000.00 iters/s
