
         /\      Grafana   /‾‾/  
    /\  /  \     |\  __   /  /   
   /  \/    \    | |/ /  /   ‾‾\ 
  /          \   |   (  |  (‾)  |
 / __________ \  |_|\_\  \_____/ 


     execution: local
        script: /Users/juancavallotti/Documents/development/octo-performance/scenarios/001-template-page/k6/steady.js
        output: -

     scenarios: (100.00%) 1 scenario, 16000 max VUs, 1m10s max duration (incl. graceful stop):
              * steady: 16000.00 iterations/s for 1m0s (maxVUs: 1600-16000, gracefulStop: 10s)


running (0m00.2s), 01218/01604 VUs, 0 complete and 0 interrupted iterations
steady   [   0% ] 01218/01604 VUs  0m00.2s/1m0s  16000.00 iters/s

running (0m01.2s), 01694/01694 VUs, 9126 complete and 0 interrupted iterations
steady   [   2% ] 01694/01694 VUs  0m01.2s/1m0s  16000.00 iters/s

running (0m02.2s), 01771/01783 VUs, 15551 complete and 0 interrupted iterations
steady   [   4% ] 01771/01783 VUs  0m02.2s/1m0s  16000.00 iters/s

running (0m03.2s), 01852/01944 VUs, 19191 complete and 0 interrupted iterations
steady   [   5% ] 01852/01944 VUs  0m03.2s/1m0s  16000.00 iters/s

running (0m04.2s), 01111/02007 VUs, 28875 complete and 0 interrupted iterations
steady   [   7% ] 01111/02007 VUs  0m04.2s/1m0s  16000.00 iters/s

running (0m05.2s), 02249/02249 VUs, 37069 complete and 0 interrupted iterations
steady   [   9% ] 02249/02249 VUs  0m05.2s/1m0s  16000.00 iters/s

running (0m06.3s), 00181/02324 VUs, 44963 complete and 0 interrupted iterations
steady   [  10% ] 00181/02324 VUs  0m06.3s/1m0s  16000.00 iters/s

running (0m07.2s), 02472/02632 VUs, 50800 complete and 0 interrupted iterations
steady   [  12% ] 02472/02632 VUs  0m07.2s/1m0s  16000.00 iters/s

running (0m08.2s), 02753/02815 VUs, 57741 complete and 0 interrupted iterations
steady   [  14% ] 02753/02815 VUs  0m08.2s/1m0s  16000.00 iters/s

running (0m09.2s), 00003/02820 VUs, 75263 complete and 0 interrupted iterations
steady   [  15% ] 00003/02820 VUs  0m09.2s/1m0s  16000.00 iters/s

running (0m10.2s), 02968/03009 VUs, 83658 complete and 0 interrupted iterations
steady   [  17% ] 02968/03009 VUs  0m10.2s/1m0s  16000.00 iters/s

running (0m11.2s), 02603/03064 VUs, 90906 complete and 0 interrupted iterations
steady   [  19% ] 02603/03064 VUs  0m11.2s/1m0s  16000.00 iters/s

running (0m12.2s), 02910/03258 VUs, 101123 complete and 0 interrupted iterations
steady   [  20% ] 02910/03258 VUs  0m12.2s/1m0s  16000.00 iters/s

running (0m13.2s), 03444/03470 VUs, 108079 complete and 0 interrupted iterations
steady   [  22% ] 03444/03470 VUs  0m13.2s/1m0s  16000.00 iters/s

running (0m14.3s), 02758/03541 VUs, 118671 complete and 0 interrupted iterations
steady   [  24% ] 02758/03541 VUs  0m14.3s/1m0s  16000.00 iters/s

running (0m15.2s), 03735/03736 VUs, 128081 complete and 0 interrupted iterations
steady   [  25% ] 03735/03736 VUs  0m15.2s/1m0s  16000.00 iters/s

running (0m16.2s), 03603/03953 VUs, 134925 complete and 0 interrupted iterations
steady   [  27% ] 03604/03953 VUs  0m16.2s/1m0s  16000.00 iters/s

running (0m17.2s), 02744/04087 VUs, 147550 complete and 0 interrupted iterations
steady   [  29% ] 02744/04087 VUs  0m17.2s/1m0s  16000.00 iters/s

running (0m18.2s), 04073/04122 VUs, 152272 complete and 0 interrupted iterations
steady   [  30% ] 04073/04122 VUs  0m18.2s/1m0s  16000.00 iters/s

running (0m19.2s), 03818/04186 VUs, 162908 complete and 0 interrupted iterations
steady   [  32% ] 03818/04186 VUs  0m19.2s/1m0s  16000.00 iters/s

running (0m20.2s), 03699/04278 VUs, 172885 complete and 0 interrupted iterations
steady   [  34% ] 03699/04278 VUs  0m20.2s/1m0s  16000.00 iters/s

running (0m21.2s), 02755/04438 VUs, 184423 complete and 0 interrupted iterations
steady   [  35% ] 02755/04438 VUs  0m21.2s/1m0s  16000.00 iters/s

running (0m22.2s), 04431/04509 VUs, 193988 complete and 0 interrupted iterations
steady   [  37% ] 04431/04509 VUs  0m22.2s/1m0s  16000.00 iters/s

running (0m23.2s), 04376/04525 VUs, 204524 complete and 0 interrupted iterations
steady   [  39% ] 04376/04525 VUs  0m23.2s/1m0s  16000.00 iters/s

running (0m24.2s), 03060/04734 VUs, 214466 complete and 0 interrupted iterations
steady   [  40% ] 03058/04734 VUs  0m24.2s/1m0s  16000.00 iters/s

running (0m25.2s), 01586/04823 VUs, 229923 complete and 0 interrupted iterations
steady   [  42% ] 01586/04823 VUs  0m25.2s/1m0s  16000.00 iters/s

running (0m26.2s), 04942/04943 VUs, 239853 complete and 0 interrupted iterations
steady   [  44% ] 04942/04943 VUs  0m26.2s/1m0s  16000.00 iters/s

running (0m27.2s), 04800/04991 VUs, 246932 complete and 0 interrupted iterations
steady   [  45% ] 04800/04991 VUs  0m27.2s/1m0s  16000.00 iters/s

running (0m28.2s), 03483/04996 VUs, 255323 complete and 0 interrupted iterations
steady   [  47% ] 03485/04996 VUs  0m28.2s/1m0s  16000.00 iters/s

running (0m29.2s), 04108/05072 VUs, 264348 complete and 0 interrupted iterations
steady   [  49% ] 04108/05072 VUs  0m29.2s/1m0s  16000.00 iters/s

running (0m30.2s), 05157/05197 VUs, 272789 complete and 0 interrupted iterations
steady   [  50% ] 05156/05197 VUs  0m30.2s/1m0s  16000.00 iters/s

running (0m31.2s), 05019/05356 VUs, 283895 complete and 0 interrupted iterations
steady   [  52% ] 05030/05356 VUs  0m31.2s/1m0s  16000.00 iters/s

running (0m32.2s), 00765/05513 VUs, 299870 complete and 0 interrupted iterations
steady   [  54% ] 00765/05513 VUs  0m32.2s/1m0s  16000.00 iters/s

running (0m33.2s), 00009/05515 VUs, 311338 complete and 0 interrupted iterations
steady   [  55% ] 00010/05515 VUs  0m33.2s/1m0s  16000.00 iters/s

running (0m34.2s), 05252/05577 VUs, 316221 complete and 0 interrupted iterations
steady   [  57% ] 05251/05577 VUs  0m34.2s/1m0s  16000.00 iters/s

running (0m35.2s), 05368/05658 VUs, 327645 complete and 0 interrupted iterations
steady   [  59% ] 05368/05658 VUs  0m35.2s/1m0s  16000.00 iters/s

running (0m36.2s), 05633/05693 VUs, 338916 complete and 0 interrupted iterations
steady   [  60% ] 05633/05693 VUs  0m36.2s/1m0s  16000.00 iters/s

running (0m37.2s), 04719/05763 VUs, 346753 complete and 0 interrupted iterations
steady   [  62% ] 04719/05763 VUs  0m37.2s/1m0s  16000.00 iters/s

running (0m38.2s), 05901/05903 VUs, 357629 complete and 0 interrupted iterations
steady   [  64% ] 05901/05903 VUs  0m38.2s/1m0s  16000.00 iters/s

running (0m39.3s), 05927/05927 VUs, 362511 complete and 0 interrupted iterations
steady   [  65% ] 05927/05927 VUs  0m39.3s/1m0s  16000.00 iters/s

running (0m40.2s), 04015/05946 VUs, 378342 complete and 0 interrupted iterations
steady   [  67% ] 04015/05946 VUs  0m40.2s/1m0s  16000.00 iters/s

running (0m41.2s), 06036/06036 VUs, 385220 complete and 0 interrupted iterations
steady   [  69% ] 06036/06036 VUs  0m41.2s/1m0s  16000.00 iters/s

running (0m42.2s), 06160/06161 VUs, 394067 complete and 0 interrupted iterations
steady   [  70% ] 06160/06161 VUs  0m42.2s/1m0s  16000.00 iters/s

running (0m43.3s), 06133/06281 VUs, 401917 complete and 0 interrupted iterations
steady   [  72% ] 06133/06281 VUs  0m43.3s/1m0s  16000.00 iters/s

running (0m44.2s), 05484/06289 VUs, 410195 complete and 0 interrupted iterations
steady   [  74% ] 05484/06289 VUs  0m44.2s/1m0s  16000.00 iters/s

running (0m45.2s), 06558/06559 VUs, 418658 complete and 0 interrupted iterations
steady   [  75% ] 06558/06559 VUs  0m45.2s/1m0s  16000.00 iters/s

running (0m46.2s), 06525/06655 VUs, 422402 complete and 0 interrupted iterations
steady   [  77% ] 06525/06655 VUs  0m46.2s/1m0s  16000.00 iters/s

running (0m47.2s), 04845/06662 VUs, 427492 complete and 0 interrupted iterations
steady   [  79% ] 04845/06662 VUs  0m47.2s/1m0s  16000.00 iters/s

running (0m48.2s), 06007/06674 VUs, 435590 complete and 0 interrupted iterations
steady   [  80% ] 06007/06674 VUs  0m48.2s/1m0s  16000.00 iters/s

running (0m49.2s), 03847/06692 VUs, 443999 complete and 0 interrupted iterations
steady   [  82% ] 03847/06692 VUs  0m49.2s/1m0s  16000.00 iters/s

running (0m50.2s), 06542/06754 VUs, 446692 complete and 0 interrupted iterations
steady   [  84% ] 06542/06754 VUs  0m50.2s/1m0s  16000.00 iters/s

running (0m51.2s), 06571/06783 VUs, 456926 complete and 0 interrupted iterations
steady   [  85% ] 06571/06783 VUs  0m51.2s/1m0s  16000.00 iters/s

running (0m52.2s), 06755/06838 VUs, 463596 complete and 0 interrupted iterations
steady   [  87% ] 06751/06838 VUs  0m52.2s/1m0s  16000.00 iters/s

running (0m53.2s), 06852/06961 VUs, 473651 complete and 0 interrupted iterations
steady   [  89% ] 06852/06961 VUs  0m53.2s/1m0s  16000.00 iters/s

running (0m54.2s), 07098/07099 VUs, 480596 complete and 0 interrupted iterations
steady   [  90% ] 07098/07099 VUs  0m54.2s/1m0s  16000.00 iters/s

running (0m55.2s), 06985/07127 VUs, 485464 complete and 0 interrupted iterations
steady   [  92% ] 06984/07127 VUs  0m55.2s/1m0s  16000.00 iters/s

running (0m56.2s), 05522/07129 VUs, 491770 complete and 0 interrupted iterations
steady   [  94% ] 05522/07129 VUs  0m56.2s/1m0s  16000.00 iters/s

running (0m57.2s), 07009/07132 VUs, 494790 complete and 0 interrupted iterations
steady   [  95% ] 07009/07132 VUs  0m57.2s/1m0s  16000.00 iters/s

running (0m58.2s), 05042/07137 VUs, 499657 complete and 0 interrupted iterations
steady   [  97% ] 05042/07137 VUs  0m58.2s/1m0s  16000.00 iters/s

running (0m59.2s), 04992/07148 VUs, 508010 complete and 0 interrupted iterations
steady   [  99% ] 04992/07148 VUs  0m59.2s/1m0s  16000.00 iters/s

running (1m00.2s), 03947/07159 VUs, 516566 complete and 0 interrupted iterations
steady ↓ [ 100% ] 07158/07158 VUs  1m0s  16000.00 iters/s

running (1m00.5s), 00000/07159 VUs, 520513 complete and 0 interrupted iterations
steady ✓ [ 100% ] 00000/07159 VUs  1m0s  16000.00 iters/s

  http_reqs                    520513 (8598.16/s)
  http_req_duration            med=352.96ms p95=1142.16ms p99=1662.93ms max=3117.14ms
  http_req_waiting             p95=1111.77ms
  http_req_failed              0.000%
  dropped_iterations           439846
  vus_max                      7159
  checks                       0 passed, 0 failed


running (1m00.5s), 00000/07159 VUs, 520513 complete and 0 interrupted iterations
steady ✓ [ 100% ] 00000/07159 VUs  1m0s  16000.00 iters/s
time="2026-07-26T10:31:05-07:00" level=error msg="thresholds on metrics 'dropped_iterations, http_req_duration' have been crossed"
