
         /\      Grafana   /‾‾/  
    /\  /  \     |\  __   /  /   
   /  \/    \    | |/ /  /   ‾‾\ 
  /          \   |   (  |  (‾)  |
 / __________ \  |_|\_\  \_____/ 


     execution: local
        script: /Users/juancavallotti/Documents/development/octo-performance/scenarios/003-postgres-crud/k6/steady.js
        output: -

     scenarios: (100.00%) 1 scenario, 3600 max VUs, 1m10s max duration (incl. graceful stop):
              * steady: 1500.00 iterations/s for 1m0s (maxVUs: 360-3600, gracefulStop: 10s)


running (0m01.0s), 0006/0360 VUs, 1402 complete and 0 interrupted iterations
steady   [   2% ] 0006/0360 VUs  0m01.0s/1m0s  1500.00 iters/s

running (0m02.0s), 0009/0360 VUs, 2951 complete and 0 interrupted iterations
steady   [   3% ] 0009/0360 VUs  0m02.0s/1m0s  1500.00 iters/s

running (0m03.1s), 0011/0360 VUs, 4251 complete and 0 interrupted iterations
steady   [   5% ] 0011/0360 VUs  0m03.1s/1m0s  1500.00 iters/s

running (0m04.0s), 0260/0374 VUs, 5732 complete and 0 interrupted iterations
steady   [   7% ] 0260/0374 VUs  0m04.0s/1m0s  1500.00 iters/s

running (0m05.0s), 0008/0374 VUs, 7417 complete and 0 interrupted iterations
steady   [   8% ] 0008/0374 VUs  0m05.0s/1m0s  1500.00 iters/s

running (0m06.0s), 0006/0374 VUs, 8919 complete and 0 interrupted iterations
steady   [  10% ] 0006/0374 VUs  0m06.0s/1m0s  1500.00 iters/s

running (0m07.0s), 0005/0374 VUs, 10420 complete and 0 interrupted iterations
steady   [  12% ] 0005/0374 VUs  0m07.0s/1m0s  1500.00 iters/s

running (0m08.0s), 0005/0374 VUs, 11920 complete and 0 interrupted iterations
steady   [  13% ] 0005/0374 VUs  0m08.0s/1m0s  1500.00 iters/s

running (0m09.0s), 0003/0374 VUs, 13422 complete and 0 interrupted iterations
steady   [  15% ] 0003/0374 VUs  0m09.0s/1m0s  1500.00 iters/s

running (0m10.0s), 0010/0374 VUs, 14915 complete and 0 interrupted iterations
steady   [  17% ] 0010/0374 VUs  0m10.0s/1m0s  1500.00 iters/s

running (0m11.0s), 0010/0374 VUs, 16415 complete and 0 interrupted iterations
steady   [  18% ] 0010/0374 VUs  0m11.0s/1m0s  1500.00 iters/s

running (0m12.0s), 0012/0374 VUs, 17913 complete and 0 interrupted iterations
steady   [  20% ] 0012/0374 VUs  0m12.0s/1m0s  1500.00 iters/s

running (0m13.0s), 0008/0374 VUs, 19417 complete and 0 interrupted iterations
steady   [  22% ] 0008/0374 VUs  0m13.0s/1m0s  1500.00 iters/s

running (0m14.0s), 0006/0374 VUs, 20919 complete and 0 interrupted iterations
steady   [  23% ] 0006/0374 VUs  0m14.0s/1m0s  1500.00 iters/s

running (0m15.0s), 0009/0374 VUs, 22416 complete and 0 interrupted iterations
steady   [  25% ] 0009/0374 VUs  0m15.0s/1m0s  1500.00 iters/s

running (0m16.0s), 0007/0374 VUs, 23918 complete and 0 interrupted iterations
steady   [  27% ] 0007/0374 VUs  0m16.0s/1m0s  1500.00 iters/s

running (0m17.0s), 0010/0374 VUs, 25415 complete and 0 interrupted iterations
steady   [  28% ] 0010/0374 VUs  0m17.0s/1m0s  1500.00 iters/s

running (0m18.0s), 0006/0374 VUs, 26919 complete and 0 interrupted iterations
steady   [  30% ] 0006/0374 VUs  0m18.0s/1m0s  1500.00 iters/s

running (0m19.0s), 0011/0374 VUs, 28414 complete and 0 interrupted iterations
steady   [  32% ] 0011/0374 VUs  0m19.0s/1m0s  1500.00 iters/s

running (0m20.0s), 0008/0374 VUs, 29920 complete and 0 interrupted iterations
steady   [  33% ] 0008/0374 VUs  0m20.0s/1m0s  1500.00 iters/s

running (0m21.0s), 0006/0374 VUs, 31419 complete and 0 interrupted iterations
steady   [  35% ] 0006/0374 VUs  0m21.0s/1m0s  1500.00 iters/s

running (0m22.0s), 0010/0374 VUs, 32915 complete and 0 interrupted iterations
steady   [  37% ] 0010/0374 VUs  0m22.0s/1m0s  1500.00 iters/s

running (0m23.0s), 0004/0374 VUs, 34421 complete and 0 interrupted iterations
steady   [  38% ] 0004/0374 VUs  0m23.0s/1m0s  1500.00 iters/s

running (0m24.0s), 0010/0374 VUs, 35915 complete and 0 interrupted iterations
steady   [  40% ] 0010/0374 VUs  0m24.0s/1m0s  1500.00 iters/s

running (0m25.0s), 0011/0374 VUs, 37414 complete and 0 interrupted iterations
steady   [  42% ] 0011/0374 VUs  0m25.0s/1m0s  1500.00 iters/s

running (0m26.0s), 0013/0374 VUs, 38912 complete and 0 interrupted iterations
steady   [  43% ] 0013/0374 VUs  0m26.0s/1m0s  1500.00 iters/s

running (0m27.0s), 0008/0374 VUs, 40417 complete and 0 interrupted iterations
steady   [  45% ] 0008/0374 VUs  0m27.0s/1m0s  1500.00 iters/s

running (0m28.0s), 0007/0374 VUs, 41918 complete and 0 interrupted iterations
steady   [  47% ] 0007/0374 VUs  0m28.0s/1m0s  1500.00 iters/s

running (0m29.0s), 0007/0374 VUs, 43418 complete and 0 interrupted iterations
steady   [  48% ] 0007/0374 VUs  0m29.0s/1m0s  1500.00 iters/s

running (0m30.0s), 0014/0374 VUs, 44911 complete and 0 interrupted iterations
steady   [  50% ] 0014/0374 VUs  0m30.0s/1m0s  1500.00 iters/s

running (0m31.0s), 0011/0374 VUs, 46414 complete and 0 interrupted iterations
steady   [  52% ] 0011/0374 VUs  0m31.0s/1m0s  1500.00 iters/s

running (0m32.0s), 0012/0374 VUs, 47913 complete and 0 interrupted iterations
steady   [  53% ] 0012/0374 VUs  0m32.0s/1m0s  1500.00 iters/s

running (0m33.0s), 0014/0374 VUs, 49411 complete and 0 interrupted iterations
steady   [  55% ] 0014/0374 VUs  0m33.0s/1m0s  1500.00 iters/s

running (0m34.0s), 0006/0374 VUs, 50920 complete and 0 interrupted iterations
steady   [  57% ] 0006/0374 VUs  0m34.0s/1m0s  1500.00 iters/s

running (0m35.0s), 0010/0374 VUs, 52415 complete and 0 interrupted iterations
steady   [  58% ] 0010/0374 VUs  0m35.0s/1m0s  1500.00 iters/s

running (0m36.0s), 0004/0374 VUs, 53921 complete and 0 interrupted iterations
steady   [  60% ] 0004/0374 VUs  0m36.0s/1m0s  1500.00 iters/s

running (0m37.0s), 0006/0374 VUs, 55419 complete and 0 interrupted iterations
steady   [  62% ] 0006/0374 VUs  0m37.0s/1m0s  1500.00 iters/s

running (0m38.0s), 0027/0374 VUs, 56898 complete and 0 interrupted iterations
steady   [  63% ] 0027/0374 VUs  0m38.0s/1m0s  1500.00 iters/s

running (0m39.0s), 0003/0374 VUs, 58422 complete and 0 interrupted iterations
steady   [  65% ] 0003/0374 VUs  0m39.0s/1m0s  1500.00 iters/s

running (0m40.0s), 0011/0374 VUs, 59914 complete and 0 interrupted iterations
steady   [  67% ] 0011/0374 VUs  0m40.0s/1m0s  1500.00 iters/s

running (0m41.0s), 0012/0374 VUs, 61413 complete and 0 interrupted iterations
steady   [  68% ] 0012/0374 VUs  0m41.0s/1m0s  1500.00 iters/s

running (0m42.0s), 0005/0374 VUs, 62920 complete and 0 interrupted iterations
steady   [  70% ] 0005/0374 VUs  0m42.0s/1m0s  1500.00 iters/s

running (0m43.0s), 0005/0374 VUs, 64420 complete and 0 interrupted iterations
steady   [  72% ] 0005/0374 VUs  0m43.0s/1m0s  1500.00 iters/s

running (0m44.0s), 0007/0374 VUs, 65918 complete and 0 interrupted iterations
steady   [  73% ] 0007/0374 VUs  0m44.0s/1m0s  1500.00 iters/s

running (0m45.0s), 0005/0374 VUs, 67420 complete and 0 interrupted iterations
steady   [  75% ] 0005/0374 VUs  0m45.0s/1m0s  1500.00 iters/s

running (0m46.0s), 0014/0374 VUs, 68912 complete and 0 interrupted iterations
steady   [  77% ] 0014/0374 VUs  0m46.0s/1m0s  1500.00 iters/s

running (0m47.0s), 0006/0374 VUs, 70419 complete and 0 interrupted iterations
steady   [  78% ] 0006/0374 VUs  0m47.0s/1m0s  1500.00 iters/s

running (0m48.0s), 0007/0374 VUs, 71918 complete and 0 interrupted iterations
steady   [  80% ] 0007/0374 VUs  0m48.0s/1m0s  1500.00 iters/s

running (0m49.0s), 0007/0374 VUs, 73418 complete and 0 interrupted iterations
steady   [  82% ] 0007/0374 VUs  0m49.0s/1m0s  1500.00 iters/s

running (0m50.0s), 0008/0374 VUs, 74917 complete and 0 interrupted iterations
steady   [  83% ] 0008/0374 VUs  0m50.0s/1m0s  1500.00 iters/s

running (0m51.0s), 0007/0374 VUs, 76418 complete and 0 interrupted iterations
steady   [  85% ] 0007/0374 VUs  0m51.0s/1m0s  1500.00 iters/s

running (0m52.0s), 0006/0374 VUs, 77918 complete and 0 interrupted iterations
steady   [  87% ] 0006/0374 VUs  0m52.0s/1m0s  1500.00 iters/s

running (0m53.0s), 0008/0374 VUs, 79417 complete and 0 interrupted iterations
steady   [  88% ] 0008/0374 VUs  0m53.0s/1m0s  1500.00 iters/s

running (0m54.0s), 0008/0374 VUs, 80917 complete and 0 interrupted iterations
steady   [  90% ] 0008/0374 VUs  0m54.0s/1m0s  1500.00 iters/s

running (0m55.0s), 0028/0374 VUs, 82397 complete and 0 interrupted iterations
steady   [  92% ] 0028/0374 VUs  0m55.0s/1m0s  1500.00 iters/s

running (0m56.0s), 0012/0374 VUs, 83913 complete and 0 interrupted iterations
steady   [  93% ] 0012/0374 VUs  0m56.0s/1m0s  1500.00 iters/s

running (0m57.0s), 0013/0374 VUs, 85412 complete and 0 interrupted iterations
steady   [  95% ] 0013/0374 VUs  0m57.0s/1m0s  1500.00 iters/s

running (0m58.0s), 0006/0374 VUs, 86920 complete and 0 interrupted iterations
steady   [  97% ] 0006/0374 VUs  0m58.0s/1m0s  1500.00 iters/s

running (0m59.0s), 0009/0374 VUs, 88416 complete and 0 interrupted iterations
steady   [  98% ] 0009/0374 VUs  0m59.0s/1m0s  1500.00 iters/s

running (1m00.0s), 0027/0374 VUs, 89898 complete and 0 interrupted iterations
steady   [ 100% ] 0027/0374 VUs  1m00.0s/1m0s  1500.00 iters/s

  http_reqs                    89966 (1499.27/s)
  http_req_duration            med=4.33ms p95=23.03ms p99=89.31ms max=5175.43ms
  http_req_waiting             p95=22.99ms
  http_req_failed              0.000%
  dropped_iterations           35
  vus_max                      374
  checks                       0 passed, 0 failed


running (1m00.0s), 0000/0374 VUs, 89966 complete and 0 interrupted iterations
steady ✓ [ 100% ] 0000/0374 VUs  1m0s  1500.00 iters/s
time="2026-07-26T05:46:29-07:00" level=error msg="thresholds on metrics 'dropped_iterations' have been crossed"
