
         /\      Grafana   /‾‾/  
    /\  /  \     |\  __   /  /   
   /  \/    \    | |/ /  /   ‾‾\ 
  /          \   |   (  |  (‾)  |
 / __________ \  |_|\_\  \_____/ 


     execution: local
        script: /Users/juancavallotti/Documents/development/octo-performance/scenarios/001-template-page/k6/steady.js
        output: -

     scenarios: (100.00%) 1 scenario, 16000 max VUs, 1m10s max duration (incl. graceful stop):
              * steady: 16000.00 iterations/s for 1m0s (maxVUs: 1600-16000, gracefulStop: 10s)


running (0m00.9s), 00057/01611 VUs, 13960 complete and 0 interrupted iterations
steady   [   1% ] 00057/01611 VUs  0m00.9s/1m0s  16000.00 iters/s

running (0m01.9s), 00010/01611 VUs, 30005 complete and 0 interrupted iterations
steady   [   3% ] 00009/01611 VUs  0m01.9s/1m0s  16000.00 iters/s

running (0m02.9s), 00008/01611 VUs, 46007 complete and 0 interrupted iterations
steady   [   5% ] 00008/01611 VUs  0m02.9s/1m0s  16000.00 iters/s

running (0m03.9s), 00011/01611 VUs, 62005 complete and 0 interrupted iterations
steady   [   6% ] 00011/01611 VUs  0m03.9s/1m0s  16000.00 iters/s

running (0m04.9s), 00010/01611 VUs, 78005 complete and 0 interrupted iterations
steady   [   8% ] 00010/01611 VUs  0m04.9s/1m0s  16000.00 iters/s

running (0m05.9s), 00008/01611 VUs, 94007 complete and 0 interrupted iterations
steady   [  10% ] 00008/01611 VUs  0m05.9s/1m0s  16000.00 iters/s

running (0m06.9s), 00007/01611 VUs, 110008 complete and 0 interrupted iterations
steady   [  11% ] 00008/01611 VUs  0m06.9s/1m0s  16000.00 iters/s

running (0m07.9s), 00013/01611 VUs, 126003 complete and 0 interrupted iterations
steady   [  13% ] 00013/01611 VUs  0m07.9s/1m0s  16000.00 iters/s

running (0m08.9s), 00007/01611 VUs, 142007 complete and 0 interrupted iterations
steady   [  15% ] 00009/01611 VUs  0m08.9s/1m0s  16000.00 iters/s

running (0m09.9s), 00010/01611 VUs, 158005 complete and 0 interrupted iterations
steady   [  16% ] 00010/01611 VUs  0m09.9s/1m0s  16000.00 iters/s

running (0m10.9s), 00017/01611 VUs, 173999 complete and 0 interrupted iterations
steady   [  18% ] 00017/01611 VUs  0m10.9s/1m0s  16000.00 iters/s

running (0m11.9s), 00190/01611 VUs, 189828 complete and 0 interrupted iterations
steady   [  20% ] 00191/01611 VUs  0m11.9s/1m0s  16000.00 iters/s

running (0m12.9s), 00014/01611 VUs, 206001 complete and 0 interrupted iterations
steady   [  21% ] 00014/01611 VUs  0m12.9s/1m0s  16000.00 iters/s

running (0m13.9s), 00012/01611 VUs, 222004 complete and 0 interrupted iterations
steady   [  23% ] 00012/01611 VUs  0m13.9s/1m0s  16000.00 iters/s

running (0m14.9s), 00011/01611 VUs, 238006 complete and 0 interrupted iterations
steady   [  25% ] 00011/01611 VUs  0m14.9s/1m0s  16000.00 iters/s

running (0m15.9s), 00008/01611 VUs, 254007 complete and 0 interrupted iterations
steady   [  26% ] 00008/01611 VUs  0m15.9s/1m0s  16000.00 iters/s

running (0m16.9s), 00032/01611 VUs, 269983 complete and 0 interrupted iterations
steady   [  28% ] 00032/01611 VUs  0m16.9s/1m0s  16000.00 iters/s

running (0m17.9s), 00011/01611 VUs, 286004 complete and 0 interrupted iterations
steady   [  30% ] 00011/01611 VUs  0m17.9s/1m0s  16000.00 iters/s

running (0m18.9s), 00008/01611 VUs, 302007 complete and 0 interrupted iterations
steady   [  31% ] 00008/01611 VUs  0m18.9s/1m0s  16000.00 iters/s

running (0m19.9s), 00013/01611 VUs, 318004 complete and 0 interrupted iterations
steady   [  33% ] 00013/01611 VUs  0m19.9s/1m0s  16000.00 iters/s

running (0m20.9s), 00009/01611 VUs, 334006 complete and 0 interrupted iterations
steady   [  35% ] 00009/01611 VUs  0m20.9s/1m0s  16000.00 iters/s

running (0m21.9s), 00023/01611 VUs, 349992 complete and 0 interrupted iterations
steady   [  36% ] 00023/01611 VUs  0m21.9s/1m0s  16000.00 iters/s

running (0m22.9s), 00017/01611 VUs, 366000 complete and 0 interrupted iterations
steady   [  38% ] 00016/01611 VUs  0m22.9s/1m0s  16000.00 iters/s

running (0m23.9s), 00008/01611 VUs, 382007 complete and 0 interrupted iterations
steady   [  40% ] 00008/01611 VUs  0m23.9s/1m0s  16000.00 iters/s

running (0m24.9s), 00015/01611 VUs, 398006 complete and 0 interrupted iterations
steady   [  41% ] 00015/01611 VUs  0m24.9s/1m0s  16000.00 iters/s

running (0m25.9s), 00022/01611 VUs, 413994 complete and 0 interrupted iterations
steady   [  43% ] 00022/01611 VUs  0m25.9s/1m0s  16000.00 iters/s

running (0m26.9s), 00016/01611 VUs, 429999 complete and 0 interrupted iterations
steady   [  45% ] 00015/01611 VUs  0m26.9s/1m0s  16000.00 iters/s

running (0m27.9s), 00038/01611 VUs, 445978 complete and 0 interrupted iterations
steady   [  46% ] 00038/01611 VUs  0m27.9s/1m0s  16000.00 iters/s

running (0m28.9s), 00009/01611 VUs, 462005 complete and 0 interrupted iterations
steady   [  48% ] 00009/01611 VUs  0m28.9s/1m0s  16000.00 iters/s

running (0m29.9s), 00012/01611 VUs, 478003 complete and 0 interrupted iterations
steady   [  50% ] 00012/01611 VUs  0m29.9s/1m0s  16000.00 iters/s

running (0m30.9s), 00034/01611 VUs, 493981 complete and 0 interrupted iterations
steady   [  51% ] 00034/01611 VUs  0m30.9s/1m0s  16000.00 iters/s

running (0m31.9s), 00013/01611 VUs, 510005 complete and 0 interrupted iterations
steady   [  53% ] 00013/01611 VUs  0m31.9s/1m0s  16000.00 iters/s

running (0m32.9s), 00016/01611 VUs, 526000 complete and 0 interrupted iterations
steady   [  55% ] 00016/01611 VUs  0m32.9s/1m0s  16000.00 iters/s

running (0m33.9s), 00012/01611 VUs, 542004 complete and 0 interrupted iterations
steady   [  56% ] 00012/01611 VUs  0m33.9s/1m0s  16000.00 iters/s

running (0m34.9s), 00013/01611 VUs, 558002 complete and 0 interrupted iterations
steady   [  58% ] 00013/01611 VUs  0m34.9s/1m0s  16000.00 iters/s

running (0m35.9s), 00855/01611 VUs, 573160 complete and 0 interrupted iterations
steady   [  60% ] 00855/01611 VUs  0m35.9s/1m0s  16000.00 iters/s

running (0m36.9s), 00019/01611 VUs, 589999 complete and 0 interrupted iterations
steady   [  61% ] 00019/01611 VUs  0m36.9s/1m0s  16000.00 iters/s

running (0m37.9s), 00194/01611 VUs, 605820 complete and 0 interrupted iterations
steady   [  63% ] 00194/01611 VUs  0m37.9s/1m0s  16000.00 iters/s

running (0m38.9s), 00012/01611 VUs, 622004 complete and 0 interrupted iterations
steady   [  65% ] 00012/01611 VUs  0m38.9s/1m0s  16000.00 iters/s

running (0m39.9s), 00013/01611 VUs, 638002 complete and 0 interrupted iterations
steady   [  66% ] 00013/01611 VUs  0m39.9s/1m0s  16000.00 iters/s

running (0m40.9s), 00011/01611 VUs, 654005 complete and 0 interrupted iterations
steady   [  68% ] 00011/01611 VUs  0m40.9s/1m0s  16000.00 iters/s

running (0m41.9s), 00020/01611 VUs, 669996 complete and 0 interrupted iterations
steady   [  70% ] 00020/01611 VUs  0m41.9s/1m0s  16000.00 iters/s

running (0m42.9s), 00013/01611 VUs, 686002 complete and 0 interrupted iterations
steady   [  71% ] 00013/01611 VUs  0m42.9s/1m0s  16000.00 iters/s

running (0m43.9s), 00013/01611 VUs, 702003 complete and 0 interrupted iterations
steady   [  73% ] 00013/01611 VUs  0m43.9s/1m0s  16000.00 iters/s

running (0m44.9s), 00014/01611 VUs, 718004 complete and 0 interrupted iterations
steady   [  75% ] 00014/01611 VUs  0m44.9s/1m0s  16000.00 iters/s

running (0m45.9s), 00009/01611 VUs, 734008 complete and 0 interrupted iterations
steady   [  76% ] 00009/01611 VUs  0m45.9s/1m0s  16000.00 iters/s

running (0m46.9s), 00010/01611 VUs, 750005 complete and 0 interrupted iterations
steady   [  78% ] 00009/01611 VUs  0m46.9s/1m0s  16000.00 iters/s

running (0m47.9s), 00012/01611 VUs, 766004 complete and 0 interrupted iterations
steady   [  80% ] 00012/01611 VUs  0m47.9s/1m0s  16000.00 iters/s

running (0m48.9s), 00016/01611 VUs, 782000 complete and 0 interrupted iterations
steady   [  81% ] 00016/01611 VUs  0m48.9s/1m0s  16000.00 iters/s

running (0m49.9s), 00011/01611 VUs, 798003 complete and 0 interrupted iterations
steady   [  83% ] 00011/01611 VUs  0m49.9s/1m0s  16000.00 iters/s

running (0m50.9s), 00011/01611 VUs, 814004 complete and 0 interrupted iterations
steady   [  85% ] 00011/01611 VUs  0m50.9s/1m0s  16000.00 iters/s

running (0m51.9s), 00013/01611 VUs, 830003 complete and 0 interrupted iterations
steady   [  86% ] 00014/01611 VUs  0m51.9s/1m0s  16000.00 iters/s

running (0m52.9s), 00269/01611 VUs, 845746 complete and 0 interrupted iterations
steady   [  88% ] 00269/01611 VUs  0m52.9s/1m0s  16000.00 iters/s

running (0m53.9s), 00012/01611 VUs, 862003 complete and 0 interrupted iterations
steady   [  90% ] 00012/01611 VUs  0m53.9s/1m0s  16000.00 iters/s

running (0m54.9s), 00071/01611 VUs, 877944 complete and 0 interrupted iterations
steady   [  91% ] 00071/01611 VUs  0m54.9s/1m0s  16000.00 iters/s

running (0m55.9s), 00232/01611 VUs, 893754 complete and 0 interrupted iterations
steady   [  93% ] 00232/01611 VUs  0m55.9s/1m0s  16000.00 iters/s

running (0m56.9s), 00018/01620 VUs, 909918 complete and 0 interrupted iterations
steady   [  95% ] 00018/01620 VUs  0m56.9s/1m0s  16000.00 iters/s

running (0m57.9s), 00011/01620 VUs, 925927 complete and 0 interrupted iterations
steady   [  96% ] 00011/01620 VUs  0m57.9s/1m0s  16000.00 iters/s

running (0m58.9s), 00010/01620 VUs, 941926 complete and 0 interrupted iterations
steady   [  98% ] 00010/01620 VUs  0m58.9s/1m0s  16000.00 iters/s

running (0m59.9s), 00012/01620 VUs, 957925 complete and 0 interrupted iterations
steady   [ 100% ] 00012/01620 VUs  0m59.9s/1m0s  16000.00 iters/s

  http_reqs                    959818 (15996.10/s)
  http_req_duration            med=0.80ms p95=10.15ms p99=46.91ms max=1020.57ms
  http_req_waiting             p95=10.00ms
  http_req_failed              0.000%
  dropped_iterations           183
  vus_max                      1620
  checks                       0 passed, 0 failed


running (1m00.0s), 00000/01620 VUs, 959818 complete and 0 interrupted iterations
steady ✓ [ 100% ] 00000/01620 VUs  1m0s  16000.00 iters/s
time="2026-07-26T03:31:31-07:00" level=error msg="thresholds on metrics 'dropped_iterations' have been crossed"
