
         /\      Grafana   /‾‾/  
    /\  /  \     |\  __   /  /   
   /  \/    \    | |/ /  /   ‾‾\ 
  /          \   |   (  |  (‾)  |
 / __________ \  |_|\_\  \_____/ 


     execution: local
        script: /Users/juancavallotti/Documents/development/octo-performance/scenarios/002-fanout-transform/k6/steady.js
        output: -

     scenarios: (100.00%) 1 scenario, 6000 max VUs, 1m10s max duration (incl. graceful stop):
              * steady: 6000.00 iterations/s for 1m0s (maxVUs: 600-6000, gracefulStop: 10s)


running (0m01.0s), 0018/0600 VUs, 5692 complete and 0 interrupted iterations
steady   [   2% ] 0018/0600 VUs  0m01.0s/1m0s  6000.00 iters/s

running (0m02.0s), 0004/0600 VUs, 11706 complete and 0 interrupted iterations
steady   [   3% ] 0004/0600 VUs  0m02.0s/1m0s  6000.00 iters/s

running (0m03.0s), 0003/0600 VUs, 17707 complete and 0 interrupted iterations
steady   [   5% ] 0003/0600 VUs  0m03.0s/1m0s  6000.00 iters/s

running (0m04.0s), 0003/0600 VUs, 23707 complete and 0 interrupted iterations
steady   [   7% ] 0003/0600 VUs  0m04.0s/1m0s  6000.00 iters/s

running (0m05.0s), 0012/0600 VUs, 29698 complete and 0 interrupted iterations
steady   [   8% ] 0012/0600 VUs  0m05.0s/1m0s  6000.00 iters/s

running (0m06.0s), 0030/0600 VUs, 35680 complete and 0 interrupted iterations
steady   [  10% ] 0030/0600 VUs  0m06.0s/1m0s  6000.00 iters/s

running (0m07.0s), 0005/0600 VUs, 41705 complete and 0 interrupted iterations
steady   [  12% ] 0005/0600 VUs  0m07.0s/1m0s  6000.00 iters/s

running (0m08.0s), 0013/0600 VUs, 47697 complete and 0 interrupted iterations
steady   [  13% ] 0013/0600 VUs  0m08.0s/1m0s  6000.00 iters/s

running (0m09.0s), 0004/0600 VUs, 53706 complete and 0 interrupted iterations
steady   [  15% ] 0004/0600 VUs  0m09.0s/1m0s  6000.00 iters/s

running (0m10.0s), 0003/0600 VUs, 59707 complete and 0 interrupted iterations
steady   [  17% ] 0003/0600 VUs  0m10.0s/1m0s  6000.00 iters/s

running (0m11.0s), 0014/0600 VUs, 65696 complete and 0 interrupted iterations
steady   [  18% ] 0014/0600 VUs  0m11.0s/1m0s  6000.00 iters/s

running (0m12.0s), 0003/0600 VUs, 71707 complete and 0 interrupted iterations
steady   [  20% ] 0003/0600 VUs  0m12.0s/1m0s  6000.00 iters/s

running (0m13.0s), 0004/0600 VUs, 77706 complete and 0 interrupted iterations
steady   [  22% ] 0004/0600 VUs  0m13.0s/1m0s  6000.00 iters/s

running (0m14.0s), 0004/0600 VUs, 83706 complete and 0 interrupted iterations
steady   [  23% ] 0004/0600 VUs  0m14.0s/1m0s  6000.00 iters/s

running (0m15.0s), 0028/0600 VUs, 89682 complete and 0 interrupted iterations
steady   [  25% ] 0028/0600 VUs  0m15.0s/1m0s  6000.00 iters/s

running (0m16.0s), 0007/0600 VUs, 95703 complete and 0 interrupted iterations
steady   [  27% ] 0007/0600 VUs  0m16.0s/1m0s  6000.00 iters/s

running (0m17.0s), 0006/0600 VUs, 101704 complete and 0 interrupted iterations
steady   [  28% ] 0006/0600 VUs  0m17.0s/1m0s  6000.00 iters/s

running (0m18.0s), 0009/0600 VUs, 107701 complete and 0 interrupted iterations
steady   [  30% ] 0009/0600 VUs  0m18.0s/1m0s  6000.00 iters/s

running (0m19.0s), 0012/0600 VUs, 113698 complete and 0 interrupted iterations
steady   [  32% ] 0012/0600 VUs  0m19.0s/1m0s  6000.00 iters/s

running (0m20.0s), 0003/0600 VUs, 119707 complete and 0 interrupted iterations
steady   [  33% ] 0003/0600 VUs  0m20.0s/1m0s  6000.00 iters/s

running (0m21.0s), 0012/0600 VUs, 125699 complete and 0 interrupted iterations
steady   [  35% ] 0012/0600 VUs  0m21.0s/1m0s  6000.00 iters/s

running (0m22.0s), 0010/0600 VUs, 131700 complete and 0 interrupted iterations
steady   [  37% ] 0010/0600 VUs  0m22.0s/1m0s  6000.00 iters/s

running (0m23.0s), 0029/0600 VUs, 137681 complete and 0 interrupted iterations
steady   [  38% ] 0029/0600 VUs  0m23.0s/1m0s  6000.00 iters/s

running (0m24.0s), 0039/0600 VUs, 143650 complete and 0 interrupted iterations
steady   [  40% ] 0039/0600 VUs  0m24.0s/1m0s  6000.00 iters/s

running (0m25.0s), 0003/0600 VUs, 149707 complete and 0 interrupted iterations
steady   [  42% ] 0003/0600 VUs  0m25.0s/1m0s  6000.00 iters/s

running (0m26.0s), 0003/0600 VUs, 155707 complete and 0 interrupted iterations
steady   [  43% ] 0003/0600 VUs  0m26.0s/1m0s  6000.00 iters/s

running (0m27.0s), 0023/0600 VUs, 161687 complete and 0 interrupted iterations
steady   [  45% ] 0023/0600 VUs  0m27.0s/1m0s  6000.00 iters/s

running (0m28.0s), 0012/0600 VUs, 167698 complete and 0 interrupted iterations
steady   [  47% ] 0012/0600 VUs  0m28.0s/1m0s  6000.00 iters/s

running (0m29.0s), 0025/0600 VUs, 173686 complete and 0 interrupted iterations
steady   [  48% ] 0025/0600 VUs  0m29.0s/1m0s  6000.00 iters/s

running (0m30.0s), 0007/0600 VUs, 179703 complete and 0 interrupted iterations
steady   [  50% ] 0007/0600 VUs  0m30.0s/1m0s  6000.00 iters/s

running (0m31.0s), 0008/0600 VUs, 185702 complete and 0 interrupted iterations
steady   [  52% ] 0008/0600 VUs  0m31.0s/1m0s  6000.00 iters/s

running (0m32.0s), 0015/0600 VUs, 191696 complete and 0 interrupted iterations
steady   [  53% ] 0015/0600 VUs  0m32.0s/1m0s  6000.00 iters/s

running (0m33.0s), 0012/0600 VUs, 197698 complete and 0 interrupted iterations
steady   [  55% ] 0012/0600 VUs  0m33.0s/1m0s  6000.00 iters/s

running (0m34.0s), 0009/0600 VUs, 203702 complete and 0 interrupted iterations
steady   [  57% ] 0009/0600 VUs  0m34.0s/1m0s  6000.00 iters/s

running (0m35.0s), 0022/0600 VUs, 209689 complete and 0 interrupted iterations
steady   [  58% ] 0022/0600 VUs  0m35.0s/1m0s  6000.00 iters/s

running (0m36.0s), 0007/0600 VUs, 215703 complete and 0 interrupted iterations
steady   [  60% ] 0007/0600 VUs  0m36.0s/1m0s  6000.00 iters/s

running (0m37.0s), 0012/0600 VUs, 221699 complete and 0 interrupted iterations
steady   [  62% ] 0012/0600 VUs  0m37.0s/1m0s  6000.00 iters/s

running (0m38.0s), 0018/0600 VUs, 227693 complete and 0 interrupted iterations
steady   [  63% ] 0018/0600 VUs  0m38.0s/1m0s  6000.00 iters/s

running (0m39.0s), 0018/0600 VUs, 233693 complete and 0 interrupted iterations
steady   [  65% ] 0018/0600 VUs  0m39.0s/1m0s  6000.00 iters/s

running (0m40.0s), 0013/0600 VUs, 239698 complete and 0 interrupted iterations
steady   [  67% ] 0013/0600 VUs  0m40.0s/1m0s  6000.00 iters/s

running (0m41.0s), 0022/0600 VUs, 245689 complete and 0 interrupted iterations
steady   [  68% ] 0022/0600 VUs  0m41.0s/1m0s  6000.00 iters/s

running (0m42.0s), 0014/0600 VUs, 251697 complete and 0 interrupted iterations
steady   [  70% ] 0014/0600 VUs  0m42.0s/1m0s  6000.00 iters/s

running (0m43.0s), 0003/0600 VUs, 257708 complete and 0 interrupted iterations
steady   [  72% ] 0003/0600 VUs  0m43.0s/1m0s  6000.00 iters/s

running (0m44.0s), 0010/0600 VUs, 263701 complete and 0 interrupted iterations
steady   [  73% ] 0010/0600 VUs  0m44.0s/1m0s  6000.00 iters/s

running (0m45.0s), 0007/0600 VUs, 269704 complete and 0 interrupted iterations
steady   [  75% ] 0007/0600 VUs  0m45.0s/1m0s  6000.00 iters/s

running (0m46.0s), 0003/0600 VUs, 275708 complete and 0 interrupted iterations
steady   [  77% ] 0003/0600 VUs  0m46.0s/1m0s  6000.00 iters/s

running (0m47.0s), 0015/0600 VUs, 281696 complete and 0 interrupted iterations
steady   [  78% ] 0015/0600 VUs  0m47.0s/1m0s  6000.00 iters/s

running (0m48.0s), 0021/0600 VUs, 287690 complete and 0 interrupted iterations
steady   [  80% ] 0021/0600 VUs  0m48.0s/1m0s  6000.00 iters/s

running (0m49.0s), 0028/0600 VUs, 293683 complete and 0 interrupted iterations
steady   [  82% ] 0028/0600 VUs  0m49.0s/1m0s  6000.00 iters/s

running (0m50.0s), 0005/0600 VUs, 299706 complete and 0 interrupted iterations
steady   [  83% ] 0005/0600 VUs  0m50.0s/1m0s  6000.00 iters/s

running (0m51.0s), 0005/0600 VUs, 305706 complete and 0 interrupted iterations
steady   [  85% ] 0005/0600 VUs  0m51.0s/1m0s  6000.00 iters/s

running (0m52.0s), 0003/0600 VUs, 311708 complete and 0 interrupted iterations
steady   [  87% ] 0003/0600 VUs  0m52.0s/1m0s  6000.00 iters/s

running (0m53.0s), 0004/0600 VUs, 317707 complete and 0 interrupted iterations
steady   [  88% ] 0004/0600 VUs  0m53.0s/1m0s  6000.00 iters/s

running (0m54.0s), 0003/0600 VUs, 323708 complete and 0 interrupted iterations
steady   [  90% ] 0003/0600 VUs  0m54.0s/1m0s  6000.00 iters/s

running (0m55.0s), 0003/0600 VUs, 329708 complete and 0 interrupted iterations
steady   [  92% ] 0003/0600 VUs  0m55.0s/1m0s  6000.00 iters/s

running (0m56.0s), 0007/0600 VUs, 335704 complete and 0 interrupted iterations
steady   [  93% ] 0007/0600 VUs  0m56.0s/1m0s  6000.00 iters/s

running (0m57.0s), 0003/0600 VUs, 341708 complete and 0 interrupted iterations
steady   [  95% ] 0003/0600 VUs  0m57.0s/1m0s  6000.00 iters/s

running (0m58.0s), 0010/0600 VUs, 347701 complete and 0 interrupted iterations
steady   [  97% ] 0010/0600 VUs  0m58.0s/1m0s  6000.00 iters/s

running (0m59.0s), 0008/0600 VUs, 353703 complete and 0 interrupted iterations
steady   [  98% ] 0008/0600 VUs  0m59.0s/1m0s  6000.00 iters/s

running (1m00.0s), 0004/0600 VUs, 359707 complete and 0 interrupted iterations
steady   [ 100% ] 0004/0600 VUs  1m00.0s/1m0s  6000.00 iters/s

  http_reqs                    360002 (5999.90/s)
  http_req_duration            med=0.90ms p95=6.12ms p99=12.01ms max=140.58ms
  http_req_waiting             p95=6.10ms
  http_req_failed              0.000%
  dropped_iterations           0
  vus_max                      600
  checks                       0 passed, 0 failed


running (1m00.0s), 0000/0600 VUs, 360002 complete and 0 interrupted iterations
steady ✓ [ 100% ] 0000/0600 VUs  1m0s  6000.00 iters/s
