
         /\      Grafana   /‾‾/  
    /\  /  \     |\  __   /  /   
   /  \/    \    | |/ /  /   ‾‾\ 
  /          \   |   (  |  (‾)  |
 / __________ \  |_|\_\  \_____/ 


     execution: local
        script: /Users/juancavallotti/Documents/development/octo-performance/scenarios/001-template-page/k6/steady.js
        output: -

     scenarios: (100.00%) 1 scenario, 16000 max VUs, 1m10s max duration (incl. graceful stop):
              * steady: 16000.00 iterations/s for 1m0s (maxVUs: 1600-16000, gracefulStop: 10s)


running (0m00.7s), 01580/01638 VUs, 5272 complete and 0 interrupted iterations
steady   [   1% ] 01580/01638 VUs  0m00.7s/1m0s  16000.00 iters/s

running (0m01.6s), 01715/01717 VUs, 8929 complete and 0 interrupted iterations
steady   [   3% ] 01715/01717 VUs  0m01.7s/1m0s  16000.00 iters/s

running (0m02.6s), 01850/01851 VUs, 17745 complete and 0 interrupted iterations
steady   [   4% ] 01850/01851 VUs  0m02.6s/1m0s  16000.00 iters/s

running (0m03.6s), 00354/01856 VUs, 34886 complete and 0 interrupted iterations
steady   [   6% ] 00354/01856 VUs  0m03.6s/1m0s  16000.00 iters/s

running (0m04.6s), 01781/01955 VUs, 42435 complete and 0 interrupted iterations
steady   [   8% ] 01740/01955 VUs  0m04.6s/1m0s  16000.00 iters/s

running (0m05.6s), 00999/02061 VUs, 49634 complete and 0 interrupted iterations
steady   [   9% ] 00999/02061 VUs  0m05.6s/1m0s  16000.00 iters/s

running (0m06.6s), 01215/02315 VUs, 56998 complete and 0 interrupted iterations
steady   [  11% ] 01215/02315 VUs  0m06.6s/1m0s  16000.00 iters/s

running (0m07.6s), 00002/02338 VUs, 63666 complete and 0 interrupted iterations
steady   [  13% ] 00002/02338 VUs  0m07.6s/1m0s  16000.00 iters/s

running (0m08.6s), 02388/02388 VUs, 74824 complete and 0 interrupted iterations
steady   [  14% ] 02388/02388 VUs  0m08.6s/1m0s  16000.00 iters/s

running (0m09.6s), 02243/02591 VUs, 81022 complete and 0 interrupted iterations
steady   [  16% ] 02243/02591 VUs  0m09.6s/1m0s  16000.00 iters/s

running (0m10.6s), 02067/02602 VUs, 88823 complete and 0 interrupted iterations
steady   [  18% ] 02066/02602 VUs  0m10.6s/1m0s  16000.00 iters/s

running (0m11.6s), 02658/02658 VUs, 98577 complete and 0 interrupted iterations
steady   [  19% ] 02658/02658 VUs  0m11.6s/1m0s  16000.00 iters/s

running (0m12.6s), 00004/02665 VUs, 116354 complete and 0 interrupted iterations
steady   [  21% ] 00004/02665 VUs  0m12.6s/1m0s  16000.00 iters/s

running (0m13.6s), 02623/02795 VUs, 125691 complete and 0 interrupted iterations
steady   [  23% ] 02623/02795 VUs  0m13.6s/1m0s  16000.00 iters/s

running (0m14.6s), 02870/02944 VUs, 135655 complete and 0 interrupted iterations
steady   [  24% ] 02870/02944 VUs  0m14.6s/1m0s  16000.00 iters/s

running (0m15.6s), 02933/03052 VUs, 143471 complete and 0 interrupted iterations
steady   [  26% ] 02933/03052 VUs  0m15.6s/1m0s  16000.00 iters/s

running (0m16.6s), 01111/03103 VUs, 159713 complete and 0 interrupted iterations
steady   [  28% ] 01111/03103 VUs  0m16.6s/1m0s  16000.00 iters/s

running (0m17.6s), 03282/03339 VUs, 165833 complete and 0 interrupted iterations
steady   [  29% ] 03282/03339 VUs  0m17.6s/1m0s  16000.00 iters/s

running (0m18.6s), 02174/03393 VUs, 174427 complete and 0 interrupted iterations
steady   [  31% ] 02174/03393 VUs  0m18.6s/1m0s  16000.00 iters/s

running (0m19.6s), 02879/03550 VUs, 183420 complete and 0 interrupted iterations
steady   [  33% ] 02879/03550 VUs  0m19.6s/1m0s  16000.00 iters/s

running (0m20.6s), 00033/03591 VUs, 200415 complete and 0 interrupted iterations
steady   [  34% ] 00033/03591 VUs  0m20.6s/1m0s  16000.00 iters/s

running (0m21.7s), 01628/03593 VUs, 209021 complete and 0 interrupted iterations
steady   [  36% ] 01625/03593 VUs  0m21.8s/1m0s  16000.00 iters/s

running (0m22.6s), 02248/03617 VUs, 218826 complete and 0 interrupted iterations
steady   [  38% ] 02248/03617 VUs  0m22.6s/1m0s  16000.00 iters/s

running (0m23.6s), 02768/03832 VUs, 228704 complete and 0 interrupted iterations
steady   [  39% ] 02768/03832 VUs  0m23.6s/1m0s  16000.00 iters/s

running (0m24.6s), 00010/03906 VUs, 244481 complete and 0 interrupted iterations
steady   [  41% ] 00010/03906 VUs  0m24.6s/1m0s  16000.00 iters/s

running (0m25.6s), 03922/03928 VUs, 253784 complete and 0 interrupted iterations
steady   [  43% ] 03922/03928 VUs  0m25.6s/1m0s  16000.00 iters/s

running (0m26.6s), 02343/04134 VUs, 263757 complete and 0 interrupted iterations
steady   [  44% ] 02343/04134 VUs  0m26.6s/1m0s  16000.00 iters/s

running (0m27.6s), 04292/04309 VUs, 271743 complete and 0 interrupted iterations
steady   [  46% ] 04292/04309 VUs  0m27.6s/1m0s  16000.00 iters/s

running (0m28.6s), 00002/04314 VUs, 285052 complete and 0 interrupted iterations
steady   [  48% ] 00002/04314 VUs  0m28.6s/1m0s  16000.00 iters/s

running (0m29.6s), 01911/04314 VUs, 299155 complete and 0 interrupted iterations
steady   [  49% ] 01911/04314 VUs  0m29.6s/1m0s  16000.00 iters/s

running (0m30.6s), 02925/04389 VUs, 309076 complete and 0 interrupted iterations
steady   [  51% ] 02925/04389 VUs  0m30.6s/1m0s  16000.00 iters/s

running (0m31.6s), 03766/04567 VUs, 320095 complete and 0 interrupted iterations
steady   [  53% ] 03766/04567 VUs  0m31.6s/1m0s  16000.00 iters/s

running (0m32.6s), 03907/04585 VUs, 325043 complete and 0 interrupted iterations
steady   [  54% ] 03908/04585 VUs  0m32.6s/1m0s  16000.00 iters/s

running (0m33.6s), 00340/04587 VUs, 346578 complete and 0 interrupted iterations
steady   [  56% ] 00339/04587 VUs  0m33.6s/1m0s  16000.00 iters/s

running (0m34.6s), 03792/04734 VUs, 355203 complete and 0 interrupted iterations
steady   [  58% ] 03792/04734 VUs  0m34.6s/1m0s  16000.00 iters/s

running (0m35.6s), 02864/04787 VUs, 367048 complete and 0 interrupted iterations
steady   [  59% ] 02864/04787 VUs  0m35.6s/1m0s  16000.00 iters/s

running (0m36.6s), 04708/04946 VUs, 374754 complete and 0 interrupted iterations
steady   [  61% ] 04708/04946 VUs  0m36.6s/1m0s  16000.00 iters/s

running (0m37.6s), 00001/04955 VUs, 391185 complete and 0 interrupted iterations
steady   [  63% ] 00002/04955 VUs  0m37.6s/1m0s  16000.00 iters/s

running (0m38.6s), 03775/04965 VUs, 402984 complete and 0 interrupted iterations
steady   [  64% ] 03775/04965 VUs  0m38.6s/1m0s  16000.00 iters/s

running (0m39.6s), 04938/05076 VUs, 410982 complete and 0 interrupted iterations
steady   [  66% ] 04938/05076 VUs  0m39.6s/1m0s  16000.00 iters/s

running (0m40.6s), 04531/05169 VUs, 420630 complete and 0 interrupted iterations
steady   [  68% ] 04531/05169 VUs  0m40.6s/1m0s  16000.00 iters/s

running (0m41.6s), 00046/05217 VUs, 438362 complete and 0 interrupted iterations
steady   [  69% ] 00046/05217 VUs  0m41.6s/1m0s  16000.00 iters/s

running (0m42.6s), 04858/05242 VUs, 447375 complete and 0 interrupted iterations
steady   [  71% ] 04858/05242 VUs  0m42.6s/1m0s  16000.00 iters/s

running (0m43.6s), 04664/05327 VUs, 458427 complete and 0 interrupted iterations
steady   [  73% ] 04664/05327 VUs  0m43.6s/1m0s  16000.00 iters/s

running (0m44.6s), 05615/05616 VUs, 466152 complete and 0 interrupted iterations
steady   [  74% ] 05615/05616 VUs  0m44.6s/1m0s  16000.00 iters/s

running (0m45.6s), 05615/05753 VUs, 476684 complete and 0 interrupted iterations
steady   [  76% ] 05615/05753 VUs  0m45.6s/1m0s  16000.00 iters/s

running (0m46.6s), 04925/05820 VUs, 486614 complete and 0 interrupted iterations
steady   [  78% ] 04924/05820 VUs  0m46.6s/1m0s  16000.00 iters/s

running (0m47.6s), 00096/05827 VUs, 502173 complete and 0 interrupted iterations
steady   [  79% ] 00096/05827 VUs  0m47.6s/1m0s  16000.00 iters/s

running (0m48.6s), 05915/05915 VUs, 507545 complete and 0 interrupted iterations
steady   [  81% ] 05915/05915 VUs  0m48.6s/1m0s  16000.00 iters/s

running (0m49.6s), 06121/06130 VUs, 519242 complete and 0 interrupted iterations
steady   [  83% ] 06121/06130 VUs  0m49.6s/1m0s  16000.00 iters/s

running (0m50.6s), 03961/06146 VUs, 533264 complete and 0 interrupted iterations
steady   [  84% ] 03961/06146 VUs  0m50.6s/1m0s  16000.00 iters/s

running (0m51.6s), 03162/06415 VUs, 543543 complete and 0 interrupted iterations
steady   [  86% ] 03162/06415 VUs  0m51.6s/1m0s  16000.00 iters/s

running (0m52.6s), 00302/06415 VUs, 562386 complete and 0 interrupted iterations
steady   [  88% ] 00302/06415 VUs  0m52.6s/1m0s  16000.00 iters/s

running (0m53.6s), 05257/06418 VUs, 571391 complete and 0 interrupted iterations
steady   [  89% ] 05257/06418 VUs  0m53.6s/1m0s  16000.00 iters/s

running (0m54.6s), 06492/06492 VUs, 579363 complete and 0 interrupted iterations
steady   [  91% ] 06492/06492 VUs  0m54.6s/1m0s  16000.00 iters/s

running (0m55.6s), 06767/06768 VUs, 586338 complete and 0 interrupted iterations
steady   [  93% ] 06767/06768 VUs  0m55.6s/1m0s  16000.00 iters/s

running (0m56.7s), 04934/06789 VUs, 596442 complete and 0 interrupted iterations
steady   [  94% ] 04929/06789 VUs  0m56.7s/1m0s  16000.00 iters/s

running (0m57.6s), 00004/06797 VUs, 616851 complete and 0 interrupted iterations
steady   [  96% ] 00003/06797 VUs  0m57.6s/1m0s  16000.00 iters/s

running (0m58.6s), 06876/06896 VUs, 623430 complete and 0 interrupted iterations
steady   [  98% ] 06876/06896 VUs  0m58.6s/1m0s  16000.00 iters/s

running (0m59.6s), 06340/06898 VUs, 625249 complete and 0 interrupted iterations
steady   [  99% ] 06340/06898 VUs  0m59.6s/1m0s  16000.00 iters/s

running (1m00.6s), 01693/06903 VUs, 632953 complete and 0 interrupted iterations
steady ↓ [ 100% ] 06053/06902 VUs  1m0s  16000.00 iters/s

running (1m00.7s), 00000/06903 VUs, 634646 complete and 0 interrupted iterations
steady ✓ [ 100% ] 00000/06903 VUs  1m0s  16000.00 iters/s

  http_reqs                    634646 (10457.89/s)
  http_req_duration            med=163.38ms p95=977.00ms p99=1684.95ms max=4222.58ms
  http_req_waiting             p95=951.41ms
  http_req_failed              0.000%
  dropped_iterations           310624
  vus_max                      6903
  checks                       0 passed, 0 failed


running (1m00.7s), 00000/06903 VUs, 634646 complete and 0 interrupted iterations
steady ✓ [ 100% ] 00000/06903 VUs  1m0s  16000.00 iters/s
time="2026-07-26T03:01:24-07:00" level=error msg="thresholds on metrics 'dropped_iterations, http_req_duration' have been crossed"
