
         /\      Grafana   /‾‾/  
    /\  /  \     |\  __   /  /   
   /  \/    \    | |/ /  /   ‾‾\ 
  /          \   |   (  |  (‾)  |
 / __________ \  |_|\_\  \_____/ 


     execution: local
        script: /Users/juancavallotti/Documents/development/octo-performance/scenarios/003-postgres-crud/k6/steady.js
        output: -

     scenarios: (100.00%) 1 scenario, 3600 max VUs, 1m10s max duration (incl. graceful stop):
              * steady: 1500.00 iterations/s for 1m0s (maxVUs: 360-3600, gracefulStop: 10s)


running (0m01.0s), 0002/0360 VUs, 1461 complete and 0 interrupted iterations
steady   [   2% ] 0002/0360 VUs  0m01.0s/1m0s  1500.00 iters/s

running (0m02.0s), 0001/0360 VUs, 2962 complete and 0 interrupted iterations
steady   [   3% ] 0001/0360 VUs  0m02.0s/1m0s  1500.00 iters/s

running (15m03.6s), 0231/0360 VUs, 4232 complete and 0 interrupted iterations
steady   [   5% ] 0231/0360 VUs  0m03.0s/1m0s  1500.00 iters/s

running (15m04.6s), 0002/0360 VUs, 5960 complete and 0 interrupted iterations
steady   [   7% ] 0002/0360 VUs  0m04.0s/1m0s  1500.00 iters/s

running (15m05.6s), 0001/0360 VUs, 7461 complete and 0 interrupted iterations
steady   [   8% ] 0001/0360 VUs  0m05.0s/1m0s  1500.00 iters/s

running (15m06.6s), 0002/0360 VUs, 8961 complete and 0 interrupted iterations
steady   [  10% ] 0002/0360 VUs  0m06.0s/1m0s  1500.00 iters/s

running (15m07.6s), 0002/0360 VUs, 10461 complete and 0 interrupted iterations
steady   [  12% ] 0002/0360 VUs  0m07.0s/1m0s  1500.00 iters/s

running (15m08.6s), 0002/0360 VUs, 11961 complete and 0 interrupted iterations
steady   [  13% ] 0002/0360 VUs  0m08.0s/1m0s  1500.00 iters/s

running (15m09.6s), 0002/0360 VUs, 13461 complete and 0 interrupted iterations
steady   [  15% ] 0002/0360 VUs  0m09.0s/1m0s  1500.00 iters/s

running (15m10.6s), 0002/0360 VUs, 14961 complete and 0 interrupted iterations
steady   [  17% ] 0002/0360 VUs  0m10.0s/1m0s  1500.00 iters/s

running (15m11.6s), 0001/0360 VUs, 16461 complete and 0 interrupted iterations
steady   [  18% ] 0001/0360 VUs  0m11.0s/1m0s  1500.00 iters/s

running (15m12.6s), 0001/0360 VUs, 17961 complete and 0 interrupted iterations
steady   [  20% ] 0000/0360 VUs  0m12.0s/1m0s  1500.00 iters/s

running (15m13.6s), 0000/0360 VUs, 19462 complete and 0 interrupted iterations
steady   [  22% ] 0001/0360 VUs  0m13.0s/1m0s  1500.00 iters/s

running (15m14.6s), 0002/0360 VUs, 20961 complete and 0 interrupted iterations
steady   [  23% ] 0002/0360 VUs  0m14.0s/1m0s  1500.00 iters/s

running (15m15.6s), 0001/0360 VUs, 22462 complete and 0 interrupted iterations
steady   [  25% ] 0001/0360 VUs  0m15.0s/1m0s  1500.00 iters/s

running (15m16.6s), 0002/0360 VUs, 23961 complete and 0 interrupted iterations
steady   [  27% ] 0001/0360 VUs  0m16.0s/1m0s  1500.00 iters/s

running (15m17.6s), 0002/0360 VUs, 25461 complete and 0 interrupted iterations
steady   [  28% ] 0002/0360 VUs  0m17.0s/1m0s  1500.00 iters/s

running (15m18.6s), 0001/0360 VUs, 26961 complete and 0 interrupted iterations
steady   [  30% ] 0001/0360 VUs  0m18.0s/1m0s  1500.00 iters/s

running (15m19.6s), 0001/0360 VUs, 28462 complete and 0 interrupted iterations
steady   [  32% ] 0001/0360 VUs  0m19.0s/1m0s  1500.00 iters/s

running (15m20.6s), 0002/0360 VUs, 29961 complete and 0 interrupted iterations
steady   [  33% ] 0002/0360 VUs  0m20.0s/1m0s  1500.00 iters/s

running (15m21.6s), 0002/0360 VUs, 31461 complete and 0 interrupted iterations
steady   [  35% ] 0002/0360 VUs  0m21.0s/1m0s  1500.00 iters/s

running (15m22.6s), 0001/0360 VUs, 32961 complete and 0 interrupted iterations
steady   [  37% ] 0001/0360 VUs  0m22.0s/1m0s  1500.00 iters/s

running (15m23.6s), 0002/0360 VUs, 34461 complete and 0 interrupted iterations
steady   [  38% ] 0002/0360 VUs  0m23.0s/1m0s  1500.00 iters/s

running (15m24.6s), 0001/0360 VUs, 35962 complete and 0 interrupted iterations
steady   [  40% ] 0001/0360 VUs  0m24.0s/1m0s  1500.00 iters/s

running (15m25.6s), 0002/0360 VUs, 37461 complete and 0 interrupted iterations
steady   [  42% ] 0002/0360 VUs  0m25.0s/1m0s  1500.00 iters/s

running (15m26.6s), 0002/0360 VUs, 38961 complete and 0 interrupted iterations
steady   [  43% ] 0002/0360 VUs  0m26.0s/1m0s  1500.00 iters/s

running (15m27.6s), 0001/0360 VUs, 40462 complete and 0 interrupted iterations
steady   [  45% ] 0001/0360 VUs  0m27.0s/1m0s  1500.00 iters/s

running (15m28.6s), 0002/0360 VUs, 41961 complete and 0 interrupted iterations
steady   [  47% ] 0002/0360 VUs  0m28.0s/1m0s  1500.00 iters/s

running (15m29.6s), 0001/0360 VUs, 43462 complete and 0 interrupted iterations
steady   [  48% ] 0001/0360 VUs  0m29.0s/1m0s  1500.00 iters/s

running (15m30.6s), 0002/0360 VUs, 44961 complete and 0 interrupted iterations
steady   [  50% ] 0002/0360 VUs  0m30.0s/1m0s  1500.00 iters/s

running (15m31.6s), 0002/0360 VUs, 46461 complete and 0 interrupted iterations
steady   [  52% ] 0002/0360 VUs  0m31.0s/1m0s  1500.00 iters/s

running (15m32.6s), 0001/0360 VUs, 47962 complete and 0 interrupted iterations
steady   [  53% ] 0001/0360 VUs  0m32.0s/1m0s  1500.00 iters/s

running (15m33.6s), 0003/0360 VUs, 49460 complete and 0 interrupted iterations
steady   [  55% ] 0003/0360 VUs  0m33.0s/1m0s  1500.00 iters/s

running (15m34.6s), 0001/0360 VUs, 50962 complete and 0 interrupted iterations
steady   [  57% ] 0001/0360 VUs  0m34.0s/1m0s  1500.00 iters/s

running (15m35.6s), 0001/0360 VUs, 52462 complete and 0 interrupted iterations
steady   [  58% ] 0001/0360 VUs  0m35.0s/1m0s  1500.00 iters/s

running (15m36.6s), 0001/0360 VUs, 53961 complete and 0 interrupted iterations
steady   [  60% ] 0002/0360 VUs  0m36.0s/1m0s  1500.00 iters/s

running (15m37.6s), 0001/0360 VUs, 55461 complete and 0 interrupted iterations
steady   [  62% ] 0001/0360 VUs  0m37.0s/1m0s  1500.00 iters/s

running (15m38.6s), 0001/0360 VUs, 56962 complete and 0 interrupted iterations
steady   [  63% ] 0001/0360 VUs  0m38.0s/1m0s  1500.00 iters/s

running (15m39.6s), 0002/0360 VUs, 58461 complete and 0 interrupted iterations
steady   [  65% ] 0002/0360 VUs  0m39.0s/1m0s  1500.00 iters/s

running (15m40.6s), 0002/0360 VUs, 59961 complete and 0 interrupted iterations
steady   [  67% ] 0002/0360 VUs  0m40.0s/1m0s  1500.00 iters/s

running (15m41.6s), 0001/0360 VUs, 61462 complete and 0 interrupted iterations
steady   [  68% ] 0001/0360 VUs  0m41.0s/1m0s  1500.00 iters/s

running (15m42.6s), 0002/0360 VUs, 62961 complete and 0 interrupted iterations
steady   [  70% ] 0002/0360 VUs  0m42.0s/1m0s  1500.00 iters/s

running (15m43.6s), 0002/0360 VUs, 64461 complete and 0 interrupted iterations
steady   [  72% ] 0002/0360 VUs  0m43.0s/1m0s  1500.00 iters/s

running (15m44.6s), 0002/0360 VUs, 65961 complete and 0 interrupted iterations
steady   [  73% ] 0002/0360 VUs  0m44.0s/1m0s  1500.00 iters/s

running (15m45.6s), 0002/0360 VUs, 67461 complete and 0 interrupted iterations
steady   [  75% ] 0002/0360 VUs  0m45.0s/1m0s  1500.00 iters/s

running (15m46.6s), 0002/0360 VUs, 68961 complete and 0 interrupted iterations
steady   [  77% ] 0002/0360 VUs  0m46.0s/1m0s  1500.00 iters/s

running (15m47.6s), 0007/0360 VUs, 70455 complete and 0 interrupted iterations
steady   [  78% ] 0007/0360 VUs  0m47.0s/1m0s  1500.00 iters/s

running (15m48.6s), 0001/0360 VUs, 71962 complete and 0 interrupted iterations
steady   [  80% ] 0001/0360 VUs  0m48.0s/1m0s  1500.00 iters/s

running (15m49.6s), 0003/0360 VUs, 73460 complete and 0 interrupted iterations
steady   [  82% ] 0003/0360 VUs  0m49.0s/1m0s  1500.00 iters/s

running (15m50.6s), 0001/0360 VUs, 74961 complete and 0 interrupted iterations
steady   [  83% ] 0000/0360 VUs  0m50.0s/1m0s  1500.00 iters/s

running (15m51.6s), 0001/0360 VUs, 76462 complete and 0 interrupted iterations
steady   [  85% ] 0001/0360 VUs  0m51.0s/1m0s  1500.00 iters/s

running (15m52.6s), 0001/0360 VUs, 77962 complete and 0 interrupted iterations
steady   [  87% ] 0001/0360 VUs  0m52.0s/1m0s  1500.00 iters/s

running (15m53.6s), 0002/0360 VUs, 79461 complete and 0 interrupted iterations
steady   [  88% ] 0002/0360 VUs  0m53.0s/1m0s  1500.00 iters/s

running (15m54.6s), 0000/0360 VUs, 80962 complete and 0 interrupted iterations
steady   [  90% ] 0000/0360 VUs  0m54.0s/1m0s  1500.00 iters/s

running (15m55.6s), 0002/0360 VUs, 82461 complete and 0 interrupted iterations
steady   [  92% ] 0002/0360 VUs  0m55.0s/1m0s  1500.00 iters/s

running (15m56.6s), 0002/0360 VUs, 83961 complete and 0 interrupted iterations
steady   [  93% ] 0002/0360 VUs  0m56.0s/1m0s  1500.00 iters/s

running (15m57.6s), 0001/0360 VUs, 85462 complete and 0 interrupted iterations
steady   [  95% ] 0001/0360 VUs  0m57.0s/1m0s  1500.00 iters/s

running (15m58.6s), 0001/0360 VUs, 86961 complete and 0 interrupted iterations
steady   [  97% ] 0001/0360 VUs  0m58.0s/1m0s  1500.00 iters/s

running (15m59.6s), 0002/0360 VUs, 88461 complete and 0 interrupted iterations
steady   [  98% ] 0002/0360 VUs  0m59.0s/1m0s  1500.00 iters/s

running (16m00.6s), 0002/0360 VUs, 89961 complete and 0 interrupted iterations
steady   [ 100% ] 0002/0360 VUs  1m00.0s/1m0s  1500.00 iters/s

  http_reqs                    90001 (93.69/s)
  http_req_duration            med=0.69ms p95=1.17ms p99=3.23ms max=900739.02ms
  http_req_waiting             p95=1.15ms
  http_req_failed              0.000%
  dropped_iterations           0
  vus_max                      360
  checks                       0 passed, 0 failed


running (16m00.6s), 0000/0360 VUs, 90001 complete and 0 interrupted iterations
steady ✓ [ 100% ] 0000/0360 VUs  1m0s  1500.00 iters/s
