
         /\      Grafana   /‾‾/  
    /\  /  \     |\  __   /  /   
   /  \/    \    | |/ /  /   ‾‾\ 
  /          \   |   (  |  (‾)  |
 / __________ \  |_|\_\  \_____/ 


     execution: local
        script: /Users/juancavallotti/Documents/development/octo-performance/scenarios/006-json-transform/k6/steady.js
        output: -

     scenarios: (100.00%) 1 scenario, 800 max VUs, 1m10s max duration (incl. graceful stop):
              * steady: 4000.00 iterations/s for 1m0s (maxVUs: 80-800, gracefulStop: 10s)


running (0m01.0s), 001/080 VUs, 3955 complete and 0 interrupted iterations
steady   [   2% ] 001/080 VUs  0m01.0s/1m0s  4000.00 iters/s

running (0m02.0s), 001/080 VUs, 7955 complete and 0 interrupted iterations
steady   [   3% ] 001/080 VUs  0m02.0s/1m0s  4000.00 iters/s

running (0m03.0s), 001/080 VUs, 11955 complete and 0 interrupted iterations
steady   [   5% ] 001/080 VUs  0m03.0s/1m0s  4000.00 iters/s

running (0m04.0s), 002/080 VUs, 15955 complete and 0 interrupted iterations
steady   [   7% ] 002/080 VUs  0m04.0s/1m0s  4000.00 iters/s

running (0m05.0s), 001/080 VUs, 19955 complete and 0 interrupted iterations
steady   [   8% ] 001/080 VUs  0m05.0s/1m0s  4000.00 iters/s

running (0m06.0s), 001/080 VUs, 23955 complete and 0 interrupted iterations
steady   [  10% ] 001/080 VUs  0m06.0s/1m0s  4000.00 iters/s

running (0m07.0s), 002/080 VUs, 27955 complete and 0 interrupted iterations
steady   [  12% ] 002/080 VUs  0m07.0s/1m0s  4000.00 iters/s

running (0m08.0s), 001/080 VUs, 31955 complete and 0 interrupted iterations
steady   [  13% ] 001/080 VUs  0m08.0s/1m0s  4000.00 iters/s

running (0m09.0s), 009/080 VUs, 35951 complete and 0 interrupted iterations
steady   [  15% ] 009/080 VUs  0m09.0s/1m0s  4000.00 iters/s

running (0m10.0s), 001/080 VUs, 39955 complete and 0 interrupted iterations
steady   [  17% ] 001/080 VUs  0m10.0s/1m0s  4000.00 iters/s

running (0m11.0s), 002/080 VUs, 43954 complete and 0 interrupted iterations
steady   [  18% ] 002/080 VUs  0m11.0s/1m0s  4000.00 iters/s

running (0m12.0s), 002/080 VUs, 47955 complete and 0 interrupted iterations
steady   [  20% ] 002/080 VUs  0m12.0s/1m0s  4000.00 iters/s

running (0m13.0s), 006/080 VUs, 51950 complete and 0 interrupted iterations
steady   [  22% ] 006/080 VUs  0m13.0s/1m0s  4000.00 iters/s

running (0m14.0s), 002/080 VUs, 55954 complete and 0 interrupted iterations
steady   [  23% ] 002/080 VUs  0m14.0s/1m0s  4000.00 iters/s

running (0m15.0s), 003/080 VUs, 59953 complete and 0 interrupted iterations
steady   [  25% ] 003/080 VUs  0m15.0s/1m0s  4000.00 iters/s

running (0m16.0s), 002/080 VUs, 63955 complete and 0 interrupted iterations
steady   [  27% ] 002/080 VUs  0m16.0s/1m0s  4000.00 iters/s

running (0m17.0s), 006/080 VUs, 67951 complete and 0 interrupted iterations
steady   [  28% ] 006/080 VUs  0m17.0s/1m0s  4000.00 iters/s

running (0m18.0s), 013/080 VUs, 71943 complete and 0 interrupted iterations
steady   [  30% ] 013/080 VUs  0m18.0s/1m0s  4000.00 iters/s

running (0m19.0s), 001/080 VUs, 75955 complete and 0 interrupted iterations
steady   [  32% ] 001/080 VUs  0m19.0s/1m0s  4000.00 iters/s

running (0m20.0s), 001/080 VUs, 79955 complete and 0 interrupted iterations
steady   [  33% ] 001/080 VUs  0m20.0s/1m0s  4000.00 iters/s

running (0m21.0s), 001/080 VUs, 83955 complete and 0 interrupted iterations
steady   [  35% ] 002/080 VUs  0m21.0s/1m0s  4000.00 iters/s

running (0m22.0s), 001/080 VUs, 87955 complete and 0 interrupted iterations
steady   [  37% ] 001/080 VUs  0m22.0s/1m0s  4000.00 iters/s

running (0m23.0s), 001/080 VUs, 91955 complete and 0 interrupted iterations
steady   [  38% ] 001/080 VUs  0m23.0s/1m0s  4000.00 iters/s

running (0m24.0s), 002/080 VUs, 95954 complete and 0 interrupted iterations
steady   [  40% ] 002/080 VUs  0m24.0s/1m0s  4000.00 iters/s

running (0m25.0s), 002/080 VUs, 99955 complete and 0 interrupted iterations
steady   [  42% ] 002/080 VUs  0m25.0s/1m0s  4000.00 iters/s

running (0m26.0s), 003/080 VUs, 103953 complete and 0 interrupted iterations
steady   [  43% ] 003/080 VUs  0m26.0s/1m0s  4000.00 iters/s

running (0m27.0s), 001/080 VUs, 107955 complete and 0 interrupted iterations
steady   [  45% ] 001/080 VUs  0m27.0s/1m0s  4000.00 iters/s

running (0m28.0s), 004/080 VUs, 111952 complete and 0 interrupted iterations
steady   [  47% ] 004/080 VUs  0m28.0s/1m0s  4000.00 iters/s

running (0m29.0s), 001/080 VUs, 115955 complete and 0 interrupted iterations
steady   [  48% ] 001/080 VUs  0m29.0s/1m0s  4000.00 iters/s

running (0m30.0s), 002/080 VUs, 119954 complete and 0 interrupted iterations
steady   [  50% ] 002/080 VUs  0m30.0s/1m0s  4000.00 iters/s

running (0m31.0s), 002/080 VUs, 123955 complete and 0 interrupted iterations
steady   [  52% ] 002/080 VUs  0m31.0s/1m0s  4000.00 iters/s

running (0m32.0s), 004/080 VUs, 127952 complete and 0 interrupted iterations
steady   [  53% ] 004/080 VUs  0m32.0s/1m0s  4000.00 iters/s

running (0m33.0s), 001/085 VUs, 131949 complete and 0 interrupted iterations
steady   [  55% ] 001/085 VUs  0m33.0s/1m0s  4000.00 iters/s

running (0m34.0s), 002/085 VUs, 135948 complete and 0 interrupted iterations
steady   [  57% ] 002/085 VUs  0m34.0s/1m0s  4000.00 iters/s

running (0m35.0s), 001/085 VUs, 139949 complete and 0 interrupted iterations
steady   [  58% ] 001/085 VUs  0m35.0s/1m0s  4000.00 iters/s

running (0m36.0s), 001/085 VUs, 143949 complete and 0 interrupted iterations
steady   [  60% ] 001/085 VUs  0m36.0s/1m0s  4000.00 iters/s

running (0m37.0s), 002/085 VUs, 147948 complete and 0 interrupted iterations
steady   [  62% ] 002/085 VUs  0m37.0s/1m0s  4000.00 iters/s

running (0m38.0s), 003/085 VUs, 151948 complete and 0 interrupted iterations
steady   [  63% ] 003/085 VUs  0m38.0s/1m0s  4000.00 iters/s

running (0m39.0s), 001/085 VUs, 155949 complete and 0 interrupted iterations
steady   [  65% ] 001/085 VUs  0m39.0s/1m0s  4000.00 iters/s

running (0m40.0s), 003/085 VUs, 159948 complete and 0 interrupted iterations
steady   [  67% ] 003/085 VUs  0m40.0s/1m0s  4000.00 iters/s

running (0m41.0s), 006/085 VUs, 163944 complete and 0 interrupted iterations
steady   [  68% ] 006/085 VUs  0m41.0s/1m0s  4000.00 iters/s

running (0m42.0s), 002/085 VUs, 167948 complete and 0 interrupted iterations
steady   [  70% ] 002/085 VUs  0m42.0s/1m0s  4000.00 iters/s

running (0m43.0s), 002/085 VUs, 171949 complete and 0 interrupted iterations
steady   [  72% ] 002/085 VUs  0m43.0s/1m0s  4000.00 iters/s

running (0m44.0s), 004/085 VUs, 175946 complete and 0 interrupted iterations
steady   [  73% ] 004/085 VUs  0m44.0s/1m0s  4000.00 iters/s

running (0m45.0s), 001/085 VUs, 179949 complete and 0 interrupted iterations
steady   [  75% ] 001/085 VUs  0m45.0s/1m0s  4000.00 iters/s

running (0m46.0s), 003/085 VUs, 183948 complete and 0 interrupted iterations
steady   [  77% ] 003/085 VUs  0m46.0s/1m0s  4000.00 iters/s

running (0m47.0s), 003/085 VUs, 187947 complete and 0 interrupted iterations
steady   [  78% ] 003/085 VUs  0m47.0s/1m0s  4000.00 iters/s

running (0m48.0s), 001/085 VUs, 191949 complete and 0 interrupted iterations
steady   [  80% ] 001/085 VUs  0m48.0s/1m0s  4000.00 iters/s

running (0m49.0s), 008/085 VUs, 195942 complete and 0 interrupted iterations
steady   [  82% ] 008/085 VUs  0m49.0s/1m0s  4000.00 iters/s

running (0m50.0s), 005/085 VUs, 199945 complete and 0 interrupted iterations
steady   [  83% ] 005/085 VUs  0m50.0s/1m0s  4000.00 iters/s

running (0m51.0s), 004/085 VUs, 203946 complete and 0 interrupted iterations
steady   [  85% ] 004/085 VUs  0m51.0s/1m0s  4000.00 iters/s

running (0m52.0s), 003/085 VUs, 207947 complete and 0 interrupted iterations
steady   [  87% ] 003/085 VUs  0m52.0s/1m0s  4000.00 iters/s

running (0m53.0s), 001/085 VUs, 211949 complete and 0 interrupted iterations
steady   [  88% ] 001/085 VUs  0m53.0s/1m0s  4000.00 iters/s

running (0m54.0s), 002/085 VUs, 215948 complete and 0 interrupted iterations
steady   [  90% ] 003/085 VUs  0m54.0s/1m0s  4000.00 iters/s

running (0m55.0s), 001/085 VUs, 219949 complete and 0 interrupted iterations
steady   [  92% ] 001/085 VUs  0m55.0s/1m0s  4000.00 iters/s

running (0m56.0s), 001/085 VUs, 223949 complete and 0 interrupted iterations
steady   [  93% ] 001/085 VUs  0m56.0s/1m0s  4000.00 iters/s

running (0m57.0s), 001/085 VUs, 227949 complete and 0 interrupted iterations
steady   [  95% ] 001/085 VUs  0m57.0s/1m0s  4000.00 iters/s

running (0m58.0s), 006/085 VUs, 231945 complete and 0 interrupted iterations
steady   [  97% ] 006/085 VUs  0m58.0s/1m0s  4000.00 iters/s

running (0m59.0s), 001/085 VUs, 235949 complete and 0 interrupted iterations
steady   [  98% ] 001/085 VUs  0m59.0s/1m0s  4000.00 iters/s

running (1m00.0s), 001/085 VUs, 239949 complete and 0 interrupted iterations
steady   [ 100% ] 001/085 VUs  1m00.0s/1m0s  4000.00 iters/s

  http_reqs                    239995 (3999.86/s)
  http_req_duration            med=0.41ms p95=1.58ms p99=2.72ms max=43.64ms
  http_req_waiting             p95=1.56ms
  http_req_failed              0.000%
  dropped_iterations           6
  vus_max                      85
  checks                       0 passed, 0 failed


running (1m00.0s), 000/085 VUs, 239995 complete and 0 interrupted iterations
steady ✓ [ 100% ] 000/085 VUs  1m0s  4000.00 iters/s
time="2026-07-25T15:59:55-07:00" level=error msg="thresholds on metrics 'dropped_iterations' have been crossed"
