
         /\      Grafana   /‾‾/  
    /\  /  \     |\  __   /  /   
   /  \/    \    | |/ /  /   ‾‾\ 
  /          \   |   (  |  (‾)  |
 / __________ \  |_|\_\  \_____/ 


     execution: local
        script: /Users/juancavallotti/Documents/development/octo-performance/scenarios/001-template-page/k6/steady.js
        output: -

     scenarios: (100.00%) 1 scenario, 16000 max VUs, 1m10s max duration (incl. graceful stop):
              * steady: 16000.00 iterations/s for 1m0s (maxVUs: 1600-16000, gracefulStop: 10s)


running (0m00.9s), 00002/01600 VUs, 14549 complete and 0 interrupted iterations
steady   [   2% ] 00002/01600 VUs  0m00.9s/1m0s  16000.00 iters/s

running (0m01.9s), 00001/01600 VUs, 30549 complete and 0 interrupted iterations
steady   [   3% ] 00001/01600 VUs  0m01.9s/1m0s  16000.00 iters/s

running (0m02.9s), 00002/01600 VUs, 46549 complete and 0 interrupted iterations
steady   [   5% ] 00003/01600 VUs  0m02.9s/1m0s  16000.00 iters/s

running (0m03.9s), 00004/01600 VUs, 62546 complete and 0 interrupted iterations
steady   [   7% ] 00003/01600 VUs  0m03.9s/1m0s  16000.00 iters/s

running (0m04.9s), 00001/01600 VUs, 78549 complete and 0 interrupted iterations
steady   [   8% ] 00001/01600 VUs  0m04.9s/1m0s  16000.00 iters/s

running (0m05.9s), 00002/01600 VUs, 94549 complete and 0 interrupted iterations
steady   [  10% ] 00002/01600 VUs  0m05.9s/1m0s  16000.00 iters/s

running (0m06.9s), 00003/01600 VUs, 110548 complete and 0 interrupted iterations
steady   [  12% ] 00003/01600 VUs  0m06.9s/1m0s  16000.00 iters/s

running (0m07.9s), 00002/01600 VUs, 126548 complete and 0 interrupted iterations
steady   [  13% ] 00002/01600 VUs  0m07.9s/1m0s  16000.00 iters/s

running (0m08.9s), 00000/01600 VUs, 142550 complete and 0 interrupted iterations
steady   [  15% ] 00001/01600 VUs  0m08.9s/1m0s  16000.00 iters/s

running (0m09.9s), 00001/01600 VUs, 158550 complete and 0 interrupted iterations
steady   [  17% ] 00001/01600 VUs  0m09.9s/1m0s  16000.00 iters/s

running (0m10.9s), 00002/01600 VUs, 174549 complete and 0 interrupted iterations
steady   [  18% ] 00002/01600 VUs  0m10.9s/1m0s  16000.00 iters/s

running (0m11.9s), 00002/01600 VUs, 190548 complete and 0 interrupted iterations
steady   [  20% ] 00002/01600 VUs  0m11.9s/1m0s  16000.00 iters/s

running (0m12.9s), 00003/01600 VUs, 206548 complete and 0 interrupted iterations
steady   [  22% ] 00003/01600 VUs  0m12.9s/1m0s  16000.00 iters/s

running (0m13.9s), 00002/01600 VUs, 222549 complete and 0 interrupted iterations
steady   [  23% ] 00002/01600 VUs  0m13.9s/1m0s  16000.00 iters/s

running (0m14.9s), 00001/01600 VUs, 238549 complete and 0 interrupted iterations
steady   [  25% ] 00001/01600 VUs  0m14.9s/1m0s  16000.00 iters/s

running (0m15.9s), 01145/01600 VUs, 251815 complete and 0 interrupted iterations
steady   [  27% ] 01150/01600 VUs  0m15.9s/1m0s  16000.00 iters/s

running (0m16.9s), 00002/01603 VUs, 268827 complete and 0 interrupted iterations
steady   [  28% ] 00001/01603 VUs  0m16.9s/1m0s  16000.00 iters/s

running (0m17.9s), 00002/01603 VUs, 284828 complete and 0 interrupted iterations
steady   [  30% ] 00002/01603 VUs  0m17.9s/1m0s  16000.00 iters/s

running (0m18.9s), 00002/01603 VUs, 300828 complete and 0 interrupted iterations
steady   [  32% ] 00002/01603 VUs  0m18.9s/1m0s  16000.00 iters/s

running (0m19.9s), 00001/01603 VUs, 316828 complete and 0 interrupted iterations
steady   [  33% ] 00001/01603 VUs  0m19.9s/1m0s  16000.00 iters/s

running (0m20.9s), 00001/01603 VUs, 332828 complete and 0 interrupted iterations
steady   [  35% ] 00001/01603 VUs  0m20.9s/1m0s  16000.00 iters/s

running (0m21.9s), 00002/01603 VUs, 348829 complete and 0 interrupted iterations
steady   [  37% ] 00002/01603 VUs  0m21.9s/1m0s  16000.00 iters/s

running (0m22.9s), 00002/01603 VUs, 364828 complete and 0 interrupted iterations
steady   [  38% ] 00002/01603 VUs  0m22.9s/1m0s  16000.00 iters/s

running (0m23.9s), 00004/01603 VUs, 380828 complete and 0 interrupted iterations
steady   [  40% ] 00004/01603 VUs  0m23.9s/1m0s  16000.00 iters/s

running (0m24.9s), 00002/01603 VUs, 396828 complete and 0 interrupted iterations
steady   [  42% ] 00002/01603 VUs  0m24.9s/1m0s  16000.00 iters/s

running (0m25.9s), 00002/01603 VUs, 412827 complete and 0 interrupted iterations
steady   [  43% ] 00002/01603 VUs  0m25.9s/1m0s  16000.00 iters/s

running (0m26.9s), 00103/01603 VUs, 428616 complete and 0 interrupted iterations
steady   [  45% ] 00103/01603 VUs  0m26.9s/1m0s  16000.00 iters/s

running (0m27.9s), 00001/01603 VUs, 444828 complete and 0 interrupted iterations
steady   [  47% ] 00001/01603 VUs  0m27.9s/1m0s  16000.00 iters/s

running (0m28.9s), 00002/01603 VUs, 460828 complete and 0 interrupted iterations
steady   [  48% ] 00002/01603 VUs  0m28.9s/1m0s  16000.00 iters/s

running (0m29.9s), 00003/01603 VUs, 476827 complete and 0 interrupted iterations
steady   [  50% ] 00002/01603 VUs  0m29.9s/1m0s  16000.00 iters/s

running (0m30.9s), 00887/01603 VUs, 489407 complete and 0 interrupted iterations
steady   [  52% ] 00887/01603 VUs  0m30.9s/1m0s  16000.00 iters/s

running (0m31.9s), 00001/01608 VUs, 506419 complete and 0 interrupted iterations
steady   [  53% ] 00001/01608 VUs  0m31.9s/1m0s  16000.00 iters/s

running (0m32.9s), 00003/01608 VUs, 522418 complete and 0 interrupted iterations
steady   [  55% ] 00003/01608 VUs  0m32.9s/1m0s  16000.00 iters/s

running (0m33.9s), 00007/01608 VUs, 538413 complete and 0 interrupted iterations
steady   [  57% ] 00007/01608 VUs  0m33.9s/1m0s  16000.00 iters/s

running (0m34.9s), 00002/01608 VUs, 554418 complete and 0 interrupted iterations
steady   [  58% ] 00002/01608 VUs  0m34.9s/1m0s  16000.00 iters/s

running (0m35.9s), 00358/01608 VUs, 570166 complete and 0 interrupted iterations
steady   [  60% ] 00358/01608 VUs  0m35.9s/1m0s  16000.00 iters/s

running (0m36.9s), 00003/01608 VUs, 586418 complete and 0 interrupted iterations
steady   [  62% ] 00003/01608 VUs  0m36.9s/1m0s  16000.00 iters/s

running (0m37.9s), 00002/01608 VUs, 602419 complete and 0 interrupted iterations
steady   [  63% ] 00002/01608 VUs  0m37.9s/1m0s  16000.00 iters/s

running (0m38.9s), 00002/01608 VUs, 618419 complete and 0 interrupted iterations
steady   [  65% ] 00002/01608 VUs  0m38.9s/1m0s  16000.00 iters/s

running (0m39.9s), 00004/01608 VUs, 634418 complete and 0 interrupted iterations
steady   [  67% ] 00004/01608 VUs  0m39.9s/1m0s  16000.00 iters/s

running (0m40.9s), 00001/01608 VUs, 650419 complete and 0 interrupted iterations
steady   [  68% ] 00001/01608 VUs  0m40.9s/1m0s  16000.00 iters/s

running (0m41.9s), 00001/01608 VUs, 666419 complete and 0 interrupted iterations
steady   [  70% ] 00001/01608 VUs  0m41.9s/1m0s  16000.00 iters/s

running (0m42.9s), 00002/01608 VUs, 682419 complete and 0 interrupted iterations
steady   [  72% ] 00002/01608 VUs  0m42.9s/1m0s  16000.00 iters/s

running (0m43.9s), 00002/01608 VUs, 698419 complete and 0 interrupted iterations
steady   [  73% ] 00002/01608 VUs  0m43.9s/1m0s  16000.00 iters/s

running (0m44.9s), 00003/01608 VUs, 714418 complete and 0 interrupted iterations
steady   [  75% ] 00003/01608 VUs  0m44.9s/1m0s  16000.00 iters/s

running (0m45.9s), 00582/01608 VUs, 729613 complete and 0 interrupted iterations
steady   [  77% ] 00583/01608 VUs  0m45.9s/1m0s  16000.00 iters/s

running (0m46.9s), 00001/01608 VUs, 746419 complete and 0 interrupted iterations
steady   [  78% ] 00002/01608 VUs  0m46.9s/1m0s  16000.00 iters/s

running (0m47.9s), 00002/01608 VUs, 762419 complete and 0 interrupted iterations
steady   [  80% ] 00002/01608 VUs  0m47.9s/1m0s  16000.00 iters/s

running (0m48.9s), 00003/01608 VUs, 778417 complete and 0 interrupted iterations
steady   [  82% ] 00003/01608 VUs  0m48.9s/1m0s  16000.00 iters/s

running (0m49.9s), 00002/01608 VUs, 794419 complete and 0 interrupted iterations
steady   [  83% ] 00002/01608 VUs  0m49.9s/1m0s  16000.00 iters/s

running (0m50.9s), 00002/01608 VUs, 810418 complete and 0 interrupted iterations
steady   [  85% ] 00002/01608 VUs  0m50.9s/1m0s  16000.00 iters/s

running (0m51.9s), 00005/01608 VUs, 826417 complete and 0 interrupted iterations
steady   [  87% ] 00005/01608 VUs  0m51.9s/1m0s  16000.00 iters/s

running (0m52.9s), 00002/01608 VUs, 842419 complete and 0 interrupted iterations
steady   [  88% ] 00002/01608 VUs  0m52.9s/1m0s  16000.00 iters/s

running (0m53.9s), 00002/01608 VUs, 858419 complete and 0 interrupted iterations
steady   [  90% ] 00002/01608 VUs  0m53.9s/1m0s  16000.00 iters/s

running (0m54.9s), 00001/01608 VUs, 874420 complete and 0 interrupted iterations
steady   [  92% ] 00002/01608 VUs  0m54.9s/1m0s  16000.00 iters/s

running (0m55.9s), 00002/01608 VUs, 890419 complete and 0 interrupted iterations
steady   [  93% ] 00002/01608 VUs  0m55.9s/1m0s  16000.00 iters/s

running (0m56.9s), 00002/01608 VUs, 906418 complete and 0 interrupted iterations
steady   [  95% ] 00002/01608 VUs  0m56.9s/1m0s  16000.00 iters/s

running (0m57.9s), 00001/01608 VUs, 922420 complete and 0 interrupted iterations
steady   [  97% ] 00001/01608 VUs  0m57.9s/1m0s  16000.00 iters/s

running (0m58.9s), 00001/01608 VUs, 938420 complete and 0 interrupted iterations
steady   [  98% ] 00001/01608 VUs  0m58.9s/1m0s  16000.00 iters/s

running (0m59.9s), 00002/01608 VUs, 954419 complete and 0 interrupted iterations
steady   [ 100% ] 00001/01608 VUs  0m59.9s/1m0s  16000.00 iters/s

  http_reqs                    955871 (15930.54/s)
  http_req_duration            med=0.10ms p95=2.42ms p99=25.31ms max=280.23ms
  http_req_waiting             p95=2.00ms
  http_req_failed              0.000%
  dropped_iterations           4130
  vus_max                      1608
  checks                       0 passed, 0 failed


running (1m00.0s), 00000/01608 VUs, 955871 complete and 0 interrupted iterations
steady ✓ [ 100% ] 00000/01608 VUs  1m0s  16000.00 iters/s
time="2026-07-25T11:36:46-07:00" level=error msg="thresholds on metrics 'dropped_iterations' have been crossed"
