
         /\      Grafana   /‾‾/  
    /\  /  \     |\  __   /  /   
   /  \/    \    | |/ /  /   ‾‾\ 
  /          \   |   (  |  (‾)  |
 / __________ \  |_|\_\  \_____/ 


     execution: local
        script: /Users/juancavallotti/Documents/development/octo-performance/scenarios/001-template-page/k6/steady.js
        output: -

     scenarios: (100.00%) 1 scenario, 16000 max VUs, 1m10s max duration (incl. graceful stop):
              * steady: 16000.00 iterations/s for 1m0s (maxVUs: 1600-16000, gracefulStop: 10s)


running (0m00.9s), 00011/01600 VUs, 14413 complete and 0 interrupted iterations
steady   [   2% ] 00011/01600 VUs  0m00.9s/1m0s  16000.00 iters/s

running (0m01.9s), 00013/01600 VUs, 30412 complete and 0 interrupted iterations
steady   [   3% ] 00013/01600 VUs  0m01.9s/1m0s  16000.00 iters/s

running (0m02.9s), 00008/01600 VUs, 46418 complete and 0 interrupted iterations
steady   [   5% ] 00008/01600 VUs  0m02.9s/1m0s  16000.00 iters/s

running (0m03.9s), 00011/01600 VUs, 62414 complete and 0 interrupted iterations
steady   [   7% ] 00011/01600 VUs  0m03.9s/1m0s  16000.00 iters/s

running (0m04.9s), 00008/01600 VUs, 78415 complete and 0 interrupted iterations
steady   [   8% ] 00008/01600 VUs  0m04.9s/1m0s  16000.00 iters/s

running (0m05.9s), 00010/01600 VUs, 94414 complete and 0 interrupted iterations
steady   [  10% ] 00010/01600 VUs  0m05.9s/1m0s  16000.00 iters/s

running (0m06.9s), 00009/01600 VUs, 110415 complete and 0 interrupted iterations
steady   [  12% ] 00009/01600 VUs  0m06.9s/1m0s  16000.00 iters/s

running (0m07.9s), 00011/01600 VUs, 126414 complete and 0 interrupted iterations
steady   [  13% ] 00011/01600 VUs  0m07.9s/1m0s  16000.00 iters/s

running (0m08.9s), 00016/01600 VUs, 142409 complete and 0 interrupted iterations
steady   [  15% ] 00016/01600 VUs  0m08.9s/1m0s  16000.00 iters/s

running (0m09.9s), 00015/01600 VUs, 158412 complete and 0 interrupted iterations
steady   [  17% ] 00015/01600 VUs  0m09.9s/1m0s  16000.00 iters/s

running (0m10.9s), 00008/01600 VUs, 174415 complete and 0 interrupted iterations
steady   [  18% ] 00008/01600 VUs  0m10.9s/1m0s  16000.00 iters/s

running (0m11.9s), 00007/01600 VUs, 190419 complete and 0 interrupted iterations
steady   [  20% ] 00007/01600 VUs  0m11.9s/1m0s  16000.00 iters/s

running (0m12.9s), 00045/01600 VUs, 206394 complete and 0 interrupted iterations
steady   [  22% ] 00045/01600 VUs  0m12.9s/1m0s  16000.00 iters/s

running (0m13.9s), 00006/01600 VUs, 222418 complete and 0 interrupted iterations
steady   [  23% ] 00005/01600 VUs  0m13.9s/1m0s  16000.00 iters/s

running (0m14.9s), 00014/01600 VUs, 238412 complete and 0 interrupted iterations
steady   [  25% ] 00015/01600 VUs  0m14.9s/1m0s  16000.00 iters/s

running (0m15.9s), 00008/01600 VUs, 254417 complete and 0 interrupted iterations
steady   [  27% ] 00008/01600 VUs  0m15.9s/1m0s  16000.00 iters/s

running (0m16.9s), 00008/01600 VUs, 270417 complete and 0 interrupted iterations
steady   [  28% ] 00008/01600 VUs  0m16.9s/1m0s  16000.00 iters/s

running (0m17.9s), 00024/01600 VUs, 286408 complete and 0 interrupted iterations
steady   [  30% ] 00024/01600 VUs  0m17.9s/1m0s  16000.00 iters/s

running (0m18.9s), 00016/01600 VUs, 302407 complete and 0 interrupted iterations
steady   [  32% ] 00016/01600 VUs  0m18.9s/1m0s  16000.00 iters/s

running (0m19.9s), 00009/01600 VUs, 318415 complete and 0 interrupted iterations
steady   [  33% ] 00009/01600 VUs  0m19.9s/1m0s  16000.00 iters/s

running (0m20.9s), 00008/01600 VUs, 334416 complete and 0 interrupted iterations
steady   [  35% ] 00008/01600 VUs  0m20.9s/1m0s  16000.00 iters/s

running (0m21.9s), 00008/01600 VUs, 350416 complete and 0 interrupted iterations
steady   [  37% ] 00009/01600 VUs  0m21.9s/1m0s  16000.00 iters/s

running (0m22.9s), 00008/01600 VUs, 366416 complete and 0 interrupted iterations
steady   [  38% ] 00008/01600 VUs  0m22.9s/1m0s  16000.00 iters/s

running (0m23.9s), 00007/01600 VUs, 382417 complete and 0 interrupted iterations
steady   [  40% ] 00007/01600 VUs  0m23.9s/1m0s  16000.00 iters/s

running (0m24.9s), 00008/01600 VUs, 398418 complete and 0 interrupted iterations
steady   [  42% ] 00008/01600 VUs  0m24.9s/1m0s  16000.00 iters/s

running (0m25.9s), 00008/01600 VUs, 414417 complete and 0 interrupted iterations
steady   [  43% ] 00008/01600 VUs  0m25.9s/1m0s  16000.00 iters/s

running (0m26.9s), 00010/01600 VUs, 430414 complete and 0 interrupted iterations
steady   [  45% ] 00010/01600 VUs  0m26.9s/1m0s  16000.00 iters/s

running (0m27.9s), 00017/01600 VUs, 446407 complete and 0 interrupted iterations
steady   [  47% ] 00017/01600 VUs  0m27.9s/1m0s  16000.00 iters/s

running (0m28.9s), 00008/01600 VUs, 462416 complete and 0 interrupted iterations
steady   [  48% ] 00008/01600 VUs  0m28.9s/1m0s  16000.00 iters/s

running (0m29.9s), 00013/01600 VUs, 478412 complete and 0 interrupted iterations
steady   [  50% ] 00011/01600 VUs  0m29.9s/1m0s  16000.00 iters/s

running (0m30.9s), 00007/01600 VUs, 494416 complete and 0 interrupted iterations
steady   [  52% ] 00007/01600 VUs  0m30.9s/1m0s  16000.00 iters/s

running (0m31.9s), 00009/01600 VUs, 510415 complete and 0 interrupted iterations
steady   [  53% ] 00009/01600 VUs  0m31.9s/1m0s  16000.00 iters/s

running (0m32.9s), 00013/01600 VUs, 526413 complete and 0 interrupted iterations
steady   [  55% ] 00013/01600 VUs  0m32.9s/1m0s  16000.00 iters/s

running (0m33.9s), 00548/01600 VUs, 541112 complete and 0 interrupted iterations
steady   [  57% ] 00547/01600 VUs  0m33.9s/1m0s  16000.00 iters/s

running (0m34.9s), 00012/01601 VUs, 558133 complete and 0 interrupted iterations
steady   [  58% ] 00012/01601 VUs  0m34.9s/1m0s  16000.00 iters/s

running (0m35.9s), 00009/01601 VUs, 574136 complete and 0 interrupted iterations
steady   [  60% ] 00009/01601 VUs  0m35.9s/1m0s  16000.00 iters/s

running (0m36.9s), 00009/01601 VUs, 590134 complete and 0 interrupted iterations
steady   [  62% ] 00009/01601 VUs  0m36.9s/1m0s  16000.00 iters/s

running (0m37.9s), 00011/01601 VUs, 606132 complete and 0 interrupted iterations
steady   [  63% ] 00011/01601 VUs  0m37.9s/1m0s  16000.00 iters/s

running (0m38.9s), 00023/01601 VUs, 622119 complete and 0 interrupted iterations
steady   [  65% ] 00023/01601 VUs  0m38.9s/1m0s  16000.00 iters/s

running (0m39.9s), 00010/01601 VUs, 638133 complete and 0 interrupted iterations
steady   [  67% ] 00010/01601 VUs  0m39.9s/1m0s  16000.00 iters/s

running (0m40.9s), 00012/01601 VUs, 654132 complete and 0 interrupted iterations
steady   [  68% ] 00012/01601 VUs  0m40.9s/1m0s  16000.00 iters/s

running (0m41.9s), 00012/01601 VUs, 670131 complete and 0 interrupted iterations
steady   [  70% ] 00012/01601 VUs  0m41.9s/1m0s  16000.00 iters/s

running (0m42.9s), 00013/01601 VUs, 686131 complete and 0 interrupted iterations
steady   [  72% ] 00013/01601 VUs  0m42.9s/1m0s  16000.00 iters/s

running (0m43.9s), 00007/01601 VUs, 702136 complete and 0 interrupted iterations
steady   [  73% ] 00007/01601 VUs  0m43.9s/1m0s  16000.00 iters/s

running (0m44.9s), 00023/01645 VUs, 717521 complete and 0 interrupted iterations
steady   [  75% ] 00023/01645 VUs  0m44.9s/1m0s  16000.00 iters/s

running (0m45.9s), 00009/01645 VUs, 733536 complete and 0 interrupted iterations
steady   [  77% ] 00010/01645 VUs  0m45.9s/1m0s  16000.00 iters/s

running (0m46.9s), 00099/01645 VUs, 749470 complete and 0 interrupted iterations
steady   [  78% ] 00099/01645 VUs  0m46.9s/1m0s  16000.00 iters/s

running (0m47.9s), 00010/01645 VUs, 765535 complete and 0 interrupted iterations
steady   [  80% ] 00010/01645 VUs  0m47.9s/1m0s  16000.00 iters/s

running (0m48.9s), 00008/01645 VUs, 781537 complete and 0 interrupted iterations
steady   [  82% ] 00008/01645 VUs  0m48.9s/1m0s  16000.00 iters/s

running (0m49.9s), 00008/01645 VUs, 797536 complete and 0 interrupted iterations
steady   [  83% ] 00008/01645 VUs  0m49.9s/1m0s  16000.00 iters/s

running (0m50.9s), 00010/01645 VUs, 813535 complete and 0 interrupted iterations
steady   [  85% ] 00010/01645 VUs  0m50.9s/1m0s  16000.00 iters/s

running (0m51.9s), 00010/01645 VUs, 829537 complete and 0 interrupted iterations
steady   [  87% ] 00010/01645 VUs  0m51.9s/1m0s  16000.00 iters/s

running (0m52.9s), 00017/01645 VUs, 845530 complete and 0 interrupted iterations
steady   [  88% ] 00017/01645 VUs  0m52.9s/1m0s  16000.00 iters/s

running (0m53.9s), 00009/01645 VUs, 861537 complete and 0 interrupted iterations
steady   [  90% ] 00009/01645 VUs  0m53.9s/1m0s  16000.00 iters/s

running (0m54.9s), 00008/01645 VUs, 877537 complete and 0 interrupted iterations
steady   [  92% ] 00008/01645 VUs  0m54.9s/1m0s  16000.00 iters/s

running (0m55.9s), 00008/01645 VUs, 893538 complete and 0 interrupted iterations
steady   [  93% ] 00008/01645 VUs  0m55.9s/1m0s  16000.00 iters/s

running (0m56.9s), 00009/01645 VUs, 909536 complete and 0 interrupted iterations
steady   [  95% ] 00009/01645 VUs  0m56.9s/1m0s  16000.00 iters/s

running (0m57.9s), 00007/01645 VUs, 925539 complete and 0 interrupted iterations
steady   [  97% ] 00007/01645 VUs  0m57.9s/1m0s  16000.00 iters/s

running (0m58.9s), 00013/01645 VUs, 941532 complete and 0 interrupted iterations
steady   [  98% ] 00013/01645 VUs  0m58.9s/1m0s  16000.00 iters/s

running (0m59.9s), 00014/01645 VUs, 957532 complete and 0 interrupted iterations
steady   [ 100% ] 00014/01645 VUs  0m59.9s/1m0s  16000.00 iters/s

  http_reqs                    959122 (15984.56/s)
  http_req_duration            med=0.57ms p95=5.14ms p99=31.86ms max=1002.46ms
  http_req_waiting             p95=4.99ms
  http_req_failed              0.000%
  dropped_iterations           879
  vus_max                      1645
  checks                       0 passed, 0 failed


running (1m00.0s), 00000/01645 VUs, 959122 complete and 0 interrupted iterations
steady ✓ [ 100% ] 00000/01645 VUs  1m0s  16000.00 iters/s
time="2026-07-26T14:02:26-07:00" level=error msg="thresholds on metrics 'dropped_iterations' have been crossed"
