
         /\      Grafana   /‾‾/  
    /\  /  \     |\  __   /  /   
   /  \/    \    | |/ /  /   ‾‾\ 
  /          \   |   (  |  (‾)  |
 / __________ \  |_|\_\  \_____/ 


     execution: local
        script: /Users/juancavallotti/Documents/development/octo-performance/scenarios/001-template-page/k6/steady.js
        output: -

     scenarios: (100.00%) 1 scenario, 16000 max VUs, 1m10s max duration (incl. graceful stop):
              * steady: 16000.00 iterations/s for 1m0s (maxVUs: 1600-16000, gracefulStop: 10s)


running (0m00.9s), 00003/01600 VUs, 14380 complete and 0 interrupted iterations
steady   [   1% ] 00003/01600 VUs  0m00.9s/1m0s  16000.00 iters/s

running (0m01.9s), 00001/01600 VUs, 30381 complete and 0 interrupted iterations
steady   [   3% ] 00001/01600 VUs  0m01.9s/1m0s  16000.00 iters/s

running (0m02.9s), 00005/01600 VUs, 46377 complete and 0 interrupted iterations
steady   [   5% ] 00005/01600 VUs  0m02.9s/1m0s  16000.00 iters/s

running (0m03.9s), 00002/01600 VUs, 62381 complete and 0 interrupted iterations
steady   [   6% ] 00002/01600 VUs  0m03.9s/1m0s  16000.00 iters/s

running (0m04.9s), 00001/01600 VUs, 78382 complete and 0 interrupted iterations
steady   [   8% ] 00001/01600 VUs  0m04.9s/1m0s  16000.00 iters/s

running (0m05.9s), 00002/01600 VUs, 94381 complete and 0 interrupted iterations
steady   [  10% ] 00002/01600 VUs  0m05.9s/1m0s  16000.00 iters/s

running (0m06.9s), 00001/01600 VUs, 110381 complete and 0 interrupted iterations
steady   [  11% ] 00001/01600 VUs  0m06.9s/1m0s  16000.00 iters/s

running (0m07.9s), 00001/01600 VUs, 126381 complete and 0 interrupted iterations
steady   [  13% ] 00002/01600 VUs  0m07.9s/1m0s  16000.00 iters/s

running (0m08.9s), 00001/01600 VUs, 142381 complete and 0 interrupted iterations
steady   [  15% ] 00001/01600 VUs  0m08.9s/1m0s  16000.00 iters/s

running (0m09.9s), 00001/01600 VUs, 158381 complete and 0 interrupted iterations
steady   [  16% ] 00001/01600 VUs  0m09.9s/1m0s  16000.00 iters/s

running (0m10.9s), 00001/01600 VUs, 174382 complete and 0 interrupted iterations
steady   [  18% ] 00001/01600 VUs  0m10.9s/1m0s  16000.00 iters/s

running (0m11.9s), 00002/01600 VUs, 190380 complete and 0 interrupted iterations
steady   [  20% ] 00002/01600 VUs  0m11.9s/1m0s  16000.00 iters/s

running (0m12.9s), 00002/01600 VUs, 206379 complete and 0 interrupted iterations
steady   [  21% ] 00002/01600 VUs  0m12.9s/1m0s  16000.00 iters/s

running (0m13.9s), 00002/01600 VUs, 222380 complete and 0 interrupted iterations
steady   [  23% ] 00001/01600 VUs  0m13.9s/1m0s  16000.00 iters/s

running (0m14.9s), 00002/01600 VUs, 238381 complete and 0 interrupted iterations
steady   [  25% ] 00002/01600 VUs  0m14.9s/1m0s  16000.00 iters/s

running (0m15.9s), 00001/01600 VUs, 254381 complete and 0 interrupted iterations
steady   [  26% ] 00001/01600 VUs  0m15.9s/1m0s  16000.00 iters/s

running (0m16.9s), 00005/01600 VUs, 270380 complete and 0 interrupted iterations
steady   [  28% ] 00005/01600 VUs  0m16.9s/1m0s  16000.00 iters/s

running (0m17.9s), 00001/01600 VUs, 286381 complete and 0 interrupted iterations
steady   [  30% ] 00001/01600 VUs  0m17.9s/1m0s  16000.00 iters/s

running (0m18.9s), 00002/01600 VUs, 302379 complete and 0 interrupted iterations
steady   [  31% ] 00002/01600 VUs  0m18.9s/1m0s  16000.00 iters/s

running (0m19.9s), 00009/01600 VUs, 318373 complete and 0 interrupted iterations
steady   [  33% ] 00009/01600 VUs  0m19.9s/1m0s  16000.00 iters/s

running (0m20.9s), 00002/01600 VUs, 334381 complete and 0 interrupted iterations
steady   [  35% ] 00002/01600 VUs  0m20.9s/1m0s  16000.00 iters/s

running (0m21.9s), 00002/01600 VUs, 350380 complete and 0 interrupted iterations
steady   [  36% ] 00003/01600 VUs  0m21.9s/1m0s  16000.00 iters/s

running (0m22.9s), 00002/01600 VUs, 366380 complete and 0 interrupted iterations
steady   [  38% ] 00002/01600 VUs  0m22.9s/1m0s  16000.00 iters/s

running (0m23.9s), 00002/01600 VUs, 382380 complete and 0 interrupted iterations
steady   [  40% ] 00002/01600 VUs  0m23.9s/1m0s  16000.00 iters/s

running (0m24.9s), 00002/01600 VUs, 398381 complete and 0 interrupted iterations
steady   [  41% ] 00002/01600 VUs  0m24.9s/1m0s  16000.00 iters/s

running (0m25.9s), 00001/01600 VUs, 414381 complete and 0 interrupted iterations
steady   [  43% ] 00001/01600 VUs  0m25.9s/1m0s  16000.00 iters/s

running (0m26.9s), 00001/01600 VUs, 430381 complete and 0 interrupted iterations
steady   [  45% ] 00001/01600 VUs  0m26.9s/1m0s  16000.00 iters/s

running (0m27.9s), 00001/01600 VUs, 446382 complete and 0 interrupted iterations
steady   [  46% ] 00001/01600 VUs  0m27.9s/1m0s  16000.00 iters/s

running (0m28.9s), 00001/01600 VUs, 462381 complete and 0 interrupted iterations
steady   [  48% ] 00001/01600 VUs  0m28.9s/1m0s  16000.00 iters/s

running (0m29.9s), 00003/01600 VUs, 478377 complete and 0 interrupted iterations
steady   [  50% ] 00003/01600 VUs  0m29.9s/1m0s  16000.00 iters/s

running (0m30.9s), 00001/01600 VUs, 494381 complete and 0 interrupted iterations
steady   [  51% ] 00001/01600 VUs  0m30.9s/1m0s  16000.00 iters/s

running (0m31.9s), 00001/01600 VUs, 510381 complete and 0 interrupted iterations
steady   [  53% ] 00001/01600 VUs  0m31.9s/1m0s  16000.00 iters/s

running (0m32.9s), 00002/01600 VUs, 526380 complete and 0 interrupted iterations
steady   [  55% ] 00002/01600 VUs  0m32.9s/1m0s  16000.00 iters/s

running (0m33.9s), 00002/01600 VUs, 542380 complete and 0 interrupted iterations
steady   [  56% ] 00002/01600 VUs  0m33.9s/1m0s  16000.00 iters/s

running (0m34.9s), 00001/01600 VUs, 558381 complete and 0 interrupted iterations
steady   [  58% ] 00001/01600 VUs  0m34.9s/1m0s  16000.00 iters/s

running (0m35.9s), 00006/01600 VUs, 574376 complete and 0 interrupted iterations
steady   [  60% ] 00005/01600 VUs  0m35.9s/1m0s  16000.00 iters/s

running (0m36.9s), 00001/01600 VUs, 590381 complete and 0 interrupted iterations
steady   [  61% ] 00002/01600 VUs  0m36.9s/1m0s  16000.00 iters/s

running (0m37.9s), 00001/01600 VUs, 606381 complete and 0 interrupted iterations
steady   [  63% ] 00001/01600 VUs  0m37.9s/1m0s  16000.00 iters/s

running (0m38.9s), 00001/01600 VUs, 622381 complete and 0 interrupted iterations
steady   [  65% ] 00001/01600 VUs  0m38.9s/1m0s  16000.00 iters/s

running (0m39.9s), 00002/01600 VUs, 638382 complete and 0 interrupted iterations
steady   [  66% ] 00002/01600 VUs  0m39.9s/1m0s  16000.00 iters/s

running (0m40.9s), 00001/01600 VUs, 654381 complete and 0 interrupted iterations
steady   [  68% ] 00001/01600 VUs  0m40.9s/1m0s  16000.00 iters/s

running (0m41.9s), 00001/01600 VUs, 670381 complete and 0 interrupted iterations
steady   [  70% ] 00001/01600 VUs  0m41.9s/1m0s  16000.00 iters/s

running (0m42.9s), 00001/01600 VUs, 686381 complete and 0 interrupted iterations
steady   [  71% ] 00001/01600 VUs  0m42.9s/1m0s  16000.00 iters/s

running (0m43.9s), 00002/01600 VUs, 702381 complete and 0 interrupted iterations
steady   [  73% ] 00002/01600 VUs  0m43.9s/1m0s  16000.00 iters/s

running (0m44.9s), 00001/01600 VUs, 718382 complete and 0 interrupted iterations
steady   [  75% ] 00001/01600 VUs  0m44.9s/1m0s  16000.00 iters/s

running (0m45.9s), 00002/01600 VUs, 734381 complete and 0 interrupted iterations
steady   [  76% ] 00002/01600 VUs  0m45.9s/1m0s  16000.00 iters/s

running (0m46.9s), 00002/01600 VUs, 750380 complete and 0 interrupted iterations
steady   [  78% ] 00002/01600 VUs  0m46.9s/1m0s  16000.00 iters/s

running (0m47.9s), 00002/01600 VUs, 766381 complete and 0 interrupted iterations
steady   [  80% ] 00002/01600 VUs  0m47.9s/1m0s  16000.00 iters/s

running (0m48.9s), 00002/01600 VUs, 782380 complete and 0 interrupted iterations
steady   [  81% ] 00003/01600 VUs  0m48.9s/1m0s  16000.00 iters/s

running (0m49.9s), 00004/01600 VUs, 798377 complete and 0 interrupted iterations
steady   [  83% ] 00004/01600 VUs  0m49.9s/1m0s  16000.00 iters/s

running (0m50.9s), 00001/01600 VUs, 814381 complete and 0 interrupted iterations
steady   [  85% ] 00001/01600 VUs  0m50.9s/1m0s  16000.00 iters/s

running (0m51.9s), 00001/01600 VUs, 830381 complete and 0 interrupted iterations
steady   [  86% ] 00001/01600 VUs  0m51.9s/1m0s  16000.00 iters/s

running (0m52.9s), 00002/01600 VUs, 846381 complete and 0 interrupted iterations
steady   [  88% ] 00002/01600 VUs  0m52.9s/1m0s  16000.00 iters/s

running (0m53.9s), 00001/01600 VUs, 862381 complete and 0 interrupted iterations
steady   [  90% ] 00001/01600 VUs  0m53.9s/1m0s  16000.00 iters/s

running (0m54.9s), 00002/01600 VUs, 878379 complete and 0 interrupted iterations
steady   [  91% ] 00002/01600 VUs  0m54.9s/1m0s  16000.00 iters/s

running (0m55.9s), 00002/01600 VUs, 894381 complete and 0 interrupted iterations
steady   [  93% ] 00002/01600 VUs  0m55.9s/1m0s  16000.00 iters/s

running (0m56.9s), 00002/01600 VUs, 910379 complete and 0 interrupted iterations
steady   [  95% ] 00001/01600 VUs  0m56.9s/1m0s  16000.00 iters/s

running (0m57.9s), 00002/01600 VUs, 926380 complete and 0 interrupted iterations
steady   [  96% ] 00002/01600 VUs  0m57.9s/1m0s  16000.00 iters/s

running (0m58.9s), 00004/01600 VUs, 942379 complete and 0 interrupted iterations
steady   [  98% ] 00003/01600 VUs  0m58.9s/1m0s  16000.00 iters/s

running (0m59.9s), 00002/01600 VUs, 958380 complete and 0 interrupted iterations
steady   [ 100% ] 00002/01600 VUs  0m59.9s/1m0s  16000.00 iters/s

  http_reqs                    960003 (15999.35/s)
  http_req_duration            med=0.10ms p95=0.27ms p99=1.91ms max=130.63ms
  http_req_waiting             p95=0.22ms
  http_req_failed              0.000%
  dropped_iterations           0
  vus_max                      1600
  checks                       0 passed, 0 failed


running (1m00.0s), 00000/01600 VUs, 960003 complete and 0 interrupted iterations
steady ✓ [ 100% ] 00000/01600 VUs  1m0s  16000.00 iters/s
