
         /\      Grafana   /‾‾/  
    /\  /  \     |\  __   /  /   
   /  \/    \    | |/ /  /   ‾‾\ 
  /          \   |   (  |  (‾)  |
 / __________ \  |_|\_\  \_____/ 


     execution: local
        script: /Users/juancavallotti/Documents/development/octo-performance/scenarios/001-template-page/k6/steady.js
        output: -

     scenarios: (100.00%) 1 scenario, 4800 max VUs, 30s max duration (incl. graceful stop):
              * steady: 24000.00 iterations/s for 20s (maxVUs: 480-4800, gracefulStop: 10s)


running (01.0s), 0003/0483 VUs, 23130 complete and 0 interrupted iterations
steady   [   5% ] 0002/0483 VUs  01.0s/20s  24000.00 iters/s

running (02.0s), 0090/0483 VUs, 47041 complete and 0 interrupted iterations
steady   [  10% ] 0090/0483 VUs  02.0s/20s  24000.00 iters/s

running (03.0s), 0003/0483 VUs, 71131 complete and 0 interrupted iterations
steady   [  15% ] 0003/0483 VUs  03.0s/20s  24000.00 iters/s

running (04.0s), 0003/0493 VUs, 94918 complete and 0 interrupted iterations
steady   [  20% ] 0003/0493 VUs  04.0s/20s  24000.00 iters/s

running (05.0s), 0003/0493 VUs, 118918 complete and 0 interrupted iterations
steady   [  25% ] 0002/0493 VUs  05.0s/20s  24000.00 iters/s

running (06.0s), 0004/0493 VUs, 142918 complete and 0 interrupted iterations
steady   [  30% ] 0004/0493 VUs  06.0s/20s  24000.00 iters/s

running (07.0s), 0004/0493 VUs, 166919 complete and 0 interrupted iterations
steady   [  35% ] 0004/0493 VUs  07.0s/20s  24000.00 iters/s

running (08.0s), 0006/0496 VUs, 190518 complete and 0 interrupted iterations
steady   [  40% ] 0006/0496 VUs  08.0s/20s  24000.00 iters/s

running (09.0s), 0003/0496 VUs, 214521 complete and 0 interrupted iterations
steady   [  45% ] 0003/0496 VUs  09.0s/20s  24000.00 iters/s

running (10.0s), 0158/0496 VUs, 238299 complete and 0 interrupted iterations
steady   [  50% ] 0158/0496 VUs  10.0s/20s  24000.00 iters/s

running (11.0s), 0001/0498 VUs, 262433 complete and 0 interrupted iterations
steady   [  55% ] 0001/0498 VUs  11.0s/20s  24000.00 iters/s

running (12.0s), 0005/0509 VUs, 286000 complete and 0 interrupted iterations
steady   [  60% ] 0005/0509 VUs  12.0s/20s  24000.00 iters/s

running (13.0s), 0015/0516 VUs, 309778 complete and 0 interrupted iterations
steady   [  65% ] 0015/0516 VUs  13.0s/20s  24000.00 iters/s

running (14.0s), 0015/0543 VUs, 331861 complete and 0 interrupted iterations
steady   [  70% ] 0015/0543 VUs  14.0s/20s  24000.00 iters/s

running (15.0s), 0082/0543 VUs, 355801 complete and 0 interrupted iterations
steady   [  75% ] 0082/0543 VUs  15.0s/20s  24000.00 iters/s

running (16.0s), 0003/0587 VUs, 378184 complete and 0 interrupted iterations
steady   [  80% ] 0003/0587 VUs  16.0s/20s  24000.00 iters/s

running (17.0s), 0005/0600 VUs, 401963 complete and 0 interrupted iterations
steady   [  85% ] 0005/0600 VUs  17.0s/20s  24000.00 iters/s

running (18.0s), 0014/0627 VUs, 425062 complete and 0 interrupted iterations
steady   [  90% ] 0014/0627 VUs  18.0s/20s  24000.00 iters/s

running (19.0s), 0003/0627 VUs, 449074 complete and 0 interrupted iterations
steady   [  95% ] 0003/0627 VUs  19.0s/20s  24000.00 iters/s

running (20.0s), 0003/0645 VUs, 472540 complete and 0 interrupted iterations
steady   [ 100% ] 0003/0645 VUs  20.0s/20s  24000.00 iters/s

  http_reqs                    473324 (23663.52/s)
  http_req_duration            med=0.11ms p95=5.51ms p99=29.49ms max=146.60ms
  http_req_waiting             p95=4.86ms
  http_req_failed              0.000%
  dropped_iterations           6683
  vus_max                      645
  checks                       0 passed, 0 failed


running (20.0s), 0000/0645 VUs, 473324 complete and 0 interrupted iterations
steady ✓ [ 100% ] 0000/0645 VUs  20s  24000.00 iters/s
time="2026-07-25T10:57:13-07:00" level=error msg="thresholds on metrics 'dropped_iterations' have been crossed"
