
         /\      Grafana   /‾‾/  
    /\  /  \     |\  __   /  /   
   /  \/    \    | |/ /  /   ‾‾\ 
  /          \   |   (  |  (‾)  |
 / __________ \  |_|\_\  \_____/ 


     execution: local
        script: /Users/juancavallotti/Documents/development/octo-performance/scenarios/001-template-page/k6/steady.js
        output: -

     scenarios: (100.00%) 1 scenario, 4800 max VUs, 30s max duration (incl. graceful stop):
              * steady: 24000.00 iterations/s for 20s (maxVUs: 480-4800, gracefulStop: 10s)


running (00.9s), 0600/0633 VUs, 19680 complete and 0 interrupted iterations
steady   [   5% ] 0600/0633 VUs  00.9s/20s  24000.00 iters/s

running (01.9s), 0732/0936 VUs, 36681 complete and 0 interrupted iterations
steady   [  10% ] 0734/0936 VUs  01.9s/20s  24000.00 iters/s

running (02.9s), 1086/1087 VUs, 58632 complete and 0 interrupted iterations
steady   [  15% ] 1086/1087 VUs  02.9s/20s  24000.00 iters/s

running (03.9s), 0737/1167 VUs, 81964 complete and 0 interrupted iterations
steady   [  20% ] 0737/1167 VUs  03.9s/20s  24000.00 iters/s

running (04.9s), 0417/1252 VUs, 102759 complete and 0 interrupted iterations
steady   [  25% ] 0417/1252 VUs  04.9s/20s  24000.00 iters/s

running (05.9s), 0135/1252 VUs, 127042 complete and 0 interrupted iterations
steady   [  30% ] 0137/1252 VUs  05.9s/20s  24000.00 iters/s

running (06.9s), 1043/1333 VUs, 148749 complete and 0 interrupted iterations
steady   [  35% ] 1043/1333 VUs  06.9s/20s  24000.00 iters/s

running (07.9s), 0004/1389 VUs, 172753 complete and 0 interrupted iterations
steady   [  40% ] 0004/1389 VUs  07.9s/20s  24000.00 iters/s

running (08.9s), 0710/1534 VUs, 192376 complete and 0 interrupted iterations
steady   [  45% ] 0710/1534 VUs  08.9s/20s  24000.00 iters/s

running (09.9s), 1447/1673 VUs, 211569 complete and 0 interrupted iterations
steady   [  50% ] 1447/1673 VUs  09.9s/20s  24000.00 iters/s

running (10.9s), 1514/1723 VUs, 234584 complete and 0 interrupted iterations
steady   [  55% ] 1514/1723 VUs  10.9s/20s  24000.00 iters/s

running (11.9s), 0543/1772 VUs, 257724 complete and 0 interrupted iterations
steady   [  60% ] 0543/1772 VUs  11.9s/20s  24000.00 iters/s

running (12.9s), 0698/1900 VUs, 278956 complete and 0 interrupted iterations
steady   [  65% ] 0699/1900 VUs  12.9s/20s  24000.00 iters/s

running (13.9s), 0007/1901 VUs, 303639 complete and 0 interrupted iterations
steady   [  70% ] 0007/1901 VUs  13.9s/20s  24000.00 iters/s

running (14.9s), 1823/1912 VUs, 325718 complete and 0 interrupted iterations
steady   [  75% ] 1823/1912 VUs  14.9s/20s  24000.00 iters/s

running (15.9s), 0237/1919 VUs, 351219 complete and 0 interrupted iterations
steady   [  80% ] 0237/1919 VUs  15.9s/20s  24000.00 iters/s

running (16.9s), 0766/1920 VUs, 374662 complete and 0 interrupted iterations
steady   [  85% ] 0766/1920 VUs  16.9s/20s  24000.00 iters/s

running (17.9s), 1446/1976 VUs, 397274 complete and 0 interrupted iterations
steady   [  90% ] 1446/1976 VUs  17.9s/20s  24000.00 iters/s

running (18.9s), 1741/2148 VUs, 408803 complete and 0 interrupted iterations
steady   [  95% ] 1741/2148 VUs  18.9s/20s  24000.00 iters/s

running (19.9s), 1171/2250 VUs, 431662 complete and 0 interrupted iterations
steady   [ 100% ] 1170/2250 VUs  19.9s/20s  24000.00 iters/s

  http_reqs                    434424 (21665.81/s)
  http_req_duration            med=11.57ms p95=169.52ms p99=264.32ms max=699.31ms
  http_req_waiting             p95=167.83ms
  http_req_failed              0.000%
  dropped_iterations           45583
  vus_max                      2250
  checks                       0 passed, 0 failed


running (20.1s), 0000/2250 VUs, 434424 complete and 0 interrupted iterations
steady ✓ [ 100% ] 0000/2250 VUs  20s  24000.00 iters/s
time="2026-07-25T10:56:22-07:00" level=error msg="thresholds on metrics 'dropped_iterations, http_req_duration' have been crossed"
