
         /\      Grafana   /‾‾/  
    /\  /  \     |\  __   /  /   
   /  \/    \    | |/ /  /   ‾‾\ 
  /          \   |   (  |  (‾)  |
 / __________ \  |_|\_\  \_____/ 


     execution: local
        script: /Users/juancavallotti/Documents/development/octo-performance/scenarios/001-template-page/k6/steady.js
        output: -

     scenarios: (100.00%) 1 scenario, 16000 max VUs, 1m10s max duration (incl. graceful stop):
              * steady: 16000.00 iterations/s for 1m0s (maxVUs: 1600-16000, gracefulStop: 10s)


running (0m00.9s), 00007/01600 VUs, 14495 complete and 0 interrupted iterations
steady   [   2% ] 00007/01600 VUs  0m00.9s/1m0s  16000.00 iters/s

running (0m01.9s), 00007/01600 VUs, 30495 complete and 0 interrupted iterations
steady   [   3% ] 00007/01600 VUs  0m01.9s/1m0s  16000.00 iters/s

running (0m02.9s), 00007/01600 VUs, 46495 complete and 0 interrupted iterations
steady   [   5% ] 00007/01600 VUs  0m02.9s/1m0s  16000.00 iters/s

running (0m03.9s), 00007/01600 VUs, 62495 complete and 0 interrupted iterations
steady   [   7% ] 00006/01600 VUs  0m03.9s/1m0s  16000.00 iters/s

running (0m04.9s), 00027/01600 VUs, 78475 complete and 0 interrupted iterations
steady   [   8% ] 00027/01600 VUs  0m04.9s/1m0s  16000.00 iters/s

running (0m05.9s), 00008/01600 VUs, 94494 complete and 0 interrupted iterations
steady   [  10% ] 00008/01600 VUs  0m05.9s/1m0s  16000.00 iters/s

running (0m06.9s), 00007/01600 VUs, 110495 complete and 0 interrupted iterations
steady   [  12% ] 00007/01600 VUs  0m06.9s/1m0s  16000.00 iters/s

running (0m07.9s), 00026/01600 VUs, 126476 complete and 0 interrupted iterations
steady   [  13% ] 00026/01600 VUs  0m07.9s/1m0s  16000.00 iters/s

running (0m08.9s), 00014/01600 VUs, 142488 complete and 0 interrupted iterations
steady   [  15% ] 00014/01600 VUs  0m08.9s/1m0s  16000.00 iters/s

running (0m09.9s), 00009/01600 VUs, 158493 complete and 0 interrupted iterations
steady   [  17% ] 00009/01600 VUs  0m09.9s/1m0s  16000.00 iters/s

running (0m10.9s), 00007/01600 VUs, 174495 complete and 0 interrupted iterations
steady   [  18% ] 00006/01600 VUs  0m10.9s/1m0s  16000.00 iters/s

running (0m11.9s), 00007/01600 VUs, 190496 complete and 0 interrupted iterations
steady   [  20% ] 00007/01600 VUs  0m11.9s/1m0s  16000.00 iters/s

running (0m12.9s), 00007/01600 VUs, 206495 complete and 0 interrupted iterations
steady   [  22% ] 00007/01600 VUs  0m12.9s/1m0s  16000.00 iters/s

running (0m13.9s), 00029/01600 VUs, 222472 complete and 0 interrupted iterations
steady   [  23% ] 00029/01600 VUs  0m13.9s/1m0s  16000.00 iters/s

running (0m14.9s), 00008/01600 VUs, 238494 complete and 0 interrupted iterations
steady   [  25% ] 00008/01600 VUs  0m14.9s/1m0s  16000.00 iters/s

running (0m15.9s), 00008/01600 VUs, 254494 complete and 0 interrupted iterations
steady   [  27% ] 00008/01600 VUs  0m15.9s/1m0s  16000.00 iters/s

running (0m16.9s), 00007/01600 VUs, 270495 complete and 0 interrupted iterations
steady   [  28% ] 00006/01600 VUs  0m16.9s/1m0s  16000.00 iters/s

running (0m17.9s), 00010/01600 VUs, 286493 complete and 0 interrupted iterations
steady   [  30% ] 00010/01600 VUs  0m17.9s/1m0s  16000.00 iters/s

running (0m18.9s), 00009/01600 VUs, 302493 complete and 0 interrupted iterations
steady   [  32% ] 00007/01600 VUs  0m18.9s/1m0s  16000.00 iters/s

running (0m19.9s), 00007/01600 VUs, 318495 complete and 0 interrupted iterations
steady   [  33% ] 00007/01600 VUs  0m19.9s/1m0s  16000.00 iters/s

running (0m20.9s), 00007/01600 VUs, 334495 complete and 0 interrupted iterations
steady   [  35% ] 00007/01600 VUs  0m20.9s/1m0s  16000.00 iters/s

running (0m21.9s), 00006/01600 VUs, 350496 complete and 0 interrupted iterations
steady   [  37% ] 00006/01600 VUs  0m21.9s/1m0s  16000.00 iters/s

running (0m22.9s), 00052/01600 VUs, 366450 complete and 0 interrupted iterations
steady   [  38% ] 00052/01600 VUs  0m22.9s/1m0s  16000.00 iters/s

running (0m23.9s), 00007/01600 VUs, 382495 complete and 0 interrupted iterations
steady   [  40% ] 00007/01600 VUs  0m23.9s/1m0s  16000.00 iters/s

running (0m24.9s), 00006/01600 VUs, 398495 complete and 0 interrupted iterations
steady   [  42% ] 00006/01600 VUs  0m24.9s/1m0s  16000.00 iters/s

running (0m25.9s), 00007/01600 VUs, 414495 complete and 0 interrupted iterations
steady   [  43% ] 00007/01600 VUs  0m25.9s/1m0s  16000.00 iters/s

running (0m26.9s), 00012/01600 VUs, 430490 complete and 0 interrupted iterations
steady   [  45% ] 00012/01600 VUs  0m26.9s/1m0s  16000.00 iters/s

running (0m27.9s), 00010/01600 VUs, 446492 complete and 0 interrupted iterations
steady   [  47% ] 00010/01600 VUs  0m27.9s/1m0s  16000.00 iters/s

running (0m28.9s), 00005/01600 VUs, 462497 complete and 0 interrupted iterations
steady   [  48% ] 00005/01600 VUs  0m28.9s/1m0s  16000.00 iters/s

running (0m29.9s), 00007/01600 VUs, 478495 complete and 0 interrupted iterations
steady   [  50% ] 00007/01600 VUs  0m29.9s/1m0s  16000.00 iters/s

running (0m30.9s), 00014/01600 VUs, 494488 complete and 0 interrupted iterations
steady   [  52% ] 00014/01600 VUs  0m30.9s/1m0s  16000.00 iters/s

running (0m31.9s), 00006/01600 VUs, 510496 complete and 0 interrupted iterations
steady   [  53% ] 00007/01600 VUs  0m31.9s/1m0s  16000.00 iters/s

running (0m32.9s), 00007/01600 VUs, 526496 complete and 0 interrupted iterations
steady   [  55% ] 00007/01600 VUs  0m32.9s/1m0s  16000.00 iters/s

running (0m33.9s), 00010/01600 VUs, 542492 complete and 0 interrupted iterations
steady   [  57% ] 00010/01600 VUs  0m33.9s/1m0s  16000.00 iters/s

running (0m34.9s), 00007/01600 VUs, 558495 complete and 0 interrupted iterations
steady   [  58% ] 00007/01600 VUs  0m34.9s/1m0s  16000.00 iters/s

running (0m35.9s), 00006/01600 VUs, 574496 complete and 0 interrupted iterations
steady   [  60% ] 00006/01600 VUs  0m35.9s/1m0s  16000.00 iters/s

running (0m36.9s), 00010/01600 VUs, 590492 complete and 0 interrupted iterations
steady   [  62% ] 00010/01600 VUs  0m36.9s/1m0s  16000.00 iters/s

running (0m37.9s), 00006/01600 VUs, 606496 complete and 0 interrupted iterations
steady   [  63% ] 00006/01600 VUs  0m37.9s/1m0s  16000.00 iters/s

running (0m38.9s), 00007/01600 VUs, 622496 complete and 0 interrupted iterations
steady   [  65% ] 00007/01600 VUs  0m38.9s/1m0s  16000.00 iters/s

running (0m39.9s), 00016/01600 VUs, 638486 complete and 0 interrupted iterations
steady   [  67% ] 00016/01600 VUs  0m39.9s/1m0s  16000.00 iters/s

running (0m40.9s), 00009/01600 VUs, 654493 complete and 0 interrupted iterations
steady   [  68% ] 00010/01600 VUs  0m40.9s/1m0s  16000.00 iters/s

running (0m41.9s), 00009/01600 VUs, 670493 complete and 0 interrupted iterations
steady   [  70% ] 00009/01600 VUs  0m41.9s/1m0s  16000.00 iters/s

running (0m42.9s), 00009/01600 VUs, 686493 complete and 0 interrupted iterations
steady   [  72% ] 00009/01600 VUs  0m42.9s/1m0s  16000.00 iters/s

running (0m43.9s), 00007/01600 VUs, 702495 complete and 0 interrupted iterations
steady   [  73% ] 00007/01600 VUs  0m43.9s/1m0s  16000.00 iters/s

running (0m44.9s), 00007/01600 VUs, 718496 complete and 0 interrupted iterations
steady   [  75% ] 00007/01600 VUs  0m44.9s/1m0s  16000.00 iters/s

running (0m45.9s), 00013/01600 VUs, 734491 complete and 0 interrupted iterations
steady   [  77% ] 00013/01600 VUs  0m45.9s/1m0s  16000.00 iters/s

running (0m46.9s), 00006/01600 VUs, 750496 complete and 0 interrupted iterations
steady   [  78% ] 00018/01600 VUs  0m46.9s/1m0s  16000.00 iters/s

running (0m47.9s), 00007/01600 VUs, 766496 complete and 0 interrupted iterations
steady   [  80% ] 00007/01600 VUs  0m47.9s/1m0s  16000.00 iters/s

running (0m48.9s), 00007/01600 VUs, 782492 complete and 0 interrupted iterations
steady   [  82% ] 00007/01600 VUs  0m48.9s/1m0s  16000.00 iters/s

running (0m49.9s), 00037/01600 VUs, 798465 complete and 0 interrupted iterations
steady   [  83% ] 00037/01600 VUs  0m49.9s/1m0s  16000.00 iters/s

running (0m50.9s), 00009/01600 VUs, 814493 complete and 0 interrupted iterations
steady   [  85% ] 00009/01600 VUs  0m50.9s/1m0s  16000.00 iters/s

running (0m51.9s), 00009/01600 VUs, 830494 complete and 0 interrupted iterations
steady   [  87% ] 00009/01600 VUs  0m51.9s/1m0s  16000.00 iters/s

running (0m52.9s), 00007/01600 VUs, 846494 complete and 0 interrupted iterations
steady   [  88% ] 00007/01600 VUs  0m52.9s/1m0s  16000.00 iters/s

running (0m53.9s), 00007/01600 VUs, 862495 complete and 0 interrupted iterations
steady   [  90% ] 00007/01600 VUs  0m53.9s/1m0s  16000.00 iters/s

running (0m54.9s), 00007/01600 VUs, 878495 complete and 0 interrupted iterations
steady   [  92% ] 00006/01600 VUs  0m54.9s/1m0s  16000.00 iters/s

running (0m55.9s), 00008/01600 VUs, 894494 complete and 0 interrupted iterations
steady   [  93% ] 00008/01600 VUs  0m55.9s/1m0s  16000.00 iters/s

running (0m56.9s), 00006/01600 VUs, 910495 complete and 0 interrupted iterations
steady   [  95% ] 00006/01600 VUs  0m56.9s/1m0s  16000.00 iters/s

running (0m57.9s), 00007/01600 VUs, 926494 complete and 0 interrupted iterations
steady   [  97% ] 00007/01600 VUs  0m57.9s/1m0s  16000.00 iters/s

running (0m58.9s), 00007/01600 VUs, 942496 complete and 0 interrupted iterations
steady   [  98% ] 00007/01600 VUs  0m58.9s/1m0s  16000.00 iters/s

running (0m59.9s), 00009/01600 VUs, 958494 complete and 0 interrupted iterations
steady   [ 100% ] 00009/01600 VUs  0m59.9s/1m0s  16000.00 iters/s

  http_reqs                    960001 (15999.37/s)
  http_req_duration            med=0.45ms p95=2.60ms p99=7.50ms max=394.15ms
  http_req_waiting             p95=2.52ms
  http_req_failed              0.000%
  dropped_iterations           0
  vus_max                      1600
  checks                       0 passed, 0 failed


running (1m00.0s), 00000/01600 VUs, 960001 complete and 0 interrupted iterations
steady ✓ [ 100% ] 00000/01600 VUs  1m0s  16000.00 iters/s
