
         /\      Grafana   /‾‾/  
    /\  /  \     |\  __   /  /   
   /  \/    \    | |/ /  /   ‾‾\ 
  /          \   |   (  |  (‾)  |
 / __________ \  |_|\_\  \_____/ 


     execution: local
        script: /Users/juancavallotti/Documents/development/octo-performance/scenarios/001-template-page/k6/steady.js
        output: -

     scenarios: (100.00%) 1 scenario, 16000 max VUs, 1m10s max duration (incl. graceful stop):
              * steady: 16000.00 iterations/s for 1m0s (maxVUs: 1600-16000, gracefulStop: 10s)


running (0m00.9s), 00036/01600 VUs, 13926 complete and 0 interrupted iterations
steady   [   1% ] 00036/01600 VUs  0m00.9s/1m0s  16000.00 iters/s

running (0m01.9s), 00020/01600 VUs, 29941 complete and 0 interrupted iterations
steady   [   3% ] 00020/01600 VUs  0m01.9s/1m0s  16000.00 iters/s

running (0m02.9s), 00015/01600 VUs, 45953 complete and 0 interrupted iterations
steady   [   5% ] 00015/01600 VUs  0m02.9s/1m0s  16000.00 iters/s

running (0m03.9s), 00001/01600 VUs, 61961 complete and 0 interrupted iterations
steady   [   6% ] 00001/01600 VUs  0m03.9s/1m0s  16000.00 iters/s

running (0m04.9s), 00001/01600 VUs, 77961 complete and 0 interrupted iterations
steady   [   8% ] 00001/01600 VUs  0m04.9s/1m0s  16000.00 iters/s

running (0m05.9s), 00002/01600 VUs, 93961 complete and 0 interrupted iterations
steady   [  10% ] 00002/01600 VUs  0m05.9s/1m0s  16000.00 iters/s

running (0m06.9s), 00001/01600 VUs, 109962 complete and 0 interrupted iterations
steady   [  11% ] 00001/01600 VUs  0m06.9s/1m0s  16000.00 iters/s

running (0m07.9s), 01579/01606 VUs, 120371 complete and 0 interrupted iterations
steady   [  13% ] 01579/01606 VUs  0m07.9s/1m0s  16000.00 iters/s

running (0m08.9s), 00204/01742 VUs, 137300 complete and 0 interrupted iterations
steady   [  15% ] 00204/01742 VUs  0m08.9s/1m0s  16000.00 iters/s

running (0m09.9s), 00003/01742 VUs, 153501 complete and 0 interrupted iterations
steady   [  16% ] 00003/01742 VUs  0m09.9s/1m0s  16000.00 iters/s

running (0m10.9s), 00002/01742 VUs, 169502 complete and 0 interrupted iterations
steady   [  18% ] 00002/01742 VUs  0m10.9s/1m0s  16000.00 iters/s

running (0m11.9s), 00480/01742 VUs, 185118 complete and 0 interrupted iterations
steady   [  20% ] 00480/01742 VUs  0m11.9s/1m0s  16000.00 iters/s

running (0m12.9s), 00012/01742 VUs, 201071 complete and 0 interrupted iterations
steady   [  21% ] 00012/01742 VUs  0m12.9s/1m0s  16000.00 iters/s

running (0m13.9s), 00784/01746 VUs, 210322 complete and 0 interrupted iterations
steady   [  23% ] 00784/01746 VUs  0m13.9s/1m0s  16000.00 iters/s

running (0m14.9s), 01715/01769 VUs, 224913 complete and 0 interrupted iterations
steady   [  25% ] 01715/01769 VUs  0m14.9s/1m0s  16000.00 iters/s

running (0m16.0s), 01124/01781 VUs, 235037 complete and 0 interrupted iterations
steady   [  27% ] 01124/01781 VUs  0m16.0s/1m0s  16000.00 iters/s

running (0m16.9s), 01148/01795 VUs, 249899 complete and 0 interrupted iterations
steady   [  28% ] 01148/01795 VUs  0m16.9s/1m0s  16000.00 iters/s

running (0m17.9s), 00565/01798 VUs, 266476 complete and 0 interrupted iterations
steady   [  30% ] 00565/01798 VUs  0m17.9s/1m0s  16000.00 iters/s

running (0m18.9s), 00007/01798 VUs, 283044 complete and 0 interrupted iterations
steady   [  31% ] 00007/01798 VUs  0m18.9s/1m0s  16000.00 iters/s

running (0m19.9s), 00226/01798 VUs, 298738 complete and 0 interrupted iterations
steady   [  33% ] 00333/01798 VUs  0m19.9s/1m0s  16000.00 iters/s

running (0m20.9s), 00012/01818 VUs, 313848 complete and 0 interrupted iterations
steady   [  35% ] 00012/01818 VUs  0m20.9s/1m0s  16000.00 iters/s

running (0m21.9s), 00001/01818 VUs, 329746 complete and 0 interrupted iterations
steady   [  36% ] 00002/01818 VUs  0m21.9s/1m0s  16000.00 iters/s

running (0m22.9s), 00001/01818 VUs, 345746 complete and 0 interrupted iterations
steady   [  38% ] 00002/01818 VUs  0m22.9s/1m0s  16000.00 iters/s

running (0m23.9s), 00002/01818 VUs, 361747 complete and 0 interrupted iterations
steady   [  40% ] 00002/01818 VUs  0m23.9s/1m0s  16000.00 iters/s

running (0m24.9s), 00002/01818 VUs, 377746 complete and 0 interrupted iterations
steady   [  41% ] 00002/01818 VUs  0m24.9s/1m0s  16000.00 iters/s

running (0m25.9s), 00066/01818 VUs, 393682 complete and 0 interrupted iterations
steady   [  43% ] 00067/01818 VUs  0m25.9s/1m0s  16000.00 iters/s

running (0m26.9s), 00001/01818 VUs, 409747 complete and 0 interrupted iterations
steady   [  45% ] 00001/01818 VUs  0m26.9s/1m0s  16000.00 iters/s

running (0m27.9s), 00435/01818 VUs, 425327 complete and 0 interrupted iterations
steady   [  46% ] 00435/01818 VUs  0m27.9s/1m0s  16000.00 iters/s

running (0m28.9s), 00004/01915 VUs, 437978 complete and 0 interrupted iterations
steady   [  48% ] 00004/01915 VUs  0m28.9s/1m0s  16000.00 iters/s

running (0m29.9s), 00002/01915 VUs, 453981 complete and 0 interrupted iterations
steady   [  50% ] 00002/01915 VUs  0m29.9s/1m0s  16000.00 iters/s

running (0m30.9s), 00001/01915 VUs, 469981 complete and 0 interrupted iterations
steady   [  51% ] 00001/01915 VUs  0m30.9s/1m0s  16000.00 iters/s

running (0m31.9s), 00004/01915 VUs, 485980 complete and 0 interrupted iterations
steady   [  53% ] 00004/01915 VUs  0m31.9s/1m0s  16000.00 iters/s

running (0m33.0s), 01109/01917 VUs, 501601 complete and 0 interrupted iterations
steady   [  55% ] 01109/01917 VUs  0m33.0s/1m0s  16000.00 iters/s

running (0m33.9s), 00003/01920 VUs, 516965 complete and 0 interrupted iterations
steady   [  56% ] 00003/01920 VUs  0m33.9s/1m0s  16000.00 iters/s

running (0m34.9s), 00001/01920 VUs, 532966 complete and 0 interrupted iterations
steady   [  58% ] 00001/01920 VUs  0m34.9s/1m0s  16000.00 iters/s

running (0m35.9s), 00002/01920 VUs, 548966 complete and 0 interrupted iterations
steady   [  60% ] 00002/01920 VUs  0m35.9s/1m0s  16000.00 iters/s

running (0m36.9s), 00002/01920 VUs, 564966 complete and 0 interrupted iterations
steady   [  61% ] 00002/01920 VUs  0m36.9s/1m0s  16000.00 iters/s

running (0m37.9s), 00001/01920 VUs, 580966 complete and 0 interrupted iterations
steady   [  63% ] 00001/01920 VUs  0m37.9s/1m0s  16000.00 iters/s

running (0m38.9s), 00002/01920 VUs, 596966 complete and 0 interrupted iterations
steady   [  65% ] 00002/01920 VUs  0m38.9s/1m0s  16000.00 iters/s

running (0m39.9s), 00002/01920 VUs, 612966 complete and 0 interrupted iterations
steady   [  66% ] 00003/01920 VUs  0m39.9s/1m0s  16000.00 iters/s

running (0m40.9s), 00002/01920 VUs, 628966 complete and 0 interrupted iterations
steady   [  68% ] 00002/01920 VUs  0m40.9s/1m0s  16000.00 iters/s

running (0m41.9s), 00002/01920 VUs, 644966 complete and 0 interrupted iterations
steady   [  70% ] 00002/01920 VUs  0m41.9s/1m0s  16000.00 iters/s

running (0m42.9s), 00002/01920 VUs, 660965 complete and 0 interrupted iterations
steady   [  71% ] 00002/01920 VUs  0m42.9s/1m0s  16000.00 iters/s

running (0m43.9s), 00036/01920 VUs, 676958 complete and 0 interrupted iterations
steady   [  73% ] 00036/01920 VUs  0m43.9s/1m0s  16000.00 iters/s

running (0m44.9s), 00039/01935 VUs, 690375 complete and 0 interrupted iterations
steady   [  75% ] 00039/01935 VUs  0m44.9s/1m0s  16000.00 iters/s

running (0m45.9s), 00002/01938 VUs, 706367 complete and 0 interrupted iterations
steady   [  76% ] 00002/01938 VUs  0m45.9s/1m0s  16000.00 iters/s

running (0m46.9s), 00001/01938 VUs, 722366 complete and 0 interrupted iterations
steady   [  78% ] 00002/01938 VUs  0m46.9s/1m0s  16000.00 iters/s

running (0m47.9s), 00049/01938 VUs, 738318 complete and 0 interrupted iterations
steady   [  80% ] 00049/01938 VUs  0m47.9s/1m0s  16000.00 iters/s

running (0m48.9s), 00745/01938 VUs, 753643 complete and 0 interrupted iterations
steady   [  81% ] 00746/01938 VUs  0m48.9s/1m0s  16000.00 iters/s

running (0m49.9s), 00277/01938 VUs, 770102 complete and 0 interrupted iterations
steady   [  83% ] 00277/01938 VUs  0m49.9s/1m0s  16000.00 iters/s

running (0m50.9s), 00029/01938 VUs, 786352 complete and 0 interrupted iterations
steady   [  85% ] 00048/01938 VUs  0m50.9s/1m0s  16000.00 iters/s

running (0m51.9s), 00154/01938 VUs, 802220 complete and 0 interrupted iterations
steady   [  86% ] 00154/01938 VUs  0m51.9s/1m0s  16000.00 iters/s

running (0m52.9s), 00004/01938 VUs, 818362 complete and 0 interrupted iterations
steady   [  88% ] 00004/01938 VUs  0m52.9s/1m0s  16000.00 iters/s

running (0m53.9s), 00012/01938 VUs, 834353 complete and 0 interrupted iterations
steady   [  90% ] 00011/01938 VUs  0m53.9s/1m0s  16000.00 iters/s

running (0m54.9s), 00015/01938 VUs, 850353 complete and 0 interrupted iterations
steady   [  91% ] 00015/01938 VUs  0m54.9s/1m0s  16000.00 iters/s

running (0m55.9s), 00003/01938 VUs, 866365 complete and 0 interrupted iterations
steady   [  93% ] 00003/01938 VUs  0m55.9s/1m0s  16000.00 iters/s

running (0m56.9s), 00003/01938 VUs, 882365 complete and 0 interrupted iterations
steady   [  95% ] 00003/01938 VUs  0m56.9s/1m0s  16000.00 iters/s

running (0m57.9s), 00002/01938 VUs, 898366 complete and 0 interrupted iterations
steady   [  96% ] 00002/01938 VUs  0m57.9s/1m0s  16000.00 iters/s

running (0m58.9s), 00001/01938 VUs, 914366 complete and 0 interrupted iterations
steady   [  98% ] 00001/01938 VUs  0m58.9s/1m0s  16000.00 iters/s

running (0m59.9s), 00002/01938 VUs, 930367 complete and 0 interrupted iterations
steady   [ 100% ] 00002/01938 VUs  0m59.9s/1m0s  16000.00 iters/s

  http_reqs                    932406 (15538.98/s)
  http_req_duration            med=0.16ms p95=62.72ms p99=206.12ms max=705.53ms
  http_req_waiting             p95=56.93ms
  http_req_failed              0.000%
  dropped_iterations           27595
  vus_max                      1938
  checks                       0 passed, 0 failed


running (1m00.0s), 00000/01938 VUs, 932406 complete and 0 interrupted iterations
steady ✓ [ 100% ] 00000/01938 VUs  1m0s  16000.00 iters/s
time="2026-07-26T10:25:20-07:00" level=error msg="thresholds on metrics 'dropped_iterations, http_req_duration' have been crossed"
