
         /\      Grafana   /‾‾/  
    /\  /  \     |\  __   /  /   
   /  \/    \    | |/ /  /   ‾‾\ 
  /          \   |   (  |  (‾)  |
 / __________ \  |_|\_\  \_____/ 


     execution: local
        script: /Users/juancavallotti/Documents/development/octo-performance/scenarios/001-template-page/k6/steady.js
        output: -

     scenarios: (100.00%) 1 scenario, 16000 max VUs, 1m10s max duration (incl. graceful stop):
              * steady: 16000.00 iterations/s for 1m0s (maxVUs: 1600-16000, gracefulStop: 10s)


running (0m00.9s), 00000/01600 VUs, 14461 complete and 0 interrupted iterations
steady   [   2% ] 00000/01600 VUs  0m00.9s/1m0s  16000.00 iters/s

running (0m01.9s), 00001/01600 VUs, 30461 complete and 0 interrupted iterations
steady   [   3% ] 00001/01600 VUs  0m01.9s/1m0s  16000.00 iters/s

running (0m02.9s), 00002/01600 VUs, 46460 complete and 0 interrupted iterations
steady   [   5% ] 00002/01600 VUs  0m02.9s/1m0s  16000.00 iters/s

running (0m03.9s), 00002/01600 VUs, 62461 complete and 0 interrupted iterations
steady   [   7% ] 00002/01600 VUs  0m03.9s/1m0s  16000.00 iters/s

running (0m04.9s), 00001/01600 VUs, 78461 complete and 0 interrupted iterations
steady   [   8% ] 00001/01600 VUs  0m04.9s/1m0s  16000.00 iters/s

running (0m05.9s), 00002/01600 VUs, 94460 complete and 0 interrupted iterations
steady   [  10% ] 00002/01600 VUs  0m05.9s/1m0s  16000.00 iters/s

running (0m06.9s), 00001/01600 VUs, 110461 complete and 0 interrupted iterations
steady   [  12% ] 00002/01600 VUs  0m06.9s/1m0s  16000.00 iters/s

running (0m07.9s), 00275/01600 VUs, 126197 complete and 0 interrupted iterations
steady   [  13% ] 00275/01600 VUs  0m07.9s/1m0s  16000.00 iters/s

running (0m08.9s), 00002/01600 VUs, 142461 complete and 0 interrupted iterations
steady   [  15% ] 00002/01600 VUs  0m08.9s/1m0s  16000.00 iters/s

running (0m09.9s), 00002/01600 VUs, 158460 complete and 0 interrupted iterations
steady   [  17% ] 00002/01600 VUs  0m09.9s/1m0s  16000.00 iters/s

running (0m10.9s), 00001/01600 VUs, 174461 complete and 0 interrupted iterations
steady   [  18% ] 00001/01600 VUs  0m10.9s/1m0s  16000.00 iters/s

running (0m11.9s), 00005/01600 VUs, 190458 complete and 0 interrupted iterations
steady   [  20% ] 00005/01600 VUs  0m11.9s/1m0s  16000.00 iters/s

running (0m12.9s), 00014/01600 VUs, 206449 complete and 0 interrupted iterations
steady   [  22% ] 00015/01600 VUs  0m12.9s/1m0s  16000.00 iters/s

running (0m13.9s), 00003/01600 VUs, 222460 complete and 0 interrupted iterations
steady   [  23% ] 00003/01600 VUs  0m13.9s/1m0s  16000.00 iters/s

running (0m14.9s), 00002/01600 VUs, 238460 complete and 0 interrupted iterations
steady   [  25% ] 00002/01600 VUs  0m14.9s/1m0s  16000.00 iters/s

running (0m15.9s), 00002/01600 VUs, 254460 complete and 0 interrupted iterations
steady   [  27% ] 00002/01600 VUs  0m15.9s/1m0s  16000.00 iters/s

running (0m16.9s), 00004/01600 VUs, 270458 complete and 0 interrupted iterations
steady   [  28% ] 00004/01600 VUs  0m16.9s/1m0s  16000.00 iters/s

running (0m17.9s), 00003/01600 VUs, 286459 complete and 0 interrupted iterations
steady   [  30% ] 00002/01600 VUs  0m17.9s/1m0s  16000.00 iters/s

running (0m18.9s), 00002/01600 VUs, 302460 complete and 0 interrupted iterations
steady   [  32% ] 00002/01600 VUs  0m18.9s/1m0s  16000.00 iters/s

running (0m19.9s), 00002/01600 VUs, 318460 complete and 0 interrupted iterations
steady   [  33% ] 00001/01600 VUs  0m19.9s/1m0s  16000.00 iters/s

running (0m20.9s), 00002/01600 VUs, 334460 complete and 0 interrupted iterations
steady   [  35% ] 00002/01600 VUs  0m20.9s/1m0s  16000.00 iters/s

running (0m21.9s), 00002/01600 VUs, 350460 complete and 0 interrupted iterations
steady   [  37% ] 00002/01600 VUs  0m21.9s/1m0s  16000.00 iters/s

running (0m22.9s), 00002/01600 VUs, 366460 complete and 0 interrupted iterations
steady   [  38% ] 00002/01600 VUs  0m22.9s/1m0s  16000.00 iters/s

running (0m23.9s), 00001/01600 VUs, 382461 complete and 0 interrupted iterations
steady   [  40% ] 00001/01600 VUs  0m23.9s/1m0s  16000.00 iters/s

running (0m24.9s), 00003/01600 VUs, 398459 complete and 0 interrupted iterations
steady   [  42% ] 00003/01600 VUs  0m24.9s/1m0s  16000.00 iters/s

running (0m25.9s), 00001/01600 VUs, 414461 complete and 0 interrupted iterations
steady   [  43% ] 00001/01600 VUs  0m25.9s/1m0s  16000.00 iters/s

running (0m26.9s), 00002/01600 VUs, 430460 complete and 0 interrupted iterations
steady   [  45% ] 00002/01600 VUs  0m26.9s/1m0s  16000.00 iters/s

running (0m27.9s), 00003/01600 VUs, 446460 complete and 0 interrupted iterations
steady   [  47% ] 00003/01600 VUs  0m27.9s/1m0s  16000.00 iters/s

running (0m28.9s), 00002/01600 VUs, 462460 complete and 0 interrupted iterations
steady   [  48% ] 00002/01600 VUs  0m28.9s/1m0s  16000.00 iters/s

running (0m29.9s), 00002/01600 VUs, 478460 complete and 0 interrupted iterations
steady   [  50% ] 00002/01600 VUs  0m29.9s/1m0s  16000.00 iters/s

running (0m30.9s), 00002/01600 VUs, 494460 complete and 0 interrupted iterations
steady   [  52% ] 00002/01600 VUs  0m30.9s/1m0s  16000.00 iters/s

running (0m31.9s), 00002/01600 VUs, 510460 complete and 0 interrupted iterations
steady   [  53% ] 00002/01600 VUs  0m31.9s/1m0s  16000.00 iters/s

running (0m32.9s), 00002/01600 VUs, 526460 complete and 0 interrupted iterations
steady   [  55% ] 00002/01600 VUs  0m32.9s/1m0s  16000.00 iters/s

running (0m33.9s), 00002/01600 VUs, 542461 complete and 0 interrupted iterations
steady   [  57% ] 00002/01600 VUs  0m33.9s/1m0s  16000.00 iters/s

running (0m34.9s), 00002/01600 VUs, 558460 complete and 0 interrupted iterations
steady   [  58% ] 00002/01600 VUs  0m34.9s/1m0s  16000.00 iters/s

running (0m35.9s), 00003/01600 VUs, 574460 complete and 0 interrupted iterations
steady   [  60% ] 00003/01600 VUs  0m35.9s/1m0s  16000.00 iters/s

running (0m36.9s), 00002/01600 VUs, 590460 complete and 0 interrupted iterations
steady   [  62% ] 00002/01600 VUs  0m36.9s/1m0s  16000.00 iters/s

running (0m37.9s), 00002/01600 VUs, 606460 complete and 0 interrupted iterations
steady   [  63% ] 00002/01600 VUs  0m37.9s/1m0s  16000.00 iters/s

running (0m38.9s), 00002/01600 VUs, 622460 complete and 0 interrupted iterations
steady   [  65% ] 00002/01600 VUs  0m38.9s/1m0s  16000.00 iters/s

running (0m39.9s), 00014/01600 VUs, 638469 complete and 0 interrupted iterations
steady   [  67% ] 00014/01600 VUs  0m39.9s/1m0s  16000.00 iters/s

running (0m40.9s), 00001/01600 VUs, 654461 complete and 0 interrupted iterations
steady   [  68% ] 00001/01600 VUs  0m40.9s/1m0s  16000.00 iters/s

running (0m41.9s), 00005/01600 VUs, 670458 complete and 0 interrupted iterations
steady   [  70% ] 00005/01600 VUs  0m41.9s/1m0s  16000.00 iters/s

running (0m42.9s), 00002/01600 VUs, 686459 complete and 0 interrupted iterations
steady   [  72% ] 00002/01600 VUs  0m42.9s/1m0s  16000.00 iters/s

running (0m43.9s), 00002/01600 VUs, 702460 complete and 0 interrupted iterations
steady   [  73% ] 00002/01600 VUs  0m43.9s/1m0s  16000.00 iters/s

running (0m44.9s), 00001/01607 VUs, 717992 complete and 0 interrupted iterations
steady   [  75% ] 00001/01607 VUs  0m44.9s/1m0s  16000.00 iters/s

running (0m45.9s), 00007/01610 VUs, 732309 complete and 0 interrupted iterations
steady   [  77% ] 00007/01610 VUs  0m45.9s/1m0s  16000.00 iters/s

running (0m46.9s), 00002/01610 VUs, 748313 complete and 0 interrupted iterations
steady   [  78% ] 00002/01610 VUs  0m46.9s/1m0s  16000.00 iters/s

running (0m47.9s), 00002/01610 VUs, 764313 complete and 0 interrupted iterations
steady   [  80% ] 00002/01610 VUs  0m47.9s/1m0s  16000.00 iters/s

running (0m48.9s), 00002/01610 VUs, 780313 complete and 0 interrupted iterations
steady   [  82% ] 00002/01610 VUs  0m48.9s/1m0s  16000.00 iters/s

running (0m49.9s), 00002/01610 VUs, 796314 complete and 0 interrupted iterations
steady   [  83% ] 00002/01610 VUs  0m49.9s/1m0s  16000.00 iters/s

running (0m50.9s), 00003/01613 VUs, 812309 complete and 0 interrupted iterations
steady   [  85% ] 00003/01613 VUs  0m50.9s/1m0s  16000.00 iters/s

running (0m51.9s), 00002/01613 VUs, 828309 complete and 0 interrupted iterations
steady   [  87% ] 00002/01613 VUs  0m51.9s/1m0s  16000.00 iters/s

running (0m52.9s), 00046/01613 VUs, 844310 complete and 0 interrupted iterations
steady   [  88% ] 00046/01613 VUs  0m52.9s/1m0s  16000.00 iters/s

running (0m53.9s), 00003/01613 VUs, 860310 complete and 0 interrupted iterations
steady   [  90% ] 00003/01613 VUs  0m53.9s/1m0s  16000.00 iters/s

running (0m54.9s), 00002/01613 VUs, 876309 complete and 0 interrupted iterations
steady   [  92% ] 00002/01613 VUs  0m54.9s/1m0s  16000.00 iters/s

running (0m55.9s), 00003/01613 VUs, 892309 complete and 0 interrupted iterations
steady   [  93% ] 00003/01613 VUs  0m55.9s/1m0s  16000.00 iters/s

running (0m56.9s), 00002/01613 VUs, 908310 complete and 0 interrupted iterations
steady   [  95% ] 00002/01613 VUs  0m56.9s/1m0s  16000.00 iters/s

running (0m57.9s), 00002/01613 VUs, 924310 complete and 0 interrupted iterations
steady   [  97% ] 00002/01613 VUs  0m57.9s/1m0s  16000.00 iters/s

running (0m58.9s), 00001/01613 VUs, 940311 complete and 0 interrupted iterations
steady   [  98% ] 00001/01613 VUs  0m58.9s/1m0s  16000.00 iters/s

running (0m59.9s), 00002/01613 VUs, 956310 complete and 0 interrupted iterations
steady   [ 100% ] 00002/01613 VUs  0m59.9s/1m0s  16000.00 iters/s

  http_reqs                    957867 (15963.61/s)
  http_req_duration            med=0.09ms p95=0.67ms p99=18.54ms max=235.47ms
  http_req_waiting             p95=0.58ms
  http_req_failed              0.000%
  dropped_iterations           2150
  vus_max                      1613
  checks                       0 passed, 0 failed


running (1m00.0s), 00000/01613 VUs, 957867 complete and 0 interrupted iterations
steady ✓ [ 100% ] 00000/01613 VUs  1m0s  16000.00 iters/s
time="2026-07-26T10:22:27-07:00" level=error msg="thresholds on metrics 'dropped_iterations' have been crossed"
