
         /\      Grafana   /‾‾/  
    /\  /  \     |\  __   /  /   
   /  \/    \    | |/ /  /   ‾‾\ 
  /          \   |   (  |  (‾)  |
 / __________ \  |_|\_\  \_____/ 


     execution: local
        script: /Users/juancavallotti/Documents/development/octo-performance/scenarios/001-template-page/k6/steady.js
        output: -

     scenarios: (100.00%) 1 scenario, 16000 max VUs, 1m10s max duration (incl. graceful stop):
              * steady: 16000.00 iterations/s for 1m0s (maxVUs: 1600-16000, gracefulStop: 10s)


running (0m00.9s), 00001/01600 VUs, 13793 complete and 0 interrupted iterations
steady   [   1% ] 00001/01600 VUs  0m00.9s/1m0s  16000.00 iters/s

running (0m01.9s), 00003/01600 VUs, 29791 complete and 0 interrupted iterations
steady   [   3% ] 00003/01600 VUs  0m01.9s/1m0s  16000.00 iters/s

running (0m02.9s), 00005/01600 VUs, 45790 complete and 0 interrupted iterations
steady   [   5% ] 00005/01600 VUs  0m02.9s/1m0s  16000.00 iters/s

running (0m03.9s), 00005/01600 VUs, 61784 complete and 0 interrupted iterations
steady   [   6% ] 00005/01600 VUs  0m03.9s/1m0s  16000.00 iters/s

running (0m04.9s), 00002/01600 VUs, 77792 complete and 0 interrupted iterations
steady   [   8% ] 00002/01600 VUs  0m04.9s/1m0s  16000.00 iters/s

running (0m05.9s), 00002/01600 VUs, 93792 complete and 0 interrupted iterations
steady   [  10% ] 00002/01600 VUs  0m05.9s/1m0s  16000.00 iters/s

running (0m06.9s), 00002/01600 VUs, 109793 complete and 0 interrupted iterations
steady   [  11% ] 00002/01600 VUs  0m06.9s/1m0s  16000.00 iters/s

running (0m07.9s), 00106/01600 VUs, 125567 complete and 0 interrupted iterations
steady   [  13% ] 00106/01600 VUs  0m07.9s/1m0s  16000.00 iters/s

running (0m08.9s), 00003/01600 VUs, 141791 complete and 0 interrupted iterations
steady   [  15% ] 00002/01600 VUs  0m08.9s/1m0s  16000.00 iters/s

running (0m09.9s), 00001/01600 VUs, 157793 complete and 0 interrupted iterations
steady   [  16% ] 00001/01600 VUs  0m09.9s/1m0s  16000.00 iters/s

running (0m10.9s), 00002/01600 VUs, 173793 complete and 0 interrupted iterations
steady   [  18% ] 00002/01600 VUs  0m10.9s/1m0s  16000.00 iters/s

running (0m11.9s), 01387/01600 VUs, 187977 complete and 0 interrupted iterations
steady   [  20% ] 01387/01600 VUs  0m11.9s/1m0s  16000.00 iters/s

running (0m12.9s), 00002/01610 VUs, 204766 complete and 0 interrupted iterations
steady   [  21% ] 00002/01610 VUs  0m12.9s/1m0s  16000.00 iters/s

running (0m13.9s), 00002/01610 VUs, 220767 complete and 0 interrupted iterations
steady   [  23% ] 00002/01610 VUs  0m13.9s/1m0s  16000.00 iters/s

running (0m14.9s), 00002/01617 VUs, 236586 complete and 0 interrupted iterations
steady   [  25% ] 00002/01617 VUs  0m14.9s/1m0s  16000.00 iters/s

running (0m15.9s), 00003/01617 VUs, 252587 complete and 0 interrupted iterations
steady   [  26% ] 00003/01617 VUs  0m15.9s/1m0s  16000.00 iters/s

running (0m16.9s), 00002/01617 VUs, 268586 complete and 0 interrupted iterations
steady   [  28% ] 00002/01617 VUs  0m16.9s/1m0s  16000.00 iters/s

running (0m17.9s), 00001/01617 VUs, 284587 complete and 0 interrupted iterations
steady   [  30% ] 00002/01617 VUs  0m17.9s/1m0s  16000.00 iters/s

running (0m18.9s), 00005/01617 VUs, 300584 complete and 0 interrupted iterations
steady   [  31% ] 00005/01617 VUs  0m18.9s/1m0s  16000.00 iters/s

running (0m19.9s), 00002/01617 VUs, 316586 complete and 0 interrupted iterations
steady   [  33% ] 00002/01617 VUs  0m19.9s/1m0s  16000.00 iters/s

running (0m20.9s), 00002/01617 VUs, 332586 complete and 0 interrupted iterations
steady   [  35% ] 00002/01617 VUs  0m20.9s/1m0s  16000.00 iters/s

running (0m21.9s), 00002/01617 VUs, 348586 complete and 0 interrupted iterations
steady   [  36% ] 00002/01617 VUs  0m21.9s/1m0s  16000.00 iters/s

running (0m22.9s), 00002/01617 VUs, 364586 complete and 0 interrupted iterations
steady   [  38% ] 00002/01617 VUs  0m22.9s/1m0s  16000.00 iters/s

running (0m23.9s), 00002/01617 VUs, 380586 complete and 0 interrupted iterations
steady   [  40% ] 00001/01617 VUs  0m23.9s/1m0s  16000.00 iters/s

running (0m24.9s), 00002/01617 VUs, 396586 complete and 0 interrupted iterations
steady   [  41% ] 00002/01617 VUs  0m24.9s/1m0s  16000.00 iters/s

running (0m25.9s), 00002/01617 VUs, 412587 complete and 0 interrupted iterations
steady   [  43% ] 00002/01617 VUs  0m25.9s/1m0s  16000.00 iters/s

running (0m26.9s), 00008/01619 VUs, 427215 complete and 0 interrupted iterations
steady   [  45% ] 00008/01619 VUs  0m26.9s/1m0s  16000.00 iters/s

running (0m27.9s), 00001/01619 VUs, 443222 complete and 0 interrupted iterations
steady   [  46% ] 00001/01619 VUs  0m27.9s/1m0s  16000.00 iters/s

running (0m28.9s), 00002/01619 VUs, 459221 complete and 0 interrupted iterations
steady   [  48% ] 00002/01619 VUs  0m28.9s/1m0s  16000.00 iters/s

running (0m29.9s), 00008/01619 VUs, 475215 complete and 0 interrupted iterations
steady   [  50% ] 00008/01619 VUs  0m29.9s/1m0s  16000.00 iters/s

running (0m30.9s), 00001/01619 VUs, 491202 complete and 0 interrupted iterations
steady   [  51% ] 00001/01619 VUs  0m30.9s/1m0s  16000.00 iters/s

running (0m31.9s), 00001/01619 VUs, 507222 complete and 0 interrupted iterations
steady   [  53% ] 00001/01619 VUs  0m31.9s/1m0s  16000.00 iters/s

running (0m32.9s), 00002/01619 VUs, 523222 complete and 0 interrupted iterations
steady   [  55% ] 00002/01619 VUs  0m32.9s/1m0s  16000.00 iters/s

running (0m33.9s), 00008/01619 VUs, 539219 complete and 0 interrupted iterations
steady   [  56% ] 00009/01619 VUs  0m33.9s/1m0s  16000.00 iters/s

running (0m34.9s), 00002/01619 VUs, 555221 complete and 0 interrupted iterations
steady   [  58% ] 00002/01619 VUs  0m34.9s/1m0s  16000.00 iters/s

running (0m35.9s), 01643/01643 VUs, 569907 complete and 0 interrupted iterations
steady   [  60% ] 01643/01643 VUs  0m35.9s/1m0s  16000.00 iters/s

running (0m36.9s), 00002/01644 VUs, 586224 complete and 0 interrupted iterations
steady   [  61% ] 00002/01644 VUs  0m36.9s/1m0s  16000.00 iters/s

running (0m37.9s), 00003/01644 VUs, 602225 complete and 0 interrupted iterations
steady   [  63% ] 00003/01644 VUs  0m37.9s/1m0s  16000.00 iters/s

running (0m38.9s), 00002/01644 VUs, 618224 complete and 0 interrupted iterations
steady   [  65% ] 00002/01644 VUs  0m38.9s/1m0s  16000.00 iters/s

running (0m39.9s), 00003/01644 VUs, 634223 complete and 0 interrupted iterations
steady   [  66% ] 00004/01644 VUs  0m39.9s/1m0s  16000.00 iters/s

running (0m40.9s), 00977/01644 VUs, 649437 complete and 0 interrupted iterations
steady   [  68% ] 00977/01644 VUs  0m40.9s/1m0s  16000.00 iters/s

running (0m41.9s), 00008/01676 VUs, 664637 complete and 0 interrupted iterations
steady   [  70% ] 00008/01676 VUs  0m41.9s/1m0s  16000.00 iters/s

running (0m42.9s), 00002/01676 VUs, 680643 complete and 0 interrupted iterations
steady   [  71% ] 00002/01676 VUs  0m42.9s/1m0s  16000.00 iters/s

running (0m43.9s), 00002/01676 VUs, 696644 complete and 0 interrupted iterations
steady   [  73% ] 00002/01676 VUs  0m43.9s/1m0s  16000.00 iters/s

running (0m44.9s), 00002/01676 VUs, 712643 complete and 0 interrupted iterations
steady   [  75% ] 00002/01676 VUs  0m44.9s/1m0s  16000.00 iters/s

running (0m45.9s), 00003/01676 VUs, 728644 complete and 0 interrupted iterations
steady   [  76% ] 00003/01676 VUs  0m45.9s/1m0s  16000.00 iters/s

running (0m46.9s), 00003/01676 VUs, 744642 complete and 0 interrupted iterations
steady   [  78% ] 00003/01676 VUs  0m46.9s/1m0s  16000.00 iters/s

running (0m47.9s), 01250/01676 VUs, 759869 complete and 0 interrupted iterations
steady   [  80% ] 01250/01676 VUs  0m47.9s/1m0s  16000.00 iters/s

running (0m48.9s), 00001/01724 VUs, 775833 complete and 0 interrupted iterations
steady   [  81% ] 00001/01724 VUs  0m48.9s/1m0s  16000.00 iters/s

running (0m49.9s), 00006/01724 VUs, 791828 complete and 0 interrupted iterations
steady   [  83% ] 00006/01724 VUs  0m49.9s/1m0s  16000.00 iters/s

running (0m50.9s), 01728/01732 VUs, 804753 complete and 0 interrupted iterations
steady   [  85% ] 01728/01732 VUs  0m50.9s/1m0s  16000.00 iters/s

running (0m51.9s), 00510/01825 VUs, 818414 complete and 0 interrupted iterations
steady   [  86% ] 00510/01825 VUs  0m51.9s/1m0s  16000.00 iters/s

running (0m52.9s), 00910/02102 VUs, 822785 complete and 0 interrupted iterations
steady   [  88% ] 00910/02102 VUs  0m52.9s/1m0s  16000.00 iters/s

running (0m53.9s), 00704/02109 VUs, 825863 complete and 0 interrupted iterations
steady   [  90% ] 00704/02109 VUs  0m53.9s/1m0s  16000.00 iters/s

running (0m54.9s), 02164/02165 VUs, 831327 complete and 0 interrupted iterations
steady   [  91% ] 02164/02165 VUs  0m54.9s/1m0s  16000.00 iters/s

running (0m55.9s), 02299/02309 VUs, 839424 complete and 0 interrupted iterations
steady   [  93% ] 02299/02309 VUs  0m55.9s/1m0s  16000.00 iters/s

running (0m57.1s), 01593/02437 VUs, 848114 complete and 0 interrupted iterations
steady   [  95% ] 01593/02437 VUs  0m57.2s/1m0s  16000.00 iters/s

running (0m57.9s), 00279/02554 VUs, 857220 complete and 0 interrupted iterations
steady   [  96% ] 00279/02554 VUs  0m57.9s/1m0s  16000.00 iters/s

running (0m58.9s), 02600/02683 VUs, 863620 complete and 0 interrupted iterations
steady   [  98% ] 02600/02683 VUs  0m58.9s/1m0s  16000.00 iters/s

running (0m59.9s), 02736/02762 VUs, 872964 complete and 0 interrupted iterations
steady   [ 100% ] 02736/02762 VUs  0m59.9s/1m0s  16000.00 iters/s

running (1m00.3s), 00000/02767 VUs, 875821 complete and 0 interrupted iterations
steady ✓ [ 100% ] 00000/02767 VUs  1m0s  16000.00 iters/s

  http_reqs                    875821 (14513.26/s)
  http_req_duration            med=0.11ms p95=137.02ms p99=477.63ms max=1807.14ms
  http_req_waiting             p95=133.39ms
  http_req_failed              0.000%
  dropped_iterations           84318
  vus_max                      2762
  checks                       0 passed, 0 failed


running (1m00.3s), 00000/02767 VUs, 875821 complete and 0 interrupted iterations
steady ✓ [ 100% ] 00000/02767 VUs  1m0s  16000.00 iters/s
time="2026-07-26T10:28:06-07:00" level=error msg="thresholds on metrics 'dropped_iterations, http_req_duration' have been crossed"
