
         /\      Grafana   /‾‾/  
    /\  /  \     |\  __   /  /   
   /  \/    \    | |/ /  /   ‾‾\ 
  /          \   |   (  |  (‾)  |
 / __________ \  |_|\_\  \_____/ 


     execution: local
        script: /Users/juancavallotti/Documents/development/octo-performance/scenarios/003-postgres-crud/k6/steady.js
        output: -

     scenarios: (100.00%) 1 scenario, 3600 max VUs, 1m10s max duration (incl. graceful stop):
              * steady: 1500.00 iterations/s for 1m0s (maxVUs: 360-3600, gracefulStop: 10s)


running (0m01.0s), 0034/0360 VUs, 1419 complete and 0 interrupted iterations
steady   [   2% ] 0034/0360 VUs  0m01.0s/1m0s  1500.00 iters/s

running (0m02.0s), 0286/0360 VUs, 2668 complete and 0 interrupted iterations
steady   [   3% ] 0286/0360 VUs  0m02.0s/1m0s  1500.00 iters/s

running (0m03.0s), 0009/0360 VUs, 4444 complete and 0 interrupted iterations
steady   [   5% ] 0009/0360 VUs  0m03.0s/1m0s  1500.00 iters/s

running (0m04.0s), 0006/0360 VUs, 5947 complete and 0 interrupted iterations
steady   [   7% ] 0006/0360 VUs  0m04.0s/1m0s  1500.00 iters/s

running (0m05.0s), 0011/0360 VUs, 7443 complete and 0 interrupted iterations
steady   [   8% ] 0011/0360 VUs  0m05.0s/1m0s  1500.00 iters/s

running (0m06.0s), 0007/0360 VUs, 8946 complete and 0 interrupted iterations
steady   [  10% ] 0007/0360 VUs  0m06.0s/1m0s  1500.00 iters/s

running (0m07.0s), 0002/0360 VUs, 10451 complete and 0 interrupted iterations
steady   [  12% ] 0002/0360 VUs  0m07.0s/1m0s  1500.00 iters/s

running (0m08.0s), 0007/0360 VUs, 11946 complete and 0 interrupted iterations
steady   [  13% ] 0007/0360 VUs  0m08.0s/1m0s  1500.00 iters/s

running (0m09.0s), 0008/0360 VUs, 13445 complete and 0 interrupted iterations
steady   [  15% ] 0008/0360 VUs  0m09.0s/1m0s  1500.00 iters/s

running (0m10.0s), 0006/0360 VUs, 14947 complete and 0 interrupted iterations
steady   [  17% ] 0006/0360 VUs  0m10.0s/1m0s  1500.00 iters/s

running (0m11.0s), 0016/0360 VUs, 16437 complete and 0 interrupted iterations
steady   [  18% ] 0016/0360 VUs  0m11.0s/1m0s  1500.00 iters/s

running (0m12.0s), 0409/0412 VUs, 17451 complete and 0 interrupted iterations
steady   [  20% ] 0409/0412 VUs  0m12.0s/1m0s  1500.00 iters/s

running (0m13.0s), 0624/0624 VUs, 17979 complete and 0 interrupted iterations
steady   [  22% ] 0624/0624 VUs  0m13.0s/1m0s  1500.00 iters/s

running (0m14.0s), 0868/0868 VUs, 18363 complete and 0 interrupted iterations
steady   [  23% ] 0868/0868 VUs  0m14.0s/1m0s  1500.00 iters/s

running (0m15.0s), 1110/1111 VUs, 18794 complete and 0 interrupted iterations
steady   [  25% ] 1110/1111 VUs  0m15.0s/1m0s  1500.00 iters/s

running (0m16.0s), 1331/1331 VUs, 19136 complete and 0 interrupted iterations
steady   [  27% ] 1331/1331 VUs  0m16.0s/1m0s  1500.00 iters/s

running (0m17.0s), 1543/1545 VUs, 19546 complete and 0 interrupted iterations
steady   [  28% ] 1543/1545 VUs  0m17.0s/1m0s  1500.00 iters/s

running (0m18.0s), 1766/1767 VUs, 19841 complete and 0 interrupted iterations
steady   [  30% ] 1766/1767 VUs  0m18.0s/1m0s  1500.00 iters/s

running (0m19.0s), 2067/2067 VUs, 20127 complete and 0 interrupted iterations
steady   [  32% ] 2067/2067 VUs  0m19.0s/1m0s  1500.00 iters/s

running (0m20.0s), 2331/2331 VUs, 20424 complete and 0 interrupted iterations
steady   [  33% ] 2331/2331 VUs  0m20.0s/1m0s  1500.00 iters/s

running (0m21.0s), 2368/2403 VUs, 21709 complete and 0 interrupted iterations
steady   [  35% ] 2368/2403 VUs  0m21.0s/1m0s  1500.00 iters/s

running (0m22.0s), 2110/2403 VUs, 23466 complete and 0 interrupted iterations
steady   [  37% ] 2110/2403 VUs  0m22.0s/1m0s  1500.00 iters/s

running (0m23.0s), 2551/2553 VUs, 24154 complete and 0 interrupted iterations
steady   [  38% ] 2551/2553 VUs  0m23.0s/1m0s  1500.00 iters/s

running (0m24.0s), 2811/2812 VUs, 24327 complete and 0 interrupted iterations
steady   [  40% ] 2811/2812 VUs  0m24.0s/1m0s  1500.00 iters/s

running (0m25.0s), 3093/3093 VUs, 24435 complete and 0 interrupted iterations
steady   [  42% ] 3093/3093 VUs  0m25.0s/1m0s  1500.00 iters/s

running (0m26.0s), 3311/3315 VUs, 25267 complete and 0 interrupted iterations
steady   [  43% ] 3311/3315 VUs  0m26.0s/1m0s  1500.00 iters/s

running (0m27.0s), 3066/3318 VUs, 27007 complete and 0 interrupted iterations
steady   [  45% ] 3066/3318 VUs  0m27.0s/1m0s  1500.00 iters/s

running (0m28.0s), 3336/3338 VUs, 28203 complete and 0 interrupted iterations
steady   [  47% ] 3336/3338 VUs  0m28.0s/1m0s  1500.00 iters/s

running (0m29.0s), 3533/3535 VUs, 28933 complete and 0 interrupted iterations
steady   [  48% ] 3533/3535 VUs  0m29.0s/1m0s  1500.00 iters/s
time="2026-07-25T17:53:31-07:00" level=warning msg="Insufficient VUs, reached 3600 active VUs and cannot initialize more" executor=constant-arrival-rate scenario=steady

running (0m30.0s), 3600/3600 VUs, 29599 complete and 0 interrupted iterations
steady   [  50% ] 3600/3600 VUs  0m30.0s/1m0s  1500.00 iters/s

running (0m31.0s), 3598/3600 VUs, 30186 complete and 0 interrupted iterations
steady   [  52% ] 3598/3600 VUs  0m31.0s/1m0s  1500.00 iters/s

running (0m32.0s), 3570/3600 VUs, 30746 complete and 0 interrupted iterations
steady   [  53% ] 3571/3600 VUs  0m32.0s/1m0s  1500.00 iters/s

running (0m33.0s), 3590/3600 VUs, 32136 complete and 0 interrupted iterations
steady   [  55% ] 3591/3600 VUs  0m33.0s/1m0s  1500.00 iters/s

running (0m34.0s), 3349/3600 VUs, 33800 complete and 0 interrupted iterations
steady   [  57% ] 3349/3600 VUs  0m34.0s/1m0s  1500.00 iters/s

running (0m35.0s), 3225/3600 VUs, 35425 complete and 0 interrupted iterations
steady   [  58% ] 3225/3600 VUs  0m35.0s/1m0s  1500.00 iters/s

running (0m36.0s), 3041/3600 VUs, 37108 complete and 0 interrupted iterations
steady   [  60% ] 3041/3600 VUs  0m36.0s/1m0s  1500.00 iters/s

running (0m37.0s), 2887/3600 VUs, 38762 complete and 0 interrupted iterations
steady   [  62% ] 2887/3600 VUs  0m37.0s/1m0s  1500.00 iters/s

running (0m38.0s), 2376/3600 VUs, 40773 complete and 0 interrupted iterations
steady   [  63% ] 2377/3600 VUs  0m38.0s/1m0s  1500.00 iters/s

running (0m39.0s), 1910/3600 VUs, 42738 complete and 0 interrupted iterations
steady   [  65% ] 1910/3600 VUs  0m39.0s/1m0s  1500.00 iters/s

running (0m40.0s), 1683/3600 VUs, 44466 complete and 0 interrupted iterations
steady   [  67% ] 1683/3600 VUs  0m40.0s/1m0s  1500.00 iters/s

running (0m41.0s), 1367/3600 VUs, 46283 complete and 0 interrupted iterations
steady   [  68% ] 1366/3600 VUs  0m41.0s/1m0s  1500.00 iters/s

running (0m42.0s), 0541/3600 VUs, 48609 complete and 0 interrupted iterations
steady   [  70% ] 0541/3600 VUs  0m42.0s/1m0s  1500.00 iters/s

running (0m43.0s), 0043/3600 VUs, 50607 complete and 0 interrupted iterations
steady   [  72% ] 0043/3600 VUs  0m43.0s/1m0s  1500.00 iters/s

running (0m44.0s), 0006/3600 VUs, 52143 complete and 0 interrupted iterations
steady   [  73% ] 0007/3600 VUs  0m44.0s/1m0s  1500.00 iters/s

running (0m45.0s), 0039/3600 VUs, 53611 complete and 0 interrupted iterations
steady   [  75% ] 0039/3600 VUs  0m45.0s/1m0s  1500.00 iters/s

running (0m46.0s), 0006/3600 VUs, 55144 complete and 0 interrupted iterations
steady   [  77% ] 0006/3600 VUs  0m46.0s/1m0s  1500.00 iters/s

running (0m47.0s), 0030/3600 VUs, 56619 complete and 0 interrupted iterations
steady   [  78% ] 0030/3600 VUs  0m47.0s/1m0s  1500.00 iters/s

running (0m48.0s), 0005/3600 VUs, 58145 complete and 0 interrupted iterations
steady   [  80% ] 0005/3600 VUs  0m48.0s/1m0s  1500.00 iters/s

running (0m49.0s), 0014/3600 VUs, 59636 complete and 0 interrupted iterations
steady   [  82% ] 0013/3600 VUs  0m49.0s/1m0s  1500.00 iters/s

running (0m50.0s), 0011/3600 VUs, 61139 complete and 0 interrupted iterations
steady   [  83% ] 0011/3600 VUs  0m50.0s/1m0s  1500.00 iters/s

running (0m51.0s), 0007/3600 VUs, 62642 complete and 0 interrupted iterations
steady   [  85% ] 0008/3600 VUs  0m51.0s/1m0s  1500.00 iters/s

running (0m52.0s), 0014/3600 VUs, 64135 complete and 0 interrupted iterations
steady   [  87% ] 0014/3600 VUs  0m52.0s/1m0s  1500.00 iters/s

running (0m53.0s), 0017/3600 VUs, 65632 complete and 0 interrupted iterations
steady   [  88% ] 0017/3600 VUs  0m53.0s/1m0s  1500.00 iters/s

running (0m54.0s), 0008/3600 VUs, 67142 complete and 0 interrupted iterations
steady   [  90% ] 0008/3600 VUs  0m54.0s/1m0s  1500.00 iters/s

running (0m55.0s), 0008/3600 VUs, 68642 complete and 0 interrupted iterations
steady   [  92% ] 0008/3600 VUs  0m55.0s/1m0s  1500.00 iters/s

running (0m56.0s), 0008/3600 VUs, 70142 complete and 0 interrupted iterations
steady   [  93% ] 0008/3600 VUs  0m56.0s/1m0s  1500.00 iters/s

running (0m57.0s), 0016/3600 VUs, 71634 complete and 0 interrupted iterations
steady   [  95% ] 0016/3600 VUs  0m57.0s/1m0s  1500.00 iters/s

running (0m58.0s), 0007/3600 VUs, 73143 complete and 0 interrupted iterations
steady   [  97% ] 0007/3600 VUs  0m58.0s/1m0s  1500.00 iters/s

running (0m59.0s), 0014/3600 VUs, 74635 complete and 0 interrupted iterations
steady   [  98% ] 0014/3600 VUs  0m59.0s/1m0s  1500.00 iters/s

running (1m00.0s), 0017/3600 VUs, 76133 complete and 0 interrupted iterations
steady   [ 100% ] 0017/3600 VUs  1m00.0s/1m0s  1500.00 iters/s

  http_reqs                    76197 (1269.59/s)
  http_req_duration            med=19.10ms p95=4147.02ms p99=4505.08ms max=4590.02ms
  http_req_waiting             p95=4146.88ms
  http_req_failed              0.000%
  dropped_iterations           13804
  vus_max                      3600
  checks                       0 passed, 0 failed


running (1m00.0s), 0000/3600 VUs, 76197 complete and 0 interrupted iterations
steady ✓ [ 100% ] 0000/3600 VUs  1m0s  1500.00 iters/s
time="2026-07-25T17:54:02-07:00" level=error msg="thresholds on metrics 'dropped_iterations, http_req_duration' have been crossed"
