
         /\      Grafana   /‾‾/  
    /\  /  \     |\  __   /  /   
   /  \/    \    | |/ /  /   ‾‾\ 
  /          \   |   (  |  (‾)  |
 / __________ \  |_|\_\  \_____/ 


     execution: local
        script: /Users/juancavallotti/Documents/development/octo-performance/scenarios/004-queue-roundtrip/k6/steady.js
        output: -

     scenarios: (100.00%) 1 scenario, 16000 max VUs, 1m10s max duration (incl. graceful stop):
              * steady: 10000.00 iterations/s for 1m0s (maxVUs: 1600-16000, gracefulStop: 10s)


running (0m00.9s), 00001/01600 VUs, 8959 complete and 0 interrupted iterations
steady   [   1% ] 00001/01600 VUs  0m00.9s/1m0s  10000.00 iters/s

running (0m01.9s), 00001/01600 VUs, 18959 complete and 0 interrupted iterations
steady   [   3% ] 00001/01600 VUs  0m01.9s/1m0s  10000.00 iters/s

running (0m02.9s), 00002/01600 VUs, 28958 complete and 0 interrupted iterations
steady   [   5% ] 00002/01600 VUs  0m02.9s/1m0s  10000.00 iters/s

running (0m03.9s), 00001/01600 VUs, 38959 complete and 0 interrupted iterations
steady   [   6% ] 00001/01600 VUs  0m03.9s/1m0s  10000.00 iters/s

running (0m04.9s), 00001/01600 VUs, 48958 complete and 0 interrupted iterations
steady   [   8% ] 00001/01600 VUs  0m04.9s/1m0s  10000.00 iters/s

running (0m05.9s), 00001/01600 VUs, 58959 complete and 0 interrupted iterations
steady   [  10% ] 00001/01600 VUs  0m05.9s/1m0s  10000.00 iters/s

running (0m06.9s), 00001/01600 VUs, 68958 complete and 0 interrupted iterations
steady   [  11% ] 00001/01600 VUs  0m06.9s/1m0s  10000.00 iters/s

running (0m07.9s), 00002/01600 VUs, 78958 complete and 0 interrupted iterations
steady   [  13% ] 00002/01600 VUs  0m07.9s/1m0s  10000.00 iters/s

running (0m08.9s), 00001/01600 VUs, 88959 complete and 0 interrupted iterations
steady   [  15% ] 00001/01600 VUs  0m08.9s/1m0s  10000.00 iters/s

running (0m09.9s), 00001/01600 VUs, 98959 complete and 0 interrupted iterations
steady   [  16% ] 00001/01600 VUs  0m09.9s/1m0s  10000.00 iters/s

running (0m10.9s), 00002/01600 VUs, 108958 complete and 0 interrupted iterations
steady   [  18% ] 00002/01600 VUs  0m10.9s/1m0s  10000.00 iters/s

running (0m11.9s), 00000/01600 VUs, 118959 complete and 0 interrupted iterations
steady   [  20% ] 00000/01600 VUs  0m11.9s/1m0s  10000.00 iters/s

running (0m12.9s), 00000/01600 VUs, 128959 complete and 0 interrupted iterations
steady   [  21% ] 00000/01600 VUs  0m12.9s/1m0s  10000.00 iters/s

running (0m13.9s), 00001/01600 VUs, 138959 complete and 0 interrupted iterations
steady   [  23% ] 00001/01600 VUs  0m13.9s/1m0s  10000.00 iters/s

running (0m14.9s), 00003/01600 VUs, 148958 complete and 0 interrupted iterations
steady   [  25% ] 00003/01600 VUs  0m14.9s/1m0s  10000.00 iters/s

running (0m15.9s), 00001/01600 VUs, 158959 complete and 0 interrupted iterations
steady   [  26% ] 00001/01600 VUs  0m15.9s/1m0s  10000.00 iters/s

running (0m16.9s), 00001/01600 VUs, 168959 complete and 0 interrupted iterations
steady   [  28% ] 00001/01600 VUs  0m16.9s/1m0s  10000.00 iters/s

running (0m17.9s), 00001/01600 VUs, 178958 complete and 0 interrupted iterations
steady   [  30% ] 00001/01600 VUs  0m17.9s/1m0s  10000.00 iters/s

running (0m18.9s), 00001/01600 VUs, 188959 complete and 0 interrupted iterations
steady   [  31% ] 00001/01600 VUs  0m18.9s/1m0s  10000.00 iters/s

running (0m19.9s), 00001/01600 VUs, 198959 complete and 0 interrupted iterations
steady   [  33% ] 00001/01600 VUs  0m19.9s/1m0s  10000.00 iters/s

running (17m09.0s), 01658/01658 VUs, 204627 complete and 0 interrupted iterations
steady   [  35% ] 01658/01658 VUs  0m20.9s/1m0s  10000.00 iters/s

running (17m10.0s), 00001/01786 VUs, 215925 complete and 0 interrupted iterations
steady   [  36% ] 00001/01786 VUs  0m21.9s/1m0s  10000.00 iters/s

running (17m11.0s), 00001/01786 VUs, 225924 complete and 0 interrupted iterations
steady   [  38% ] 00001/01786 VUs  0m22.9s/1m0s  10000.00 iters/s

running (17m12.0s), 00002/01786 VUs, 235924 complete and 0 interrupted iterations
steady   [  40% ] 00002/01786 VUs  0m23.9s/1m0s  10000.00 iters/s

running (17m13.0s), 00001/01786 VUs, 245925 complete and 0 interrupted iterations
steady   [  41% ] 00001/01786 VUs  0m24.9s/1m0s  10000.00 iters/s

running (17m14.0s), 00001/01786 VUs, 255925 complete and 0 interrupted iterations
steady   [  43% ] 00001/01786 VUs  0m25.9s/1m0s  10000.00 iters/s

running (17m15.0s), 00001/01786 VUs, 265925 complete and 0 interrupted iterations
steady   [  45% ] 00001/01786 VUs  0m26.9s/1m0s  10000.00 iters/s

running (17m16.0s), 00001/01786 VUs, 275925 complete and 0 interrupted iterations
steady   [  46% ] 00001/01786 VUs  0m27.9s/1m0s  10000.00 iters/s

running (17m17.0s), 00001/01786 VUs, 285925 complete and 0 interrupted iterations
steady   [  48% ] 00001/01786 VUs  0m28.9s/1m0s  10000.00 iters/s

running (17m18.0s), 00002/01786 VUs, 295924 complete and 0 interrupted iterations
steady   [  50% ] 00002/01786 VUs  0m29.9s/1m0s  10000.00 iters/s

running (17m19.0s), 00000/01786 VUs, 305925 complete and 0 interrupted iterations
steady   [  51% ] 00000/01786 VUs  0m30.9s/1m0s  10000.00 iters/s

running (17m20.0s), 00001/01786 VUs, 315925 complete and 0 interrupted iterations
steady   [  53% ] 00001/01786 VUs  0m31.9s/1m0s  10000.00 iters/s

running (17m21.0s), 00001/01786 VUs, 325925 complete and 0 interrupted iterations
steady   [  55% ] 00001/01786 VUs  0m32.9s/1m0s  10000.00 iters/s

running (17m22.0s), 00001/01786 VUs, 335925 complete and 0 interrupted iterations
steady   [  56% ] 00001/01786 VUs  0m33.9s/1m0s  10000.00 iters/s

running (17m23.0s), 00001/01786 VUs, 345925 complete and 0 interrupted iterations
steady   [  58% ] 00001/01786 VUs  0m34.9s/1m0s  10000.00 iters/s

running (17m24.0s), 00001/01786 VUs, 355925 complete and 0 interrupted iterations
steady   [  60% ] 00001/01786 VUs  0m35.9s/1m0s  10000.00 iters/s

running (17m25.0s), 00001/01786 VUs, 365925 complete and 0 interrupted iterations
steady   [  61% ] 00001/01786 VUs  0m36.9s/1m0s  10000.00 iters/s

running (17m26.0s), 00009/01786 VUs, 375929 complete and 0 interrupted iterations
steady   [  63% ] 00009/01786 VUs  0m37.9s/1m0s  10000.00 iters/s

running (17m27.0s), 00001/01786 VUs, 385925 complete and 0 interrupted iterations
steady   [  65% ] 00001/01786 VUs  0m38.9s/1m0s  10000.00 iters/s

running (17m28.0s), 00001/01786 VUs, 395925 complete and 0 interrupted iterations
steady   [  66% ] 00001/01786 VUs  0m39.9s/1m0s  10000.00 iters/s

running (17m29.0s), 00001/01786 VUs, 405925 complete and 0 interrupted iterations
steady   [  68% ] 00001/01786 VUs  0m40.9s/1m0s  10000.00 iters/s

running (17m30.0s), 00002/01786 VUs, 415924 complete and 0 interrupted iterations
steady   [  70% ] 00002/01786 VUs  0m41.9s/1m0s  10000.00 iters/s

running (17m31.0s), 00001/01786 VUs, 425925 complete and 0 interrupted iterations
steady   [  71% ] 00001/01786 VUs  0m42.9s/1m0s  10000.00 iters/s

running (17m32.0s), 00001/01786 VUs, 435925 complete and 0 interrupted iterations
steady   [  73% ] 00001/01786 VUs  0m43.9s/1m0s  10000.00 iters/s

running (17m33.0s), 00002/01786 VUs, 445924 complete and 0 interrupted iterations
steady   [  75% ] 00002/01786 VUs  0m44.9s/1m0s  10000.00 iters/s

running (17m34.0s), 00001/01786 VUs, 455925 complete and 0 interrupted iterations
steady   [  76% ] 00001/01786 VUs  0m45.9s/1m0s  10000.00 iters/s

running (17m35.0s), 00001/01786 VUs, 465925 complete and 0 interrupted iterations
steady   [  78% ] 00001/01786 VUs  0m46.9s/1m0s  10000.00 iters/s

running (17m36.0s), 00003/01786 VUs, 475923 complete and 0 interrupted iterations
steady   [  80% ] 00003/01786 VUs  0m47.9s/1m0s  10000.00 iters/s

running (17m37.0s), 00001/01786 VUs, 485925 complete and 0 interrupted iterations
steady   [  81% ] 00001/01786 VUs  0m48.9s/1m0s  10000.00 iters/s

running (17m38.0s), 00001/01786 VUs, 495925 complete and 0 interrupted iterations
steady   [  83% ] 00001/01786 VUs  0m49.9s/1m0s  10000.00 iters/s

running (17m39.0s), 00000/01786 VUs, 505925 complete and 0 interrupted iterations
steady   [  85% ] 00000/01786 VUs  0m50.9s/1m0s  10000.00 iters/s

running (17m40.0s), 00002/01786 VUs, 515925 complete and 0 interrupted iterations
steady   [  86% ] 00002/01786 VUs  0m51.9s/1m0s  10000.00 iters/s

running (17m41.0s), 00001/01786 VUs, 525925 complete and 0 interrupted iterations
steady   [  88% ] 00001/01786 VUs  0m52.9s/1m0s  10000.00 iters/s

running (17m42.0s), 00001/01786 VUs, 535925 complete and 0 interrupted iterations
steady   [  90% ] 00001/01786 VUs  0m53.9s/1m0s  10000.00 iters/s

running (17m43.0s), 00001/01786 VUs, 545925 complete and 0 interrupted iterations
steady   [  91% ] 00001/01786 VUs  0m54.9s/1m0s  10000.00 iters/s

running (17m44.0s), 00001/01786 VUs, 555925 complete and 0 interrupted iterations
steady   [  93% ] 00001/01786 VUs  0m55.9s/1m0s  10000.00 iters/s

running (17m45.0s), 00001/01786 VUs, 565925 complete and 0 interrupted iterations
steady   [  95% ] 00001/01786 VUs  0m56.9s/1m0s  10000.00 iters/s

running (17m46.0s), 00001/01786 VUs, 575925 complete and 0 interrupted iterations
steady   [  96% ] 00001/01786 VUs  0m57.9s/1m0s  10000.00 iters/s

running (17m47.0s), 00002/01786 VUs, 585924 complete and 0 interrupted iterations
steady   [  98% ] 00002/01786 VUs  0m58.9s/1m0s  10000.00 iters/s

running (17m48.0s), 00002/01786 VUs, 595924 complete and 0 interrupted iterations
steady   [ 100% ] 00002/01786 VUs  0m59.9s/1m0s  10000.00 iters/s

  http_reqs                    596967 (558.92/s)
  http_req_duration            med=0.08ms p95=0.16ms p99=1.43ms max=1008497.49ms
  http_req_waiting             p95=0.13ms
  http_req_failed              0.000%
  dropped_iterations           3034
  vus_max                      1786
  checks                       0 passed, 0 failed


running (17m48.1s), 00000/01786 VUs, 596967 complete and 0 interrupted iterations
steady ✓ [ 100% ] 00000/01786 VUs  1m0s  10000.00 iters/s
time="2026-07-26T08:33:06-07:00" level=error msg="thresholds on metrics 'dropped_iterations' have been crossed"
