
         /\      Grafana   /‾‾/  
    /\  /  \     |\  __   /  /   
   /  \/    \    | |/ /  /   ‾‾\ 
  /          \   |   (  |  (‾)  |
 / __________ \  |_|\_\  \_____/ 


     execution: local
        script: /Users/juancavallotti/Documents/development/octo-performance/scenarios/001-template-page/k6/steady.js
        output: -

     scenarios: (100.00%) 1 scenario, 16000 max VUs, 1m10s max duration (incl. graceful stop):
              * steady: 16000.00 iterations/s for 1m0s (maxVUs: 1600-16000, gracefulStop: 10s)


running (0m00.9s), 00011/01600 VUs, 14551 complete and 0 interrupted iterations
steady   [   2% ] 00011/01600 VUs  0m00.9s/1m0s  16000.00 iters/s

running (0m01.9s), 00012/01600 VUs, 30547 complete and 0 interrupted iterations
steady   [   3% ] 00012/01600 VUs  0m01.9s/1m0s  16000.00 iters/s

running (0m02.9s), 00028/01600 VUs, 46531 complete and 0 interrupted iterations
steady   [   5% ] 00033/01600 VUs  0m02.9s/1m0s  16000.00 iters/s

running (0m03.9s), 00010/01600 VUs, 62549 complete and 0 interrupted iterations
steady   [   7% ] 00010/01600 VUs  0m03.9s/1m0s  16000.00 iters/s

running (0m04.9s), 00009/01600 VUs, 78551 complete and 0 interrupted iterations
steady   [   8% ] 00009/01600 VUs  0m04.9s/1m0s  16000.00 iters/s

running (0m05.9s), 00010/01600 VUs, 94550 complete and 0 interrupted iterations
steady   [  10% ] 00010/01600 VUs  0m05.9s/1m0s  16000.00 iters/s

running (0m06.9s), 00011/01600 VUs, 110549 complete and 0 interrupted iterations
steady   [  12% ] 00011/01600 VUs  0m06.9s/1m0s  16000.00 iters/s

running (0m07.9s), 00027/01600 VUs, 126532 complete and 0 interrupted iterations
steady   [  13% ] 00027/01600 VUs  0m07.9s/1m0s  16000.00 iters/s

running (0m08.9s), 00012/01600 VUs, 142549 complete and 0 interrupted iterations
steady   [  15% ] 00012/01600 VUs  0m08.9s/1m0s  16000.00 iters/s

running (0m09.9s), 00009/01600 VUs, 158552 complete and 0 interrupted iterations
steady   [  17% ] 00010/01600 VUs  0m09.9s/1m0s  16000.00 iters/s

running (0m10.9s), 00043/01600 VUs, 174524 complete and 0 interrupted iterations
steady   [  18% ] 00043/01600 VUs  0m10.9s/1m0s  16000.00 iters/s

running (0m11.9s), 00011/01600 VUs, 190549 complete and 0 interrupted iterations
steady   [  20% ] 00011/01600 VUs  0m11.9s/1m0s  16000.00 iters/s

running (0m12.9s), 00012/01600 VUs, 206548 complete and 0 interrupted iterations
steady   [  22% ] 00012/01600 VUs  0m12.9s/1m0s  16000.00 iters/s

running (0m13.9s), 00008/01600 VUs, 222553 complete and 0 interrupted iterations
steady   [  23% ] 00008/01600 VUs  0m13.9s/1m0s  16000.00 iters/s

running (0m14.9s), 00010/01600 VUs, 238553 complete and 0 interrupted iterations
steady   [  25% ] 00010/01600 VUs  0m14.9s/1m0s  16000.00 iters/s

running (0m15.9s), 00019/01600 VUs, 254542 complete and 0 interrupted iterations
steady   [  27% ] 00019/01600 VUs  0m15.9s/1m0s  16000.00 iters/s

running (0m16.9s), 00009/01600 VUs, 270551 complete and 0 interrupted iterations
steady   [  28% ] 00010/01600 VUs  0m16.9s/1m0s  16000.00 iters/s

running (0m17.9s), 00007/01600 VUs, 286554 complete and 0 interrupted iterations
steady   [  30% ] 00007/01600 VUs  0m17.9s/1m0s  16000.00 iters/s

running (0m18.9s), 00009/01600 VUs, 302551 complete and 0 interrupted iterations
steady   [  32% ] 00010/01600 VUs  0m18.9s/1m0s  16000.00 iters/s

running (0m19.9s), 00010/01600 VUs, 318550 complete and 0 interrupted iterations
steady   [  33% ] 00010/01600 VUs  0m19.9s/1m0s  16000.00 iters/s

running (0m20.9s), 00014/01600 VUs, 334545 complete and 0 interrupted iterations
steady   [  35% ] 00014/01600 VUs  0m20.9s/1m0s  16000.00 iters/s

running (0m21.9s), 00008/01600 VUs, 350552 complete and 0 interrupted iterations
steady   [  37% ] 00008/01600 VUs  0m21.9s/1m0s  16000.00 iters/s

running (0m22.9s), 00016/01600 VUs, 366543 complete and 0 interrupted iterations
steady   [  38% ] 00016/01600 VUs  0m22.9s/1m0s  16000.00 iters/s

running (0m23.9s), 00008/01600 VUs, 382552 complete and 0 interrupted iterations
steady   [  40% ] 00008/01600 VUs  0m23.9s/1m0s  16000.00 iters/s

running (0m24.9s), 00008/01600 VUs, 398553 complete and 0 interrupted iterations
steady   [  42% ] 00009/01600 VUs  0m24.9s/1m0s  16000.00 iters/s

running (0m25.9s), 00010/01600 VUs, 414550 complete and 0 interrupted iterations
steady   [  43% ] 00010/01600 VUs  0m25.9s/1m0s  16000.00 iters/s

running (0m26.9s), 00013/01600 VUs, 430547 complete and 0 interrupted iterations
steady   [  45% ] 00013/01600 VUs  0m26.9s/1m0s  16000.00 iters/s

running (0m27.9s), 00010/01600 VUs, 446551 complete and 0 interrupted iterations
steady   [  47% ] 00010/01600 VUs  0m27.9s/1m0s  16000.00 iters/s

running (0m28.9s), 00219/01600 VUs, 462340 complete and 0 interrupted iterations
steady   [  48% ] 00219/01600 VUs  0m28.9s/1m0s  16000.00 iters/s

running (0m29.9s), 00012/01600 VUs, 478547 complete and 0 interrupted iterations
steady   [  50% ] 00012/01600 VUs  0m29.9s/1m0s  16000.00 iters/s

running (0m30.9s), 00009/01600 VUs, 494551 complete and 0 interrupted iterations
steady   [  52% ] 00009/01600 VUs  0m30.9s/1m0s  16000.00 iters/s

running (0m31.9s), 00009/01600 VUs, 510551 complete and 0 interrupted iterations
steady   [  53% ] 00009/01600 VUs  0m31.9s/1m0s  16000.00 iters/s

running (0m32.9s), 00008/01600 VUs, 526552 complete and 0 interrupted iterations
steady   [  55% ] 00008/01600 VUs  0m32.9s/1m0s  16000.00 iters/s

running (0m33.9s), 00009/01600 VUs, 542550 complete and 0 interrupted iterations
steady   [  57% ] 00009/01600 VUs  0m33.9s/1m0s  16000.00 iters/s

running (0m34.9s), 00010/01600 VUs, 558549 complete and 0 interrupted iterations
steady   [  58% ] 00010/01600 VUs  0m34.9s/1m0s  16000.00 iters/s

running (0m35.9s), 00006/01600 VUs, 574554 complete and 0 interrupted iterations
steady   [  60% ] 00006/01600 VUs  0m35.9s/1m0s  16000.00 iters/s

running (0m36.9s), 00032/01600 VUs, 590530 complete and 0 interrupted iterations
steady   [  62% ] 00032/01600 VUs  0m36.9s/1m0s  16000.00 iters/s

running (0m37.9s), 00778/01600 VUs, 605906 complete and 0 interrupted iterations
steady   [  63% ] 00778/01600 VUs  0m37.9s/1m0s  16000.00 iters/s

running (0m38.9s), 00008/01600 VUs, 622551 complete and 0 interrupted iterations
steady   [  65% ] 00008/01600 VUs  0m38.9s/1m0s  16000.00 iters/s

running (0m39.9s), 00008/01600 VUs, 638552 complete and 0 interrupted iterations
steady   [  67% ] 00008/01600 VUs  0m39.9s/1m0s  16000.00 iters/s

running (0m40.9s), 00105/01600 VUs, 654545 complete and 0 interrupted iterations
steady   [  68% ] 00106/01600 VUs  0m40.9s/1m0s  16000.00 iters/s

running (0m41.9s), 00010/01600 VUs, 670551 complete and 0 interrupted iterations
steady   [  70% ] 00009/01600 VUs  0m41.9s/1m0s  16000.00 iters/s

running (0m42.9s), 00007/01600 VUs, 686553 complete and 0 interrupted iterations
steady   [  72% ] 00007/01600 VUs  0m42.9s/1m0s  16000.00 iters/s

running (0m43.9s), 00014/01600 VUs, 702546 complete and 0 interrupted iterations
steady   [  73% ] 00014/01600 VUs  0m43.9s/1m0s  16000.00 iters/s

running (0m44.9s), 00008/01600 VUs, 718551 complete and 0 interrupted iterations
steady   [  75% ] 00008/01600 VUs  0m44.9s/1m0s  16000.00 iters/s

running (0m45.9s), 00009/01600 VUs, 734551 complete and 0 interrupted iterations
steady   [  77% ] 00009/01600 VUs  0m45.9s/1m0s  16000.00 iters/s

running (0m46.9s), 00009/01600 VUs, 750553 complete and 0 interrupted iterations
steady   [  78% ] 00009/01600 VUs  0m46.9s/1m0s  16000.00 iters/s

running (0m47.9s), 00007/01600 VUs, 766553 complete and 0 interrupted iterations
steady   [  80% ] 00007/01600 VUs  0m47.9s/1m0s  16000.00 iters/s

running (0m48.9s), 00008/01600 VUs, 782552 complete and 0 interrupted iterations
steady   [  82% ] 00008/01600 VUs  0m48.9s/1m0s  16000.00 iters/s

running (0m49.9s), 00011/01600 VUs, 798551 complete and 0 interrupted iterations
steady   [  83% ] 00010/01600 VUs  0m49.9s/1m0s  16000.00 iters/s

running (0m50.9s), 00009/01600 VUs, 814551 complete and 0 interrupted iterations
steady   [  85% ] 00010/01600 VUs  0m50.9s/1m0s  16000.00 iters/s

running (0m51.9s), 00008/01600 VUs, 830554 complete and 0 interrupted iterations
steady   [  87% ] 00008/01600 VUs  0m51.9s/1m0s  16000.00 iters/s

running (0m52.9s), 00008/01600 VUs, 846551 complete and 0 interrupted iterations
steady   [  88% ] 00008/01600 VUs  0m52.9s/1m0s  16000.00 iters/s

running (0m53.9s), 00013/01600 VUs, 862546 complete and 0 interrupted iterations
steady   [  90% ] 00013/01600 VUs  0m53.9s/1m0s  16000.00 iters/s

running (0m54.9s), 00005/01600 VUs, 878554 complete and 0 interrupted iterations
steady   [  92% ] 00005/01600 VUs  0m54.9s/1m0s  16000.00 iters/s

running (0m55.9s), 00014/01600 VUs, 894545 complete and 0 interrupted iterations
steady   [  93% ] 00014/01600 VUs  0m55.9s/1m0s  16000.00 iters/s

running (0m56.9s), 00006/01600 VUs, 910554 complete and 0 interrupted iterations
steady   [  95% ] 00006/01600 VUs  0m56.9s/1m0s  16000.00 iters/s

running (0m57.9s), 00008/01600 VUs, 926553 complete and 0 interrupted iterations
steady   [  97% ] 00007/01600 VUs  0m57.9s/1m0s  16000.00 iters/s

running (0m58.9s), 00007/01600 VUs, 942554 complete and 0 interrupted iterations
steady   [  98% ] 00006/01600 VUs  0m58.9s/1m0s  16000.00 iters/s

running (0m59.9s), 00012/01600 VUs, 958547 complete and 0 interrupted iterations
steady   [ 100% ] 00011/01600 VUs  0m59.9s/1m0s  16000.00 iters/s

  http_reqs                    960001 (15999.33/s)
  http_req_duration            med=0.53ms p95=2.80ms p99=16.85ms max=215.54ms
  http_req_waiting             p95=2.71ms
  http_req_failed              0.000%
  dropped_iterations           0
  vus_max                      1600
  checks                       0 passed, 0 failed


running (1m00.0s), 00000/01600 VUs, 960001 complete and 0 interrupted iterations
steady ✓ [ 100% ] 00000/01600 VUs  1m0s  16000.00 iters/s
