
         /\      Grafana   /‾‾/  
    /\  /  \     |\  __   /  /   
   /  \/    \    | |/ /  /   ‾‾\ 
  /          \   |   (  |  (‾)  |
 / __________ \  |_|\_\  \_____/ 


     execution: local
        script: /Users/juancavallotti/Documents/development/octo-performance/scenarios/002-fanout-transform/k6/steady.js
        output: -

     scenarios: (100.00%) 1 scenario, 6000 max VUs, 1m10s max duration (incl. graceful stop):
              * steady: 6000.00 iterations/s for 1m0s (maxVUs: 600-6000, gracefulStop: 10s)


running (0m01.0s), 0014/0600 VUs, 5694 complete and 0 interrupted iterations
steady   [   2% ] 0014/0600 VUs  0m01.0s/1m0s  6000.00 iters/s

running (0m02.0s), 0015/0600 VUs, 11692 complete and 0 interrupted iterations
steady   [   3% ] 0015/0600 VUs  0m02.0s/1m0s  6000.00 iters/s

running (0m03.0s), 0013/0600 VUs, 17695 complete and 0 interrupted iterations
steady   [   5% ] 0013/0600 VUs  0m03.0s/1m0s  6000.00 iters/s

running (0m04.0s), 0025/0600 VUs, 23683 complete and 0 interrupted iterations
steady   [   7% ] 0025/0600 VUs  0m04.0s/1m0s  6000.00 iters/s

running (0m05.0s), 0007/0600 VUs, 29701 complete and 0 interrupted iterations
steady   [   8% ] 0007/0600 VUs  0m05.0s/1m0s  6000.00 iters/s

running (0m06.0s), 0003/0600 VUs, 35705 complete and 0 interrupted iterations
steady   [  10% ] 0003/0600 VUs  0m06.0s/1m0s  6000.00 iters/s

running (0m07.0s), 0003/0600 VUs, 41705 complete and 0 interrupted iterations
steady   [  12% ] 0003/0600 VUs  0m07.0s/1m0s  6000.00 iters/s

running (0m08.0s), 0018/0600 VUs, 47690 complete and 0 interrupted iterations
steady   [  13% ] 0018/0600 VUs  0m08.0s/1m0s  6000.00 iters/s

running (0m09.0s), 0004/0600 VUs, 53704 complete and 0 interrupted iterations
steady   [  15% ] 0004/0600 VUs  0m09.0s/1m0s  6000.00 iters/s

running (0m10.0s), 0005/0600 VUs, 59703 complete and 0 interrupted iterations
steady   [  17% ] 0005/0600 VUs  0m10.0s/1m0s  6000.00 iters/s

running (0m11.0s), 0003/0600 VUs, 65705 complete and 0 interrupted iterations
steady   [  18% ] 0003/0600 VUs  0m11.0s/1m0s  6000.00 iters/s

running (0m12.0s), 0003/0600 VUs, 71705 complete and 0 interrupted iterations
steady   [  20% ] 0003/0600 VUs  0m12.0s/1m0s  6000.00 iters/s

running (0m13.0s), 0003/0600 VUs, 77705 complete and 0 interrupted iterations
steady   [  22% ] 0003/0600 VUs  0m13.0s/1m0s  6000.00 iters/s

running (0m14.0s), 0015/0600 VUs, 83693 complete and 0 interrupted iterations
steady   [  23% ] 0015/0600 VUs  0m14.0s/1m0s  6000.00 iters/s

running (0m15.0s), 0007/0600 VUs, 89701 complete and 0 interrupted iterations
steady   [  25% ] 0007/0600 VUs  0m15.0s/1m0s  6000.00 iters/s

running (0m16.0s), 0009/0600 VUs, 95699 complete and 0 interrupted iterations
steady   [  27% ] 0009/0600 VUs  0m16.0s/1m0s  6000.00 iters/s

running (0m17.0s), 0004/0600 VUs, 101704 complete and 0 interrupted iterations
steady   [  28% ] 0004/0600 VUs  0m17.0s/1m0s  6000.00 iters/s

running (0m18.0s), 0004/0600 VUs, 107704 complete and 0 interrupted iterations
steady   [  30% ] 0004/0600 VUs  0m18.0s/1m0s  6000.00 iters/s

running (0m19.0s), 0014/0600 VUs, 113694 complete and 0 interrupted iterations
steady   [  32% ] 0014/0600 VUs  0m19.0s/1m0s  6000.00 iters/s

running (0m20.0s), 0005/0600 VUs, 119703 complete and 0 interrupted iterations
steady   [  33% ] 0005/0600 VUs  0m20.0s/1m0s  6000.00 iters/s

running (0m21.0s), 0008/0600 VUs, 125700 complete and 0 interrupted iterations
steady   [  35% ] 0008/0600 VUs  0m21.0s/1m0s  6000.00 iters/s

running (0m22.0s), 0019/0600 VUs, 131689 complete and 0 interrupted iterations
steady   [  37% ] 0019/0600 VUs  0m22.0s/1m0s  6000.00 iters/s

running (0m23.0s), 0002/0600 VUs, 137706 complete and 0 interrupted iterations
steady   [  38% ] 0002/0600 VUs  0m23.0s/1m0s  6000.00 iters/s

running (0m24.0s), 0006/0600 VUs, 143702 complete and 0 interrupted iterations
steady   [  40% ] 0006/0600 VUs  0m24.0s/1m0s  6000.00 iters/s

running (0m25.0s), 0003/0600 VUs, 149705 complete and 0 interrupted iterations
steady   [  42% ] 0003/0600 VUs  0m25.0s/1m0s  6000.00 iters/s

running (0m26.0s), 0009/0600 VUs, 155699 complete and 0 interrupted iterations
steady   [  43% ] 0009/0600 VUs  0m26.0s/1m0s  6000.00 iters/s

running (0m27.0s), 0003/0600 VUs, 161705 complete and 0 interrupted iterations
steady   [  45% ] 0003/0600 VUs  0m27.0s/1m0s  6000.00 iters/s

running (0m28.0s), 0014/0600 VUs, 167694 complete and 0 interrupted iterations
steady   [  47% ] 0014/0600 VUs  0m28.0s/1m0s  6000.00 iters/s

running (0m29.0s), 0003/0600 VUs, 173705 complete and 0 interrupted iterations
steady   [  48% ] 0003/0600 VUs  0m29.0s/1m0s  6000.00 iters/s

running (0m30.0s), 0005/0600 VUs, 179703 complete and 0 interrupted iterations
steady   [  50% ] 0005/0600 VUs  0m30.0s/1m0s  6000.00 iters/s

running (0m31.0s), 0011/0600 VUs, 185697 complete and 0 interrupted iterations
steady   [  52% ] 0011/0600 VUs  0m31.0s/1m0s  6000.00 iters/s

running (0m32.0s), 0012/0600 VUs, 191697 complete and 0 interrupted iterations
steady   [  53% ] 0012/0600 VUs  0m32.0s/1m0s  6000.00 iters/s

running (0m33.0s), 0003/0600 VUs, 197705 complete and 0 interrupted iterations
steady   [  55% ] 0003/0600 VUs  0m33.0s/1m0s  6000.00 iters/s

running (0m34.0s), 0004/0600 VUs, 203705 complete and 0 interrupted iterations
steady   [  57% ] 0004/0600 VUs  0m34.0s/1m0s  6000.00 iters/s

running (0m35.0s), 0003/0600 VUs, 209706 complete and 0 interrupted iterations
steady   [  58% ] 0003/0600 VUs  0m35.0s/1m0s  6000.00 iters/s

running (0m36.0s), 0004/0600 VUs, 215705 complete and 0 interrupted iterations
steady   [  60% ] 0004/0600 VUs  0m36.0s/1m0s  6000.00 iters/s

running (0m37.0s), 0008/0600 VUs, 221701 complete and 0 interrupted iterations
steady   [  62% ] 0008/0600 VUs  0m37.0s/1m0s  6000.00 iters/s

running (0m38.0s), 0005/0600 VUs, 227704 complete and 0 interrupted iterations
steady   [  63% ] 0005/0600 VUs  0m38.0s/1m0s  6000.00 iters/s

running (0m39.0s), 0010/0600 VUs, 233699 complete and 0 interrupted iterations
steady   [  65% ] 0010/0600 VUs  0m39.0s/1m0s  6000.00 iters/s

running (0m40.0s), 0006/0600 VUs, 239703 complete and 0 interrupted iterations
steady   [  67% ] 0006/0600 VUs  0m40.0s/1m0s  6000.00 iters/s

running (0m41.0s), 0065/0600 VUs, 245643 complete and 0 interrupted iterations
steady   [  68% ] 0065/0600 VUs  0m41.0s/1m0s  6000.00 iters/s

running (0m42.0s), 0007/0600 VUs, 251701 complete and 0 interrupted iterations
steady   [  70% ] 0008/0600 VUs  0m42.0s/1m0s  6000.00 iters/s

running (0m43.0s), 0012/0600 VUs, 257697 complete and 0 interrupted iterations
steady   [  72% ] 0012/0600 VUs  0m43.0s/1m0s  6000.00 iters/s

running (0m44.0s), 0010/0600 VUs, 263699 complete and 0 interrupted iterations
steady   [  73% ] 0010/0600 VUs  0m44.0s/1m0s  6000.00 iters/s

running (0m45.0s), 0005/0600 VUs, 269704 complete and 0 interrupted iterations
steady   [  75% ] 0005/0600 VUs  0m45.0s/1m0s  6000.00 iters/s

running (0m46.0s), 0006/0600 VUs, 275703 complete and 0 interrupted iterations
steady   [  77% ] 0006/0600 VUs  0m46.0s/1m0s  6000.00 iters/s

running (0m47.0s), 0020/0600 VUs, 281689 complete and 0 interrupted iterations
steady   [  78% ] 0020/0600 VUs  0m47.0s/1m0s  6000.00 iters/s

running (0m48.0s), 0003/0600 VUs, 287706 complete and 0 interrupted iterations
steady   [  80% ] 0003/0600 VUs  0m48.0s/1m0s  6000.00 iters/s

running (0m49.0s), 0013/0600 VUs, 293696 complete and 0 interrupted iterations
steady   [  82% ] 0013/0600 VUs  0m49.0s/1m0s  6000.00 iters/s

running (0m50.0s), 0003/0600 VUs, 299706 complete and 0 interrupted iterations
steady   [  83% ] 0003/0600 VUs  0m50.0s/1m0s  6000.00 iters/s

running (0m51.0s), 0003/0600 VUs, 305706 complete and 0 interrupted iterations
steady   [  85% ] 0003/0600 VUs  0m51.0s/1m0s  6000.00 iters/s

running (0m52.0s), 0005/0600 VUs, 311704 complete and 0 interrupted iterations
steady   [  87% ] 0005/0600 VUs  0m52.0s/1m0s  6000.00 iters/s

running (0m53.0s), 0019/0600 VUs, 317690 complete and 0 interrupted iterations
steady   [  88% ] 0019/0600 VUs  0m53.0s/1m0s  6000.00 iters/s

running (0m54.0s), 0003/0600 VUs, 323706 complete and 0 interrupted iterations
steady   [  90% ] 0003/0600 VUs  0m54.0s/1m0s  6000.00 iters/s

running (0m55.0s), 0003/0600 VUs, 329706 complete and 0 interrupted iterations
steady   [  92% ] 0003/0600 VUs  0m55.0s/1m0s  6000.00 iters/s

running (0m56.0s), 0011/0600 VUs, 335698 complete and 0 interrupted iterations
steady   [  93% ] 0011/0600 VUs  0m56.0s/1m0s  6000.00 iters/s

running (0m57.0s), 0004/0600 VUs, 341705 complete and 0 interrupted iterations
steady   [  95% ] 0004/0600 VUs  0m57.0s/1m0s  6000.00 iters/s

running (0m58.0s), 0031/0600 VUs, 347678 complete and 0 interrupted iterations
steady   [  97% ] 0031/0600 VUs  0m58.0s/1m0s  6000.00 iters/s

running (0m59.0s), 0014/0600 VUs, 353695 complete and 0 interrupted iterations
steady   [  98% ] 0014/0600 VUs  0m59.0s/1m0s  6000.00 iters/s

running (1m00.0s), 0004/0600 VUs, 359705 complete and 0 interrupted iterations
steady   [ 100% ] 0004/0600 VUs  1m00.0s/1m0s  6000.00 iters/s

  http_reqs                    360002 (5999.90/s)
  http_req_duration            med=0.88ms p95=5.87ms p99=10.95ms max=65.96ms
  http_req_waiting             p95=5.85ms
  http_req_failed              0.000%
  dropped_iterations           0
  vus_max                      600
  checks                       0 passed, 0 failed


running (1m00.0s), 0000/0600 VUs, 360002 complete and 0 interrupted iterations
steady ✓ [ 100% ] 0000/0600 VUs  1m0s  6000.00 iters/s
