
         /\      Grafana   /‾‾/  
    /\  /  \     |\  __   /  /   
   /  \/    \    | |/ /  /   ‾‾\ 
  /          \   |   (  |  (‾)  |
 / __________ \  |_|\_\  \_____/ 


     execution: local
        script: /Users/juancavallotti/Documents/development/octo-performance/scenarios/001-template-page/k6/steady.js
        output: -

     scenarios: (100.00%) 1 scenario, 16000 max VUs, 1m10s max duration (incl. graceful stop):
              * steady: 16000.00 iterations/s for 1m0s (maxVUs: 1600-16000, gracefulStop: 10s)


running (0m00.9s), 01581/01629 VUs, 11745 complete and 0 interrupted iterations
steady   [   1% ] 01581/01629 VUs  0m00.9s/1m0s  16000.00 iters/s

running (0m01.9s), 00008/01629 VUs, 29259 complete and 0 interrupted iterations
steady   [   3% ] 00008/01629 VUs  0m01.9s/1m0s  16000.00 iters/s

running (0m02.9s), 00010/01629 VUs, 45257 complete and 0 interrupted iterations
steady   [   5% ] 00010/01629 VUs  0m02.9s/1m0s  16000.00 iters/s

running (0m03.9s), 00005/01629 VUs, 61262 complete and 0 interrupted iterations
steady   [   6% ] 00005/01629 VUs  0m03.9s/1m0s  16000.00 iters/s

running (0m04.9s), 00008/01629 VUs, 77260 complete and 0 interrupted iterations
steady   [   8% ] 00008/01629 VUs  0m04.9s/1m0s  16000.00 iters/s

running (0m05.9s), 00009/01629 VUs, 93258 complete and 0 interrupted iterations
steady   [  10% ] 00008/01629 VUs  0m05.9s/1m0s  16000.00 iters/s

running (0m06.9s), 00009/01629 VUs, 109260 complete and 0 interrupted iterations
steady   [  11% ] 00009/01629 VUs  0m06.9s/1m0s  16000.00 iters/s

running (0m07.9s), 00022/01629 VUs, 125245 complete and 0 interrupted iterations
steady   [  13% ] 00022/01629 VUs  0m07.9s/1m0s  16000.00 iters/s

running (0m08.9s), 00007/01629 VUs, 141261 complete and 0 interrupted iterations
steady   [  15% ] 00007/01629 VUs  0m08.9s/1m0s  16000.00 iters/s

running (0m09.9s), 00005/01629 VUs, 157262 complete and 0 interrupted iterations
steady   [  16% ] 00005/01629 VUs  0m09.9s/1m0s  16000.00 iters/s

running (0m10.9s), 00394/01629 VUs, 172753 complete and 0 interrupted iterations
steady   [  18% ] 00394/01629 VUs  0m10.9s/1m0s  16000.00 iters/s

running (0m11.9s), 00007/01698 VUs, 187196 complete and 0 interrupted iterations
steady   [  20% ] 00007/01698 VUs  0m11.9s/1m0s  16000.00 iters/s

running (0m12.9s), 00008/01698 VUs, 203195 complete and 0 interrupted iterations
steady   [  21% ] 00009/01698 VUs  0m12.9s/1m0s  16000.00 iters/s

running (0m13.9s), 00032/01698 VUs, 219185 complete and 0 interrupted iterations
steady   [  23% ] 00032/01698 VUs  0m13.9s/1m0s  16000.00 iters/s

running (0m14.9s), 00014/01698 VUs, 235189 complete and 0 interrupted iterations
steady   [  25% ] 00014/01698 VUs  0m14.9s/1m0s  16000.00 iters/s

running (0m15.9s), 00006/01698 VUs, 251198 complete and 0 interrupted iterations
steady   [  26% ] 00006/01698 VUs  0m15.9s/1m0s  16000.00 iters/s

running (0m16.9s), 00008/01698 VUs, 267195 complete and 0 interrupted iterations
steady   [  28% ] 00008/01698 VUs  0m16.9s/1m0s  16000.00 iters/s

running (0m17.9s), 00006/01698 VUs, 283197 complete and 0 interrupted iterations
steady   [  30% ] 00006/01698 VUs  0m17.9s/1m0s  16000.00 iters/s

running (0m18.9s), 00017/01698 VUs, 299186 complete and 0 interrupted iterations
steady   [  31% ] 00017/01698 VUs  0m18.9s/1m0s  16000.00 iters/s

running (0m19.9s), 00707/01698 VUs, 314429 complete and 0 interrupted iterations
steady   [  33% ] 00708/01698 VUs  0m19.9s/1m0s  16000.00 iters/s

running (0m20.9s), 00008/01725 VUs, 330803 complete and 0 interrupted iterations
steady   [  35% ] 00008/01725 VUs  0m20.9s/1m0s  16000.00 iters/s

running (0m21.9s), 00034/01725 VUs, 346777 complete and 0 interrupted iterations
steady   [  36% ] 00035/01725 VUs  0m21.9s/1m0s  16000.00 iters/s

running (0m22.9s), 00010/01725 VUs, 362801 complete and 0 interrupted iterations
steady   [  38% ] 00011/01725 VUs  0m22.9s/1m0s  16000.00 iters/s

running (0m23.9s), 00010/01725 VUs, 378801 complete and 0 interrupted iterations
steady   [  40% ] 00010/01725 VUs  0m23.9s/1m0s  16000.00 iters/s

running (0m24.9s), 00013/01725 VUs, 394800 complete and 0 interrupted iterations
steady   [  41% ] 00013/01725 VUs  0m24.9s/1m0s  16000.00 iters/s

running (0m25.9s), 00009/01725 VUs, 410802 complete and 0 interrupted iterations
steady   [  43% ] 00008/01725 VUs  0m25.9s/1m0s  16000.00 iters/s

running (0m26.9s), 00009/01755 VUs, 426264 complete and 0 interrupted iterations
steady   [  45% ] 00009/01755 VUs  0m26.9s/1m0s  16000.00 iters/s

running (0m27.9s), 00007/01755 VUs, 442266 complete and 0 interrupted iterations
steady   [  46% ] 00007/01755 VUs  0m27.9s/1m0s  16000.00 iters/s

running (0m28.9s), 00040/01755 VUs, 458234 complete and 0 interrupted iterations
steady   [  48% ] 00040/01755 VUs  0m28.9s/1m0s  16000.00 iters/s

running (0m29.9s), 00005/01755 VUs, 474268 complete and 0 interrupted iterations
steady   [  50% ] 00005/01755 VUs  0m29.9s/1m0s  16000.00 iters/s

running (0m30.9s), 00009/01755 VUs, 490264 complete and 0 interrupted iterations
steady   [  51% ] 00009/01755 VUs  0m30.9s/1m0s  16000.00 iters/s

running (0m31.9s), 00009/01755 VUs, 506264 complete and 0 interrupted iterations
steady   [  53% ] 00008/01755 VUs  0m31.9s/1m0s  16000.00 iters/s

running (0m32.9s), 00031/01755 VUs, 522244 complete and 0 interrupted iterations
steady   [  55% ] 00031/01755 VUs  0m32.9s/1m0s  16000.00 iters/s

running (0m33.9s), 00009/01755 VUs, 538265 complete and 0 interrupted iterations
steady   [  56% ] 00009/01755 VUs  0m33.9s/1m0s  16000.00 iters/s

running (0m34.9s), 00009/01755 VUs, 554265 complete and 0 interrupted iterations
steady   [  58% ] 00009/01755 VUs  0m34.9s/1m0s  16000.00 iters/s

running (0m35.9s), 00008/01755 VUs, 570265 complete and 0 interrupted iterations
steady   [  60% ] 00008/01755 VUs  0m35.9s/1m0s  16000.00 iters/s

running (0m36.9s), 00008/01755 VUs, 586265 complete and 0 interrupted iterations
steady   [  61% ] 00008/01755 VUs  0m36.9s/1m0s  16000.00 iters/s

running (0m37.9s), 00006/01755 VUs, 602267 complete and 0 interrupted iterations
steady   [  63% ] 00006/01755 VUs  0m37.9s/1m0s  16000.00 iters/s

running (0m38.9s), 00007/01755 VUs, 618266 complete and 0 interrupted iterations
steady   [  65% ] 00007/01755 VUs  0m38.9s/1m0s  16000.00 iters/s

running (0m39.9s), 00009/01755 VUs, 634264 complete and 0 interrupted iterations
steady   [  66% ] 00009/01755 VUs  0m39.9s/1m0s  16000.00 iters/s

running (0m40.9s), 00011/01755 VUs, 650264 complete and 0 interrupted iterations
steady   [  68% ] 00011/01755 VUs  0m40.9s/1m0s  16000.00 iters/s

running (0m41.9s), 00013/01755 VUs, 666260 complete and 0 interrupted iterations
steady   [  70% ] 00013/01755 VUs  0m41.9s/1m0s  16000.00 iters/s

running (0m42.9s), 01061/01755 VUs, 681212 complete and 0 interrupted iterations
steady   [  71% ] 01061/01755 VUs  0m42.9s/1m0s  16000.00 iters/s

running (0m43.9s), 00010/01755 VUs, 698263 complete and 0 interrupted iterations
steady   [  73% ] 00010/01755 VUs  0m43.9s/1m0s  16000.00 iters/s

running (0m44.9s), 00006/01755 VUs, 714267 complete and 0 interrupted iterations
steady   [  75% ] 00006/01755 VUs  0m44.9s/1m0s  16000.00 iters/s

running (0m45.9s), 00008/01755 VUs, 730267 complete and 0 interrupted iterations
steady   [  76% ] 00008/01755 VUs  0m45.9s/1m0s  16000.00 iters/s

running (0m46.9s), 00007/01755 VUs, 746266 complete and 0 interrupted iterations
steady   [  78% ] 00006/01755 VUs  0m46.9s/1m0s  16000.00 iters/s

running (0m47.9s), 00729/01755 VUs, 761551 complete and 0 interrupted iterations
steady   [  80% ] 00729/01755 VUs  0m47.9s/1m0s  16000.00 iters/s

running (0m48.9s), 00011/01755 VUs, 778262 complete and 0 interrupted iterations
steady   [  81% ] 00011/01755 VUs  0m48.9s/1m0s  16000.00 iters/s

running (0m49.9s), 00005/01755 VUs, 794267 complete and 0 interrupted iterations
steady   [  83% ] 00005/01755 VUs  0m49.9s/1m0s  16000.00 iters/s

running (0m50.9s), 00008/01755 VUs, 810265 complete and 0 interrupted iterations
steady   [  85% ] 00009/01755 VUs  0m50.9s/1m0s  16000.00 iters/s

running (0m51.9s), 00008/01755 VUs, 826265 complete and 0 interrupted iterations
steady   [  86% ] 00008/01755 VUs  0m51.9s/1m0s  16000.00 iters/s

running (0m52.9s), 00009/01755 VUs, 842264 complete and 0 interrupted iterations
steady   [  88% ] 00009/01755 VUs  0m52.9s/1m0s  16000.00 iters/s

running (0m53.9s), 00754/01755 VUs, 857465 complete and 0 interrupted iterations
steady   [  90% ] 00768/01755 VUs  0m53.9s/1m0s  16000.00 iters/s

running (0m54.9s), 00010/01755 VUs, 874263 complete and 0 interrupted iterations
steady   [  91% ] 00010/01755 VUs  0m54.9s/1m0s  16000.00 iters/s

running (0m55.9s), 00961/01755 VUs, 889302 complete and 0 interrupted iterations
steady   [  93% ] 00961/01755 VUs  0m55.9s/1m0s  16000.00 iters/s

running (0m56.9s), 00161/01799 VUs, 903803 complete and 0 interrupted iterations
steady   [  95% ] 00161/01799 VUs  0m56.9s/1m0s  16000.00 iters/s

running (0m57.9s), 00013/01799 VUs, 919952 complete and 0 interrupted iterations
steady   [  96% ] 00013/01799 VUs  0m57.9s/1m0s  16000.00 iters/s

running (0m58.9s), 00520/01799 VUs, 935400 complete and 0 interrupted iterations
steady   [  98% ] 00520/01799 VUs  0m58.9s/1m0s  16000.00 iters/s

running (0m59.9s), 00903/01799 VUs, 951059 complete and 0 interrupted iterations
steady   [ 100% ] 00903/01799 VUs  0m59.9s/1m0s  16000.00 iters/s

  http_reqs                    953641 (15851.99/s)
  http_req_duration            med=0.62ms p95=32.83ms p99=108.52ms max=1081.49ms
  http_req_waiting             p95=32.30ms
  http_req_failed              0.000%
  dropped_iterations           6360
  vus_max                      1799
  checks                       0 passed, 0 failed


running (1m00.2s), 00000/01799 VUs, 953641 complete and 0 interrupted iterations
steady ✓ [ 100% ] 00000/01799 VUs  1m0s  16000.00 iters/s
time="2026-07-25T11:32:10-07:00" level=error msg="thresholds on metrics 'dropped_iterations, http_req_duration' have been crossed"
