
         /\      Grafana   /‾‾/  
    /\  /  \     |\  __   /  /   
   /  \/    \    | |/ /  /   ‾‾\ 
  /          \   |   (  |  (‾)  |
 / __________ \  |_|\_\  \_____/ 


     execution: local
        script: /Users/juancavallotti/Documents/development/octo-performance/scenarios/001-template-page/k6/steady.js
        output: -

     scenarios: (100.00%) 1 scenario, 16000 max VUs, 1m10s max duration (incl. graceful stop):
              * steady: 16000.00 iterations/s for 1m0s (maxVUs: 1600-16000, gracefulStop: 10s)


running (0m00.7s), 01648/01699 VUs, 4915 complete and 0 interrupted iterations
steady   [   1% ] 01648/01699 VUs  0m00.7s/1m0s  16000.00 iters/s

running (0m01.7s), 01635/01828 VUs, 14332 complete and 0 interrupted iterations
steady   [   3% ] 01635/01828 VUs  0m01.7s/1m0s  16000.00 iters/s

running (0m02.7s), 01715/01933 VUs, 23869 complete and 0 interrupted iterations
steady   [   4% ] 01714/01933 VUs  0m02.7s/1m0s  16000.00 iters/s

running (0m03.7s), 02049/02049 VUs, 31961 complete and 0 interrupted iterations
steady   [   6% ] 02049/02049 VUs  0m03.7s/1m0s  16000.00 iters/s

running (0m04.7s), 02173/02215 VUs, 40359 complete and 0 interrupted iterations
steady   [   8% ] 02173/02215 VUs  0m04.7s/1m0s  16000.00 iters/s

running (0m05.7s), 01921/02226 VUs, 53150 complete and 0 interrupted iterations
steady   [   9% ] 01921/02226 VUs  0m05.7s/1m0s  16000.00 iters/s

running (0m06.7s), 02387/02388 VUs, 60325 complete and 0 interrupted iterations
steady   [  11% ] 02387/02388 VUs  0m06.7s/1m0s  16000.00 iters/s

running (0m07.7s), 02387/02485 VUs, 65882 complete and 0 interrupted iterations
steady   [  13% ] 02387/02485 VUs  0m07.7s/1m0s  16000.00 iters/s

running (0m08.7s), 02605/02656 VUs, 75192 complete and 0 interrupted iterations
steady   [  14% ] 02605/02656 VUs  0m08.7s/1m0s  16000.00 iters/s

running (0m09.7s), 02820/02821 VUs, 85678 complete and 0 interrupted iterations
steady   [  16% ] 02820/02821 VUs  0m09.7s/1m0s  16000.00 iters/s

running (0m10.7s), 02863/02940 VUs, 93309 complete and 0 interrupted iterations
steady   [  18% ] 02863/02940 VUs  0m10.7s/1m0s  16000.00 iters/s

running (0m11.7s), 03060/03086 VUs, 103585 complete and 0 interrupted iterations
steady   [  19% ] 03061/03086 VUs  0m11.7s/1m0s  16000.00 iters/s

running (0m12.7s), 02484/03097 VUs, 119869 complete and 0 interrupted iterations
steady   [  21% ] 02484/03097 VUs  0m12.7s/1m0s  16000.00 iters/s

running (0m13.7s), 02450/03104 VUs, 126409 complete and 0 interrupted iterations
steady   [  23% ] 02450/03104 VUs  0m13.7s/1m0s  16000.00 iters/s

running (0m14.7s), 03325/03333 VUs, 132649 complete and 0 interrupted iterations
steady   [  24% ] 03325/03333 VUs  0m14.7s/1m0s  16000.00 iters/s

running (0m15.7s), 03537/03629 VUs, 138829 complete and 0 interrupted iterations
steady   [  26% ] 03537/03629 VUs  0m15.7s/1m0s  16000.00 iters/s

running (0m16.7s), 03865/03872 VUs, 145491 complete and 0 interrupted iterations
steady   [  28% ] 03865/03872 VUs  0m16.7s/1m0s  16000.00 iters/s

running (0m17.7s), 03965/04069 VUs, 149034 complete and 0 interrupted iterations
steady   [  29% ] 03965/04069 VUs  0m17.7s/1m0s  16000.00 iters/s

running (0m18.7s), 04132/04249 VUs, 157751 complete and 0 interrupted iterations
steady   [  31% ] 04132/04249 VUs  0m18.7s/1m0s  16000.00 iters/s

running (0m19.7s), 00794/04345 VUs, 173448 complete and 0 interrupted iterations
steady   [  33% ] 00794/04345 VUs  0m19.7s/1m0s  16000.00 iters/s

running (0m20.7s), 04440/04440 VUs, 182433 complete and 0 interrupted iterations
steady   [  34% ] 04440/04440 VUs  0m20.7s/1m0s  16000.00 iters/s

running (0m22.1s), 02338/04476 VUs, 195067 complete and 0 interrupted iterations
steady   [  37% ] 02338/04476 VUs  0m22.3s/1m0s  16000.00 iters/s

running (0m22.7s), 04245/04554 VUs, 199749 complete and 0 interrupted iterations
steady   [  38% ] 04245/04554 VUs  0m22.7s/1m0s  16000.00 iters/s

running (0m23.7s), 04491/04693 VUs, 208775 complete and 0 interrupted iterations
steady   [  39% ] 04491/04693 VUs  0m23.7s/1m0s  16000.00 iters/s

running (0m24.7s), 04772/04876 VUs, 214121 complete and 0 interrupted iterations
steady   [  41% ] 04772/04876 VUs  0m24.7s/1m0s  16000.00 iters/s

running (0m25.7s), 05213/05241 VUs, 220658 complete and 0 interrupted iterations
steady   [  43% ] 05213/05240 VUs  0m25.7s/1m0s  16000.00 iters/s

running (0m26.7s), 01214/05277 VUs, 237344 complete and 0 interrupted iterations
steady   [  44% ] 01214/05277 VUs  0m26.7s/1m0s  16000.00 iters/s

running (0m27.7s), 04926/05277 VUs, 238526 complete and 0 interrupted iterations
steady   [  46% ] 04926/05277 VUs  0m27.7s/1m0s  16000.00 iters/s

running (0m28.7s), 05122/05403 VUs, 245614 complete and 0 interrupted iterations
steady   [  48% ] 05122/05403 VUs  0m28.7s/1m0s  16000.00 iters/s

running (0m29.7s), 05685/05685 VUs, 251193 complete and 0 interrupted iterations
steady   [  49% ] 05685/05685 VUs  0m29.7s/1m0s  16000.00 iters/s

running (0m30.7s), 05847/05905 VUs, 257932 complete and 0 interrupted iterations
steady   [  51% ] 05847/05905 VUs  0m30.7s/1m0s  16000.00 iters/s

running (0m31.7s), 06102/06103 VUs, 265818 complete and 0 interrupted iterations
steady   [  53% ] 06102/06103 VUs  0m31.7s/1m0s  16000.00 iters/s

running (0m32.7s), 06284/06306 VUs, 274205 complete and 0 interrupted iterations
steady   [  54% ] 06284/06306 VUs  0m32.7s/1m0s  16000.00 iters/s

running (0m33.7s), 05950/06398 VUs, 278163 complete and 0 interrupted iterations
steady   [  56% ] 05948/06398 VUs  0m33.7s/1m0s  16000.00 iters/s

running (0m34.7s), 06616/06645 VUs, 284141 complete and 0 interrupted iterations
steady   [  58% ] 06616/06645 VUs  0m34.7s/1m0s  16000.00 iters/s

running (0m35.7s), 06872/06874 VUs, 287610 complete and 0 interrupted iterations
steady   [  59% ] 06872/06874 VUs  0m35.7s/1m0s  16000.00 iters/s

running (0m36.7s), 07119/07126 VUs, 292624 complete and 0 interrupted iterations
steady   [  61% ] 07119/07126 VUs  0m36.7s/1m0s  16000.00 iters/s

running (0m37.7s), 07427/07431 VUs, 297874 complete and 0 interrupted iterations
steady   [  63% ] 07427/07431 VUs  0m37.7s/1m0s  16000.00 iters/s

running (0m38.7s), 07665/07729 VUs, 301830 complete and 0 interrupted iterations
steady   [  64% ] 07665/07729 VUs  0m38.7s/1m0s  16000.00 iters/s

running (0m39.7s), 07763/08013 VUs, 304609 complete and 0 interrupted iterations
steady   [  66% ] 07763/08013 VUs  0m39.7s/1m0s  16000.00 iters/s

running (0m40.7s), 07998/08315 VUs, 307863 complete and 0 interrupted iterations
steady   [  68% ] 07998/08315 VUs  0m40.7s/1m0s  16000.00 iters/s

running (0m41.7s), 08482/08488 VUs, 312389 complete and 0 interrupted iterations
steady   [  69% ] 08482/08488 VUs  0m41.7s/1m0s  16000.00 iters/s

running (0m42.7s), 08671/08746 VUs, 319300 complete and 0 interrupted iterations
steady   [  71% ] 08671/08746 VUs  0m42.7s/1m0s  16000.00 iters/s

running (0m43.7s), 08611/08886 VUs, 324165 complete and 0 interrupted iterations
steady   [  73% ] 08611/08886 VUs  0m43.7s/1m0s  16000.00 iters/s

running (0m44.7s), 08972/08975 VUs, 326104 complete and 0 interrupted iterations
steady   [  74% ] 08972/08975 VUs  0m44.7s/1m0s  16000.00 iters/s
time="2026-07-26T03:09:52-07:00" level=warning msg="Request Failed" error="Get \"http://localhost:8080/page/octo\": EOF"

running (0m45.7s), 09082/09083 VUs, 327920 complete and 0 interrupted iterations
steady   [  76% ] 09082/09083 VUs  0m45.7s/1m0s  16000.00 iters/s
time="2026-07-26T03:09:54-07:00" level=warning msg="Request Failed" error="Get \"http://localhost:8080/page/octo\": EOF"

running (0m46.7s), 09083/09182 VUs, 330487 complete and 0 interrupted iterations
steady   [  78% ] 09083/09182 VUs  0m46.7s/1m0s  16000.00 iters/s
time="2026-07-26T03:09:55-07:00" level=warning msg="Request Failed" error="Get \"http://localhost:8080/page/octo\": EOF"
time="2026-07-26T03:09:55-07:00" level=warning msg="Request Failed" error="Get \"http://localhost:8080/page/octo\": EOF"
time="2026-07-26T03:09:55-07:00" level=warning msg="Request Failed" error="Get \"http://localhost:8080/page/octo\": EOF"
time="2026-07-26T03:09:55-07:00" level=warning msg="Request Failed" error="Get \"http://localhost:8080/page/octo\": EOF"

running (0m47.7s), 09165/09301 VUs, 333663 complete and 0 interrupted iterations
steady   [  79% ] 09165/09301 VUs  0m47.7s/1m0s  16000.00 iters/s
time="2026-07-26T03:09:56-07:00" level=warning msg="Request Failed" error="Get \"http://localhost:8080/page/octo\": EOF"
time="2026-07-26T03:09:56-07:00" level=warning msg="Request Failed" error="Get \"http://localhost:8080/page/octo\": EOF"
time="2026-07-26T03:09:56-07:00" level=warning msg="Request Failed" error="Get \"http://localhost:8080/page/octo\": EOF"
time="2026-07-26T03:09:56-07:00" level=warning msg="Request Failed" error="Get \"http://localhost:8080/page/octo\": EOF"

running (0m48.7s), 09305/09377 VUs, 336057 complete and 0 interrupted iterations
steady   [  81% ] 09305/09377 VUs  0m48.7s/1m0s  16000.00 iters/s

running (0m49.7s), 08568/09408 VUs, 339079 complete and 0 interrupted iterations
steady   [  83% ] 08568/09408 VUs  0m49.7s/1m0s  16000.00 iters/s
time="2026-07-26T03:09:57-07:00" level=warning msg="Request Failed" error="Get \"http://localhost:8080/page/octo\": EOF"
time="2026-07-26T03:09:57-07:00" level=warning msg="Request Failed" error="Get \"http://localhost:8080/page/octo\": EOF"
time="2026-07-26T03:09:57-07:00" level=warning msg="Request Failed" error="Get \"http://localhost:8080/page/octo\": EOF"
time="2026-07-26T03:09:58-07:00" level=warning msg="Request Failed" error="Get \"http://localhost:8080/page/octo\": EOF"
time="2026-07-26T03:09:58-07:00" level=warning msg="Request Failed" error="Get \"http://localhost:8080/page/octo\": EOF"
time="2026-07-26T03:09:58-07:00" level=warning msg="Request Failed" error="Get \"http://localhost:8080/page/octo\": EOF"
time="2026-07-26T03:09:58-07:00" level=warning msg="Request Failed" error="Get \"http://localhost:8080/page/octo\": EOF"
time="2026-07-26T03:09:58-07:00" level=warning msg="Request Failed" error="Get \"http://localhost:8080/page/octo\": EOF"

running (0m50.7s), 09314/09487 VUs, 341995 complete and 0 interrupted iterations
steady   [  84% ] 09314/09487 VUs  0m50.7s/1m0s  16000.00 iters/s
time="2026-07-26T03:09:58-07:00" level=warning msg="Request Failed" error="Get \"http://localhost:8080/page/octo\": EOF"
time="2026-07-26T03:09:58-07:00" level=warning msg="Request Failed" error="Get \"http://localhost:8080/page/octo\": EOF"
time="2026-07-26T03:09:59-07:00" level=warning msg="Request Failed" error="Get \"http://localhost:8080/page/octo\": EOF"
time="2026-07-26T03:09:59-07:00" level=warning msg="Request Failed" error="Get \"http://localhost:8080/page/octo\": EOF"
time="2026-07-26T03:09:59-07:00" level=warning msg="Request Failed" error="Get \"http://localhost:8080/page/octo\": EOF"
time="2026-07-26T03:09:59-07:00" level=warning msg="Request Failed" error="Get \"http://localhost:8080/page/octo\": EOF"
time="2026-07-26T03:09:59-07:00" level=warning msg="Request Failed" error="Get \"http://localhost:8080/page/octo\": EOF"

running (0m51.7s), 09720/09722 VUs, 344071 complete and 0 interrupted iterations
steady   [  86% ] 09720/09722 VUs  0m51.7s/1m0s  16000.00 iters/s
time="2026-07-26T03:09:59-07:00" level=warning msg="Request Failed" error="Get \"http://localhost:8080/page/octo\": EOF"
time="2026-07-26T03:10:00-07:00" level=warning msg="Request Failed" error="Get \"http://localhost:8080/page/octo\": EOF"
time="2026-07-26T03:10:00-07:00" level=warning msg="Request Failed" error="Get \"http://localhost:8080/page/octo\": EOF"
time="2026-07-26T03:10:00-07:00" level=warning msg="Request Failed" error="Get \"http://localhost:8080/page/octo\": EOF"

running (0m52.7s), 09716/09731 VUs, 345831 complete and 0 interrupted iterations
steady   [  88% ] 09713/09731 VUs  0m52.7s/1m0s  16000.00 iters/s
time="2026-07-26T03:10:00-07:00" level=warning msg="Request Failed" error="Get \"http://localhost:8080/page/octo\": EOF"
time="2026-07-26T03:10:00-07:00" level=warning msg="Request Failed" error="Get \"http://localhost:8080/page/octo\": EOF"
time="2026-07-26T03:10:01-07:00" level=warning msg="Request Failed" error="Get \"http://localhost:8080/page/octo\": read tcp 127.0.0.1:64770->127.0.0.1:8080: read: connection reset by peer"
time="2026-07-26T03:10:01-07:00" level=warning msg="Request Failed" error="Get \"http://localhost:8080/page/octo\": EOF"
time="2026-07-26T03:10:01-07:00" level=warning msg="Request Failed" error="Get \"http://localhost:8080/page/octo\": EOF"
time="2026-07-26T03:10:01-07:00" level=warning msg="Request Failed" error="Get \"http://localhost:8080/page/octo\": EOF"
time="2026-07-26T03:10:01-07:00" level=warning msg="Request Failed" error="Get \"http://localhost:8080/page/octo\": read tcp 127.0.0.1:64828->127.0.0.1:8080: read: connection reset by peer"
time="2026-07-26T03:10:01-07:00" level=warning msg="Request Failed" error="Get \"http://localhost:8080/page/octo\": read tcp 127.0.0.1:64829->127.0.0.1:8080: read: connection reset by peer"
time="2026-07-26T03:10:01-07:00" level=warning msg="Request Failed" error="Get \"http://localhost:8080/page/octo\": read tcp 127.0.0.1:64827->127.0.0.1:8080: read: connection reset by peer"
time="2026-07-26T03:10:01-07:00" level=warning msg="Request Failed" error="Get \"http://localhost:8080/page/octo\": read tcp 127.0.0.1:64830->127.0.0.1:8080: read: connection reset by peer"

running (0m53.7s), 09961/10057 VUs, 349229 complete and 0 interrupted iterations
steady   [  89% ] 09961/10057 VUs  0m53.7s/1m0s  16000.00 iters/s
time="2026-07-26T03:10:01-07:00" level=warning msg="Request Failed" error="Get \"http://localhost:8080/page/octo\": read tcp 127.0.0.1:64968->127.0.0.1:8080: read: connection reset by peer"
time="2026-07-26T03:10:02-07:00" level=warning msg="Request Failed" error="Get \"http://localhost:8080/page/octo\": EOF"

running (0m54.7s), 09915/10132 VUs, 351636 complete and 0 interrupted iterations
steady   [  91% ] 09915/10132 VUs  0m54.7s/1m0s  16000.00 iters/s

running (0m55.7s), 10346/10346 VUs, 353473 complete and 0 interrupted iterations
steady   [  93% ] 10346/10346 VUs  0m55.7s/1m0s  16000.00 iters/s
time="2026-07-26T03:10:03-07:00" level=warning msg="Request Failed" error="Get \"http://localhost:8080/page/octo\": EOF"
time="2026-07-26T03:10:03-07:00" level=warning msg="Request Failed" error="Get \"http://localhost:8080/page/octo\": EOF"
time="2026-07-26T03:10:04-07:00" level=warning msg="Request Failed" error="Get \"http://localhost:8080/page/octo\": EOF"
time="2026-07-26T03:10:04-07:00" level=warning msg="Request Failed" error="Get \"http://localhost:8080/page/octo\": EOF"
time="2026-07-26T03:10:04-07:00" level=warning msg="Request Failed" error="Get \"http://localhost:8080/page/octo\": EOF"
time="2026-07-26T03:10:04-07:00" level=warning msg="Request Failed" error="Get \"http://localhost:8080/page/octo\": EOF"
time="2026-07-26T03:10:04-07:00" level=warning msg="Request Failed" error="Get \"http://localhost:8080/page/octo\": EOF"
time="2026-07-26T03:10:04-07:00" level=warning msg="Request Failed" error="Get \"http://localhost:8080/page/octo\": EOF"
time="2026-07-26T03:10:04-07:00" level=warning msg="Request Failed" error="Get \"http://localhost:8080/page/octo\": read tcp 127.0.0.1:49287->127.0.0.1:8080: read: connection reset by peer"
time="2026-07-26T03:10:04-07:00" level=warning msg="Request Failed" error="Get \"http://localhost:8080/page/octo\": read tcp 127.0.0.1:49288->127.0.0.1:8080: read: connection reset by peer"
time="2026-07-26T03:10:04-07:00" level=warning msg="Request Failed" error="Get \"http://localhost:8080/page/octo\": read tcp 127.0.0.1:49286->127.0.0.1:8080: read: connection reset by peer"
time="2026-07-26T03:10:04-07:00" level=warning msg="Request Failed" error="Get \"http://localhost:8080/page/octo\": read tcp 127.0.0.1:49285->127.0.0.1:8080: read: connection reset by peer"
time="2026-07-26T03:10:04-07:00" level=warning msg="Request Failed" error="Get \"http://localhost:8080/page/octo\": read tcp 127.0.0.1:49283->127.0.0.1:8080: read: connection reset by peer"
time="2026-07-26T03:10:04-07:00" level=warning msg="Request Failed" error="Get \"http://localhost:8080/page/octo\": read tcp 127.0.0.1:49284->127.0.0.1:8080: read: connection reset by peer"
time="2026-07-26T03:10:04-07:00" level=warning msg="Request Failed" error="Get \"http://localhost:8080/page/octo\": read tcp 127.0.0.1:49292->127.0.0.1:8080: read: connection reset by peer"
time="2026-07-26T03:10:04-07:00" level=warning msg="Request Failed" error="Get \"http://localhost:8080/page/octo\": read tcp 127.0.0.1:49293->127.0.0.1:8080: read: connection reset by peer"
time="2026-07-26T03:10:04-07:00" level=warning msg="Request Failed" error="Get \"http://localhost:8080/page/octo\": read tcp 127.0.0.1:49296->127.0.0.1:8080: read: connection reset by peer"
time="2026-07-26T03:10:04-07:00" level=warning msg="Request Failed" error="Get \"http://localhost:8080/page/octo\": read tcp 127.0.0.1:49290->127.0.0.1:8080: read: connection reset by peer"
time="2026-07-26T03:10:04-07:00" level=warning msg="Request Failed" error="Get \"http://localhost:8080/page/octo\": read tcp 127.0.0.1:49289->127.0.0.1:8080: read: connection reset by peer"
time="2026-07-26T03:10:04-07:00" level=warning msg="Request Failed" error="Get \"http://localhost:8080/page/octo\": read tcp 127.0.0.1:49295->127.0.0.1:8080: read: connection reset by peer"
time="2026-07-26T03:10:04-07:00" level=warning msg="Request Failed" error="Get \"http://localhost:8080/page/octo\": read tcp 127.0.0.1:49294->127.0.0.1:8080: read: connection reset by peer"

running (0m56.7s), 10050/10419 VUs, 356080 complete and 0 interrupted iterations
steady   [  94% ] 10050/10419 VUs  0m56.7s/1m0s  16000.00 iters/s
time="2026-07-26T03:10:05-07:00" level=warning msg="Request Failed" error="Get \"http://localhost:8080/page/octo\": EOF"

running (0m57.7s), 10503/10504 VUs, 357924 complete and 0 interrupted iterations
steady   [  96% ] 10503/10504 VUs  0m57.7s/1m0s  16000.00 iters/s
time="2026-07-26T03:10:06-07:00" level=warning msg="Request Failed" error="Get \"http://localhost:8080/page/octo\": EOF"
time="2026-07-26T03:10:06-07:00" level=warning msg="Request Failed" error="Get \"http://localhost:8080/page/octo\": EOF"

running (0m58.7s), 10497/10590 VUs, 359836 complete and 0 interrupted iterations
steady   [  98% ] 10497/10590 VUs  0m58.7s/1m0s  16000.00 iters/s

running (0m59.7s), 10117/10600 VUs, 362071 complete and 0 interrupted iterations
steady   [  99% ] 10117/10600 VUs  0m59.7s/1m0s  16000.00 iters/s
time="2026-07-26T03:10:07-07:00" level=warning msg="Request Failed" error="Get \"http://localhost:8080/page/octo\": EOF"
time="2026-07-26T03:10:10-07:00" level=warning msg="Request Failed" error="Get \"http://localhost:8080/page/octo\": EOF"

running (1m05.2s), 10601/10601 VUs, 362117 complete and 0 interrupted iterations
steady   [ 100% ] 10601/10601 VUs  1m0s  16000.00 iters/s
time="2026-07-26T03:10:13-07:00" level=warning msg="Request Failed" error="Get \"http://localhost:8080/page/octo\": EOF"
time="2026-07-26T03:10:13-07:00" level=warning msg="Request Failed" error="Get \"http://localhost:8080/page/octo\": EOF"
time="2026-07-26T03:10:13-07:00" level=warning msg="Request Failed" error="Get \"http://localhost:8080/page/octo\": EOF"
time="2026-07-26T03:10:13-07:00" level=warning msg="Request Failed" error="Get \"http://localhost:8080/page/octo\": EOF"
time="2026-07-26T03:10:13-07:00" level=warning msg="Request Failed" error="Get \"http://localhost:8080/page/octo\": EOF"
time="2026-07-26T03:10:13-07:00" level=warning msg="Request Failed" error="Get \"http://localhost:8080/page/octo\": EOF"
time="2026-07-26T03:10:13-07:00" level=warning msg="Request Failed" error="Get \"http://localhost:8080/page/octo\": EOF"
time="2026-07-26T03:10:13-07:00" level=warning msg="Request Failed" error="Get \"http://localhost:8080/page/octo\": EOF"
time="2026-07-26T03:10:13-07:00" level=warning msg="Request Failed" error="Get \"http://localhost:8080/page/octo\": read tcp 127.0.0.1:49981->127.0.0.1:8080: read: connection reset by peer"
time="2026-07-26T03:10:13-07:00" level=warning msg="Request Failed" error="Get \"http://localhost:8080/page/octo\": EOF"
time="2026-07-26T03:10:13-07:00" level=warning msg="Request Failed" error="Get \"http://localhost:8080/page/octo\": EOF"

running (1m05.8s), 03783/10602 VUs, 368935 complete and 0 interrupted iterations
steady ↓ [ 100% ] 10601/10601 VUs  1m0s  16000.00 iters/s

running (1m06.7s), 03782/10602 VUs, 368936 complete and 0 interrupted iterations
steady ↓ [ 100% ] 10601/10601 VUs  1m0s  16000.00 iters/s

running (1m36.2s), 03782/10602 VUs, 368936 complete and 0 interrupted iterations
steady ↓ [ 100% ] 10601/10601 VUs  1m0s  16000.00 iters/s

running (1m37.2s), 03782/10602 VUs, 368936 complete and 0 interrupted iterations
steady ↓ [ 100% ] 10601/10601 VUs  1m0s  16000.00 iters/s

running (1m38.2s), 03782/10602 VUs, 368936 complete and 0 interrupted iterations
steady ↓ [ 100% ] 10601/10601 VUs  1m0s  16000.00 iters/s

running (1m39.2s), 03782/10602 VUs, 368936 complete and 0 interrupted iterations
steady ✓ [ 100% ] 03782/10602 VUs  1m0s  16000.00 iters/s

  http_reqs                    368936 (3715.70/s)
  http_req_duration            med=399.52ms p95=4328.61ms p99=8712.56ms max=30786.78ms
  http_req_waiting             p95=4212.18ms
  http_req_failed              0.021%
  dropped_iterations           581763
  vus_max                      10602
  checks                       0 passed, 0 failed


running (1m39.3s), 00000/10602 VUs, 368936 complete and 3782 interrupted iterations
steady ✓ [ 100% ] 03782/10602 VUs  1m0s  16000.00 iters/s
time="2026-07-26T03:10:47-07:00" level=error msg="thresholds on metrics 'dropped_iterations, http_req_duration' have been crossed"
