
         /\      Grafana   /‾‾/  
    /\  /  \     |\  __   /  /   
   /  \/    \    | |/ /  /   ‾‾\ 
  /          \   |   (  |  (‾)  |
 / __________ \  |_|\_\  \_____/ 


     execution: local
        script: /Users/juancavallotti/Documents/development/octo-performance/scenarios/004-queue-roundtrip/k6/steady.js
        output: -

     scenarios: (100.00%) 1 scenario, 16000 max VUs, 1m10s max duration (incl. graceful stop):
              * steady: 10000.00 iterations/s for 1m0s (maxVUs: 1600-16000, gracefulStop: 10s)


running (0m00.9s), 00004/01600 VUs, 9018 complete and 0 interrupted iterations
steady   [   2% ] 00004/01600 VUs  0m00.9s/1m0s  10000.00 iters/s

running (0m01.9s), 00014/01600 VUs, 19007 complete and 0 interrupted iterations
steady   [   3% ] 00014/01600 VUs  0m01.9s/1m0s  10000.00 iters/s

running (0m02.9s), 00003/01600 VUs, 29018 complete and 0 interrupted iterations
steady   [   5% ] 00003/01600 VUs  0m02.9s/1m0s  10000.00 iters/s

running (0m03.9s), 00005/01600 VUs, 39017 complete and 0 interrupted iterations
steady   [   7% ] 00005/01600 VUs  0m03.9s/1m0s  10000.00 iters/s

running (0m04.9s), 00004/01600 VUs, 49018 complete and 0 interrupted iterations
steady   [   8% ] 00004/01600 VUs  0m04.9s/1m0s  10000.00 iters/s

running (0m05.9s), 00010/01600 VUs, 59014 complete and 0 interrupted iterations
steady   [  10% ] 00010/01600 VUs  0m05.9s/1m0s  10000.00 iters/s

running (0m06.9s), 00003/01600 VUs, 69018 complete and 0 interrupted iterations
steady   [  12% ] 00003/01600 VUs  0m06.9s/1m0s  10000.00 iters/s

running (0m07.9s), 00002/01600 VUs, 79019 complete and 0 interrupted iterations
steady   [  13% ] 00002/01600 VUs  0m07.9s/1m0s  10000.00 iters/s

running (0m08.9s), 00003/01600 VUs, 89018 complete and 0 interrupted iterations
steady   [  15% ] 00003/01600 VUs  0m08.9s/1m0s  10000.00 iters/s

running (0m09.9s), 00003/01600 VUs, 99018 complete and 0 interrupted iterations
steady   [  17% ] 00003/01600 VUs  0m09.9s/1m0s  10000.00 iters/s

running (0m10.9s), 00028/01600 VUs, 108993 complete and 0 interrupted iterations
steady   [  18% ] 00028/01600 VUs  0m10.9s/1m0s  10000.00 iters/s

running (0m11.9s), 00003/01600 VUs, 119019 complete and 0 interrupted iterations
steady   [  20% ] 00003/01600 VUs  0m11.9s/1m0s  10000.00 iters/s

running (0m12.9s), 00004/01600 VUs, 129018 complete and 0 interrupted iterations
steady   [  22% ] 00004/01600 VUs  0m12.9s/1m0s  10000.00 iters/s

running (0m13.9s), 00003/01600 VUs, 139018 complete and 0 interrupted iterations
steady   [  23% ] 00003/01600 VUs  0m13.9s/1m0s  10000.00 iters/s

running (0m14.9s), 00003/01600 VUs, 149018 complete and 0 interrupted iterations
steady   [  25% ] 00003/01600 VUs  0m14.9s/1m0s  10000.00 iters/s

running (0m15.9s), 00003/01600 VUs, 159018 complete and 0 interrupted iterations
steady   [  27% ] 00003/01600 VUs  0m15.9s/1m0s  10000.00 iters/s

running (0m16.9s), 00004/01600 VUs, 169017 complete and 0 interrupted iterations
steady   [  28% ] 00004/01600 VUs  0m16.9s/1m0s  10000.00 iters/s

running (0m17.9s), 00004/01600 VUs, 179018 complete and 0 interrupted iterations
steady   [  30% ] 00004/01600 VUs  0m17.9s/1m0s  10000.00 iters/s

running (0m18.9s), 00003/01600 VUs, 189018 complete and 0 interrupted iterations
steady   [  32% ] 00003/01600 VUs  0m18.9s/1m0s  10000.00 iters/s

running (0m19.9s), 00002/01600 VUs, 199019 complete and 0 interrupted iterations
steady   [  33% ] 00002/01600 VUs  0m19.9s/1m0s  10000.00 iters/s

running (0m20.9s), 00003/01600 VUs, 209018 complete and 0 interrupted iterations
steady   [  35% ] 00003/01600 VUs  0m20.9s/1m0s  10000.00 iters/s

running (0m21.9s), 00004/01600 VUs, 219017 complete and 0 interrupted iterations
steady   [  37% ] 00004/01600 VUs  0m21.9s/1m0s  10000.00 iters/s

running (0m22.9s), 00003/01600 VUs, 229018 complete and 0 interrupted iterations
steady   [  38% ] 00003/01600 VUs  0m22.9s/1m0s  10000.00 iters/s

running (0m23.9s), 00003/01600 VUs, 239018 complete and 0 interrupted iterations
steady   [  40% ] 00004/01600 VUs  0m23.9s/1m0s  10000.00 iters/s

running (0m24.9s), 00003/01600 VUs, 249018 complete and 0 interrupted iterations
steady   [  42% ] 00003/01600 VUs  0m24.9s/1m0s  10000.00 iters/s

running (0m25.9s), 00003/01600 VUs, 259018 complete and 0 interrupted iterations
steady   [  43% ] 00004/01600 VUs  0m25.9s/1m0s  10000.00 iters/s

running (0m26.9s), 00003/01600 VUs, 269018 complete and 0 interrupted iterations
steady   [  45% ] 00003/01600 VUs  0m26.9s/1m0s  10000.00 iters/s

running (0m27.9s), 00004/01600 VUs, 279017 complete and 0 interrupted iterations
steady   [  47% ] 00004/01600 VUs  0m27.9s/1m0s  10000.00 iters/s

running (0m28.9s), 00003/01600 VUs, 289018 complete and 0 interrupted iterations
steady   [  48% ] 00003/01600 VUs  0m28.9s/1m0s  10000.00 iters/s

running (0m29.9s), 00003/01600 VUs, 299017 complete and 0 interrupted iterations
steady   [  50% ] 00003/01600 VUs  0m29.9s/1m0s  10000.00 iters/s

running (0m30.9s), 00042/01600 VUs, 308979 complete and 0 interrupted iterations
steady   [  52% ] 00042/01600 VUs  0m30.9s/1m0s  10000.00 iters/s

running (0m31.9s), 00019/01600 VUs, 319002 complete and 0 interrupted iterations
steady   [  53% ] 00019/01600 VUs  0m31.9s/1m0s  10000.00 iters/s

running (0m32.9s), 00004/01600 VUs, 329017 complete and 0 interrupted iterations
steady   [  55% ] 00004/01600 VUs  0m32.9s/1m0s  10000.00 iters/s

running (0m33.9s), 00003/01600 VUs, 339019 complete and 0 interrupted iterations
steady   [  57% ] 00003/01600 VUs  0m33.9s/1m0s  10000.00 iters/s

running (0m34.9s), 00003/01600 VUs, 349018 complete and 0 interrupted iterations
steady   [  58% ] 00003/01600 VUs  0m34.9s/1m0s  10000.00 iters/s

running (0m35.9s), 00004/01600 VUs, 359017 complete and 0 interrupted iterations
steady   [  60% ] 00004/01600 VUs  0m35.9s/1m0s  10000.00 iters/s

running (0m36.9s), 00004/01600 VUs, 369018 complete and 0 interrupted iterations
steady   [  62% ] 00004/01600 VUs  0m36.9s/1m0s  10000.00 iters/s

running (0m37.9s), 00003/01600 VUs, 379018 complete and 0 interrupted iterations
steady   [  63% ] 00003/01600 VUs  0m37.9s/1m0s  10000.00 iters/s

running (0m38.9s), 00004/01600 VUs, 389017 complete and 0 interrupted iterations
steady   [  65% ] 00004/01600 VUs  0m38.9s/1m0s  10000.00 iters/s

running (0m39.9s), 00003/01600 VUs, 399018 complete and 0 interrupted iterations
steady   [  67% ] 00003/01600 VUs  0m39.9s/1m0s  10000.00 iters/s

running (0m40.9s), 00003/01600 VUs, 409018 complete and 0 interrupted iterations
steady   [  68% ] 00003/01600 VUs  0m40.9s/1m0s  10000.00 iters/s

running (0m41.9s), 00004/01600 VUs, 419017 complete and 0 interrupted iterations
steady   [  70% ] 00005/01600 VUs  0m41.9s/1m0s  10000.00 iters/s

running (0m42.9s), 00003/01600 VUs, 429018 complete and 0 interrupted iterations
steady   [  72% ] 00003/01600 VUs  0m42.9s/1m0s  10000.00 iters/s

running (0m43.9s), 00003/01600 VUs, 439018 complete and 0 interrupted iterations
steady   [  73% ] 00003/01600 VUs  0m43.9s/1m0s  10000.00 iters/s

running (0m44.9s), 00003/01600 VUs, 449018 complete and 0 interrupted iterations
steady   [  75% ] 00003/01600 VUs  0m44.9s/1m0s  10000.00 iters/s

running (0m45.9s), 00003/01600 VUs, 459018 complete and 0 interrupted iterations
steady   [  77% ] 00003/01600 VUs  0m45.9s/1m0s  10000.00 iters/s

running (0m46.9s), 00003/01600 VUs, 469018 complete and 0 interrupted iterations
steady   [  78% ] 00003/01600 VUs  0m46.9s/1m0s  10000.00 iters/s

running (0m47.9s), 00003/01600 VUs, 479018 complete and 0 interrupted iterations
steady   [  80% ] 00003/01600 VUs  0m47.9s/1m0s  10000.00 iters/s

running (0m48.9s), 00003/01600 VUs, 489018 complete and 0 interrupted iterations
steady   [  82% ] 00003/01600 VUs  0m48.9s/1m0s  10000.00 iters/s

running (0m49.9s), 00003/01600 VUs, 499018 complete and 0 interrupted iterations
steady   [  83% ] 00004/01600 VUs  0m49.9s/1m0s  10000.00 iters/s

running (0m50.9s), 00004/01600 VUs, 509017 complete and 0 interrupted iterations
steady   [  85% ] 00004/01600 VUs  0m50.9s/1m0s  10000.00 iters/s

running (0m51.9s), 00004/01600 VUs, 519017 complete and 0 interrupted iterations
steady   [  87% ] 00004/01600 VUs  0m51.9s/1m0s  10000.00 iters/s

running (0m52.9s), 00004/01600 VUs, 529017 complete and 0 interrupted iterations
steady   [  88% ] 00004/01600 VUs  0m52.9s/1m0s  10000.00 iters/s

running (0m53.9s), 00004/01600 VUs, 539019 complete and 0 interrupted iterations
steady   [  90% ] 00003/01600 VUs  0m53.9s/1m0s  10000.00 iters/s

running (0m54.9s), 00004/01600 VUs, 549017 complete and 0 interrupted iterations
steady   [  92% ] 00004/01600 VUs  0m54.9s/1m0s  10000.00 iters/s

running (0m55.9s), 00004/01600 VUs, 559018 complete and 0 interrupted iterations
steady   [  93% ] 00004/01600 VUs  0m55.9s/1m0s  10000.00 iters/s

running (4m37.7s), 00005/01601 VUs, 568862 complete and 0 interrupted iterations
steady   [  95% ] 00005/01601 VUs  0m56.9s/1m0s  10000.00 iters/s

running (4m38.7s), 00003/01601 VUs, 578864 complete and 0 interrupted iterations
steady   [  97% ] 00003/01601 VUs  0m57.9s/1m0s  10000.00 iters/s

running (4m39.7s), 00003/01601 VUs, 588865 complete and 0 interrupted iterations
steady   [  98% ] 00003/01601 VUs  0m58.9s/1m0s  10000.00 iters/s

running (4m40.7s), 00003/01601 VUs, 598864 complete and 0 interrupted iterations
steady   [ 100% ] 00003/01601 VUs  0m59.9s/1m0s  10000.00 iters/s

  http_reqs                    599847 (2135.83/s)
  http_req_duration            med=0.29ms p95=1.01ms p99=10.24ms max=221023.95ms
  http_req_waiting             p95=0.98ms
  http_req_failed              0.000%
  dropped_iterations           154
  vus_max                      1601
  checks                       0 passed, 0 failed


running (4m40.8s), 00000/01601 VUs, 599847 complete and 0 interrupted iterations
steady ✓ [ 100% ] 00000/01601 VUs  1m0s  10000.00 iters/s
time="2026-07-26T09:20:18-07:00" level=error msg="thresholds on metrics 'dropped_iterations' have been crossed"
