
         /\      Grafana   /‾‾/  
    /\  /  \     |\  __   /  /   
   /  \/    \    | |/ /  /   ‾‾\ 
  /          \   |   (  |  (‾)  |
 / __________ \  |_|\_\  \_____/ 


     execution: local
        script: /Users/juancavallotti/Documents/development/octo-performance/scenarios/006-json-transform/k6/steady.js
        output: -

     scenarios: (100.00%) 1 scenario, 800 max VUs, 1m10s max duration (incl. graceful stop):
              * steady: 4000.00 iterations/s for 1m0s (maxVUs: 80-800, gracefulStop: 10s)


running (0m01.0s), 000/080 VUs, 3956 complete and 0 interrupted iterations
steady   [   2% ] 000/080 VUs  0m01.0s/1m0s  4000.00 iters/s

running (0m02.0s), 000/080 VUs, 7956 complete and 0 interrupted iterations
steady   [   3% ] 000/080 VUs  0m02.0s/1m0s  4000.00 iters/s

running (0m03.0s), 000/080 VUs, 11956 complete and 0 interrupted iterations
steady   [   5% ] 000/080 VUs  0m03.0s/1m0s  4000.00 iters/s

running (0m04.0s), 000/080 VUs, 15956 complete and 0 interrupted iterations
steady   [   7% ] 000/080 VUs  0m04.0s/1m0s  4000.00 iters/s

running (0m05.0s), 001/080 VUs, 19955 complete and 0 interrupted iterations
steady   [   8% ] 001/080 VUs  0m05.0s/1m0s  4000.00 iters/s

running (0m06.0s), 001/080 VUs, 23956 complete and 0 interrupted iterations
steady   [  10% ] 001/080 VUs  0m06.0s/1m0s  4000.00 iters/s

running (0m07.0s), 001/080 VUs, 27955 complete and 0 interrupted iterations
steady   [  12% ] 001/080 VUs  0m07.0s/1m0s  4000.00 iters/s

running (0m08.0s), 001/080 VUs, 31955 complete and 0 interrupted iterations
steady   [  13% ] 001/080 VUs  0m08.0s/1m0s  4000.00 iters/s

running (0m09.0s), 001/080 VUs, 35956 complete and 0 interrupted iterations
steady   [  15% ] 001/080 VUs  0m09.0s/1m0s  4000.00 iters/s

running (0m10.0s), 001/080 VUs, 39955 complete and 0 interrupted iterations
steady   [  17% ] 001/080 VUs  0m10.0s/1m0s  4000.00 iters/s

running (0m11.0s), 001/080 VUs, 43956 complete and 0 interrupted iterations
steady   [  18% ] 001/080 VUs  0m11.0s/1m0s  4000.00 iters/s

running (0m12.0s), 002/080 VUs, 47954 complete and 0 interrupted iterations
steady   [  20% ] 002/080 VUs  0m12.0s/1m0s  4000.00 iters/s

running (0m13.0s), 001/080 VUs, 51955 complete and 0 interrupted iterations
steady   [  22% ] 001/080 VUs  0m13.0s/1m0s  4000.00 iters/s

running (0m14.0s), 001/080 VUs, 55956 complete and 0 interrupted iterations
steady   [  23% ] 001/080 VUs  0m14.0s/1m0s  4000.00 iters/s

running (0m15.0s), 001/080 VUs, 59955 complete and 0 interrupted iterations
steady   [  25% ] 000/080 VUs  0m15.0s/1m0s  4000.00 iters/s

running (0m16.0s), 001/080 VUs, 63955 complete and 0 interrupted iterations
steady   [  27% ] 001/080 VUs  0m16.0s/1m0s  4000.00 iters/s

running (0m17.0s), 000/080 VUs, 67956 complete and 0 interrupted iterations
steady   [  28% ] 000/080 VUs  0m17.0s/1m0s  4000.00 iters/s

running (0m18.0s), 000/080 VUs, 71956 complete and 0 interrupted iterations
steady   [  30% ] 000/080 VUs  0m18.0s/1m0s  4000.00 iters/s

running (0m19.0s), 002/080 VUs, 75955 complete and 0 interrupted iterations
steady   [  32% ] 002/080 VUs  0m19.0s/1m0s  4000.00 iters/s

running (0m20.0s), 000/080 VUs, 79956 complete and 0 interrupted iterations
steady   [  33% ] 000/080 VUs  0m20.0s/1m0s  4000.00 iters/s

running (0m21.0s), 001/080 VUs, 83956 complete and 0 interrupted iterations
steady   [  35% ] 001/080 VUs  0m21.0s/1m0s  4000.00 iters/s

running (0m22.0s), 001/080 VUs, 87956 complete and 0 interrupted iterations
steady   [  37% ] 001/080 VUs  0m22.0s/1m0s  4000.00 iters/s

running (0m23.0s), 001/080 VUs, 91955 complete and 0 interrupted iterations
steady   [  38% ] 000/080 VUs  0m23.0s/1m0s  4000.00 iters/s

running (0m24.0s), 001/080 VUs, 95956 complete and 0 interrupted iterations
steady   [  40% ] 001/080 VUs  0m24.0s/1m0s  4000.00 iters/s

running (0m25.0s), 000/080 VUs, 99956 complete and 0 interrupted iterations
steady   [  42% ] 000/080 VUs  0m25.0s/1m0s  4000.00 iters/s

running (0m26.0s), 000/080 VUs, 103956 complete and 0 interrupted iterations
steady   [  43% ] 000/080 VUs  0m26.0s/1m0s  4000.00 iters/s

running (0m27.0s), 001/080 VUs, 107955 complete and 0 interrupted iterations
steady   [  45% ] 000/080 VUs  0m27.0s/1m0s  4000.00 iters/s

running (0m28.0s), 001/080 VUs, 111955 complete and 0 interrupted iterations
steady   [  47% ] 001/080 VUs  0m28.0s/1m0s  4000.00 iters/s

running (0m29.0s), 001/080 VUs, 115955 complete and 0 interrupted iterations
steady   [  48% ] 001/080 VUs  0m29.0s/1m0s  4000.00 iters/s

running (0m30.0s), 001/080 VUs, 119955 complete and 0 interrupted iterations
steady   [  50% ] 001/080 VUs  0m30.0s/1m0s  4000.00 iters/s

running (0m31.0s), 001/080 VUs, 123955 complete and 0 interrupted iterations
steady   [  52% ] 001/080 VUs  0m31.0s/1m0s  4000.00 iters/s

running (0m32.0s), 001/080 VUs, 127955 complete and 0 interrupted iterations
steady   [  53% ] 002/080 VUs  0m32.0s/1m0s  4000.00 iters/s

running (0m33.0s), 002/080 VUs, 131955 complete and 0 interrupted iterations
steady   [  55% ] 002/080 VUs  0m33.0s/1m0s  4000.00 iters/s

running (0m34.0s), 002/080 VUs, 135955 complete and 0 interrupted iterations
steady   [  57% ] 002/080 VUs  0m34.0s/1m0s  4000.00 iters/s

running (0m35.0s), 001/080 VUs, 139955 complete and 0 interrupted iterations
steady   [  58% ] 000/080 VUs  0m35.0s/1m0s  4000.00 iters/s

running (0m36.0s), 000/080 VUs, 143956 complete and 0 interrupted iterations
steady   [  60% ] 000/080 VUs  0m36.0s/1m0s  4000.00 iters/s

running (0m37.0s), 001/080 VUs, 147955 complete and 0 interrupted iterations
steady   [  62% ] 001/080 VUs  0m37.0s/1m0s  4000.00 iters/s

running (0m38.0s), 001/080 VUs, 151954 complete and 0 interrupted iterations
steady   [  63% ] 001/080 VUs  0m38.0s/1m0s  4000.00 iters/s

running (0m39.0s), 001/080 VUs, 155956 complete and 0 interrupted iterations
steady   [  65% ] 001/080 VUs  0m39.0s/1m0s  4000.00 iters/s

running (0m40.0s), 002/080 VUs, 159955 complete and 0 interrupted iterations
steady   [  67% ] 002/080 VUs  0m40.0s/1m0s  4000.00 iters/s

running (0m41.0s), 001/080 VUs, 163955 complete and 0 interrupted iterations
steady   [  68% ] 001/080 VUs  0m41.0s/1m0s  4000.00 iters/s

running (0m42.0s), 001/080 VUs, 167955 complete and 0 interrupted iterations
steady   [  70% ] 000/080 VUs  0m42.0s/1m0s  4000.00 iters/s

running (0m43.0s), 000/080 VUs, 171956 complete and 0 interrupted iterations
steady   [  72% ] 000/080 VUs  0m43.0s/1m0s  4000.00 iters/s

running (0m44.0s), 000/080 VUs, 175956 complete and 0 interrupted iterations
steady   [  73% ] 000/080 VUs  0m44.0s/1m0s  4000.00 iters/s

running (0m45.0s), 000/080 VUs, 179956 complete and 0 interrupted iterations
steady   [  75% ] 000/080 VUs  0m45.0s/1m0s  4000.00 iters/s

running (0m46.0s), 000/080 VUs, 183956 complete and 0 interrupted iterations
steady   [  77% ] 000/080 VUs  0m46.0s/1m0s  4000.00 iters/s

running (0m47.0s), 001/080 VUs, 187955 complete and 0 interrupted iterations
steady   [  78% ] 001/080 VUs  0m47.0s/1m0s  4000.00 iters/s

running (0m48.0s), 000/080 VUs, 191956 complete and 0 interrupted iterations
steady   [  80% ] 000/080 VUs  0m48.0s/1m0s  4000.00 iters/s

running (0m49.0s), 001/080 VUs, 195955 complete and 0 interrupted iterations
steady   [  82% ] 001/080 VUs  0m49.0s/1m0s  4000.00 iters/s

running (0m50.0s), 001/080 VUs, 199955 complete and 0 interrupted iterations
steady   [  83% ] 001/080 VUs  0m50.0s/1m0s  4000.00 iters/s

running (0m51.0s), 000/080 VUs, 203956 complete and 0 interrupted iterations
steady   [  85% ] 001/080 VUs  0m51.0s/1m0s  4000.00 iters/s

running (0m52.0s), 001/080 VUs, 207956 complete and 0 interrupted iterations
steady   [  87% ] 001/080 VUs  0m52.0s/1m0s  4000.00 iters/s

running (0m53.0s), 001/080 VUs, 211956 complete and 0 interrupted iterations
steady   [  88% ] 001/080 VUs  0m53.0s/1m0s  4000.00 iters/s

running (0m54.0s), 001/080 VUs, 215955 complete and 0 interrupted iterations
steady   [  90% ] 002/080 VUs  0m54.0s/1m0s  4000.00 iters/s

running (0m55.0s), 002/080 VUs, 219955 complete and 0 interrupted iterations
steady   [  92% ] 002/080 VUs  0m55.0s/1m0s  4000.00 iters/s

running (0m56.0s), 000/080 VUs, 223956 complete and 0 interrupted iterations
steady   [  93% ] 000/080 VUs  0m56.0s/1m0s  4000.00 iters/s

running (0m57.0s), 000/080 VUs, 227956 complete and 0 interrupted iterations
steady   [  95% ] 000/080 VUs  0m57.0s/1m0s  4000.00 iters/s

running (0m58.0s), 002/080 VUs, 231954 complete and 0 interrupted iterations
steady   [  97% ] 001/080 VUs  0m58.0s/1m0s  4000.00 iters/s

running (0m59.0s), 000/080 VUs, 235956 complete and 0 interrupted iterations
steady   [  98% ] 000/080 VUs  0m59.0s/1m0s  4000.00 iters/s

running (1m00.0s), 000/080 VUs, 239956 complete and 0 interrupted iterations
steady   [ 100% ] 000/080 VUs  1m00.0s/1m0s  4000.00 iters/s

  http_reqs                    240001 (3999.97/s)
  http_req_duration            med=0.18ms p95=0.53ms p99=0.77ms max=14.44ms
  http_req_waiting             p95=0.51ms
  http_req_failed              0.000%
  dropped_iterations           0
  vus_max                      80
  checks                       0 passed, 0 failed


running (1m00.0s), 000/080 VUs, 240001 complete and 0 interrupted iterations
steady ✓ [ 100% ] 000/080 VUs  1m0s  4000.00 iters/s
