
         /\      Grafana   /‾‾/  
    /\  /  \     |\  __   /  /   
   /  \/    \    | |/ /  /   ‾‾\ 
  /          \   |   (  |  (‾)  |
 / __________ \  |_|\_\  \_____/ 


     execution: local
        script: /Users/juancavallotti/Documents/development/octo-performance/scenarios/004-queue-roundtrip/k6/steady.js
        output: -

     scenarios: (100.00%) 1 scenario, 16000 max VUs, 1m10s max duration (incl. graceful stop):
              * steady: 10000.00 iterations/s for 1m0s (maxVUs: 1600-16000, gracefulStop: 10s)


running (0m00.9s), 00004/01600 VUs, 8892 complete and 0 interrupted iterations
steady   [   1% ] 00004/01600 VUs  0m00.9s/1m0s  10000.00 iters/s

running (0m01.9s), 00003/01600 VUs, 18892 complete and 0 interrupted iterations
steady   [   3% ] 00003/01600 VUs  0m01.9s/1m0s  10000.00 iters/s

running (0m02.9s), 00004/01600 VUs, 28891 complete and 0 interrupted iterations
steady   [   5% ] 00004/01600 VUs  0m02.9s/1m0s  10000.00 iters/s

running (0m03.9s), 00003/01600 VUs, 38892 complete and 0 interrupted iterations
steady   [   6% ] 00003/01600 VUs  0m03.9s/1m0s  10000.00 iters/s

running (0m04.9s), 00003/01600 VUs, 48892 complete and 0 interrupted iterations
steady   [   8% ] 00003/01600 VUs  0m04.9s/1m0s  10000.00 iters/s

running (0m05.9s), 00012/01600 VUs, 58884 complete and 0 interrupted iterations
steady   [  10% ] 00012/01600 VUs  0m05.9s/1m0s  10000.00 iters/s

running (0m06.9s), 00021/01600 VUs, 68874 complete and 0 interrupted iterations
steady   [  11% ] 00020/01600 VUs  0m06.9s/1m0s  10000.00 iters/s

running (0m07.9s), 00003/01600 VUs, 78892 complete and 0 interrupted iterations
steady   [  13% ] 00003/01600 VUs  0m07.9s/1m0s  10000.00 iters/s

running (0m08.9s), 00003/01600 VUs, 88892 complete and 0 interrupted iterations
steady   [  15% ] 00003/01600 VUs  0m08.9s/1m0s  10000.00 iters/s

running (0m09.9s), 00004/01600 VUs, 98892 complete and 0 interrupted iterations
steady   [  16% ] 00004/01600 VUs  0m09.9s/1m0s  10000.00 iters/s

running (0m10.9s), 00003/01600 VUs, 108892 complete and 0 interrupted iterations
steady   [  18% ] 00003/01600 VUs  0m10.9s/1m0s  10000.00 iters/s

running (0m11.9s), 00003/01600 VUs, 118892 complete and 0 interrupted iterations
steady   [  20% ] 00003/01600 VUs  0m11.9s/1m0s  10000.00 iters/s

running (0m12.9s), 00004/01600 VUs, 128891 complete and 0 interrupted iterations
steady   [  21% ] 00004/01600 VUs  0m12.9s/1m0s  10000.00 iters/s

running (0m13.9s), 00004/01600 VUs, 138891 complete and 0 interrupted iterations
steady   [  23% ] 00004/01600 VUs  0m13.9s/1m0s  10000.00 iters/s

running (0m14.9s), 00003/01600 VUs, 148892 complete and 0 interrupted iterations
steady   [  25% ] 00003/01600 VUs  0m14.9s/1m0s  10000.00 iters/s

running (0m15.9s), 00003/01600 VUs, 158892 complete and 0 interrupted iterations
steady   [  26% ] 00003/01600 VUs  0m15.9s/1m0s  10000.00 iters/s

running (0m16.9s), 00003/01600 VUs, 168893 complete and 0 interrupted iterations
steady   [  28% ] 00003/01600 VUs  0m16.9s/1m0s  10000.00 iters/s

running (0m17.9s), 00004/01600 VUs, 178892 complete and 0 interrupted iterations
steady   [  30% ] 00004/01600 VUs  0m17.9s/1m0s  10000.00 iters/s

running (0m18.9s), 00004/01600 VUs, 188892 complete and 0 interrupted iterations
steady   [  31% ] 00004/01600 VUs  0m18.9s/1m0s  10000.00 iters/s

running (0m19.9s), 00004/01600 VUs, 198891 complete and 0 interrupted iterations
steady   [  33% ] 00004/01600 VUs  0m19.9s/1m0s  10000.00 iters/s

running (0m20.9s), 00004/01600 VUs, 208891 complete and 0 interrupted iterations
steady   [  35% ] 00004/01600 VUs  0m20.9s/1m0s  10000.00 iters/s

running (0m21.9s), 00004/01600 VUs, 218891 complete and 0 interrupted iterations
steady   [  36% ] 00004/01600 VUs  0m21.9s/1m0s  10000.00 iters/s

running (0m22.9s), 00005/01600 VUs, 228890 complete and 0 interrupted iterations
steady   [  38% ] 00005/01600 VUs  0m22.9s/1m0s  10000.00 iters/s

running (0m23.9s), 00004/01600 VUs, 238892 complete and 0 interrupted iterations
steady   [  40% ] 00004/01600 VUs  0m23.9s/1m0s  10000.00 iters/s

running (0m24.9s), 00003/01600 VUs, 248892 complete and 0 interrupted iterations
steady   [  41% ] 00003/01600 VUs  0m24.9s/1m0s  10000.00 iters/s

running (0m25.9s), 00003/01600 VUs, 258892 complete and 0 interrupted iterations
steady   [  43% ] 00003/01600 VUs  0m25.9s/1m0s  10000.00 iters/s

running (0m26.9s), 00023/01600 VUs, 268872 complete and 0 interrupted iterations
steady   [  45% ] 00023/01600 VUs  0m26.9s/1m0s  10000.00 iters/s

running (0m27.9s), 00003/01600 VUs, 278892 complete and 0 interrupted iterations
steady   [  46% ] 00003/01600 VUs  0m27.9s/1m0s  10000.00 iters/s

running (0m28.9s), 00004/01600 VUs, 288892 complete and 0 interrupted iterations
steady   [  48% ] 00004/01600 VUs  0m28.9s/1m0s  10000.00 iters/s

running (0m29.9s), 00004/01600 VUs, 298891 complete and 0 interrupted iterations
steady   [  50% ] 00004/01600 VUs  0m29.9s/1m0s  10000.00 iters/s

running (0m30.9s), 00003/01600 VUs, 308892 complete and 0 interrupted iterations
steady   [  51% ] 00003/01600 VUs  0m30.9s/1m0s  10000.00 iters/s

running (0m31.9s), 00003/01600 VUs, 318892 complete and 0 interrupted iterations
steady   [  53% ] 00003/01600 VUs  0m31.9s/1m0s  10000.00 iters/s

running (0m32.9s), 00004/01600 VUs, 328891 complete and 0 interrupted iterations
steady   [  55% ] 00004/01600 VUs  0m32.9s/1m0s  10000.00 iters/s

running (0m33.9s), 00004/01600 VUs, 338891 complete and 0 interrupted iterations
steady   [  56% ] 00005/01600 VUs  0m33.9s/1m0s  10000.00 iters/s

running (0m34.9s), 00004/01600 VUs, 348891 complete and 0 interrupted iterations
steady   [  58% ] 00004/01600 VUs  0m34.9s/1m0s  10000.00 iters/s

running (0m35.9s), 00003/01600 VUs, 358892 complete and 0 interrupted iterations
steady   [  60% ] 00003/01600 VUs  0m35.9s/1m0s  10000.00 iters/s

running (0m36.9s), 00006/01600 VUs, 368889 complete and 0 interrupted iterations
steady   [  61% ] 00006/01600 VUs  0m36.9s/1m0s  10000.00 iters/s

running (0m37.9s), 00003/01600 VUs, 378892 complete and 0 interrupted iterations
steady   [  63% ] 00003/01600 VUs  0m37.9s/1m0s  10000.00 iters/s

running (0m38.9s), 00006/01600 VUs, 388887 complete and 0 interrupted iterations
steady   [  65% ] 00006/01600 VUs  0m38.9s/1m0s  10000.00 iters/s

running (0m39.9s), 00004/01600 VUs, 398892 complete and 0 interrupted iterations
steady   [  66% ] 00004/01600 VUs  0m39.9s/1m0s  10000.00 iters/s

running (0m40.9s), 00004/01600 VUs, 408891 complete and 0 interrupted iterations
steady   [  68% ] 00004/01600 VUs  0m40.9s/1m0s  10000.00 iters/s

running (0m41.9s), 00009/01600 VUs, 418887 complete and 0 interrupted iterations
steady   [  70% ] 00009/01600 VUs  0m41.9s/1m0s  10000.00 iters/s

running (0m42.9s), 00005/01600 VUs, 428891 complete and 0 interrupted iterations
steady   [  71% ] 00005/01600 VUs  0m42.9s/1m0s  10000.00 iters/s

running (0m43.9s), 00003/01600 VUs, 438892 complete and 0 interrupted iterations
steady   [  73% ] 00003/01600 VUs  0m43.9s/1m0s  10000.00 iters/s

running (0m44.9s), 00003/01600 VUs, 448892 complete and 0 interrupted iterations
steady   [  75% ] 00003/01600 VUs  0m44.9s/1m0s  10000.00 iters/s

running (0m45.9s), 00004/01600 VUs, 458891 complete and 0 interrupted iterations
steady   [  76% ] 00004/01600 VUs  0m45.9s/1m0s  10000.00 iters/s

running (0m46.9s), 00004/01600 VUs, 468891 complete and 0 interrupted iterations
steady   [  78% ] 00004/01600 VUs  0m46.9s/1m0s  10000.00 iters/s

running (0m47.9s), 00004/01600 VUs, 478892 complete and 0 interrupted iterations
steady   [  80% ] 00004/01600 VUs  0m47.9s/1m0s  10000.00 iters/s

running (0m48.9s), 00002/01600 VUs, 488893 complete and 0 interrupted iterations
steady   [  81% ] 00002/01600 VUs  0m48.9s/1m0s  10000.00 iters/s

running (0m49.9s), 00003/01600 VUs, 498892 complete and 0 interrupted iterations
steady   [  83% ] 00003/01600 VUs  0m49.9s/1m0s  10000.00 iters/s

running (0m50.9s), 00003/01600 VUs, 508892 complete and 0 interrupted iterations
steady   [  85% ] 00003/01600 VUs  0m50.9s/1m0s  10000.00 iters/s

running (0m51.9s), 00003/01600 VUs, 518892 complete and 0 interrupted iterations
steady   [  86% ] 00003/01600 VUs  0m51.9s/1m0s  10000.00 iters/s

running (0m52.9s), 00004/01600 VUs, 528892 complete and 0 interrupted iterations
steady   [  88% ] 00004/01600 VUs  0m52.9s/1m0s  10000.00 iters/s

running (0m53.9s), 00004/01600 VUs, 538891 complete and 0 interrupted iterations
steady   [  90% ] 00004/01600 VUs  0m53.9s/1m0s  10000.00 iters/s

running (0m54.9s), 00003/01600 VUs, 548892 complete and 0 interrupted iterations
steady   [  91% ] 00003/01600 VUs  0m54.9s/1m0s  10000.00 iters/s

running (0m55.9s), 00003/01600 VUs, 558892 complete and 0 interrupted iterations
steady   [  93% ] 00003/01600 VUs  0m55.9s/1m0s  10000.00 iters/s

running (0m56.9s), 00024/01600 VUs, 568876 complete and 0 interrupted iterations
steady   [  95% ] 00024/01600 VUs  0m56.9s/1m0s  10000.00 iters/s

running (0m57.9s), 00003/01600 VUs, 578892 complete and 0 interrupted iterations
steady   [  96% ] 00003/01600 VUs  0m57.9s/1m0s  10000.00 iters/s

running (0m58.9s), 00003/01600 VUs, 588893 complete and 0 interrupted iterations
steady   [  98% ] 00003/01600 VUs  0m58.9s/1m0s  10000.00 iters/s

running (0m59.9s), 00003/01600 VUs, 598892 complete and 0 interrupted iterations
steady   [ 100% ] 00004/01600 VUs  0m59.9s/1m0s  10000.00 iters/s

  http_reqs                    600000 (9999.61/s)
  http_req_duration            med=0.30ms p95=0.79ms p99=3.82ms max=40.16ms
  http_req_waiting             p95=0.77ms
  http_req_failed              0.000%
  dropped_iterations           0
  vus_max                      1600
  checks                       0 passed, 0 failed


running (1m00.0s), 00000/01600 VUs, 600000 complete and 0 interrupted iterations
steady ✓ [ 100% ] 00000/01600 VUs  1m0s  10000.00 iters/s
