
         /\      Grafana   /‾‾/  
    /\  /  \     |\  __   /  /   
   /  \/    \    | |/ /  /   ‾‾\ 
  /          \   |   (  |  (‾)  |
 / __________ \  |_|\_\  \_____/ 


     execution: local
        script: /Users/juancavallotti/Documents/development/octo-performance/scenarios/001-template-page/k6/steady.js
        output: -

     scenarios: (100.00%) 1 scenario, 16000 max VUs, 1m10s max duration (incl. graceful stop):
              * steady: 16000.00 iterations/s for 1m0s (maxVUs: 1600-16000, gracefulStop: 10s)


running (0m00.9s), 00007/01600 VUs, 14330 complete and 0 interrupted iterations
steady   [   1% ] 00007/01600 VUs  0m00.9s/1m0s  16000.00 iters/s

running (0m01.9s), 00007/01600 VUs, 30329 complete and 0 interrupted iterations
steady   [   3% ] 00007/01600 VUs  0m01.9s/1m0s  16000.00 iters/s

running (0m02.9s), 00008/01600 VUs, 46329 complete and 0 interrupted iterations
steady   [   5% ] 00008/01600 VUs  0m02.9s/1m0s  16000.00 iters/s

running (0m03.9s), 00009/01600 VUs, 62328 complete and 0 interrupted iterations
steady   [   6% ] 00009/01600 VUs  0m03.9s/1m0s  16000.00 iters/s

running (0m04.9s), 00004/01600 VUs, 78333 complete and 0 interrupted iterations
steady   [   8% ] 00004/01600 VUs  0m04.9s/1m0s  16000.00 iters/s

running (0m05.9s), 00012/01600 VUs, 94325 complete and 0 interrupted iterations
steady   [  10% ] 00012/01600 VUs  0m05.9s/1m0s  16000.00 iters/s

running (0m06.9s), 00006/01600 VUs, 110331 complete and 0 interrupted iterations
steady   [  11% ] 00006/01600 VUs  0m06.9s/1m0s  16000.00 iters/s

running (0m07.9s), 00010/01600 VUs, 126327 complete and 0 interrupted iterations
steady   [  13% ] 00010/01600 VUs  0m07.9s/1m0s  16000.00 iters/s

running (0m08.9s), 00012/01600 VUs, 142325 complete and 0 interrupted iterations
steady   [  15% ] 00012/01600 VUs  0m08.9s/1m0s  16000.00 iters/s

running (0m09.9s), 00008/01600 VUs, 158329 complete and 0 interrupted iterations
steady   [  16% ] 00008/01600 VUs  0m09.9s/1m0s  16000.00 iters/s

running (0m10.9s), 00007/01600 VUs, 174330 complete and 0 interrupted iterations
steady   [  18% ] 00007/01600 VUs  0m10.9s/1m0s  16000.00 iters/s

running (0m11.9s), 00006/01600 VUs, 190330 complete and 0 interrupted iterations
steady   [  20% ] 00007/01600 VUs  0m11.9s/1m0s  16000.00 iters/s

running (0m12.9s), 00008/01600 VUs, 206328 complete and 0 interrupted iterations
steady   [  21% ] 00008/01600 VUs  0m12.9s/1m0s  16000.00 iters/s

running (0m13.9s), 00011/01600 VUs, 222326 complete and 0 interrupted iterations
steady   [  23% ] 00011/01600 VUs  0m13.9s/1m0s  16000.00 iters/s

running (0m14.9s), 00019/01600 VUs, 238318 complete and 0 interrupted iterations
steady   [  25% ] 00019/01600 VUs  0m14.9s/1m0s  16000.00 iters/s

running (0m15.9s), 00007/01600 VUs, 254329 complete and 0 interrupted iterations
steady   [  26% ] 00007/01600 VUs  0m15.9s/1m0s  16000.00 iters/s

running (0m16.9s), 00007/01600 VUs, 270329 complete and 0 interrupted iterations
steady   [  28% ] 00007/01600 VUs  0m16.9s/1m0s  16000.00 iters/s

running (0m17.9s), 00008/01600 VUs, 286329 complete and 0 interrupted iterations
steady   [  30% ] 00008/01600 VUs  0m17.9s/1m0s  16000.00 iters/s

running (0m18.9s), 00006/01600 VUs, 302330 complete and 0 interrupted iterations
steady   [  31% ] 00006/01600 VUs  0m18.9s/1m0s  16000.00 iters/s

running (0m19.9s), 00007/01600 VUs, 318330 complete and 0 interrupted iterations
steady   [  33% ] 00007/01600 VUs  0m19.9s/1m0s  16000.00 iters/s

running (0m20.9s), 00204/01600 VUs, 334132 complete and 0 interrupted iterations
steady   [  35% ] 00204/01600 VUs  0m20.9s/1m0s  16000.00 iters/s

running (0m21.9s), 00009/01600 VUs, 350327 complete and 0 interrupted iterations
steady   [  36% ] 00009/01600 VUs  0m21.9s/1m0s  16000.00 iters/s

running (0m22.9s), 00013/01600 VUs, 366323 complete and 0 interrupted iterations
steady   [  38% ] 00013/01600 VUs  0m22.9s/1m0s  16000.00 iters/s

running (0m23.9s), 00012/01600 VUs, 382326 complete and 0 interrupted iterations
steady   [  40% ] 00012/01600 VUs  0m23.9s/1m0s  16000.00 iters/s

running (0m24.9s), 00008/01600 VUs, 398330 complete and 0 interrupted iterations
steady   [  41% ] 00008/01600 VUs  0m24.9s/1m0s  16000.00 iters/s

running (0m25.9s), 00012/01600 VUs, 414325 complete and 0 interrupted iterations
steady   [  43% ] 00012/01600 VUs  0m25.9s/1m0s  16000.00 iters/s

running (0m26.9s), 00155/01600 VUs, 430180 complete and 0 interrupted iterations
steady   [  45% ] 00155/01600 VUs  0m26.9s/1m0s  16000.00 iters/s

running (0m27.9s), 00012/01600 VUs, 446324 complete and 0 interrupted iterations
steady   [  46% ] 00012/01600 VUs  0m27.9s/1m0s  16000.00 iters/s

running (0m28.9s), 00007/01600 VUs, 462330 complete and 0 interrupted iterations
steady   [  48% ] 00007/01600 VUs  0m28.9s/1m0s  16000.00 iters/s

running (0m29.9s), 00007/01600 VUs, 478332 complete and 0 interrupted iterations
steady   [  50% ] 00007/01600 VUs  0m29.9s/1m0s  16000.00 iters/s

running (0m30.9s), 00008/01600 VUs, 494329 complete and 0 interrupted iterations
steady   [  51% ] 00009/01600 VUs  0m30.9s/1m0s  16000.00 iters/s

running (0m31.9s), 00010/01600 VUs, 510326 complete and 0 interrupted iterations
steady   [  53% ] 00010/01600 VUs  0m31.9s/1m0s  16000.00 iters/s

running (0m32.9s), 00008/01600 VUs, 526330 complete and 0 interrupted iterations
steady   [  55% ] 00008/01600 VUs  0m32.9s/1m0s  16000.00 iters/s

running (0m33.9s), 00007/01600 VUs, 542330 complete and 0 interrupted iterations
steady   [  56% ] 00007/01600 VUs  0m33.9s/1m0s  16000.00 iters/s

running (0m34.9s), 00015/01600 VUs, 558322 complete and 0 interrupted iterations
steady   [  58% ] 00015/01600 VUs  0m34.9s/1m0s  16000.00 iters/s

running (0m35.9s), 00009/01600 VUs, 574328 complete and 0 interrupted iterations
steady   [  60% ] 00010/01600 VUs  0m35.9s/1m0s  16000.00 iters/s

running (0m36.9s), 00008/01600 VUs, 590330 complete and 0 interrupted iterations
steady   [  61% ] 00008/01600 VUs  0m36.9s/1m0s  16000.00 iters/s

running (0m37.9s), 00023/01600 VUs, 606320 complete and 0 interrupted iterations
steady   [  63% ] 00023/01600 VUs  0m37.9s/1m0s  16000.00 iters/s

running (0m38.9s), 00008/01600 VUs, 622329 complete and 0 interrupted iterations
steady   [  65% ] 00008/01600 VUs  0m38.9s/1m0s  16000.00 iters/s

running (0m39.9s), 00011/01600 VUs, 638326 complete and 0 interrupted iterations
steady   [  66% ] 00011/01600 VUs  0m39.9s/1m0s  16000.00 iters/s

running (0m40.9s), 00009/01600 VUs, 654328 complete and 0 interrupted iterations
steady   [  68% ] 00009/01600 VUs  0m40.9s/1m0s  16000.00 iters/s

running (0m41.9s), 00011/01600 VUs, 670325 complete and 0 interrupted iterations
steady   [  70% ] 00011/01600 VUs  0m41.9s/1m0s  16000.00 iters/s

running (0m42.9s), 00009/01600 VUs, 686327 complete and 0 interrupted iterations
steady   [  71% ] 00009/01600 VUs  0m42.9s/1m0s  16000.00 iters/s

running (0m43.9s), 00010/01600 VUs, 702328 complete and 0 interrupted iterations
steady   [  73% ] 00011/01600 VUs  0m43.9s/1m0s  16000.00 iters/s

running (0m44.9s), 00994/01600 VUs, 717343 complete and 0 interrupted iterations
steady   [  75% ] 00994/01600 VUs  0m44.9s/1m0s  16000.00 iters/s

running (0m45.9s), 00022/01600 VUs, 734314 complete and 0 interrupted iterations
steady   [  76% ] 00022/01600 VUs  0m45.9s/1m0s  16000.00 iters/s

running (0m46.9s), 00009/01600 VUs, 750327 complete and 0 interrupted iterations
steady   [  78% ] 00009/01600 VUs  0m46.9s/1m0s  16000.00 iters/s

running (0m47.9s), 00015/01600 VUs, 766322 complete and 0 interrupted iterations
steady   [  80% ] 00015/01600 VUs  0m47.9s/1m0s  16000.00 iters/s

running (0m48.9s), 00009/01600 VUs, 782327 complete and 0 interrupted iterations
steady   [  81% ] 00009/01600 VUs  0m48.9s/1m0s  16000.00 iters/s

running (0m49.9s), 00040/01600 VUs, 798297 complete and 0 interrupted iterations
steady   [  83% ] 00040/01600 VUs  0m49.9s/1m0s  16000.00 iters/s

running (0m50.9s), 00010/01600 VUs, 814327 complete and 0 interrupted iterations
steady   [  85% ] 00010/01600 VUs  0m50.9s/1m0s  16000.00 iters/s

running (0m51.9s), 00124/01600 VUs, 830215 complete and 0 interrupted iterations
steady   [  86% ] 00124/01600 VUs  0m51.9s/1m0s  16000.00 iters/s

running (0m52.9s), 00011/01600 VUs, 846329 complete and 0 interrupted iterations
steady   [  88% ] 00011/01600 VUs  0m52.9s/1m0s  16000.00 iters/s

running (0m53.9s), 00006/01600 VUs, 862330 complete and 0 interrupted iterations
steady   [  90% ] 00007/01600 VUs  0m53.9s/1m0s  16000.00 iters/s

running (0m54.9s), 00006/01600 VUs, 878331 complete and 0 interrupted iterations
steady   [  91% ] 00006/01600 VUs  0m54.9s/1m0s  16000.00 iters/s

running (0m55.9s), 00007/01600 VUs, 894331 complete and 0 interrupted iterations
steady   [  93% ] 00007/01600 VUs  0m55.9s/1m0s  16000.00 iters/s

running (0m56.9s), 00008/01600 VUs, 910330 complete and 0 interrupted iterations
steady   [  95% ] 00008/01600 VUs  0m56.9s/1m0s  16000.00 iters/s

running (0m57.9s), 00012/01600 VUs, 926325 complete and 0 interrupted iterations
steady   [  96% ] 00012/01600 VUs  0m57.9s/1m0s  16000.00 iters/s

running (0m58.9s), 00010/01600 VUs, 942324 complete and 0 interrupted iterations
steady   [  98% ] 00010/01600 VUs  0m58.9s/1m0s  16000.00 iters/s

running (0m59.9s), 00007/01600 VUs, 958332 complete and 0 interrupted iterations
steady   [ 100% ] 00006/01600 VUs  0m59.9s/1m0s  16000.00 iters/s

  http_reqs                    960001 (15999.37/s)
  http_req_duration            med=0.46ms p95=3.32ms p99=27.77ms max=635.98ms
  http_req_waiting             p95=3.21ms
  http_req_failed              0.000%
  dropped_iterations           0
  vus_max                      1600
  checks                       0 passed, 0 failed


running (1m00.0s), 00000/01600 VUs, 960001 complete and 0 interrupted iterations
steady ✓ [ 100% ] 00000/01600 VUs  1m0s  16000.00 iters/s
