
         /\      Grafana   /‾‾/  
    /\  /  \     |\  __   /  /   
   /  \/    \    | |/ /  /   ‾‾\ 
  /          \   |   (  |  (‾)  |
 / __________ \  |_|\_\  \_____/ 


     execution: local
        script: /Users/juancavallotti/Documents/development/octo-performance/scenarios/003-postgres-crud/k6/steady.js
        output: -

     scenarios: (100.00%) 1 scenario, 3600 max VUs, 1m10s max duration (incl. graceful stop):
              * steady: 1500.00 iterations/s for 1m0s (maxVUs: 360-3600, gracefulStop: 10s)


running (0m01.0s), 0008/0360 VUs, 1457 complete and 0 interrupted iterations
steady   [   2% ] 0008/0360 VUs  0m01.0s/1m0s  1500.00 iters/s

running (0m02.0s), 0007/0360 VUs, 2957 complete and 0 interrupted iterations
steady   [   3% ] 0007/0360 VUs  0m02.0s/1m0s  1500.00 iters/s

running (0m03.0s), 0011/0360 VUs, 4454 complete and 0 interrupted iterations
steady   [   5% ] 0011/0360 VUs  0m03.0s/1m0s  1500.00 iters/s

running (0m04.0s), 0006/0360 VUs, 5958 complete and 0 interrupted iterations
steady   [   7% ] 0006/0360 VUs  0m04.0s/1m0s  1500.00 iters/s

running (0m05.0s), 0020/0360 VUs, 7444 complete and 0 interrupted iterations
steady   [   8% ] 0020/0360 VUs  0m05.0s/1m0s  1500.00 iters/s

running (0m06.0s), 0006/0360 VUs, 8958 complete and 0 interrupted iterations
steady   [  10% ] 0006/0360 VUs  0m06.0s/1m0s  1500.00 iters/s

running (0m07.0s), 0008/0360 VUs, 10456 complete and 0 interrupted iterations
steady   [  12% ] 0008/0360 VUs  0m07.0s/1m0s  1500.00 iters/s

running (0m08.0s), 0003/0360 VUs, 11961 complete and 0 interrupted iterations
steady   [  13% ] 0003/0360 VUs  0m08.0s/1m0s  1500.00 iters/s

running (0m09.0s), 0013/0360 VUs, 13451 complete and 0 interrupted iterations
steady   [  15% ] 0013/0360 VUs  0m09.0s/1m0s  1500.00 iters/s

running (0m17.6s), 0284/0360 VUs, 14680 complete and 0 interrupted iterations
steady   [  17% ] 0284/0360 VUs  0m10.0s/1m0s  1500.00 iters/s

running (0m18.6s), 0007/0360 VUs, 16460 complete and 0 interrupted iterations
steady   [  18% ] 0007/0360 VUs  0m11.0s/1m0s  1500.00 iters/s

running (0m19.6s), 0007/0360 VUs, 17957 complete and 0 interrupted iterations
steady   [  20% ] 0007/0360 VUs  0m12.0s/1m0s  1500.00 iters/s

running (0m20.6s), 0010/0360 VUs, 19454 complete and 0 interrupted iterations
steady   [  22% ] 0010/0360 VUs  0m13.0s/1m0s  1500.00 iters/s

running (0m21.6s), 0016/0360 VUs, 20948 complete and 0 interrupted iterations
steady   [  23% ] 0016/0360 VUs  0m14.0s/1m0s  1500.00 iters/s

running (0m22.6s), 0012/0360 VUs, 22452 complete and 0 interrupted iterations
steady   [  25% ] 0012/0360 VUs  0m15.0s/1m0s  1500.00 iters/s

running (0m23.6s), 0010/0360 VUs, 23954 complete and 0 interrupted iterations
steady   [  27% ] 0010/0360 VUs  0m16.0s/1m0s  1500.00 iters/s

running (0m24.6s), 0006/0360 VUs, 25458 complete and 0 interrupted iterations
steady   [  28% ] 0006/0360 VUs  0m17.0s/1m0s  1500.00 iters/s

running (0m25.6s), 0010/0360 VUs, 26954 complete and 0 interrupted iterations
steady   [  30% ] 0010/0360 VUs  0m18.0s/1m0s  1500.00 iters/s

running (0m26.6s), 0008/0360 VUs, 28456 complete and 0 interrupted iterations
steady   [  32% ] 0008/0360 VUs  0m19.0s/1m0s  1500.00 iters/s

running (0m27.6s), 0008/0360 VUs, 29956 complete and 0 interrupted iterations
steady   [  33% ] 0008/0360 VUs  0m20.0s/1m0s  1500.00 iters/s

running (0m28.6s), 0007/0360 VUs, 31457 complete and 0 interrupted iterations
steady   [  35% ] 0007/0360 VUs  0m21.0s/1m0s  1500.00 iters/s

running (0m29.6s), 0016/0360 VUs, 32949 complete and 0 interrupted iterations
steady   [  37% ] 0016/0360 VUs  0m22.0s/1m0s  1500.00 iters/s

running (0m30.6s), 0009/0360 VUs, 34455 complete and 0 interrupted iterations
steady   [  38% ] 0009/0360 VUs  0m23.0s/1m0s  1500.00 iters/s

running (0m31.6s), 0003/0360 VUs, 35961 complete and 0 interrupted iterations
steady   [  40% ] 0003/0360 VUs  0m24.0s/1m0s  1500.00 iters/s

running (0m32.6s), 0014/0360 VUs, 37450 complete and 0 interrupted iterations
steady   [  42% ] 0014/0360 VUs  0m25.0s/1m0s  1500.00 iters/s

running (0m33.6s), 0008/0360 VUs, 38956 complete and 0 interrupted iterations
steady   [  43% ] 0008/0360 VUs  0m26.0s/1m0s  1500.00 iters/s

running (0m34.6s), 0016/0360 VUs, 40449 complete and 0 interrupted iterations
steady   [  45% ] 0016/0360 VUs  0m27.0s/1m0s  1500.00 iters/s

running (0m35.6s), 0010/0360 VUs, 41954 complete and 0 interrupted iterations
steady   [  47% ] 0010/0360 VUs  0m28.0s/1m0s  1500.00 iters/s

running (0m36.6s), 0008/0360 VUs, 43456 complete and 0 interrupted iterations
steady   [  48% ] 0008/0360 VUs  0m29.0s/1m0s  1500.00 iters/s

running (0m37.6s), 0014/0360 VUs, 44953 complete and 0 interrupted iterations
steady   [  50% ] 0014/0360 VUs  0m30.0s/1m0s  1500.00 iters/s

running (0m38.6s), 0006/0360 VUs, 46458 complete and 0 interrupted iterations
steady   [  52% ] 0006/0360 VUs  0m31.0s/1m0s  1500.00 iters/s

running (0m39.6s), 0010/0360 VUs, 47954 complete and 0 interrupted iterations
steady   [  53% ] 0010/0360 VUs  0m32.0s/1m0s  1500.00 iters/s

running (0m40.6s), 0010/0360 VUs, 49454 complete and 0 interrupted iterations
steady   [  55% ] 0010/0360 VUs  0m33.0s/1m0s  1500.00 iters/s

running (0m41.6s), 0009/0360 VUs, 50955 complete and 0 interrupted iterations
steady   [  57% ] 0009/0360 VUs  0m34.0s/1m0s  1500.00 iters/s

running (0m42.6s), 0013/0360 VUs, 52451 complete and 0 interrupted iterations
steady   [  58% ] 0013/0360 VUs  0m35.0s/1m0s  1500.00 iters/s

running (0m43.6s), 0012/0360 VUs, 53952 complete and 0 interrupted iterations
steady   [  60% ] 0012/0360 VUs  0m36.0s/1m0s  1500.00 iters/s

running (0m44.6s), 0009/0360 VUs, 55455 complete and 0 interrupted iterations
steady   [  62% ] 0009/0360 VUs  0m37.0s/1m0s  1500.00 iters/s

running (0m45.6s), 0013/0360 VUs, 56951 complete and 0 interrupted iterations
steady   [  63% ] 0013/0360 VUs  0m38.0s/1m0s  1500.00 iters/s

running (0m46.6s), 0008/0360 VUs, 58456 complete and 0 interrupted iterations
steady   [  65% ] 0008/0360 VUs  0m39.0s/1m0s  1500.00 iters/s

running (0m47.6s), 0010/0360 VUs, 59955 complete and 0 interrupted iterations
steady   [  67% ] 0010/0360 VUs  0m40.0s/1m0s  1500.00 iters/s

running (0m48.6s), 0008/0360 VUs, 61456 complete and 0 interrupted iterations
steady   [  68% ] 0008/0360 VUs  0m41.0s/1m0s  1500.00 iters/s

running (0m49.6s), 0017/0360 VUs, 62947 complete and 0 interrupted iterations
steady   [  70% ] 0017/0360 VUs  0m42.0s/1m0s  1500.00 iters/s

running (0m50.6s), 0011/0360 VUs, 64454 complete and 0 interrupted iterations
steady   [  72% ] 0011/0360 VUs  0m43.0s/1m0s  1500.00 iters/s

running (0m51.6s), 0016/0360 VUs, 65948 complete and 0 interrupted iterations
steady   [  73% ] 0016/0360 VUs  0m44.0s/1m0s  1500.00 iters/s

running (0m52.6s), 0031/0360 VUs, 67433 complete and 0 interrupted iterations
steady   [  75% ] 0031/0360 VUs  0m45.0s/1m0s  1500.00 iters/s

running (0m53.6s), 0014/0360 VUs, 68951 complete and 0 interrupted iterations
steady   [  77% ] 0014/0360 VUs  0m46.0s/1m0s  1500.00 iters/s

running (0m54.6s), 0030/0360 VUs, 70434 complete and 0 interrupted iterations
steady   [  78% ] 0030/0360 VUs  0m47.0s/1m0s  1500.00 iters/s

running (0m55.6s), 0013/0360 VUs, 71951 complete and 0 interrupted iterations
steady   [  80% ] 0013/0360 VUs  0m48.0s/1m0s  1500.00 iters/s

running (0m56.6s), 0010/0360 VUs, 73454 complete and 0 interrupted iterations
steady   [  82% ] 0010/0360 VUs  0m49.0s/1m0s  1500.00 iters/s

running (0m57.6s), 0011/0360 VUs, 74953 complete and 0 interrupted iterations
steady   [  83% ] 0011/0360 VUs  0m50.0s/1m0s  1500.00 iters/s

running (0m58.6s), 0017/0360 VUs, 76450 complete and 0 interrupted iterations
steady   [  85% ] 0017/0360 VUs  0m51.0s/1m0s  1500.00 iters/s

running (0m59.6s), 0012/0360 VUs, 77952 complete and 0 interrupted iterations
steady   [  87% ] 0012/0360 VUs  0m52.0s/1m0s  1500.00 iters/s

running (1m00.6s), 0010/0360 VUs, 79455 complete and 0 interrupted iterations
steady   [  88% ] 0010/0360 VUs  0m53.0s/1m0s  1500.00 iters/s

running (1m01.6s), 0008/0360 VUs, 80956 complete and 0 interrupted iterations
steady   [  90% ] 0008/0360 VUs  0m54.0s/1m0s  1500.00 iters/s

running (1m02.6s), 0017/0360 VUs, 82448 complete and 0 interrupted iterations
steady   [  92% ] 0017/0360 VUs  0m55.0s/1m0s  1500.00 iters/s

running (1m03.6s), 0021/0360 VUs, 83943 complete and 0 interrupted iterations
steady   [  93% ] 0021/0360 VUs  0m56.0s/1m0s  1500.00 iters/s

running (1m04.6s), 0009/0360 VUs, 85456 complete and 0 interrupted iterations
steady   [  95% ] 0009/0360 VUs  0m57.0s/1m0s  1500.00 iters/s

running (1m05.6s), 0010/0360 VUs, 86954 complete and 0 interrupted iterations
steady   [  97% ] 0010/0360 VUs  0m58.0s/1m0s  1500.00 iters/s

running (1m06.6s), 0010/0360 VUs, 88454 complete and 0 interrupted iterations
steady   [  98% ] 0010/0360 VUs  0m59.0s/1m0s  1500.00 iters/s

running (1m07.6s), 0022/0360 VUs, 89943 complete and 0 interrupted iterations
steady   [ 100% ] 0022/0360 VUs  1m00.0s/1m0s  1500.00 iters/s

  http_reqs                    90002 (1329.99/s)
  http_req_duration            med=5.44ms p95=22.39ms p99=60.57ms max=30000.58ms
  http_req_waiting             p95=22.35ms
  http_req_failed              0.001%
  dropped_iterations           0
  vus_max                      360
  checks                       0 passed, 0 failed


running (1m07.7s), 0000/0360 VUs, 90002 complete and 0 interrupted iterations
steady ✓ [ 100% ] 0000/0360 VUs  1m0s  1500.00 iters/s
