
         /\      Grafana   /‾‾/  
    /\  /  \     |\  __   /  /   
   /  \/    \    | |/ /  /   ‾‾\ 
  /          \   |   (  |  (‾)  |
 / __________ \  |_|\_\  \_____/ 


     execution: local
        script: /Users/juancavallotti/Documents/development/octo-performance/scenarios/001-template-page/k6/steady.js
        output: -

     scenarios: (100.00%) 1 scenario, 16000 max VUs, 1m10s max duration (incl. graceful stop):
              * steady: 16000.00 iterations/s for 1m0s (maxVUs: 1600-16000, gracefulStop: 10s)


running (0m00.8s), 01022/01630 VUs, 6124 complete and 0 interrupted iterations
steady   [   1% ] 01022/01630 VUs  0m00.8s/1m0s  16000.00 iters/s

running (0m01.8s), 00354/01858 VUs, 16987 complete and 0 interrupted iterations
steady   [   3% ] 00351/01858 VUs  0m01.8s/1m0s  16000.00 iters/s

running (0m02.8s), 01910/01911 VUs, 29494 complete and 0 interrupted iterations
steady   [   5% ] 01910/01911 VUs  0m02.8s/1m0s  16000.00 iters/s

running (0m03.8s), 02024/02024 VUs, 37946 complete and 0 interrupted iterations
steady   [   6% ] 02024/02024 VUs  0m03.8s/1m0s  16000.00 iters/s

running (0m04.8s), 02289/02295 VUs, 46613 complete and 0 interrupted iterations
steady   [   8% ] 02289/02295 VUs  0m04.8s/1m0s  16000.00 iters/s

running (0m05.8s), 00003/02411 VUs, 60102 complete and 0 interrupted iterations
steady   [  10% ] 00002/02411 VUs  0m05.8s/1m0s  16000.00 iters/s

running (0m06.8s), 02427/02506 VUs, 70866 complete and 0 interrupted iterations
steady   [  11% ] 02427/02506 VUs  0m06.8s/1m0s  16000.00 iters/s

running (0m07.8s), 01973/02573 VUs, 77660 complete and 0 interrupted iterations
steady   [  13% ] 01973/02573 VUs  0m07.8s/1m0s  16000.00 iters/s

running (0m08.8s), 02426/02699 VUs, 88016 complete and 0 interrupted iterations
steady   [  15% ] 02426/02699 VUs  0m08.8s/1m0s  16000.00 iters/s

running (0m09.8s), 00246/02731 VUs, 105423 complete and 0 interrupted iterations
steady   [  16% ] 00246/02731 VUs  0m09.8s/1m0s  16000.00 iters/s

running (0m10.8s), 02789/02789 VUs, 112371 complete and 0 interrupted iterations
steady   [  18% ] 02789/02789 VUs  0m10.8s/1m0s  16000.00 iters/s

running (0m11.8s), 02949/02950 VUs, 122152 complete and 0 interrupted iterations
steady   [  20% ] 02949/02949 VUs  0m11.8s/1m0s  16000.00 iters/s

running (0m12.8s), 00002/03076 VUs, 137562 complete and 0 interrupted iterations
steady   [  21% ] 00002/03076 VUs  0m12.8s/1m0s  16000.00 iters/s

running (0m13.8s), 02382/03085 VUs, 149793 complete and 0 interrupted iterations
steady   [  23% ] 02382/03085 VUs  0m13.8s/1m0s  16000.00 iters/s

running (0m14.8s), 03175/03176 VUs, 160990 complete and 0 interrupted iterations
steady   [  25% ] 03175/03176 VUs  0m14.8s/1m0s  16000.00 iters/s

running (0m15.8s), 03361/03362 VUs, 169752 complete and 0 interrupted iterations
steady   [  26% ] 03361/03362 VUs  0m15.8s/1m0s  16000.00 iters/s

running (0m16.8s), 00050/03433 VUs, 186714 complete and 0 interrupted iterations
steady   [  28% ] 00050/03433 VUs  0m16.8s/1m0s  16000.00 iters/s

running (0m17.8s), 02532/03528 VUs, 196667 complete and 0 interrupted iterations
steady   [  30% ] 02532/03528 VUs  0m17.8s/1m0s  16000.00 iters/s

running (0m18.8s), 03492/03752 VUs, 207455 complete and 0 interrupted iterations
steady   [  31% ] 03492/03752 VUs  0m18.8s/1m0s  16000.00 iters/s

running (0m19.8s), 03423/03773 VUs, 213644 complete and 0 interrupted iterations
steady   [  33% ] 03423/03773 VUs  0m19.8s/1m0s  16000.00 iters/s

running (0m20.8s), 00004/03776 VUs, 232736 complete and 0 interrupted iterations
steady   [  35% ] 00005/03776 VUs  0m20.8s/1m0s  16000.00 iters/s

running (0m21.8s), 03648/03828 VUs, 243188 complete and 0 interrupted iterations
steady   [  36% ] 03647/03828 VUs  0m21.8s/1m0s  16000.00 iters/s

running (0m22.9s), 03841/04038 VUs, 251815 complete and 0 interrupted iterations
steady   [  38% ] 03841/04038 VUs  0m22.9s/1m0s  16000.00 iters/s

running (0m23.8s), 03616/04047 VUs, 262151 complete and 0 interrupted iterations
steady   [  40% ] 03705/04047 VUs  0m23.8s/1m0s  16000.00 iters/s

running (0m24.8s), 01342/04047 VUs, 280563 complete and 0 interrupted iterations
steady   [  41% ] 01342/04047 VUs  0m24.8s/1m0s  16000.00 iters/s

running (0m25.8s), 03804/04084 VUs, 289957 complete and 0 interrupted iterations
steady   [  43% ] 03804/04084 VUs  0m25.8s/1m0s  16000.00 iters/s

running (0m27.4s), 01770/04188 VUs, 300484 complete and 0 interrupted iterations
steady   [  46% ] 01770/04188 VUs  0m27.4s/1m0s  16000.00 iters/s

running (0m27.8s), 04058/04194 VUs, 304933 complete and 0 interrupted iterations
steady   [  46% ] 04058/04194 VUs  0m27.8s/1m0s  16000.00 iters/s

running (0m28.8s), 00002/04277 VUs, 321011 complete and 0 interrupted iterations
steady   [  48% ] 00002/04277 VUs  0m28.8s/1m0s  16000.00 iters/s

running (0m29.9s), 03767/04354 VUs, 329062 complete and 0 interrupted iterations
steady   [  50% ] 03766/04354 VUs  0m29.9s/1m0s  16000.00 iters/s

running (0m30.8s), 04596/04608 VUs, 335583 complete and 0 interrupted iterations
steady   [  51% ] 04596/04608 VUs  0m30.8s/1m0s  16000.00 iters/s

running (0m31.9s), 04488/04612 VUs, 341972 complete and 0 interrupted iterations
steady   [  53% ] 04488/04612 VUs  0m31.9s/1m0s  16000.00 iters/s

running (0m32.8s), 00002/04618 VUs, 362213 complete and 0 interrupted iterations
steady   [  55% ] 00002/04618 VUs  0m32.8s/1m0s  16000.00 iters/s

running (0m33.8s), 04657/04658 VUs, 370807 complete and 0 interrupted iterations
steady   [  56% ] 04657/04658 VUs  0m33.8s/1m0s  16000.00 iters/s

running (0m34.8s), 04376/04777 VUs, 381847 complete and 0 interrupted iterations
steady   [  58% ] 04376/04777 VUs  0m34.8s/1m0s  16000.00 iters/s

running (0m36.6s), 04947/04948 VUs, 388085 complete and 0 interrupted iterations
steady   [  61% ] 04947/04948 VUs  0m36.6s/1m0s  16000.00 iters/s

running (0m36.8s), 00002/04954 VUs, 401410 complete and 0 interrupted iterations
steady   [  61% ] 00002/04954 VUs  0m36.8s/1m0s  16000.00 iters/s

running (0m37.8s), 03376/04991 VUs, 411462 complete and 0 interrupted iterations
steady   [  63% ] 03376/04991 VUs  0m37.8s/1m0s  16000.00 iters/s

running (0m38.8s), 04549/05115 VUs, 418807 complete and 0 interrupted iterations
steady   [  65% ] 04548/05115 VUs  0m38.8s/1m0s  16000.00 iters/s

running (0m39.8s), 04246/05232 VUs, 426072 complete and 0 interrupted iterations
steady   [  66% ] 04246/05232 VUs  0m39.8s/1m0s  16000.00 iters/s

running (0m40.8s), 05366/05372 VUs, 434836 complete and 0 interrupted iterations
steady   [  68% ] 05365/05372 VUs  0m40.8s/1m0s  16000.00 iters/s

running (0m41.8s), 00007/05448 VUs, 453086 complete and 0 interrupted iterations
steady   [  70% ] 00007/05448 VUs  0m41.8s/1m0s  16000.00 iters/s

running (0m42.8s), 03594/05496 VUs, 463223 complete and 0 interrupted iterations
steady   [  71% ] 03594/05496 VUs  0m42.8s/1m0s  16000.00 iters/s

running (0m43.8s), 05630/05632 VUs, 475033 complete and 0 interrupted iterations
steady   [  73% ] 05630/05632 VUs  0m43.8s/1m0s  16000.00 iters/s

running (0m44.8s), 05708/05747 VUs, 484720 complete and 0 interrupted iterations
steady   [  75% ] 05708/05747 VUs  0m44.8s/1m0s  16000.00 iters/s

running (0m45.8s), 00582/05876 VUs, 497997 complete and 0 interrupted iterations
steady   [  76% ] 00586/05876 VUs  0m45.8s/1m0s  16000.00 iters/s

running (0m46.8s), 05879/05880 VUs, 503206 complete and 0 interrupted iterations
steady   [  78% ] 05879/05879 VUs  0m46.8s/1m0s  16000.00 iters/s

running (0m47.8s), 04744/05885 VUs, 508899 complete and 0 interrupted iterations
steady   [  80% ] 04153/05885 VUs  0m47.9s/1m0s  16000.00 iters/s

running (0m48.9s), 05973/05974 VUs, 519988 complete and 0 interrupted iterations
steady   [  81% ] 05973/05974 VUs  0m48.9s/1m0s  16000.00 iters/s

running (0m49.8s), 06043/06044 VUs, 528547 complete and 0 interrupted iterations
steady   [  83% ] 06043/06044 VUs  0m49.8s/1m0s  16000.00 iters/s

running (0m50.8s), 05992/06101 VUs, 532001 complete and 0 interrupted iterations
steady   [  85% ] 05993/06101 VUs  0m50.8s/1m0s  16000.00 iters/s

running (0m51.8s), 00373/06142 VUs, 547294 complete and 0 interrupted iterations
steady   [  86% ] 00373/06142 VUs  0m51.8s/1m0s  16000.00 iters/s

running (0m52.8s), 04009/06144 VUs, 547829 complete and 0 interrupted iterations
steady   [  88% ] 04010/06144 VUs  0m52.8s/1m0s  16000.00 iters/s

running (0m53.8s), 04837/06144 VUs, 547829 complete and 0 interrupted iterations
steady   [  90% ] 04837/06144 VUs  0m53.8s/1m0s  16000.00 iters/s

running (0m54.9s), 03967/06144 VUs, 550020 complete and 0 interrupted iterations
steady   [  91% ] 03967/06144 VUs  0m54.9s/1m0s  16000.00 iters/s

running (0m55.8s), 06247/06248 VUs, 559794 complete and 0 interrupted iterations
steady   [  93% ] 06247/06248 VUs  0m55.8s/1m0s  16000.00 iters/s

running (0m56.8s), 05552/06378 VUs, 567945 complete and 0 interrupted iterations
steady   [  95% ] 05552/06378 VUs  0m56.8s/1m0s  16000.00 iters/s

running (0m57.8s), 05945/06387 VUs, 571338 complete and 0 interrupted iterations
steady   [  96% ] 05945/06387 VUs  0m57.8s/1m0s  16000.00 iters/s

running (0m58.8s), 05042/06396 VUs, 580562 complete and 0 interrupted iterations
steady   [  98% ] 05042/06396 VUs  0m58.8s/1m0s  16000.00 iters/s

running (0m59.8s), 00009/06403 VUs, 600215 complete and 0 interrupted iterations
steady   [ 100% ] 00006/06403 VUs  0m59.8s/1m0s  16000.00 iters/s

  http_reqs                    601431 (9989.76/s)
  http_req_duration            med=180.96ms p95=939.58ms p99=1783.32ms max=3397.48ms
  http_req_waiting             p95=924.13ms
  http_req_failed              0.000%
  dropped_iterations           356746
  vus_max                      6403
  checks                       0 passed, 0 failed


running (1m00.2s), 00000/06403 VUs, 601431 complete and 0 interrupted iterations
steady ✓ [ 100% ] 00000/06403 VUs  1m0s  16000.00 iters/s
time="2026-07-26T02:59:55-07:00" level=error msg="thresholds on metrics 'dropped_iterations, http_req_duration' have been crossed"
