
         /\      Grafana   /‾‾/  
    /\  /  \     |\  __   /  /   
   /  \/    \    | |/ /  /   ‾‾\ 
  /          \   |   (  |  (‾)  |
 / __________ \  |_|\_\  \_____/ 


     execution: local
        script: /Users/juancavallotti/Documents/development/octo-performance/scenarios/003-postgres-crud/k6/steady.js
        output: -

     scenarios: (100.00%) 1 scenario, 9600 max VUs, 35s max duration (incl. graceful stop):
              * steady: 4000.00 iterations/s for 25s (maxVUs: 960-9600, gracefulStop: 10s)


running (00.9s), 0721/0960 VUs, 3025 complete and 0 interrupted iterations
steady   [   4% ] 0721/0960 VUs  00.9s/25s  4000.00 iters/s

running (01.9s), 1023/1032 VUs, 6515 complete and 0 interrupted iterations
steady   [   8% ] 1023/1032 VUs  01.9s/25s  4000.00 iters/s

running (02.9s), 1221/1229 VUs, 10032 complete and 0 interrupted iterations
steady   [  12% ] 1221/1229 VUs  02.9s/25s  4000.00 iters/s

running (03.9s), 1396/1398 VUs, 13607 complete and 0 interrupted iterations
steady   [  16% ] 1396/1398 VUs  03.9s/25s  4000.00 iters/s

running (04.9s), 1664/1665 VUs, 16797 complete and 0 interrupted iterations
steady   [  20% ] 1664/1665 VUs  04.9s/25s  4000.00 iters/s

running (05.9s), 1964/1965 VUs, 19869 complete and 0 interrupted iterations
steady   [  24% ] 1964/1965 VUs  05.9s/25s  4000.00 iters/s

running (06.9s), 2244/2244 VUs, 23132 complete and 0 interrupted iterations
steady   [  28% ] 2244/2244 VUs  06.9s/25s  4000.00 iters/s

running (07.9s), 2488/2488 VUs, 26205 complete and 0 interrupted iterations
steady   [  32% ] 2488/2488 VUs  07.9s/25s  4000.00 iters/s

running (08.9s), 2917/2918 VUs, 28826 complete and 0 interrupted iterations
steady   [  36% ] 2917/2918 VUs  08.9s/25s  4000.00 iters/s

running (09.9s), 3327/3328 VUs, 31500 complete and 0 interrupted iterations
steady   [  40% ] 3327/3328 VUs  09.9s/25s  4000.00 iters/s

running (10.9s), 3721/3723 VUs, 34306 complete and 0 interrupted iterations
steady   [  44% ] 3721/3723 VUs  10.9s/25s  4000.00 iters/s

running (11.9s), 4110/4114 VUs, 37165 complete and 0 interrupted iterations
steady   [  48% ] 4110/4114 VUs  11.9s/25s  4000.00 iters/s

running (12.9s), 4411/4412 VUs, 40272 complete and 0 interrupted iterations
steady   [  52% ] 4411/4412 VUs  12.9s/25s  4000.00 iters/s

running (13.9s), 4809/4812 VUs, 42993 complete and 0 interrupted iterations
steady   [  56% ] 4809/4812 VUs  13.9s/25s  4000.00 iters/s

running (14.9s), 5180/5182 VUs, 46022 complete and 0 interrupted iterations
steady   [  60% ] 5180/5182 VUs  14.9s/25s  4000.00 iters/s

running (15.9s), 5618/5619 VUs, 48155 complete and 0 interrupted iterations
steady   [  64% ] 5618/5619 VUs  15.9s/25s  4000.00 iters/s

running (16.9s), 6073/6073 VUs, 50325 complete and 0 interrupted iterations
steady   [  68% ] 6073/6073 VUs  16.9s/25s  4000.00 iters/s

running (17.9s), 6384/6386 VUs, 53238 complete and 0 interrupted iterations
steady   [  72% ] 6384/6386 VUs  17.9s/25s  4000.00 iters/s

running (18.9s), 6791/6792 VUs, 55941 complete and 0 interrupted iterations
steady   [  76% ] 6791/6792 VUs  18.9s/25s  4000.00 iters/s

running (19.9s), 7228/7236 VUs, 58706 complete and 0 interrupted iterations
steady   [  80% ] 7228/7236 VUs  19.9s/25s  4000.00 iters/s

running (20.9s), 7730/7733 VUs, 61289 complete and 0 interrupted iterations
steady   [  84% ] 7730/7733 VUs  20.9s/25s  4000.00 iters/s

running (21.9s), 8330/8330 VUs, 63251 complete and 0 interrupted iterations
steady   [  88% ] 8330/8330 VUs  21.9s/25s  4000.00 iters/s

running (22.9s), 8621/8623 VUs, 64641 complete and 0 interrupted iterations
steady   [  92% ] 8621/8623 VUs  22.9s/25s  4000.00 iters/s

running (23.9s), 9100/9101 VUs, 67114 complete and 0 interrupted iterations
steady   [  96% ] 9100/9101 VUs  23.9s/25s  4000.00 iters/s
time="2026-07-25T12:07:19-07:00" level=warning msg="Insufficient VUs, reached 9600 active VUs and cannot initialize more" executor=constant-arrival-rate scenario=steady

running (24.9s), 9598/9600 VUs, 69288 complete and 0 interrupted iterations
steady   [ 100% ] 9598/9600 VUs  24.9s/25s  4000.00 iters/s

running (25.9s), 7363/9600 VUs, 71691 complete and 0 interrupted iterations
steady ↓ [ 100% ] 9599/9600 VUs  25s  4000.00 iters/s

running (26.9s), 5402/9600 VUs, 73652 complete and 0 interrupted iterations
steady ↓ [ 100% ] 9599/9600 VUs  25s  4000.00 iters/s

running (27.9s), 3498/9600 VUs, 75556 complete and 0 interrupted iterations
steady ↓ [ 100% ] 9599/9600 VUs  25s  4000.00 iters/s

running (28.9s), 2716/9600 VUs, 76338 complete and 0 interrupted iterations
steady ↓ [ 100% ] 9599/9600 VUs  25s  4000.00 iters/s

running (29.9s), 0659/9600 VUs, 78395 complete and 0 interrupted iterations
steady ↓ [ 100% ] 9599/9600 VUs  25s  4000.00 iters/s

  http_reqs                    79054 (2598.66/s)
  http_req_duration            med=1317.82ms p95=4134.14ms p99=5137.18ms max=5293.44ms
  http_req_waiting             p95=4134.01ms
  http_req_failed              0.000%
  dropped_iterations           20948
  vus_max                      9600
  checks                       0 passed, 0 failed


running (30.4s), 0000/9600 VUs, 79054 complete and 0 interrupted iterations
steady ✓ [ 100% ] 0000/9600 VUs  25s  4000.00 iters/s
time="2026-07-25T12:07:24-07:00" level=error msg="thresholds on metrics 'dropped_iterations, http_req_duration' have been crossed"
