
         /\      Grafana   /‾‾/  
    /\  /  \     |\  __   /  /   
   /  \/    \    | |/ /  /   ‾‾\ 
  /          \   |   (  |  (‾)  |
 / __________ \  |_|\_\  \_____/ 


     execution: local
        script: /Users/juancavallotti/Documents/development/octo-performance/scenarios/002-fanout-transform/k6/steady.js
        output: -

     scenarios: (100.00%) 1 scenario, 6000 max VUs, 1m10s max duration (incl. graceful stop):
              * steady: 6000.00 iterations/s for 1m0s (maxVUs: 600-6000, gracefulStop: 10s)


running (0m01.0s), 0107/0600 VUs, 5599 complete and 0 interrupted iterations
steady   [   2% ] 0107/0600 VUs  0m01.0s/1m0s  6000.00 iters/s

running (0m02.0s), 0006/0600 VUs, 11702 complete and 0 interrupted iterations
steady   [   3% ] 0006/0600 VUs  0m02.0s/1m0s  6000.00 iters/s

running (0m03.0s), 0002/0600 VUs, 17704 complete and 0 interrupted iterations
steady   [   5% ] 0002/0600 VUs  0m03.0s/1m0s  6000.00 iters/s

running (0m04.0s), 0003/0600 VUs, 23704 complete and 0 interrupted iterations
steady   [   7% ] 0003/0600 VUs  0m04.0s/1m0s  6000.00 iters/s

running (0m05.0s), 0002/0600 VUs, 29704 complete and 0 interrupted iterations
steady   [   8% ] 0002/0600 VUs  0m05.0s/1m0s  6000.00 iters/s

running (0m06.0s), 0002/0600 VUs, 35704 complete and 0 interrupted iterations
steady   [  10% ] 0002/0600 VUs  0m06.0s/1m0s  6000.00 iters/s

running (0m07.0s), 0002/0600 VUs, 41704 complete and 0 interrupted iterations
steady   [  12% ] 0002/0600 VUs  0m07.0s/1m0s  6000.00 iters/s

running (0m08.0s), 0002/0600 VUs, 47704 complete and 0 interrupted iterations
steady   [  13% ] 0002/0600 VUs  0m08.0s/1m0s  6000.00 iters/s

running (0m09.0s), 0002/0600 VUs, 53704 complete and 0 interrupted iterations
steady   [  15% ] 0002/0600 VUs  0m09.0s/1m0s  6000.00 iters/s

running (0m10.0s), 0002/0600 VUs, 59704 complete and 0 interrupted iterations
steady   [  17% ] 0002/0600 VUs  0m10.0s/1m0s  6000.00 iters/s

running (0m11.0s), 0005/0600 VUs, 65701 complete and 0 interrupted iterations
steady   [  18% ] 0005/0600 VUs  0m11.0s/1m0s  6000.00 iters/s

running (0m12.0s), 0004/0600 VUs, 71702 complete and 0 interrupted iterations
steady   [  20% ] 0004/0600 VUs  0m12.0s/1m0s  6000.00 iters/s

running (0m13.0s), 0002/0600 VUs, 77704 complete and 0 interrupted iterations
steady   [  22% ] 0002/0600 VUs  0m13.0s/1m0s  6000.00 iters/s

running (0m14.0s), 0005/0600 VUs, 83702 complete and 0 interrupted iterations
steady   [  23% ] 0005/0600 VUs  0m14.0s/1m0s  6000.00 iters/s

running (0m15.0s), 0113/0600 VUs, 89663 complete and 0 interrupted iterations
steady   [  25% ] 0113/0600 VUs  0m15.0s/1m0s  6000.00 iters/s

running (0m16.0s), 0002/0600 VUs, 95704 complete and 0 interrupted iterations
steady   [  27% ] 0002/0600 VUs  0m16.0s/1m0s  6000.00 iters/s

running (0m17.0s), 0003/0600 VUs, 101703 complete and 0 interrupted iterations
steady   [  28% ] 0003/0600 VUs  0m17.0s/1m0s  6000.00 iters/s

running (0m18.0s), 0002/0600 VUs, 107704 complete and 0 interrupted iterations
steady   [  30% ] 0002/0600 VUs  0m18.0s/1m0s  6000.00 iters/s

running (0m19.0s), 0002/0600 VUs, 113704 complete and 0 interrupted iterations
steady   [  32% ] 0002/0600 VUs  0m19.0s/1m0s  6000.00 iters/s

running (0m20.0s), 0003/0600 VUs, 119703 complete and 0 interrupted iterations
steady   [  33% ] 0003/0600 VUs  0m20.0s/1m0s  6000.00 iters/s

running (0m21.0s), 0002/0600 VUs, 125704 complete and 0 interrupted iterations
steady   [  35% ] 0002/0600 VUs  0m21.0s/1m0s  6000.00 iters/s

running (0m22.0s), 0002/0600 VUs, 131704 complete and 0 interrupted iterations
steady   [  37% ] 0002/0600 VUs  0m22.0s/1m0s  6000.00 iters/s

running (0m23.0s), 0002/0600 VUs, 137704 complete and 0 interrupted iterations
steady   [  38% ] 0002/0600 VUs  0m23.0s/1m0s  6000.00 iters/s

running (0m24.0s), 0004/0600 VUs, 143702 complete and 0 interrupted iterations
steady   [  40% ] 0004/0600 VUs  0m24.0s/1m0s  6000.00 iters/s

running (0m25.0s), 0004/0600 VUs, 149703 complete and 0 interrupted iterations
steady   [  42% ] 0004/0600 VUs  0m25.0s/1m0s  6000.00 iters/s

running (0m26.0s), 0010/0600 VUs, 155697 complete and 0 interrupted iterations
steady   [  43% ] 0010/0600 VUs  0m26.0s/1m0s  6000.00 iters/s

running (0m27.0s), 0001/0600 VUs, 161705 complete and 0 interrupted iterations
steady   [  45% ] 0001/0600 VUs  0m27.0s/1m0s  6000.00 iters/s

running (0m28.0s), 0002/0600 VUs, 167705 complete and 0 interrupted iterations
steady   [  47% ] 0002/0600 VUs  0m28.0s/1m0s  6000.00 iters/s

running (0m29.0s), 0135/0600 VUs, 173570 complete and 0 interrupted iterations
steady   [  48% ] 0135/0600 VUs  0m29.0s/1m0s  6000.00 iters/s

running (0m30.0s), 0001/0600 VUs, 179705 complete and 0 interrupted iterations
steady   [  50% ] 0002/0600 VUs  0m30.0s/1m0s  6000.00 iters/s

running (0m31.0s), 0002/0600 VUs, 185704 complete and 0 interrupted iterations
steady   [  52% ] 0002/0600 VUs  0m31.0s/1m0s  6000.00 iters/s

running (0m32.0s), 0002/0600 VUs, 191705 complete and 0 interrupted iterations
steady   [  53% ] 0002/0600 VUs  0m32.0s/1m0s  6000.00 iters/s

running (0m33.0s), 0002/0600 VUs, 197704 complete and 0 interrupted iterations
steady   [  55% ] 0002/0600 VUs  0m33.0s/1m0s  6000.00 iters/s

running (0m34.0s), 0002/0600 VUs, 203705 complete and 0 interrupted iterations
steady   [  57% ] 0002/0600 VUs  0m34.0s/1m0s  6000.00 iters/s

running (0m35.0s), 0002/0600 VUs, 209705 complete and 0 interrupted iterations
steady   [  58% ] 0002/0600 VUs  0m35.0s/1m0s  6000.00 iters/s

running (0m36.0s), 0002/0600 VUs, 215705 complete and 0 interrupted iterations
steady   [  60% ] 0002/0600 VUs  0m36.0s/1m0s  6000.00 iters/s

running (0m37.0s), 0001/0600 VUs, 221705 complete and 0 interrupted iterations
steady   [  62% ] 0001/0600 VUs  0m37.0s/1m0s  6000.00 iters/s

running (0m38.0s), 0005/0600 VUs, 227702 complete and 0 interrupted iterations
steady   [  63% ] 0005/0600 VUs  0m38.0s/1m0s  6000.00 iters/s

running (0m39.0s), 0003/0600 VUs, 233704 complete and 0 interrupted iterations
steady   [  65% ] 0003/0600 VUs  0m39.0s/1m0s  6000.00 iters/s

running (0m40.0s), 0002/0600 VUs, 239705 complete and 0 interrupted iterations
steady   [  67% ] 0002/0600 VUs  0m40.0s/1m0s  6000.00 iters/s

running (0m41.0s), 0002/0600 VUs, 245704 complete and 0 interrupted iterations
steady   [  68% ] 0002/0600 VUs  0m41.0s/1m0s  6000.00 iters/s

running (0m42.0s), 0002/0600 VUs, 251705 complete and 0 interrupted iterations
steady   [  70% ] 0002/0600 VUs  0m42.0s/1m0s  6000.00 iters/s

running (0m43.0s), 0002/0600 VUs, 257705 complete and 0 interrupted iterations
steady   [  72% ] 0002/0600 VUs  0m43.0s/1m0s  6000.00 iters/s

running (0m44.0s), 0002/0600 VUs, 263705 complete and 0 interrupted iterations
steady   [  73% ] 0002/0600 VUs  0m44.0s/1m0s  6000.00 iters/s

running (0m45.0s), 0002/0600 VUs, 269705 complete and 0 interrupted iterations
steady   [  75% ] 0002/0600 VUs  0m45.0s/1m0s  6000.00 iters/s

running (0m46.0s), 0001/0600 VUs, 275705 complete and 0 interrupted iterations
steady   [  77% ] 0001/0600 VUs  0m46.0s/1m0s  6000.00 iters/s

running (0m47.0s), 0461/0622 VUs, 280604 complete and 0 interrupted iterations
steady   [  78% ] 0461/0622 VUs  0m47.0s/1m0s  6000.00 iters/s

running (0m48.0s), 0004/0622 VUs, 287064 complete and 0 interrupted iterations
steady   [  80% ] 0004/0622 VUs  0m48.0s/1m0s  6000.00 iters/s

running (0m49.0s), 0002/0622 VUs, 293066 complete and 0 interrupted iterations
steady   [  82% ] 0002/0622 VUs  0m49.0s/1m0s  6000.00 iters/s

running (0m50.0s), 0002/0622 VUs, 299066 complete and 0 interrupted iterations
steady   [  83% ] 0002/0622 VUs  0m50.0s/1m0s  6000.00 iters/s

running (0m51.0s), 0002/0622 VUs, 305066 complete and 0 interrupted iterations
steady   [  85% ] 0002/0622 VUs  0m51.0s/1m0s  6000.00 iters/s

running (0m52.0s), 0002/0622 VUs, 311066 complete and 0 interrupted iterations
steady   [  87% ] 0002/0622 VUs  0m52.0s/1m0s  6000.00 iters/s

running (0m53.0s), 0002/0622 VUs, 317066 complete and 0 interrupted iterations
steady   [  88% ] 0002/0622 VUs  0m53.0s/1m0s  6000.00 iters/s

running (0m54.0s), 0002/0622 VUs, 323066 complete and 0 interrupted iterations
steady   [  90% ] 0002/0622 VUs  0m54.0s/1m0s  6000.00 iters/s

running (0m55.0s), 0002/0622 VUs, 329066 complete and 0 interrupted iterations
steady   [  92% ] 0002/0622 VUs  0m55.0s/1m0s  6000.00 iters/s

running (0m56.0s), 0004/0622 VUs, 335064 complete and 0 interrupted iterations
steady   [  93% ] 0004/0622 VUs  0m56.0s/1m0s  6000.00 iters/s

running (0m57.0s), 0005/0622 VUs, 341064 complete and 0 interrupted iterations
steady   [  95% ] 0005/0622 VUs  0m57.0s/1m0s  6000.00 iters/s

running (0m58.0s), 0002/0622 VUs, 347066 complete and 0 interrupted iterations
steady   [  97% ] 0002/0622 VUs  0m58.0s/1m0s  6000.00 iters/s

running (0m59.0s), 0002/0622 VUs, 353067 complete and 0 interrupted iterations
steady   [  98% ] 0002/0622 VUs  0m59.0s/1m0s  6000.00 iters/s

running (1m00.0s), 0002/0622 VUs, 359066 complete and 0 interrupted iterations
steady   [ 100% ] 0002/0622 VUs  1m00.0s/1m0s  6000.00 iters/s

  http_reqs                    359363 (5989.26/s)
  http_req_duration            med=0.32ms p95=8.08ms p99=29.75ms max=240.30ms
  http_req_waiting             p95=8.02ms
  http_req_failed              0.000%
  dropped_iterations           639
  vus_max                      622
  checks                       0 passed, 0 failed


running (1m00.0s), 0000/0622 VUs, 359363 complete and 0 interrupted iterations
steady ✓ [ 100% ] 0000/0622 VUs  1m0s  6000.00 iters/s
time="2026-07-25T12:24:25-07:00" level=error msg="thresholds on metrics 'dropped_iterations' have been crossed"
