
         /\      Grafana   /‾‾/  
    /\  /  \     |\  __   /  /   
   /  \/    \    | |/ /  /   ‾‾\ 
  /          \   |   (  |  (‾)  |
 / __________ \  |_|\_\  \_____/ 


     execution: local
        script: /Users/juancavallotti/Documents/development/octo-performance/scenarios/002-fanout-transform/k6/steady.js
        output: -

     scenarios: (100.00%) 1 scenario, 6000 max VUs, 1m10s max duration (incl. graceful stop):
              * steady: 6000.00 iterations/s for 1m0s (maxVUs: 600-6000, gracefulStop: 10s)


running (0m00.9s), 0701/0702 VUs, 2813 complete and 0 interrupted iterations
steady   [   1% ] 0701/0702 VUs  0m00.9s/1m0s  6000.00 iters/s

running (0m01.9s), 0774/0856 VUs, 6717 complete and 0 interrupted iterations
steady   [   3% ] 0774/0856 VUs  0m01.9s/1m0s  6000.00 iters/s

running (0m02.9s), 0981/0981 VUs, 10392 complete and 0 interrupted iterations
steady   [   5% ] 0981/0981 VUs  0m02.9s/1m0s  6000.00 iters/s

running (0m03.9s), 1125/1126 VUs, 13902 complete and 0 interrupted iterations
steady   [   6% ] 1125/1126 VUs  0m03.9s/1m0s  6000.00 iters/s

running (0m04.9s), 1161/1220 VUs, 18351 complete and 0 interrupted iterations
steady   [   8% ] 1161/1220 VUs  0m04.9s/1m0s  6000.00 iters/s

running (0m05.9s), 1311/1318 VUs, 22357 complete and 0 interrupted iterations
steady   [  10% ] 1311/1318 VUs  0m05.9s/1m0s  6000.00 iters/s

running (0m06.9s), 1451/1451 VUs, 25984 complete and 0 interrupted iterations
steady   [  11% ] 1451/1451 VUs  0m06.9s/1m0s  6000.00 iters/s

running (0m07.9s), 1582/1583 VUs, 29818 complete and 0 interrupted iterations
steady   [  13% ] 1582/1583 VUs  0m07.9s/1m0s  6000.00 iters/s

running (0m08.9s), 0001/1588 VUs, 37374 complete and 0 interrupted iterations
steady   [  15% ] 0001/1588 VUs  0m08.9s/1m0s  6000.00 iters/s

running (0m09.9s), 1514/1632 VUs, 41206 complete and 0 interrupted iterations
steady   [  16% ] 1514/1632 VUs  0m09.9s/1m0s  6000.00 iters/s

running (0m10.9s), 1516/1710 VUs, 46133 complete and 0 interrupted iterations
steady   [  18% ] 1516/1710 VUs  0m10.9s/1m0s  6000.00 iters/s

running (0m11.9s), 1708/1782 VUs, 50936 complete and 0 interrupted iterations
steady   [  20% ] 1708/1782 VUs  0m11.9s/1m0s  6000.00 iters/s

running (0m12.9s), 1819/1848 VUs, 55637 complete and 0 interrupted iterations
steady   [  21% ] 1819/1848 VUs  0m12.9s/1m0s  6000.00 iters/s

running (0m13.9s), 1940/1970 VUs, 60007 complete and 0 interrupted iterations
steady   [  23% ] 1940/1970 VUs  0m13.9s/1m0s  6000.00 iters/s

running (0m14.9s), 1758/2039 VUs, 64602 complete and 0 interrupted iterations
steady   [  25% ] 1758/2039 VUs  0m14.9s/1m0s  6000.00 iters/s

running (0m15.9s), 2074/2114 VUs, 68801 complete and 0 interrupted iterations
steady   [  26% ] 2074/2114 VUs  0m15.9s/1m0s  6000.00 iters/s

running (0m16.9s), 2000/2200 VUs, 73537 complete and 0 interrupted iterations
steady   [  28% ] 2000/2200 VUs  0m16.9s/1m0s  6000.00 iters/s

running (0m17.9s), 2153/2247 VUs, 78375 complete and 0 interrupted iterations
steady   [  30% ] 2153/2247 VUs  0m17.9s/1m0s  6000.00 iters/s

running (0m18.9s), 2321/2321 VUs, 82728 complete and 0 interrupted iterations
steady   [  31% ] 2321/2321 VUs  0m18.9s/1m0s  6000.00 iters/s

running (0m19.9s), 2047/2384 VUs, 87772 complete and 0 interrupted iterations
steady   [  33% ] 2047/2384 VUs  0m19.9s/1m0s  6000.00 iters/s

running (0m20.9s), 2446/2491 VUs, 91818 complete and 0 interrupted iterations
steady   [  35% ] 2446/2491 VUs  0m20.9s/1m0s  6000.00 iters/s

running (0m21.9s), 2288/2570 VUs, 96492 complete and 0 interrupted iterations
steady   [  37% ] 2288/2570 VUs  0m21.9s/1m0s  6000.00 iters/s

running (0m22.9s), 2185/2635 VUs, 101818 complete and 0 interrupted iterations
steady   [  38% ] 2185/2635 VUs  0m22.9s/1m0s  6000.00 iters/s

running (0m23.9s), 2584/2712 VUs, 106595 complete and 0 interrupted iterations
steady   [  40% ] 2584/2712 VUs  0m23.9s/1m0s  6000.00 iters/s

running (0m24.9s), 2573/2724 VUs, 108620 complete and 0 interrupted iterations
steady   [  41% ] 2573/2724 VUs  0m24.9s/1m0s  6000.00 iters/s

running (0m25.9s), 2721/2804 VUs, 114081 complete and 0 interrupted iterations
steady   [  43% ] 2721/2804 VUs  0m25.9s/1m0s  6000.00 iters/s

running (0m26.9s), 2939/2957 VUs, 117383 complete and 0 interrupted iterations
steady   [  45% ] 2939/2957 VUs  0m26.9s/1m0s  6000.00 iters/s

running (0m27.9s), 2802/3038 VUs, 122229 complete and 0 interrupted iterations
steady   [  46% ] 2802/3038 VUs  0m27.9s/1m0s  6000.00 iters/s

running (0m29.0s), 2728/3079 VUs, 125893 complete and 0 interrupted iterations
steady   [  48% ] 2728/3079 VUs  0m29.0s/1m0s  6000.00 iters/s

running (0m29.9s), 3114/3116 VUs, 128982 complete and 0 interrupted iterations
steady   [  50% ] 3114/3116 VUs  0m29.9s/1m0s  6000.00 iters/s

running (0m31.2s), 3145/3146 VUs, 131638 complete and 0 interrupted iterations
steady   [  52% ] 3145/3146 VUs  0m31.2s/1m0s  6000.00 iters/s

running (0m31.9s), 2885/3147 VUs, 136268 complete and 0 interrupted iterations
steady   [  53% ] 2885/3147 VUs  0m31.9s/1m0s  6000.00 iters/s

running (0m32.9s), 3003/3278 VUs, 140008 complete and 0 interrupted iterations
steady   [  55% ] 3002/3278 VUs  0m32.9s/1m0s  6000.00 iters/s

running (0m33.9s), 3333/3350 VUs, 144512 complete and 0 interrupted iterations
steady   [  56% ] 3333/3350 VUs  0m33.9s/1m0s  6000.00 iters/s

running (0m34.9s), 0001/3352 VUs, 153809 complete and 0 interrupted iterations
steady   [  58% ] 0001/3352 VUs  0m34.9s/1m0s  6000.00 iters/s

running (0m35.9s), 1726/3352 VUs, 158093 complete and 0 interrupted iterations
steady   [  60% ] 1726/3352 VUs  0m35.9s/1m0s  6000.00 iters/s

running (0m36.9s), 3251/3432 VUs, 161897 complete and 0 interrupted iterations
steady   [  61% ] 3251/3432 VUs  0m36.9s/1m0s  6000.00 iters/s

running (0m37.9s), 3259/3480 VUs, 166796 complete and 0 interrupted iterations
steady   [  63% ] 3259/3480 VUs  0m37.9s/1m0s  6000.00 iters/s

running (0m38.9s), 3199/3526 VUs, 171933 complete and 0 interrupted iterations
steady   [  65% ] 3199/3526 VUs  0m38.9s/1m0s  6000.00 iters/s

running (0m39.9s), 3484/3567 VUs, 177109 complete and 0 interrupted iterations
steady   [  66% ] 3484/3567 VUs  0m39.9s/1m0s  6000.00 iters/s

running (0m40.9s), 3495/3633 VUs, 182299 complete and 0 interrupted iterations
steady   [  68% ] 3495/3633 VUs  0m40.9s/1m0s  6000.00 iters/s

running (0m41.9s), 3328/3682 VUs, 187973 complete and 0 interrupted iterations
steady   [  70% ] 3328/3682 VUs  0m41.9s/1m0s  6000.00 iters/s

running (0m42.9s), 3381/3704 VUs, 193664 complete and 0 interrupted iterations
steady   [  71% ] 3381/3704 VUs  0m42.9s/1m0s  6000.00 iters/s

running (0m43.9s), 3414/3750 VUs, 198915 complete and 0 interrupted iterations
steady   [  73% ] 3414/3750 VUs  0m43.9s/1m0s  6000.00 iters/s

running (0m44.9s), 3791/3793 VUs, 203543 complete and 0 interrupted iterations
steady   [  75% ] 3791/3793 VUs  0m44.9s/1m0s  6000.00 iters/s

running (0m45.9s), 3576/3829 VUs, 209341 complete and 0 interrupted iterations
steady   [  76% ] 3576/3829 VUs  0m45.9s/1m0s  6000.00 iters/s

running (0m46.9s), 3570/3912 VUs, 214361 complete and 0 interrupted iterations
steady   [  78% ] 3570/3912 VUs  0m46.9s/1m0s  6000.00 iters/s

running (0m47.9s), 3696/3988 VUs, 219133 complete and 0 interrupted iterations
steady   [  80% ] 3696/3988 VUs  0m47.9s/1m0s  6000.00 iters/s

running (0m48.9s), 4073/4074 VUs, 223670 complete and 0 interrupted iterations
steady   [  81% ] 4073/4074 VUs  0m48.9s/1m0s  6000.00 iters/s

running (0m49.9s), 4225/4225 VUs, 227946 complete and 0 interrupted iterations
steady   [  83% ] 4225/4226 VUs  0m49.9s/1m0s  6000.00 iters/s

running (0m50.9s), 4037/4308 VUs, 231618 complete and 0 interrupted iterations
steady   [  85% ] 4037/4308 VUs  0m51.0s/1m0s  6000.00 iters/s

running (0m51.9s), 4151/4351 VUs, 236037 complete and 0 interrupted iterations
steady   [  86% ] 4151/4351 VUs  0m51.9s/1m0s  6000.00 iters/s

running (0m52.9s), 4425/4437 VUs, 240770 complete and 0 interrupted iterations
steady   [  88% ] 4425/4437 VUs  0m52.9s/1m0s  6000.00 iters/s

running (0m53.9s), 4141/4524 VUs, 246326 complete and 0 interrupted iterations
steady   [  90% ] 4141/4524 VUs  0m53.9s/1m0s  6000.00 iters/s

running (0m54.9s), 4298/4541 VUs, 251925 complete and 0 interrupted iterations
steady   [  91% ] 4298/4541 VUs  0m54.9s/1m0s  6000.00 iters/s

running (0m55.9s), 4145/4599 VUs, 257489 complete and 0 interrupted iterations
steady   [  93% ] 4144/4599 VUs  0m55.9s/1m0s  6000.00 iters/s

running (0m56.9s), 4201/4660 VUs, 262637 complete and 0 interrupted iterations
steady   [  95% ] 4201/4660 VUs  0m56.9s/1m0s  6000.00 iters/s

running (0m57.9s), 4662/4761 VUs, 266679 complete and 0 interrupted iterations
steady   [  96% ] 4662/4761 VUs  0m57.9s/1m0s  6000.00 iters/s

running (0m58.9s), 0001/4777 VUs, 277182 complete and 0 interrupted iterations
steady   [  98% ] 0001/4777 VUs  0m58.9s/1m0s  6000.00 iters/s

running (0m59.9s), 1525/4777 VUs, 281624 complete and 0 interrupted iterations
steady   [ 100% ] 1525/4777 VUs  0m59.9s/1m0s  6000.00 iters/s

  http_reqs                    283913 (4715.08/s)
  http_req_duration            med=555.79ms p95=985.00ms p99=1193.67ms max=1793.22ms
  http_req_waiting             p95=984.37ms
  http_req_failed              0.000%
  dropped_iterations           76094
  vus_max                      4777
  checks                       0 passed, 0 failed


running (1m00.2s), 0000/4777 VUs, 283913 complete and 0 interrupted iterations
steady ✓ [ 100% ] 0000/4777 VUs  1m0s  6000.00 iters/s
time="2026-07-26T14:11:59-07:00" level=error msg="thresholds on metrics 'dropped_iterations, http_req_duration' have been crossed"
