
         /\      Grafana   /‾‾/  
    /\  /  \     |\  __   /  /   
   /  \/    \    | |/ /  /   ‾‾\ 
  /          \   |   (  |  (‾)  |
 / __________ \  |_|\_\  \_____/ 


     execution: local
        script: /Users/juancavallotti/Documents/development/octo-performance/scenarios/001-template-page/k6/steady.js
        output: -

     scenarios: (100.00%) 1 scenario, 16000 max VUs, 1m10s max duration (incl. graceful stop):
              * steady: 16000.00 iterations/s for 1m0s (maxVUs: 1600-16000, gracefulStop: 10s)


running (0m00.9s), 00201/01623 VUs, 13982 complete and 0 interrupted iterations
steady   [   1% ] 00201/01623 VUs  0m00.9s/1m0s  16000.00 iters/s

running (0m01.9s), 00007/01623 VUs, 30176 complete and 0 interrupted iterations
steady   [   3% ] 00007/01623 VUs  0m01.9s/1m0s  16000.00 iters/s

running (0m02.9s), 00008/01623 VUs, 46174 complete and 0 interrupted iterations
steady   [   5% ] 00008/01623 VUs  0m02.9s/1m0s  16000.00 iters/s

running (0m03.9s), 00010/01623 VUs, 62174 complete and 0 interrupted iterations
steady   [   6% ] 00011/01623 VUs  0m03.9s/1m0s  16000.00 iters/s

running (0m04.9s), 00008/01623 VUs, 78175 complete and 0 interrupted iterations
steady   [   8% ] 00008/01623 VUs  0m04.9s/1m0s  16000.00 iters/s

running (0m05.9s), 00006/01623 VUs, 94176 complete and 0 interrupted iterations
steady   [  10% ] 00006/01623 VUs  0m05.9s/1m0s  16000.00 iters/s

running (0m06.9s), 00017/01623 VUs, 110166 complete and 0 interrupted iterations
steady   [  11% ] 00017/01623 VUs  0m06.9s/1m0s  16000.00 iters/s

running (0m07.9s), 00009/01623 VUs, 126174 complete and 0 interrupted iterations
steady   [  13% ] 00009/01623 VUs  0m07.9s/1m0s  16000.00 iters/s

running (0m08.9s), 00007/01623 VUs, 142176 complete and 0 interrupted iterations
steady   [  15% ] 00007/01623 VUs  0m08.9s/1m0s  16000.00 iters/s

running (0m09.9s), 00006/01623 VUs, 158177 complete and 0 interrupted iterations
steady   [  16% ] 00006/01623 VUs  0m09.9s/1m0s  16000.00 iters/s

running (0m10.9s), 00012/01623 VUs, 174171 complete and 0 interrupted iterations
steady   [  18% ] 00012/01623 VUs  0m10.9s/1m0s  16000.00 iters/s

running (0m11.9s), 00007/01623 VUs, 190177 complete and 0 interrupted iterations
steady   [  20% ] 00007/01623 VUs  0m11.9s/1m0s  16000.00 iters/s

running (0m12.9s), 00008/01623 VUs, 206174 complete and 0 interrupted iterations
steady   [  21% ] 00008/01623 VUs  0m12.9s/1m0s  16000.00 iters/s

running (0m13.9s), 00659/01623 VUs, 221525 complete and 0 interrupted iterations
steady   [  23% ] 00659/01623 VUs  0m13.9s/1m0s  16000.00 iters/s

running (0m14.9s), 00006/01623 VUs, 238177 complete and 0 interrupted iterations
steady   [  25% ] 00006/01623 VUs  0m14.9s/1m0s  16000.00 iters/s

running (0m15.9s), 00015/01623 VUs, 254168 complete and 0 interrupted iterations
steady   [  26% ] 00015/01623 VUs  0m15.9s/1m0s  16000.00 iters/s

running (0m16.9s), 00008/01623 VUs, 270176 complete and 0 interrupted iterations
steady   [  28% ] 00008/01623 VUs  0m16.9s/1m0s  16000.00 iters/s

running (0m17.9s), 00007/01623 VUs, 286176 complete and 0 interrupted iterations
steady   [  30% ] 00007/01623 VUs  0m17.9s/1m0s  16000.00 iters/s

running (0m18.9s), 00010/01623 VUs, 302173 complete and 0 interrupted iterations
steady   [  31% ] 00010/01623 VUs  0m18.9s/1m0s  16000.00 iters/s

running (0m19.9s), 00009/01623 VUs, 318173 complete and 0 interrupted iterations
steady   [  33% ] 00009/01623 VUs  0m19.9s/1m0s  16000.00 iters/s

running (0m20.9s), 00014/01623 VUs, 334169 complete and 0 interrupted iterations
steady   [  35% ] 00014/01623 VUs  0m20.9s/1m0s  16000.00 iters/s

running (0m21.9s), 00049/01623 VUs, 350134 complete and 0 interrupted iterations
steady   [  36% ] 00049/01623 VUs  0m21.9s/1m0s  16000.00 iters/s

running (0m22.9s), 00009/01623 VUs, 366174 complete and 0 interrupted iterations
steady   [  38% ] 00009/01623 VUs  0m22.9s/1m0s  16000.00 iters/s

running (0m23.9s), 00009/01623 VUs, 382175 complete and 0 interrupted iterations
steady   [  40% ] 00009/01623 VUs  0m23.9s/1m0s  16000.00 iters/s

running (0m24.9s), 00008/01623 VUs, 398175 complete and 0 interrupted iterations
steady   [  41% ] 00008/01623 VUs  0m24.9s/1m0s  16000.00 iters/s

running (0m25.9s), 00006/01623 VUs, 414176 complete and 0 interrupted iterations
steady   [  43% ] 00006/01623 VUs  0m25.9s/1m0s  16000.00 iters/s

running (0m26.9s), 00009/01623 VUs, 430174 complete and 0 interrupted iterations
steady   [  45% ] 00008/01623 VUs  0m26.9s/1m0s  16000.00 iters/s

running (0m27.9s), 00008/01623 VUs, 446175 complete and 0 interrupted iterations
steady   [  46% ] 00008/01623 VUs  0m27.9s/1m0s  16000.00 iters/s

running (0m28.9s), 00011/01623 VUs, 462173 complete and 0 interrupted iterations
steady   [  48% ] 00011/01623 VUs  0m28.9s/1m0s  16000.00 iters/s

running (0m29.9s), 00008/01623 VUs, 478175 complete and 0 interrupted iterations
steady   [  50% ] 00009/01623 VUs  0m29.9s/1m0s  16000.00 iters/s

running (0m30.9s), 00006/01623 VUs, 494177 complete and 0 interrupted iterations
steady   [  51% ] 00006/01623 VUs  0m30.9s/1m0s  16000.00 iters/s

running (0m31.9s), 00006/01623 VUs, 510176 complete and 0 interrupted iterations
steady   [  53% ] 00006/01623 VUs  0m31.9s/1m0s  16000.00 iters/s

running (0m32.9s), 00006/01623 VUs, 526176 complete and 0 interrupted iterations
steady   [  55% ] 00007/01623 VUs  0m32.9s/1m0s  16000.00 iters/s

running (0m33.9s), 00009/01623 VUs, 542175 complete and 0 interrupted iterations
steady   [  56% ] 00009/01623 VUs  0m33.9s/1m0s  16000.00 iters/s

running (0m34.9s), 00008/01623 VUs, 558174 complete and 0 interrupted iterations
steady   [  58% ] 00008/01623 VUs  0m34.9s/1m0s  16000.00 iters/s

running (0m35.9s), 00010/01623 VUs, 574173 complete and 0 interrupted iterations
steady   [  60% ] 00010/01623 VUs  0m35.9s/1m0s  16000.00 iters/s

running (0m36.9s), 00014/01623 VUs, 590169 complete and 0 interrupted iterations
steady   [  61% ] 00014/01623 VUs  0m36.9s/1m0s  16000.00 iters/s

running (0m37.9s), 00008/01623 VUs, 606175 complete and 0 interrupted iterations
steady   [  63% ] 00008/01623 VUs  0m37.9s/1m0s  16000.00 iters/s

running (0m38.9s), 00009/01623 VUs, 622174 complete and 0 interrupted iterations
steady   [  65% ] 00009/01623 VUs  0m38.9s/1m0s  16000.00 iters/s

running (0m39.9s), 00010/01623 VUs, 638173 complete and 0 interrupted iterations
steady   [  66% ] 00010/01623 VUs  0m39.9s/1m0s  16000.00 iters/s

running (0m40.9s), 00008/01623 VUs, 654176 complete and 0 interrupted iterations
steady   [  68% ] 00008/01623 VUs  0m40.9s/1m0s  16000.00 iters/s

running (0m41.9s), 00008/01623 VUs, 670175 complete and 0 interrupted iterations
steady   [  70% ] 00008/01623 VUs  0m41.9s/1m0s  16000.00 iters/s

running (0m42.9s), 00016/01623 VUs, 686165 complete and 0 interrupted iterations
steady   [  71% ] 00016/01623 VUs  0m42.9s/1m0s  16000.00 iters/s

running (0m43.9s), 00089/01623 VUs, 702094 complete and 0 interrupted iterations
steady   [  73% ] 00089/01623 VUs  0m43.9s/1m0s  16000.00 iters/s

running (0m44.9s), 00007/01623 VUs, 718175 complete and 0 interrupted iterations
steady   [  75% ] 00007/01623 VUs  0m44.9s/1m0s  16000.00 iters/s

running (0m45.9s), 00009/01623 VUs, 734174 complete and 0 interrupted iterations
steady   [  76% ] 00009/01623 VUs  0m45.9s/1m0s  16000.00 iters/s

running (0m46.9s), 00009/01623 VUs, 750174 complete and 0 interrupted iterations
steady   [  78% ] 00009/01623 VUs  0m46.9s/1m0s  16000.00 iters/s

running (0m47.9s), 00009/01623 VUs, 766174 complete and 0 interrupted iterations
steady   [  80% ] 00009/01623 VUs  0m47.9s/1m0s  16000.00 iters/s

running (0m48.9s), 00011/01623 VUs, 782173 complete and 0 interrupted iterations
steady   [  81% ] 00011/01623 VUs  0m48.9s/1m0s  16000.00 iters/s

running (0m49.9s), 00009/01623 VUs, 798175 complete and 0 interrupted iterations
steady   [  83% ] 00009/01623 VUs  0m49.9s/1m0s  16000.00 iters/s

running (0m50.9s), 00012/01623 VUs, 814171 complete and 0 interrupted iterations
steady   [  85% ] 00012/01623 VUs  0m50.9s/1m0s  16000.00 iters/s

running (0m51.9s), 00007/01623 VUs, 830176 complete and 0 interrupted iterations
steady   [  86% ] 00007/01623 VUs  0m51.9s/1m0s  16000.00 iters/s

running (0m52.9s), 00010/01623 VUs, 846174 complete and 0 interrupted iterations
steady   [  88% ] 00010/01623 VUs  0m52.9s/1m0s  16000.00 iters/s

running (0m53.9s), 00009/01623 VUs, 862174 complete and 0 interrupted iterations
steady   [  90% ] 00010/01623 VUs  0m53.9s/1m0s  16000.00 iters/s

running (0m54.9s), 00009/01623 VUs, 878174 complete and 0 interrupted iterations
steady   [  91% ] 00009/01623 VUs  0m54.9s/1m0s  16000.00 iters/s

running (0m55.9s), 00012/01623 VUs, 894171 complete and 0 interrupted iterations
steady   [  93% ] 00012/01623 VUs  0m55.9s/1m0s  16000.00 iters/s

running (0m56.9s), 00007/01623 VUs, 910176 complete and 0 interrupted iterations
steady   [  95% ] 00007/01623 VUs  0m56.9s/1m0s  16000.00 iters/s

running (0m57.9s), 00009/01623 VUs, 926175 complete and 0 interrupted iterations
steady   [  96% ] 00010/01623 VUs  0m57.9s/1m0s  16000.00 iters/s

running (0m58.9s), 00027/01623 VUs, 942156 complete and 0 interrupted iterations
steady   [  98% ] 00027/01623 VUs  0m58.9s/1m0s  16000.00 iters/s

running (0m59.9s), 00013/01623 VUs, 958170 complete and 0 interrupted iterations
steady   [ 100% ] 00013/01623 VUs  0m59.9s/1m0s  16000.00 iters/s

  http_reqs                    959848 (15996.81/s)
  http_req_duration            med=0.48ms p95=2.33ms p99=13.57ms max=1118.75ms
  http_req_waiting             p95=2.23ms
  http_req_failed              0.000%
  dropped_iterations           154
  vus_max                      1623
  checks                       0 passed, 0 failed


running (1m00.0s), 00000/01623 VUs, 959848 complete and 0 interrupted iterations
steady ✓ [ 100% ] 00000/01623 VUs  1m0s  16000.00 iters/s
time="2026-07-25T14:30:13-07:00" level=error msg="thresholds on metrics 'dropped_iterations' have been crossed"
