
         /\      Grafana   /‾‾/  
    /\  /  \     |\  __   /  /   
   /  \/    \    | |/ /  /   ‾‾\ 
  /          \   |   (  |  (‾)  |
 / __________ \  |_|\_\  \_____/ 


     execution: local
        script: /Users/juancavallotti/Documents/development/octo-performance/scenarios/002-fanout-transform/k6/steady.js
        output: -

     scenarios: (100.00%) 1 scenario, 6000 max VUs, 1m10s max duration (incl. graceful stop):
              * steady: 6000.00 iterations/s for 1m0s (maxVUs: 600-6000, gracefulStop: 10s)


running (0m00.9s), 0633/0711 VUs, 3225 complete and 0 interrupted iterations
steady   [   1% ] 0633/0711 VUs  0m00.9s/1m0s  6000.00 iters/s

running (0m01.9s), 0828/0828 VUs, 7273 complete and 0 interrupted iterations
steady   [   3% ] 0828/0828 VUs  0m01.9s/1m0s  6000.00 iters/s

running (0m02.9s), 1003/1003 VUs, 10996 complete and 0 interrupted iterations
steady   [   5% ] 1003/1003 VUs  0m02.9s/1m0s  6000.00 iters/s

running (0m03.9s), 1140/1141 VUs, 14635 complete and 0 interrupted iterations
steady   [   6% ] 1140/1141 VUs  0m03.9s/1m0s  6000.00 iters/s

running (0m04.9s), 0992/1297 VUs, 18542 complete and 0 interrupted iterations
steady   [   8% ] 0992/1297 VUs  0m04.9s/1m0s  6000.00 iters/s

running (0m05.9s), 1409/1437 VUs, 22439 complete and 0 interrupted iterations
steady   [  10% ] 1409/1437 VUs  0m05.9s/1m0s  6000.00 iters/s

running (0m06.9s), 1439/1488 VUs, 27443 complete and 0 interrupted iterations
steady   [  11% ] 1439/1488 VUs  0m06.9s/1m0s  6000.00 iters/s

running (0m07.9s), 0898/1542 VUs, 33031 complete and 0 interrupted iterations
steady   [  13% ] 0898/1542 VUs  0m07.9s/1m0s  6000.00 iters/s

running (0m08.9s), 1670/1675 VUs, 36929 complete and 0 interrupted iterations
steady   [  15% ] 1670/1675 VUs  0m08.9s/1m0s  6000.00 iters/s

running (0m09.9s), 1631/1769 VUs, 41318 complete and 0 interrupted iterations
steady   [  16% ] 1631/1769 VUs  0m09.9s/1m0s  6000.00 iters/s

running (0m10.9s), 1847/1848 VUs, 45716 complete and 0 interrupted iterations
steady   [  18% ] 1847/1848 VUs  0m10.9s/1m0s  6000.00 iters/s

running (0m11.9s), 1608/2002 VUs, 49547 complete and 0 interrupted iterations
steady   [  20% ] 1608/2002 VUs  0m11.9s/1m0s  6000.00 iters/s

running (0m12.9s), 2116/2123 VUs, 53709 complete and 0 interrupted iterations
steady   [  21% ] 2116/2123 VUs  0m12.9s/1m0s  6000.00 iters/s

running (0m13.9s), 1815/2197 VUs, 58688 complete and 0 interrupted iterations
steady   [  23% ] 1814/2197 VUs  0m13.9s/1m0s  6000.00 iters/s

running (0m14.9s), 2208/2269 VUs, 63005 complete and 0 interrupted iterations
steady   [  25% ] 2208/2269 VUs  0m14.9s/1m0s  6000.00 iters/s

running (0m15.9s), 1824/2358 VUs, 68373 complete and 0 interrupted iterations
steady   [  26% ] 1824/2358 VUs  0m15.9s/1m0s  6000.00 iters/s

running (0m16.9s), 2610/2611 VUs, 71149 complete and 0 interrupted iterations
steady   [  28% ] 2610/2611 VUs  0m16.9s/1m0s  6000.00 iters/s

running (0m17.9s), 2738/2738 VUs, 75000 complete and 0 interrupted iterations
steady   [  30% ] 2455/2738 VUs  0m18.1s/1m0s  6000.00 iters/s

running (0m18.9s), 2636/2787 VUs, 78932 complete and 0 interrupted iterations
steady   [  31% ] 2636/2787 VUs  0m18.9s/1m0s  6000.00 iters/s

running (0m19.9s), 2917/2917 VUs, 82618 complete and 0 interrupted iterations
steady   [  33% ] 2917/2917 VUs  0m19.9s/1m0s  6000.00 iters/s

running (0m20.9s), 3030/3045 VUs, 86766 complete and 0 interrupted iterations
steady   [  35% ] 3030/3045 VUs  0m20.9s/1m0s  6000.00 iters/s

running (0m21.9s), 3122/3124 VUs, 91412 complete and 0 interrupted iterations
steady   [  36% ] 3122/3124 VUs  0m21.9s/1m0s  6000.00 iters/s

running (0m22.9s), 1203/3238 VUs, 98335 complete and 0 interrupted iterations
steady   [  38% ] 1203/3238 VUs  0m22.9s/1m0s  6000.00 iters/s

running (0m23.9s), 0001/3238 VUs, 105528 complete and 0 interrupted iterations
steady   [  40% ] 0001/3238 VUs  0m23.9s/1m0s  6000.00 iters/s

running (0m24.9s), 2658/3238 VUs, 108871 complete and 0 interrupted iterations
steady   [  41% ] 2658/3238 VUs  0m24.9s/1m0s  6000.00 iters/s

running (0m25.9s), 3118/3302 VUs, 113765 complete and 0 interrupted iterations
steady   [  43% ] 3118/3302 VUs  0m25.9s/1m0s  6000.00 iters/s

running (0m26.9s), 2968/3384 VUs, 118641 complete and 0 interrupted iterations
steady   [  45% ] 2968/3384 VUs  0m26.9s/1m0s  6000.00 iters/s

running (0m27.9s), 3420/3460 VUs, 121841 complete and 0 interrupted iterations
steady   [  46% ] 3420/3460 VUs  0m27.9s/1m0s  6000.00 iters/s

running (0m28.9s), 3453/3521 VUs, 123981 complete and 0 interrupted iterations
steady   [  48% ] 3453/3521 VUs  0m28.9s/1m0s  6000.00 iters/s

running (0m29.9s), 3625/3625 VUs, 127861 complete and 0 interrupted iterations
steady   [  50% ] 3625/3625 VUs  0m29.9s/1m0s  6000.00 iters/s

running (0m30.9s), 3691/3691 VUs, 132110 complete and 0 interrupted iterations
steady   [  51% ] 3691/3691 VUs  0m30.9s/1m0s  6000.00 iters/s

running (0m31.9s), 3671/3765 VUs, 136713 complete and 0 interrupted iterations
steady   [  53% ] 3671/3765 VUs  0m31.9s/1m0s  6000.00 iters/s

running (0m32.9s), 3642/3862 VUs, 141595 complete and 0 interrupted iterations
steady   [  55% ] 3642/3862 VUs  0m32.9s/1m0s  6000.00 iters/s

running (0m33.9s), 3708/3953 VUs, 146438 complete and 0 interrupted iterations
steady   [  56% ] 3708/3953 VUs  0m33.9s/1m0s  6000.00 iters/s

running (0m34.9s), 3744/4012 VUs, 151568 complete and 0 interrupted iterations
steady   [  58% ] 3744/4012 VUs  0m34.9s/1m0s  6000.00 iters/s

running (0m35.9s), 4149/4159 VUs, 155554 complete and 0 interrupted iterations
steady   [  60% ] 4149/4159 VUs  0m35.9s/1m0s  6000.00 iters/s

running (0m36.9s), 4225/4230 VUs, 160289 complete and 0 interrupted iterations
steady   [  61% ] 4225/4230 VUs  0m36.9s/1m0s  6000.00 iters/s

running (0m37.9s), 4098/4354 VUs, 164537 complete and 0 interrupted iterations
steady   [  63% ] 4098/4354 VUs  0m37.9s/1m0s  6000.00 iters/s

running (0m38.9s), 4156/4393 VUs, 169728 complete and 0 interrupted iterations
steady   [  65% ] 4156/4393 VUs  0m38.9s/1m0s  6000.00 iters/s

running (0m39.9s), 4502/4503 VUs, 173663 complete and 0 interrupted iterations
steady   [  66% ] 4502/4503 VUs  0m39.9s/1m0s  6000.00 iters/s

running (0m40.9s), 4339/4587 VUs, 178085 complete and 0 interrupted iterations
steady   [  68% ] 4339/4587 VUs  0m40.9s/1m0s  6000.00 iters/s

running (0m41.9s), 4658/4658 VUs, 182866 complete and 0 interrupted iterations
steady   [  70% ] 4658/4658 VUs  0m41.9s/1m0s  6000.00 iters/s

running (0m42.9s), 4721/4734 VUs, 187482 complete and 0 interrupted iterations
steady   [  71% ] 4721/4734 VUs  0m42.9s/1m0s  6000.00 iters/s

running (0m43.9s), 4910/4911 VUs, 191187 complete and 0 interrupted iterations
steady   [  73% ] 4910/4911 VUs  0m43.9s/1m0s  6000.00 iters/s

running (0m44.9s), 5108/5108 VUs, 195094 complete and 0 interrupted iterations
steady   [  75% ] 5108/5108 VUs  0m44.9s/1m0s  6000.00 iters/s

running (0m45.9s), 5166/5261 VUs, 198668 complete and 0 interrupted iterations
steady   [  76% ] 5166/5261 VUs  0m45.9s/1m0s  6000.00 iters/s

running (0m46.9s), 5155/5301 VUs, 202723 complete and 0 interrupted iterations
steady   [  78% ] 5155/5301 VUs  0m46.9s/1m0s  6000.00 iters/s

running (0m47.9s), 5388/5388 VUs, 207316 complete and 0 interrupted iterations
steady   [  80% ] 5388/5388 VUs  0m47.9s/1m0s  6000.00 iters/s

running (0m48.9s), 5377/5550 VUs, 210914 complete and 0 interrupted iterations
steady   [  81% ] 5376/5550 VUs  0m48.9s/1m0s  6000.00 iters/s

running (0m49.9s), 5681/5691 VUs, 214964 complete and 0 interrupted iterations
steady   [  83% ] 5681/5691 VUs  0m49.9s/1m0s  6000.00 iters/s

running (0m50.9s), 0002/5694 VUs, 226554 complete and 0 interrupted iterations
steady   [  85% ] 0002/5694 VUs  0m50.9s/1m0s  6000.00 iters/s

running (0m51.9s), 1743/5694 VUs, 230447 complete and 0 interrupted iterations
steady   [  86% ] 1743/5694 VUs  0m51.9s/1m0s  6000.00 iters/s

running (0m52.9s), 4592/5694 VUs, 233965 complete and 0 interrupted iterations
steady   [  88% ] 4592/5694 VUs  0m52.9s/1m0s  6000.00 iters/s

running (0m53.9s), 5550/5726 VUs, 238657 complete and 0 interrupted iterations
steady   [  90% ] 5550/5726 VUs  0m53.9s/1m0s  6000.00 iters/s

running (0m54.9s), 5816/5816 VUs, 243290 complete and 0 interrupted iterations
steady   [  91% ] 5816/5816 VUs  0m54.9s/1m0s  6000.00 iters/s

running (0m55.9s), 5743/5938 VUs, 247213 complete and 0 interrupted iterations
steady   [  93% ] 5743/5938 VUs  0m55.9s/1m0s  6000.00 iters/s
time="2026-07-26T14:10:26-07:00" level=warning msg="Insufficient VUs, reached 6000 active VUs and cannot initialize more" executor=constant-arrival-rate scenario=steady

running (0m56.9s), 5974/5999 VUs, 252065 complete and 0 interrupted iterations
steady   [  95% ] 5974/5999 VUs  0m56.9s/1m0s  6000.00 iters/s

running (0m57.9s), 5841/6000 VUs, 256672 complete and 0 interrupted iterations
steady   [  97% ] 5841/6000 VUs  0m57.9s/1m0s  6000.00 iters/s

running (0m58.9s), 6000/6000 VUs, 260291 complete and 0 interrupted iterations
steady   [  98% ] 6000/6000 VUs  0m58.9s/1m0s  6000.00 iters/s

running (0m59.9s), 6000/6000 VUs, 263471 complete and 0 interrupted iterations
steady   [ 100% ] 6000/6000 VUs  0m59.9s/1m0s  6000.00 iters/s

running (1m00.9s), 0568/6000 VUs, 269523 complete and 0 interrupted iterations
steady ↓ [ 100% ] 6000/6000 VUs  1m0s  6000.00 iters/s

  http_reqs                    270091 (4430.10/s)
  http_req_duration            med=723.59ms p95=1419.69ms p99=1618.00ms max=2301.12ms
  http_req_waiting             p95=1418.61ms
  http_req_failed              0.000%
  dropped_iterations           89907
  vus_max                      6000
  checks                       0 passed, 0 failed


running (1m01.0s), 0000/6000 VUs, 270091 complete and 0 interrupted iterations
steady ✓ [ 100% ] 0000/6000 VUs  1m0s  6000.00 iters/s
time="2026-07-26T14:10:30-07:00" level=error msg="thresholds on metrics 'dropped_iterations, http_req_duration' have been crossed"
