
         /\      Grafana   /‾‾/  
    /\  /  \     |\  __   /  /   
   /  \/    \    | |/ /  /   ‾‾\ 
  /          \   |   (  |  (‾)  |
 / __________ \  |_|\_\  \_____/ 


     execution: local
        script: /Users/juancavallotti/Documents/development/octo-performance/scenarios/003-postgres-crud/k6/steady.js
        output: -

     scenarios: (100.00%) 1 scenario, 3600 max VUs, 1m10s max duration (incl. graceful stop):
              * steady: 1500.00 iterations/s for 1m0s (maxVUs: 360-3600, gracefulStop: 10s)


running (0m01.0s), 0003/0360 VUs, 1458 complete and 0 interrupted iterations
steady   [   2% ] 0003/0360 VUs  0m01.0s/1m0s  1500.00 iters/s

running (0m02.0s), 0003/0360 VUs, 2959 complete and 0 interrupted iterations
steady   [   3% ] 0003/0360 VUs  0m02.0s/1m0s  1500.00 iters/s

running (0m03.0s), 0003/0360 VUs, 4458 complete and 0 interrupted iterations
steady   [   5% ] 0003/0360 VUs  0m03.0s/1m0s  1500.00 iters/s

running (0m04.0s), 0003/0360 VUs, 5957 complete and 0 interrupted iterations
steady   [   7% ] 0003/0360 VUs  0m04.0s/1m0s  1500.00 iters/s

running (0m05.0s), 0002/0360 VUs, 7459 complete and 0 interrupted iterations
steady   [   8% ] 0002/0360 VUs  0m05.0s/1m0s  1500.00 iters/s

running (0m06.0s), 0003/0360 VUs, 8958 complete and 0 interrupted iterations
steady   [  10% ] 0003/0360 VUs  0m06.0s/1m0s  1500.00 iters/s

running (0m07.0s), 0004/0360 VUs, 10456 complete and 0 interrupted iterations
steady   [  12% ] 0005/0360 VUs  0m07.0s/1m0s  1500.00 iters/s

running (0m08.0s), 0003/0360 VUs, 11959 complete and 0 interrupted iterations
steady   [  13% ] 0003/0360 VUs  0m08.0s/1m0s  1500.00 iters/s

running (0m09.0s), 0003/0360 VUs, 13458 complete and 0 interrupted iterations
steady   [  15% ] 0003/0360 VUs  0m09.0s/1m0s  1500.00 iters/s

running (0m10.0s), 0002/0360 VUs, 14958 complete and 0 interrupted iterations
steady   [  17% ] 0002/0360 VUs  0m10.0s/1m0s  1500.00 iters/s

running (0m11.0s), 0003/0360 VUs, 16458 complete and 0 interrupted iterations
steady   [  18% ] 0003/0360 VUs  0m11.0s/1m0s  1500.00 iters/s

running (0m12.0s), 0003/0360 VUs, 17958 complete and 0 interrupted iterations
steady   [  20% ] 0003/0360 VUs  0m12.0s/1m0s  1500.00 iters/s

running (0m13.0s), 0003/0360 VUs, 19458 complete and 0 interrupted iterations
steady   [  22% ] 0003/0360 VUs  0m13.0s/1m0s  1500.00 iters/s

running (0m14.0s), 0003/0360 VUs, 20958 complete and 0 interrupted iterations
steady   [  23% ] 0003/0360 VUs  0m14.0s/1m0s  1500.00 iters/s

running (0m15.0s), 0002/0360 VUs, 22458 complete and 0 interrupted iterations
steady   [  25% ] 0002/0360 VUs  0m15.0s/1m0s  1500.00 iters/s

running (0m16.0s), 0002/0360 VUs, 23959 complete and 0 interrupted iterations
steady   [  27% ] 0002/0360 VUs  0m16.0s/1m0s  1500.00 iters/s

running (0m17.0s), 0002/0360 VUs, 25459 complete and 0 interrupted iterations
steady   [  28% ] 0002/0360 VUs  0m17.0s/1m0s  1500.00 iters/s

running (0m18.0s), 0003/0360 VUs, 26958 complete and 0 interrupted iterations
steady   [  30% ] 0003/0360 VUs  0m18.0s/1m0s  1500.00 iters/s

running (0m19.0s), 0003/0360 VUs, 28457 complete and 0 interrupted iterations
steady   [  32% ] 0003/0360 VUs  0m19.0s/1m0s  1500.00 iters/s

running (0m20.0s), 0002/0360 VUs, 29959 complete and 0 interrupted iterations
steady   [  33% ] 0002/0360 VUs  0m20.0s/1m0s  1500.00 iters/s

running (0m21.0s), 0002/0360 VUs, 31459 complete and 0 interrupted iterations
steady   [  35% ] 0002/0360 VUs  0m21.0s/1m0s  1500.00 iters/s

running (0m22.0s), 0003/0360 VUs, 32958 complete and 0 interrupted iterations
steady   [  37% ] 0003/0360 VUs  0m22.0s/1m0s  1500.00 iters/s

running (0m23.0s), 0003/0360 VUs, 34458 complete and 0 interrupted iterations
steady   [  38% ] 0003/0360 VUs  0m23.0s/1m0s  1500.00 iters/s

running (0m24.0s), 0003/0360 VUs, 35958 complete and 0 interrupted iterations
steady   [  40% ] 0003/0360 VUs  0m24.0s/1m0s  1500.00 iters/s

running (0m25.0s), 0003/0360 VUs, 37458 complete and 0 interrupted iterations
steady   [  42% ] 0003/0360 VUs  0m25.0s/1m0s  1500.00 iters/s

running (0m26.0s), 0002/0360 VUs, 38959 complete and 0 interrupted iterations
steady   [  43% ] 0002/0360 VUs  0m26.0s/1m0s  1500.00 iters/s

running (0m27.0s), 0003/0360 VUs, 40459 complete and 0 interrupted iterations
steady   [  45% ] 0003/0360 VUs  0m27.0s/1m0s  1500.00 iters/s

running (0m28.0s), 0003/0360 VUs, 41958 complete and 0 interrupted iterations
steady   [  47% ] 0003/0360 VUs  0m28.0s/1m0s  1500.00 iters/s

running (0m29.0s), 0003/0360 VUs, 43458 complete and 0 interrupted iterations
steady   [  48% ] 0003/0360 VUs  0m29.0s/1m0s  1500.00 iters/s

running (0m30.0s), 0003/0360 VUs, 44958 complete and 0 interrupted iterations
steady   [  50% ] 0003/0360 VUs  0m30.0s/1m0s  1500.00 iters/s

running (0m31.0s), 0003/0360 VUs, 46458 complete and 0 interrupted iterations
steady   [  52% ] 0003/0360 VUs  0m31.0s/1m0s  1500.00 iters/s

running (0m32.0s), 0003/0360 VUs, 47958 complete and 0 interrupted iterations
steady   [  53% ] 0003/0360 VUs  0m32.0s/1m0s  1500.00 iters/s

running (0m33.0s), 0003/0360 VUs, 49458 complete and 0 interrupted iterations
steady   [  55% ] 0003/0360 VUs  0m33.0s/1m0s  1500.00 iters/s

running (0m34.0s), 0003/0360 VUs, 50958 complete and 0 interrupted iterations
steady   [  57% ] 0003/0360 VUs  0m34.0s/1m0s  1500.00 iters/s

running (0m35.0s), 0032/0360 VUs, 52429 complete and 0 interrupted iterations
steady   [  58% ] 0032/0360 VUs  0m35.0s/1m0s  1500.00 iters/s

running (0m36.0s), 0003/0360 VUs, 53958 complete and 0 interrupted iterations
steady   [  60% ] 0003/0360 VUs  0m36.0s/1m0s  1500.00 iters/s

running (0m37.0s), 0003/0360 VUs, 55458 complete and 0 interrupted iterations
steady   [  62% ] 0003/0360 VUs  0m37.0s/1m0s  1500.00 iters/s

running (0m38.0s), 0003/0360 VUs, 56958 complete and 0 interrupted iterations
steady   [  63% ] 0003/0360 VUs  0m38.0s/1m0s  1500.00 iters/s

running (0m39.0s), 0002/0360 VUs, 58458 complete and 0 interrupted iterations
steady   [  65% ] 0002/0360 VUs  0m39.0s/1m0s  1500.00 iters/s

running (0m40.0s), 0003/0360 VUs, 59959 complete and 0 interrupted iterations
steady   [  67% ] 0003/0360 VUs  0m40.0s/1m0s  1500.00 iters/s

running (0m41.0s), 0003/0360 VUs, 61458 complete and 0 interrupted iterations
steady   [  68% ] 0003/0360 VUs  0m41.0s/1m0s  1500.00 iters/s

running (0m42.0s), 0002/0360 VUs, 62959 complete and 0 interrupted iterations
steady   [  70% ] 0002/0360 VUs  0m42.0s/1m0s  1500.00 iters/s

running (0m43.0s), 0003/0360 VUs, 64458 complete and 0 interrupted iterations
steady   [  72% ] 0003/0360 VUs  0m43.0s/1m0s  1500.00 iters/s

running (0m44.0s), 0007/0360 VUs, 65957 complete and 0 interrupted iterations
steady   [  73% ] 0007/0360 VUs  0m44.0s/1m0s  1500.00 iters/s

running (0m45.0s), 0002/0360 VUs, 67458 complete and 0 interrupted iterations
steady   [  75% ] 0003/0360 VUs  0m45.0s/1m0s  1500.00 iters/s

running (0m46.0s), 0003/0360 VUs, 68958 complete and 0 interrupted iterations
steady   [  77% ] 0003/0360 VUs  0m46.0s/1m0s  1500.00 iters/s

running (0m47.0s), 0002/0360 VUs, 70458 complete and 0 interrupted iterations
steady   [  78% ] 0002/0360 VUs  0m47.0s/1m0s  1500.00 iters/s

running (0m48.0s), 0003/0360 VUs, 71958 complete and 0 interrupted iterations
steady   [  80% ] 0003/0360 VUs  0m48.0s/1m0s  1500.00 iters/s

running (0m49.0s), 0003/0360 VUs, 73458 complete and 0 interrupted iterations
steady   [  82% ] 0003/0360 VUs  0m49.0s/1m0s  1500.00 iters/s

running (0m50.0s), 0003/0360 VUs, 74958 complete and 0 interrupted iterations
steady   [  83% ] 0003/0360 VUs  0m50.0s/1m0s  1500.00 iters/s

running (0m51.0s), 0003/0360 VUs, 76458 complete and 0 interrupted iterations
steady   [  85% ] 0003/0360 VUs  0m51.0s/1m0s  1500.00 iters/s

running (0m52.0s), 0003/0360 VUs, 77958 complete and 0 interrupted iterations
steady   [  87% ] 0003/0360 VUs  0m52.0s/1m0s  1500.00 iters/s

running (0m53.0s), 0003/0360 VUs, 79458 complete and 0 interrupted iterations
steady   [  88% ] 0003/0360 VUs  0m53.0s/1m0s  1500.00 iters/s

running (0m54.0s), 0003/0360 VUs, 80958 complete and 0 interrupted iterations
steady   [  90% ] 0003/0360 VUs  0m54.0s/1m0s  1500.00 iters/s

running (0m55.0s), 0002/0360 VUs, 82458 complete and 0 interrupted iterations
steady   [  92% ] 0002/0360 VUs  0m55.0s/1m0s  1500.00 iters/s

running (0m56.0s), 0004/0360 VUs, 83958 complete and 0 interrupted iterations
steady   [  93% ] 0004/0360 VUs  0m56.0s/1m0s  1500.00 iters/s

running (0m57.0s), 0004/0360 VUs, 85457 complete and 0 interrupted iterations
steady   [  95% ] 0004/0360 VUs  0m57.0s/1m0s  1500.00 iters/s

running (0m58.0s), 0003/0360 VUs, 86958 complete and 0 interrupted iterations
steady   [  97% ] 0003/0360 VUs  0m58.0s/1m0s  1500.00 iters/s

running (0m59.0s), 0002/0360 VUs, 88458 complete and 0 interrupted iterations
steady   [  98% ] 0002/0360 VUs  0m59.0s/1m0s  1500.00 iters/s

running (1m00.0s), 0003/0360 VUs, 89958 complete and 0 interrupted iterations
steady   [ 100% ] 0003/0360 VUs  1m00.0s/1m0s  1500.00 iters/s

  http_reqs                    90001 (1499.97/s)
  http_req_duration            med=1.58ms p95=2.22ms p99=5.95ms max=87.87ms
  http_req_waiting             p95=2.18ms
  http_req_failed              0.000%
  dropped_iterations           0
  vus_max                      360
  checks                       0 passed, 0 failed


running (1m00.0s), 0000/0360 VUs, 90001 complete and 0 interrupted iterations
steady ✓ [ 100% ] 0000/0360 VUs  1m0s  1500.00 iters/s
