
         /\      Grafana   /‾‾/  
    /\  /  \     |\  __   /  /   
   /  \/    \    | |/ /  /   ‾‾\ 
  /          \   |   (  |  (‾)  |
 / __________ \  |_|\_\  \_____/ 


     execution: local
        script: /Users/juancavallotti/Documents/development/octo-performance/scenarios/002-fanout-transform/k6/steady.js
        output: -

     scenarios: (100.00%) 1 scenario, 6000 max VUs, 1m10s max duration (incl. graceful stop):
              * steady: 6000.00 iterations/s for 1m0s (maxVUs: 600-6000, gracefulStop: 10s)


running (0m00.9s), 0001/0600 VUs, 5693 complete and 0 interrupted iterations
steady   [   2% ] 0001/0600 VUs  0m00.9s/1m0s  6000.00 iters/s

running (0m01.9s), 0001/0600 VUs, 11693 complete and 0 interrupted iterations
steady   [   3% ] 0001/0600 VUs  0m01.9s/1m0s  6000.00 iters/s

running (0m02.9s), 0001/0600 VUs, 17693 complete and 0 interrupted iterations
steady   [   5% ] 0001/0600 VUs  0m02.9s/1m0s  6000.00 iters/s

running (0m03.9s), 0001/0600 VUs, 23693 complete and 0 interrupted iterations
steady   [   7% ] 0001/0600 VUs  0m03.9s/1m0s  6000.00 iters/s

running (0m04.9s), 0001/0600 VUs, 29693 complete and 0 interrupted iterations
steady   [   8% ] 0001/0600 VUs  0m04.9s/1m0s  6000.00 iters/s

running (0m05.9s), 0001/0600 VUs, 35693 complete and 0 interrupted iterations
steady   [  10% ] 0001/0600 VUs  0m05.9s/1m0s  6000.00 iters/s

running (0m06.9s), 0001/0600 VUs, 41693 complete and 0 interrupted iterations
steady   [  12% ] 0001/0600 VUs  0m06.9s/1m0s  6000.00 iters/s

running (0m07.9s), 0003/0600 VUs, 47691 complete and 0 interrupted iterations
steady   [  13% ] 0003/0600 VUs  0m07.9s/1m0s  6000.00 iters/s

running (0m08.9s), 0001/0600 VUs, 53693 complete and 0 interrupted iterations
steady   [  15% ] 0001/0600 VUs  0m08.9s/1m0s  6000.00 iters/s

running (0m09.9s), 0001/0600 VUs, 59693 complete and 0 interrupted iterations
steady   [  17% ] 0001/0600 VUs  0m09.9s/1m0s  6000.00 iters/s

running (0m10.9s), 0001/0600 VUs, 65693 complete and 0 interrupted iterations
steady   [  18% ] 0001/0600 VUs  0m10.9s/1m0s  6000.00 iters/s

running (0m11.9s), 0001/0600 VUs, 71693 complete and 0 interrupted iterations
steady   [  20% ] 0001/0600 VUs  0m11.9s/1m0s  6000.00 iters/s

running (0m12.9s), 0002/0600 VUs, 77692 complete and 0 interrupted iterations
steady   [  22% ] 0002/0600 VUs  0m12.9s/1m0s  6000.00 iters/s

running (0m13.9s), 0001/0600 VUs, 83693 complete and 0 interrupted iterations
steady   [  23% ] 0001/0600 VUs  0m13.9s/1m0s  6000.00 iters/s

running (0m14.9s), 0002/0600 VUs, 89693 complete and 0 interrupted iterations
steady   [  25% ] 0002/0600 VUs  0m14.9s/1m0s  6000.00 iters/s

running (0m15.9s), 0001/0600 VUs, 95693 complete and 0 interrupted iterations
steady   [  27% ] 0001/0600 VUs  0m15.9s/1m0s  6000.00 iters/s

running (0m16.9s), 0001/0600 VUs, 101693 complete and 0 interrupted iterations
steady   [  28% ] 0001/0600 VUs  0m16.9s/1m0s  6000.00 iters/s

running (0m17.9s), 0002/0600 VUs, 107693 complete and 0 interrupted iterations
steady   [  30% ] 0002/0600 VUs  0m17.9s/1m0s  6000.00 iters/s

running (0m18.9s), 0001/0600 VUs, 113693 complete and 0 interrupted iterations
steady   [  32% ] 0001/0600 VUs  0m18.9s/1m0s  6000.00 iters/s

running (0m19.9s), 0001/0600 VUs, 119693 complete and 0 interrupted iterations
steady   [  33% ] 0001/0600 VUs  0m19.9s/1m0s  6000.00 iters/s

running (0m20.9s), 0001/0600 VUs, 125693 complete and 0 interrupted iterations
steady   [  35% ] 0002/0600 VUs  0m20.9s/1m0s  6000.00 iters/s

running (0m21.9s), 0002/0600 VUs, 131693 complete and 0 interrupted iterations
steady   [  37% ] 0002/0600 VUs  0m21.9s/1m0s  6000.00 iters/s

running (0m22.9s), 0001/0600 VUs, 137694 complete and 0 interrupted iterations
steady   [  38% ] 0001/0600 VUs  0m22.9s/1m0s  6000.00 iters/s

running (0m23.9s), 0001/0600 VUs, 143694 complete and 0 interrupted iterations
steady   [  40% ] 0001/0600 VUs  0m23.9s/1m0s  6000.00 iters/s

running (0m24.9s), 0002/0600 VUs, 149693 complete and 0 interrupted iterations
steady   [  42% ] 0002/0600 VUs  0m24.9s/1m0s  6000.00 iters/s

running (0m25.9s), 0001/0600 VUs, 155694 complete and 0 interrupted iterations
steady   [  43% ] 0001/0600 VUs  0m25.9s/1m0s  6000.00 iters/s

running (0m26.9s), 0001/0600 VUs, 161694 complete and 0 interrupted iterations
steady   [  45% ] 0001/0600 VUs  0m26.9s/1m0s  6000.00 iters/s

running (0m27.9s), 0001/0600 VUs, 167694 complete and 0 interrupted iterations
steady   [  47% ] 0001/0600 VUs  0m27.9s/1m0s  6000.00 iters/s

running (0m28.9s), 0002/0600 VUs, 173693 complete and 0 interrupted iterations
steady   [  48% ] 0002/0600 VUs  0m28.9s/1m0s  6000.00 iters/s

running (0m29.9s), 0001/0600 VUs, 179694 complete and 0 interrupted iterations
steady   [  50% ] 0001/0600 VUs  0m29.9s/1m0s  6000.00 iters/s

running (0m30.9s), 0001/0600 VUs, 185693 complete and 0 interrupted iterations
steady   [  52% ] 0001/0600 VUs  0m30.9s/1m0s  6000.00 iters/s

running (0m31.9s), 0002/0600 VUs, 191693 complete and 0 interrupted iterations
steady   [  53% ] 0002/0600 VUs  0m31.9s/1m0s  6000.00 iters/s

running (0m32.9s), 0002/0600 VUs, 197693 complete and 0 interrupted iterations
steady   [  55% ] 0002/0600 VUs  0m32.9s/1m0s  6000.00 iters/s

running (0m33.9s), 0001/0600 VUs, 203694 complete and 0 interrupted iterations
steady   [  57% ] 0001/0600 VUs  0m33.9s/1m0s  6000.00 iters/s

running (0m34.9s), 0001/0600 VUs, 209694 complete and 0 interrupted iterations
steady   [  58% ] 0001/0600 VUs  0m34.9s/1m0s  6000.00 iters/s

running (0m35.9s), 0001/0600 VUs, 215694 complete and 0 interrupted iterations
steady   [  60% ] 0001/0600 VUs  0m35.9s/1m0s  6000.00 iters/s

running (0m37.0s), 0600/0601 VUs, 220325 complete and 0 interrupted iterations
steady   [  62% ] 0600/0601 VUs  0m37.0s/1m0s  6000.00 iters/s

running (0m37.9s), 0002/0618 VUs, 224238 complete and 0 interrupted iterations
steady   [  63% ] 0002/0618 VUs  0m37.9s/1m0s  6000.00 iters/s

running (0m38.9s), 0001/0618 VUs, 230239 complete and 0 interrupted iterations
steady   [  65% ] 0001/0618 VUs  0m38.9s/1m0s  6000.00 iters/s

running (0m39.9s), 0001/0618 VUs, 236239 complete and 0 interrupted iterations
steady   [  67% ] 0001/0618 VUs  0m39.9s/1m0s  6000.00 iters/s

running (0m40.9s), 0004/0618 VUs, 242236 complete and 0 interrupted iterations
steady   [  68% ] 0004/0618 VUs  0m40.9s/1m0s  6000.00 iters/s

running (0m42.0s), 0655/0703 VUs, 246947 complete and 0 interrupted iterations
steady   [  70% ] 0654/0703 VUs  0m42.0s/1m0s  6000.00 iters/s

running (0m43.0s), 0926/0926 VUs, 249378 complete and 0 interrupted iterations
steady   [  72% ] 0926/0926 VUs  0m43.0s/1m0s  6000.00 iters/s

running (0m43.9s), 1030/1156 VUs, 252181 complete and 0 interrupted iterations
steady   [  73% ] 1030/1156 VUs  0m43.9s/1m0s  6000.00 iters/s

running (0m45.0s), 1256/1279 VUs, 254973 complete and 0 interrupted iterations
steady   [  75% ] 1256/1279 VUs  0m45.0s/1m0s  6000.00 iters/s

running (0m46.0s), 1403/1404 VUs, 257818 complete and 0 interrupted iterations
steady   [  77% ] 1403/1404 VUs  0m46.0s/1m0s  6000.00 iters/s

running (0m47.0s), 1636/1636 VUs, 261199 complete and 0 interrupted iterations
steady   [  78% ] 1636/1636 VUs  0m47.0s/1m0s  6000.00 iters/s

running (0m48.0s), 1728/1729 VUs, 265381 complete and 0 interrupted iterations
steady   [  80% ] 1728/1729 VUs  0m48.0s/1m0s  6000.00 iters/s

running (0m49.0s), 1878/1892 VUs, 269168 complete and 0 interrupted iterations
steady   [  82% ] 1878/1892 VUs  0m49.0s/1m0s  6000.00 iters/s

running (0m49.9s), 1858/2058 VUs, 272916 complete and 0 interrupted iterations
steady   [  83% ] 1858/2058 VUs  0m49.9s/1m0s  6000.00 iters/s

running (0m51.0s), 2037/2185 VUs, 276793 complete and 0 interrupted iterations
steady   [  85% ] 2037/2185 VUs  0m50.9s/1m0s  6000.00 iters/s

running (0m52.0s), 2278/2301 VUs, 281080 complete and 0 interrupted iterations
steady   [  87% ] 2278/2301 VUs  0m51.9s/1m0s  6000.00 iters/s

running (0m52.9s), 2390/2448 VUs, 285296 complete and 0 interrupted iterations
steady   [  88% ] 2390/2448 VUs  0m52.9s/1m0s  6000.00 iters/s

running (0m53.9s), 2198/2583 VUs, 289509 complete and 0 interrupted iterations
steady   [  90% ] 2198/2583 VUs  0m53.9s/1m0s  6000.00 iters/s

running (0m54.9s), 2514/2697 VUs, 293210 complete and 0 interrupted iterations
steady   [  92% ] 2514/2697 VUs  0m54.9s/1m0s  6000.00 iters/s

running (0m56.0s), 2738/2783 VUs, 297736 complete and 0 interrupted iterations
steady   [  93% ] 2738/2783 VUs  0m56.0s/1m0s  6000.00 iters/s

running (0m57.0s), 2753/2859 VUs, 302369 complete and 0 interrupted iterations
steady   [  95% ] 2753/2859 VUs  0m57.0s/1m0s  6000.00 iters/s

running (0m58.0s), 2770/3005 VUs, 306813 complete and 0 interrupted iterations
steady   [  97% ] 2770/3005 VUs  0m58.0s/1m0s  6000.00 iters/s

running (0m58.9s), 3026/3191 VUs, 309719 complete and 0 interrupted iterations
steady   [  98% ] 3026/3191 VUs  0m58.9s/1m0s  6000.00 iters/s

running (1m00.0s), 3299/3300 VUs, 313285 complete and 0 interrupted iterations
steady   [ 100% ] 3299/3300 VUs  1m00.0s/1m0s  6000.00 iters/s

  http_reqs                    316681 (5218.78/s)
  http_req_duration            med=0.18ms p95=658.18ms p99=896.42ms max=1283.35ms
  http_req_waiting             p95=658.04ms
  http_req_failed              0.000%
  dropped_iterations           43321
  vus_max                      3300
  checks                       0 passed, 0 failed


running (1m00.7s), 0000/3312 VUs, 316681 complete and 0 interrupted iterations
steady ✓ [ 100% ] 0000/3312 VUs  1m0s  6000.00 iters/s
time="2026-07-26T14:09:02-07:00" level=error msg="thresholds on metrics 'dropped_iterations, http_req_duration' have been crossed"
