10:06:01 === isolation: 001-template-page native, 3 arms, REPS=3 ===
10:06:01 >>> 0.4.3 (no admin port)
==> preflight (host=m1pro-16gb target=native build=release)
  ✓ curl         /usr/bin/curl
  ✓ python3      /opt/homebrew/bin/python3
  ✓ awk          /usr/bin/awk
  ✓ k6           2.1.0
  ✓ octo         0.4.3  (/Users/juancavallotti/.octo-versions/octo-0.4.3)
  · docker       not needed for TARGET=native
  · observe      this build serves no admin port — readiness falls back to polling /page/octo
    server-side metrics need a build that has it: BUILD=dev
  ✓ build        release — 0.4.3
  ✓ time         /usr/bin/time -l (BSD)
  note: load generator and server share this host — see METHODOLOGY.md caveats

==> preflight ok
==> guard: both variants render from the scenario's single integration.yaml
  ok
==> run 2026-07-26-m1pro-16gb-001-template-page-native-v0.4.3
  scenario=001-template-page target=native version=0.4.3 reps=3 test=steady
  readiness=route metrics=off
  env -> /Users/juancavallotti/Documents/development/octo-performance/results/2026-07-26-m1pro-16gb-001-template-page-native-v0.4.3/env.json
==> smoke gate
  smoke passed
==> footprint: native (idle hold 30s)
  cold start: 133ms
  idle RSS 13.7 MiB, idle CPU 0.0%
  footprint -> /Users/juancavallotti/Documents/development/octo-performance/results/2026-07-26-m1pro-16gb-001-template-page-native-v0.4.3/footprint.json
==> baseline / steady / rep 1
  knobs: workers=runtime default buffer=runtime default pool=runtime default
  warm-up 10s
warn: warm-up reported a non-zero exit; continuing
  measuring
warn: k6 exited 99 (threshold breach) — recorded
  cooldown 15s
==> baseline / steady / rep 2
  knobs: workers=runtime default buffer=runtime default pool=runtime default
  warm-up 10s
warn: warm-up reported a non-zero exit; continuing
  measuring
warn: k6 exited 99 (threshold breach) — recorded
  cooldown 15s
==> baseline / steady / rep 3
  knobs: workers=runtime default buffer=runtime default pool=runtime default
  warm-up 10s
warn: warm-up reported a non-zero exit; continuing
  measuring
warn: k6 exited 99 (threshold breach) — recorded
  cooldown 15s
==> tuned / steady / rep 1
  knobs: workers=128 buffer=256 pool=8
  warm-up 10s
warn: warm-up reported a non-zero exit; continuing
  measuring
warn: k6 exited 99 (threshold breach) — recorded
  cooldown 15s
==> tuned / steady / rep 2
  knobs: workers=128 buffer=256 pool=8
  warm-up 10s
warn: warm-up reported a non-zero exit; continuing
  measuring
warn: k6 exited 99 (threshold breach) — recorded
  cooldown 15s
==> tuned / steady / rep 3
  knobs: workers=128 buffer=256 pool=8
  warm-up 10s
warn: warm-up reported a non-zero exit; continuing
  measuring
warn: k6 exited 99 (threshold breach) — recorded
  cooldown 15s
==> report
  report -> /Users/juancavallotti/Documents/development/octo-performance/results/2026-07-26-m1pro-16gb-001-template-page-native-v0.4.3/REPORT.md
  index -> /Users/juancavallotti/Documents/development/octo-performance/results/index.md
==> done

  /Users/juancavallotti/Documents/development/octo-performance/results/2026-07-26-m1pro-16gb-001-template-page-native-v0.4.3/REPORT.md
10:15:40     ok
10:16:25 >>> 0.5.0 probes only
==> preflight (host=m1pro-16gb target=native build=release)
  ✓ curl         /usr/bin/curl
  ✓ python3      /opt/homebrew/bin/python3
  ✓ awk          /usr/bin/awk
  ✓ k6           2.1.0
  ✓ octo         0.5.0  (/Users/juancavallotti/.octo-versions/octo-0.5.0)
  · docker       not needed for TARGET=native
  ✓ observe      probes on :39999, metrics off (METRICS=0) — readiness via /readyz
  ✓ build        release — 0.5.0
  ✓ time         /usr/bin/time -l (BSD)
  note: load generator and server share this host — see METHODOLOGY.md caveats

==> preflight ok
==> guard: both variants render from the scenario's single integration.yaml
  ok
==> run 2026-07-26-m1pro-16gb-001-template-page-native-v0.5.0-probesonly
  scenario=001-template-page target=native version=0.5.0 reps=3 test=steady
  readiness=admin metrics=off
  env -> /Users/juancavallotti/Documents/development/octo-performance/results/2026-07-26-m1pro-16gb-001-template-page-native-v0.5.0-probesonly/env.json
==> smoke gate
  smoke passed
==> footprint: native (idle hold 30s)
  cold start: 122ms
  idle RSS 24.0 MiB, idle CPU 0.0%
  footprint -> /Users/juancavallotti/Documents/development/octo-performance/results/2026-07-26-m1pro-16gb-001-template-page-native-v0.5.0-probesonly/footprint.json
==> baseline / steady / rep 1
  knobs: workers=runtime default buffer=runtime default pool=runtime default
  warm-up 10s
warn: warm-up reported a non-zero exit; continuing
  measuring
warn: k6 exited 99 (threshold breach) — recorded
  cooldown 15s
==> baseline / steady / rep 2
  knobs: workers=runtime default buffer=runtime default pool=runtime default
  warm-up 10s
  measuring
warn: k6 exited 99 (threshold breach) — recorded
  cooldown 15s
==> baseline / steady / rep 3
  knobs: workers=runtime default buffer=runtime default pool=runtime default
  warm-up 10s
  measuring
warn: k6 exited 99 (threshold breach) — recorded
  cooldown 15s
==> tuned / steady / rep 1
  knobs: workers=128 buffer=256 pool=8
  warm-up 10s
  measuring
warn: k6 exited 99 (threshold breach) — recorded
  cooldown 15s
==> tuned / steady / rep 2
  knobs: workers=128 buffer=256 pool=8
  warm-up 10s
  measuring
warn: k6 exited 99 (threshold breach) — recorded
  cooldown 15s
==> tuned / steady / rep 3
  knobs: workers=128 buffer=256 pool=8
  warm-up 10s
warn: warm-up reported a non-zero exit; continuing
  measuring
warn: k6 exited 99 (threshold breach) — recorded
  cooldown 15s
==> report
  report -> /Users/juancavallotti/Documents/development/octo-performance/results/2026-07-26-m1pro-16gb-001-template-page-native-v0.5.0-probesonly/REPORT.md
  index -> /Users/juancavallotti/Documents/development/octo-performance/results/index.md
==> done

  /Users/juancavallotti/Documents/development/octo-performance/results/2026-07-26-m1pro-16gb-001-template-page-native-v0.5.0-probesonly/REPORT.md
10:25:36     ok
10:26:21 >>> 0.5.0 metrics on + scraped
==> preflight (host=m1pro-16gb target=native build=release)
  ✓ curl         /usr/bin/curl
  ✓ python3      /opt/homebrew/bin/python3
  ✓ awk          /usr/bin/awk
  ✓ k6           2.1.0
  ✓ octo         0.5.0  (/Users/juancavallotti/.octo-versions/octo-0.5.0)
  · docker       not needed for TARGET=native
  ✓ observe      probes on :39999 and /metrics — readiness via /readyz
  ✓ build        release — 0.5.0
  ✓ time         /usr/bin/time -l (BSD)
  note: load generator and server share this host — see METHODOLOGY.md caveats

==> preflight ok
==> guard: both variants render from the scenario's single integration.yaml
  ok
==> run 2026-07-26-m1pro-16gb-001-template-page-native-v0.5.0-metricson
  scenario=001-template-page target=native version=0.5.0 reps=3 test=steady
  readiness=admin metrics=on
  env -> /Users/juancavallotti/Documents/development/octo-performance/results/2026-07-26-m1pro-16gb-001-template-page-native-v0.5.0-metricson/env.json
==> smoke gate
  smoke passed
==> footprint: native (idle hold 30s)
  cold start: 183ms
  idle RSS 29.5 MiB, idle CPU 0.111%
  footprint -> /Users/juancavallotti/Documents/development/octo-performance/results/2026-07-26-m1pro-16gb-001-template-page-native-v0.5.0-metricson/footprint.json
==> baseline / steady / rep 1
  knobs: workers=runtime default buffer=runtime default pool=runtime default
  warm-up 10s
  measuring
warn: k6 exited 99 (threshold breach) — recorded
  cooldown 15s
==> baseline / steady / rep 2
  knobs: workers=runtime default buffer=runtime default pool=runtime default
  warm-up 10s
warn: warm-up reported a non-zero exit; continuing
  measuring
warn: k6 exited 99 (threshold breach) — recorded
  cooldown 15s
==> baseline / steady / rep 3
  knobs: workers=runtime default buffer=runtime default pool=runtime default
  warm-up 10s
warn: warm-up reported a non-zero exit; continuing
  measuring
warn: k6 exited 99 (threshold breach) — recorded
  cooldown 15s
==> tuned / steady / rep 1
  knobs: workers=128 buffer=256 pool=8
  warm-up 10s
warn: warm-up reported a non-zero exit; continuing
  measuring
warn: k6 exited 99 (threshold breach) — recorded
  cooldown 15s
==> tuned / steady / rep 2
  knobs: workers=128 buffer=256 pool=8
  warm-up 10s
warn: warm-up reported a non-zero exit; continuing
  measuring
warn: k6 exited 99 (threshold breach) — recorded
  cooldown 15s
==> tuned / steady / rep 3
  knobs: workers=128 buffer=256 pool=8
  warm-up 10s
warn: warm-up reported a non-zero exit; continuing
  measuring
warn: k6 exited 99 (threshold breach) — recorded
  cooldown 15s
==> report
  report -> /Users/juancavallotti/Documents/development/octo-performance/results/2026-07-26-m1pro-16gb-001-template-page-native-v0.5.0-metricson/REPORT.md
  index -> /Users/juancavallotti/Documents/development/octo-performance/results/index.md
==> done

  /Users/juancavallotti/Documents/development/octo-performance/results/2026-07-26-m1pro-16gb-001-template-page-native-v0.5.0-metricson/REPORT.md
10:35:52     ok
10:36:37 === isolation done ===
