02:55:14 === matrix start: 7 scenarios x 2 targets, REPS=3 ===
02:55:14     octo native: /Users/juancavallotti/.octo-versions/octo-0.5.0
02:55:14     octo image:  juancavallotti/octo-runtime:0.5.0
02:55:14 >>> 001-template-page / native
==> preflight (host=m1pro-16gb target=native build=release)
  ✓ curl         /usr/bin/curl
  ✓ python3      /opt/homebrew/bin/python3
  ✓ awk          /usr/bin/awk
  ✓ k6           2.1.0
  ✓ octo         0.5.0  (/Users/juancavallotti/.octo-versions/octo-0.5.0)
  · docker       not needed for TARGET=native
  ✓ observe      probes on :39999, metrics off (METRICS=0) — readiness via /readyz
  ✓ build        release — 0.5.0
  ✓ time         /usr/bin/time -l (BSD)
  note: load generator and server share this host — see METHODOLOGY.md caveats

==> preflight ok
==> guard: both variants render from the scenario's single integration.yaml
  ok
==> run 2026-07-26-m1pro-16gb-001-template-page-native-v0.5.0
  scenario=001-template-page target=native version=0.5.0 reps=3 test=steady
  readiness=admin metrics=off
  env -> /Users/juancavallotti/Documents/development/octo-performance/results/2026-07-26-m1pro-16gb-001-template-page-native-v0.5.0/env.json
==> smoke gate
  smoke passed
==> footprint: native (idle hold 30s)
  cold start: 342ms
  idle RSS 30.4 MiB, idle CPU 0.0%
  footprint -> /Users/juancavallotti/Documents/development/octo-performance/results/2026-07-26-m1pro-16gb-001-template-page-native-v0.5.0/footprint.json
==> baseline / steady / rep 1
  knobs: workers=runtime default buffer=runtime default pool=runtime default
  warm-up 10s
warn: warm-up reported a non-zero exit; continuing
  measuring
warn: k6 exited 99 (threshold breach) — recorded
  cooldown 15s
==> baseline / steady / rep 2
  knobs: workers=runtime default buffer=runtime default pool=runtime default
  warm-up 10s
warn: warm-up reported a non-zero exit; continuing
  measuring
warn: k6 exited 99 (threshold breach) — recorded
  cooldown 15s
==> baseline / steady / rep 3
  knobs: workers=runtime default buffer=runtime default pool=runtime default
  warm-up 10s
warn: warm-up reported a non-zero exit; continuing
  measuring
warn: k6 exited 99 (threshold breach) — recorded
  cooldown 15s
==> tuned / steady / rep 1
  knobs: workers=128 buffer=256 pool=8
  warm-up 10s
warn: warm-up reported a non-zero exit; continuing
  measuring
warn: k6 exited 99 (threshold breach) — recorded
  cooldown 15s
==> tuned / steady / rep 2
  knobs: workers=128 buffer=256 pool=8
  warm-up 10s
  measuring
warn: k6 exited 99 (threshold breach) — recorded
  cooldown 15s
==> tuned / steady / rep 3
  knobs: workers=128 buffer=256 pool=8
  warm-up 10s
  measuring
warn: k6 exited 99 (threshold breach) — recorded
  cooldown 15s
==> report
  report -> /Users/juancavallotti/Documents/development/octo-performance/results/2026-07-26-m1pro-16gb-001-template-page-native-v0.5.0/REPORT.md
  index -> /Users/juancavallotti/Documents/development/octo-performance/results/index.md
==> done

  /Users/juancavallotti/Documents/development/octo-performance/results/2026-07-26-m1pro-16gb-001-template-page-native-v0.5.0/REPORT.md
03:04:33     ok
03:04:33 >>> 001-template-page / docker
==> preflight (host=m1pro-16gb target=docker build=release)
  ✓ curl         /usr/bin/curl
  ✓ python3      /opt/homebrew/bin/python3
  ✓ awk          /usr/bin/awk
  ✓ k6           2.1.0
  ✓ docker       29.5.3 cpus=4 mem=8322359296
  ✓ image        juancavallotti/octo-runtime:0.5.0 (0.5.0)
  · octo         not needed for TARGET=docker
  ✓ observe      probes on :39999, metrics off (METRICS=0) — readiness via /readyz
  ✓ build        release — 0.5.0
  ✓ time         /usr/bin/time -l (BSD)
  note: load generator and server share this host — see METHODOLOGY.md caveats

==> preflight ok
==> guard: both variants render from the scenario's single integration.yaml
  ok
==> run 2026-07-26-m1pro-16gb-001-template-page-docker-v0.5.0
  scenario=001-template-page target=docker version=0.5.0 reps=3 test=steady
  readiness=admin metrics=off
  env -> /Users/juancavallotti/Documents/development/octo-performance/results/2026-07-26-m1pro-16gb-001-template-page-docker-v0.5.0/env.json
==> smoke gate
  smoke passed
==> footprint: docker (idle hold 30s)
  cold start: 490ms
  idle RSS 10.0 MiB, idle CPU 0.006%
  footprint -> /Users/juancavallotti/Documents/development/octo-performance/results/2026-07-26-m1pro-16gb-001-template-page-docker-v0.5.0/footprint.json
==> baseline / steady / rep 1
  knobs: workers=runtime default buffer=runtime default pool=runtime default
  warm-up 10s
warn: warm-up reported a non-zero exit; continuing
  measuring
warn: k6 exited 99 (threshold breach) — recorded
  cooldown 15s
==> baseline / steady / rep 2
  knobs: workers=runtime default buffer=runtime default pool=runtime default
  warm-up 10s
warn: warm-up reported a non-zero exit; continuing
  measuring
warn: k6 exited 99 (threshold breach) — recorded
  cooldown 15s
==> baseline / steady / rep 3
  knobs: workers=runtime default buffer=runtime default pool=runtime default
  warm-up 10s
warn: warm-up reported a non-zero exit; continuing
  measuring
warn: k6 exited 99 (threshold breach) — recorded
  cooldown 15s
==> tuned / steady / rep 1
  knobs: workers=128 buffer=256 pool=8
  warm-up 10s
warn: warm-up reported a non-zero exit; continuing
  measuring
  cooldown 15s
==> tuned / steady / rep 2
  knobs: workers=128 buffer=256 pool=8
  warm-up 10s
warn: warm-up reported a non-zero exit; continuing
  measuring
  cooldown 15s
==> tuned / steady / rep 3
  knobs: workers=128 buffer=256 pool=8
  warm-up 10s
warn: warm-up reported a non-zero exit; continuing
  measuring
warn: k6 exited 99 (threshold breach) — recorded
  cooldown 15s
==> report
  report -> /Users/juancavallotti/Documents/development/octo-performance/results/2026-07-26-m1pro-16gb-001-template-page-docker-v0.5.0/REPORT.md
  index -> /Users/juancavallotti/Documents/development/octo-performance/results/index.md
==> done

  /Users/juancavallotti/Documents/development/octo-performance/results/2026-07-26-m1pro-16gb-001-template-page-docker-v0.5.0/REPORT.md
03:31:50     ok
03:31:50 >>> 002-fanout-transform / native
==> preflight (host=m1pro-16gb target=native build=release)
  ✓ curl         /usr/bin/curl
  ✓ python3      /opt/homebrew/bin/python3
  ✓ awk          /usr/bin/awk
  ✓ k6           2.1.0
  ✓ octo         0.5.0  (/Users/juancavallotti/.octo-versions/octo-0.5.0)
  · docker       not needed for TARGET=native
  ✓ observe      probes on :39999, metrics off (METRICS=0) — readiness via /readyz
  ✓ build        release — 0.5.0
  ✓ time         /usr/bin/time -l (BSD)
  note: load generator and server share this host — see METHODOLOGY.md caveats

==> preflight ok
==> guard: both variants render from the scenario's single integration.yaml
  ok
==> run 2026-07-26-m1pro-16gb-002-fanout-transform-native-v0.5.0
  scenario=002-fanout-transform target=native version=0.5.0 reps=3 test=steady
  readiness=admin metrics=off
  env -> /Users/juancavallotti/Documents/development/octo-performance/results/2026-07-26-m1pro-16gb-002-fanout-transform-native-v0.5.0/env.json
==> smoke gate
  smoke passed
==> footprint: native (idle hold 30s)
  cold start: 130ms
  idle RSS 28.9 MiB, idle CPU 0.0%
  footprint -> /Users/juancavallotti/Documents/development/octo-performance/results/2026-07-26-m1pro-16gb-002-fanout-transform-native-v0.5.0/footprint.json
==> baseline / steady / rep 1
  knobs: workers=runtime default buffer=runtime default pool=runtime default
  warm-up 10s
  measuring
  cooldown 15s
==> baseline / steady / rep 2
  knobs: workers=runtime default buffer=runtime default pool=runtime default
  warm-up 10s
  measuring
warn: k6 exited 99 (threshold breach) — recorded
  cooldown 15s
==> baseline / steady / rep 3
  knobs: workers=runtime default buffer=runtime default pool=runtime default
  warm-up 10s
  measuring
  cooldown 15s
==> tuned / steady / rep 1
  knobs: workers=32 buffer=256 pool=32
  warm-up 10s
  measuring
  cooldown 15s
==> tuned / steady / rep 2
  knobs: workers=32 buffer=256 pool=32
  warm-up 10s
  measuring
  cooldown 15s
==> tuned / steady / rep 3
  knobs: workers=32 buffer=256 pool=32
  warm-up 10s
  measuring
  cooldown 15s
==> report
  report -> /Users/juancavallotti/Documents/development/octo-performance/results/2026-07-26-m1pro-16gb-002-fanout-transform-native-v0.5.0/REPORT.md
  index -> /Users/juancavallotti/Documents/development/octo-performance/results/index.md
==> done

  /Users/juancavallotti/Documents/development/octo-performance/results/2026-07-26-m1pro-16gb-002-fanout-transform-native-v0.5.0/REPORT.md
04:27:42     ok
04:27:42 >>> 002-fanout-transform / docker
==> preflight (host=m1pro-16gb target=docker build=release)
  ✓ curl         /usr/bin/curl
  ✓ python3      /opt/homebrew/bin/python3
  ✓ awk          /usr/bin/awk
  ✓ k6           2.1.0
  ✓ docker       29.5.3 cpus=4 mem=8322359296
  ✓ image        juancavallotti/octo-runtime:0.5.0 (0.5.0)
  · octo         not needed for TARGET=docker
  ✓ observe      probes on :39999, metrics off (METRICS=0) — readiness via /readyz
  ✓ build        release — 0.5.0
  ✓ time         /usr/bin/time -l (BSD)
  note: load generator and server share this host — see METHODOLOGY.md caveats

==> preflight ok
==> guard: both variants render from the scenario's single integration.yaml
  ok
==> run 2026-07-26-m1pro-16gb-002-fanout-transform-docker-v0.5.0
  scenario=002-fanout-transform target=docker version=0.5.0 reps=3 test=steady
  readiness=admin metrics=off
  env -> /Users/juancavallotti/Documents/development/octo-performance/results/2026-07-26-m1pro-16gb-002-fanout-transform-docker-v0.5.0/env.json
==> smoke gate
  smoke passed
==> footprint: docker (idle hold 30s)
  cold start: 394ms
  idle RSS 9.6 MiB, idle CPU 0.005%
  footprint -> /Users/juancavallotti/Documents/development/octo-performance/results/2026-07-26-m1pro-16gb-002-fanout-transform-docker-v0.5.0/footprint.json
==> baseline / steady / rep 1
  knobs: workers=runtime default buffer=runtime default pool=runtime default
  warm-up 10s
  measuring
  cooldown 15s
==> baseline / steady / rep 2
  knobs: workers=runtime default buffer=runtime default pool=runtime default
  warm-up 10s
  measuring
  cooldown 15s
==> baseline / steady / rep 3
  knobs: workers=runtime default buffer=runtime default pool=runtime default
  warm-up 10s
  measuring
  cooldown 15s
==> tuned / steady / rep 1
  knobs: workers=32 buffer=256 pool=32
  warm-up 10s
  measuring
  cooldown 15s
==> tuned / steady / rep 2
  knobs: workers=32 buffer=256 pool=32
  warm-up 10s
  measuring
  cooldown 15s
==> tuned / steady / rep 3
  knobs: workers=32 buffer=256 pool=32
  warm-up 10s
  measuring
  cooldown 15s
==> report
  report -> /Users/juancavallotti/Documents/development/octo-performance/results/2026-07-26-m1pro-16gb-002-fanout-transform-docker-v0.5.0/REPORT.md
  index -> /Users/juancavallotti/Documents/development/octo-performance/results/index.md
==> done

  /Users/juancavallotti/Documents/development/octo-performance/results/2026-07-26-m1pro-16gb-002-fanout-transform-docker-v0.5.0/REPORT.md
04:54:14     ok
04:54:14 >>> 003-postgres-crud / native
==> preflight (host=m1pro-16gb target=native build=release)
  ✓ curl         /usr/bin/curl
  ✓ python3      /opt/homebrew/bin/python3
  ✓ awk          /usr/bin/awk
  ✓ k6           2.1.0
  ✓ octo         0.5.0  (/Users/juancavallotti/.octo-versions/octo-0.5.0)
  · docker       not needed for TARGET=native
  ✓ observe      probes on :39999, metrics off (METRICS=0) — readiness via /readyz
  ✓ build        release — 0.5.0
  ✓ time         /usr/bin/time -l (BSD)
  note: load generator and server share this host — see METHODOLOGY.md caveats

==> preflight ok
==> guard: both variants render from the scenario's single integration.yaml
  ok
==> scenario setup
  starting postgres:17-alpine on :55432
  postgres ready on :55432 (db=octobench, table=orders)
==> run 2026-07-26-m1pro-16gb-003-postgres-crud-native-v0.5.0
  scenario=003-postgres-crud target=native version=0.5.0 reps=3 test=steady
  readiness=admin metrics=off
  env -> /Users/juancavallotti/Documents/development/octo-performance/results/2026-07-26-m1pro-16gb-003-postgres-crud-native-v0.5.0/env.json
==> smoke gate
  smoke passed
==> footprint: native (idle hold 30s)
  cold start: 112ms
  idle RSS 39.7 MiB, idle CPU 0.0%
  footprint -> /Users/juancavallotti/Documents/development/octo-performance/results/2026-07-26-m1pro-16gb-003-postgres-crud-native-v0.5.0/footprint.json
==> baseline / steady / rep 1
  knobs: workers=runtime default buffer=runtime default pool=runtime default maxOpenConns=runtime default maxIdleConns=runtime default
  warm-up 10s
  measuring
  cooldown 15s
==> baseline / steady / rep 2
  knobs: workers=runtime default buffer=runtime default pool=runtime default maxOpenConns=runtime default maxIdleConns=runtime default
  warm-up 10s
  measuring
  cooldown 15s
==> baseline / steady / rep 3
  knobs: workers=runtime default buffer=runtime default pool=runtime default maxOpenConns=runtime default maxIdleConns=runtime default
  warm-up 10s
  measuring
  cooldown 15s
==> tuned / steady / rep 1
  knobs: workers=64 buffer=256 pool=8 maxOpenConns=64 maxIdleConns=64
  warm-up 10s
  measuring
  cooldown 15s
==> tuned / steady / rep 2
  knobs: workers=64 buffer=256 pool=8 maxOpenConns=64 maxIdleConns=64
  warm-up 10s
  measuring
  cooldown 15s
==> tuned / steady / rep 3
  knobs: workers=64 buffer=256 pool=8 maxOpenConns=64 maxIdleConns=64
  warm-up 10s
  measuring
  cooldown 15s
==> report
  report -> /Users/juancavallotti/Documents/development/octo-performance/results/2026-07-26-m1pro-16gb-003-postgres-crud-native-v0.5.0/REPORT.md
  index -> /Users/juancavallotti/Documents/development/octo-performance/results/index.md
==> done

  /Users/juancavallotti/Documents/development/octo-performance/results/2026-07-26-m1pro-16gb-003-postgres-crud-native-v0.5.0/REPORT.md
==> scenario teardown
  postgres removed (octo-bench-pg)
05:44:34     ok
05:44:34 >>> 003-postgres-crud / docker
==> preflight (host=m1pro-16gb target=docker build=release)
  ✓ curl         /usr/bin/curl
  ✓ python3      /opt/homebrew/bin/python3
  ✓ awk          /usr/bin/awk
  ✓ k6           2.1.0
  ✓ docker       29.5.3 cpus=4 mem=8322359296
  ✓ image        juancavallotti/octo-runtime:0.5.0 (0.5.0)
  · octo         not needed for TARGET=docker
  ✓ observe      probes on :39999, metrics off (METRICS=0) — readiness via /readyz
  ✓ build        release — 0.5.0
  ✓ time         /usr/bin/time -l (BSD)
  note: load generator and server share this host — see METHODOLOGY.md caveats

==> preflight ok
==> guard: both variants render from the scenario's single integration.yaml
  ok
==> scenario setup
  starting postgres:17-alpine on :55432
  postgres ready on :55432 (db=octobench, table=orders)
==> run 2026-07-26-m1pro-16gb-003-postgres-crud-docker-v0.5.0
  scenario=003-postgres-crud target=docker version=0.5.0 reps=3 test=steady
  readiness=admin metrics=off
  env -> /Users/juancavallotti/Documents/development/octo-performance/results/2026-07-26-m1pro-16gb-003-postgres-crud-docker-v0.5.0/env.json
==> smoke gate
  smoke passed
==> footprint: docker (idle hold 30s)
  cold start: 397ms
  idle RSS 12.3 MiB, idle CPU 0.007%
  footprint -> /Users/juancavallotti/Documents/development/octo-performance/results/2026-07-26-m1pro-16gb-003-postgres-crud-docker-v0.5.0/footprint.json
==> baseline / steady / rep 1
  knobs: workers=runtime default buffer=runtime default pool=runtime default maxOpenConns=runtime default maxIdleConns=runtime default
  warm-up 10s
  measuring
warn: k6 exited 99 (threshold breach) — recorded
  cooldown 15s
==> baseline / steady / rep 2
  knobs: workers=runtime default buffer=runtime default pool=runtime default maxOpenConns=runtime default maxIdleConns=runtime default
  warm-up 10s
  measuring
warn: k6 exited 99 (threshold breach) — recorded
  cooldown 15s
==> baseline / steady / rep 3
  knobs: workers=runtime default buffer=runtime default pool=runtime default maxOpenConns=runtime default maxIdleConns=runtime default
  warm-up 10s
  measuring
  cooldown 15s
==> tuned / steady / rep 1
  knobs: workers=64 buffer=256 pool=8 maxOpenConns=64 maxIdleConns=64
  warm-up 10s
  measuring
  cooldown 15s
==> tuned / steady / rep 2
  knobs: workers=64 buffer=256 pool=8 maxOpenConns=64 maxIdleConns=64
  warm-up 10s
  measuring
  cooldown 15s
==> tuned / steady / rep 3
  knobs: workers=64 buffer=256 pool=8 maxOpenConns=64 maxIdleConns=64
  warm-up 10s
  measuring
warn: k6 exited 99 (threshold breach) — recorded
  cooldown 15s
==> report
  report -> /Users/juancavallotti/Documents/development/octo-performance/results/2026-07-26-m1pro-16gb-003-postgres-crud-docker-v0.5.0/REPORT.md
  index -> /Users/juancavallotti/Documents/development/octo-performance/results/index.md
==> done

  /Users/juancavallotti/Documents/development/octo-performance/results/2026-07-26-m1pro-16gb-003-postgres-crud-docker-v0.5.0/REPORT.md
==> scenario teardown
  postgres removed (octo-bench-pg)
06:47:31     ok
06:47:31 >>> 004-queue-roundtrip / native
==> preflight (host=m1pro-16gb target=native build=release)
  ✓ curl         /usr/bin/curl
  ✓ python3      /opt/homebrew/bin/python3
  ✓ awk          /usr/bin/awk
  ✓ k6           2.1.0
  ✓ octo         0.5.0  (/Users/juancavallotti/.octo-versions/octo-0.5.0)
  · docker       not needed for TARGET=native
  ✓ observe      probes on :39999, metrics off (METRICS=0) — readiness via /readyz
  ✓ build        release — 0.5.0
  ✓ time         /usr/bin/time -l (BSD)
  note: load generator and server share this host — see METHODOLOGY.md caveats

==> preflight ok
==> guard: both variants render from the scenario's single integration.yaml
  ok
==> run 2026-07-26-m1pro-16gb-004-queue-roundtrip-native-v0.5.0
  scenario=004-queue-roundtrip target=native version=0.5.0 reps=3 test=steady
  readiness=admin metrics=off
  env -> /Users/juancavallotti/Documents/development/octo-performance/results/2026-07-26-m1pro-16gb-004-queue-roundtrip-native-v0.5.0/env.json
==> smoke gate
  smoke passed
==> footprint: native (idle hold 30s)
  cold start: 122ms
  idle RSS 23.7 MiB, idle CPU 0.0%
  footprint -> /Users/juancavallotti/Documents/development/octo-performance/results/2026-07-26-m1pro-16gb-004-queue-roundtrip-native-v0.5.0/footprint.json
==> baseline / steady / rep 1
  knobs: workers=runtime default buffer=runtime default pool=runtime default listeners=runtime default
  warm-up 10s
warn: warm-up reported a non-zero exit; continuing
  measuring
warn: k6 exited 99 (threshold breach) — recorded
  cooldown 15s
==> baseline / steady / rep 2
  knobs: workers=runtime default buffer=runtime default pool=runtime default listeners=runtime default
  warm-up 10s
  measuring
warn: k6 exited 99 (threshold breach) — recorded
  cooldown 15s
==> baseline / steady / rep 3
  knobs: workers=runtime default buffer=runtime default pool=runtime default listeners=runtime default
  warm-up 10s
  measuring
  cooldown 15s
==> tuned / steady / rep 1
  knobs: workers=64 buffer=256 pool=8 listeners=64
  warm-up 10s
  measuring
warn: k6 exited 99 (threshold breach) — recorded
  cooldown 15s
==> tuned / steady / rep 2
  knobs: workers=64 buffer=256 pool=8 listeners=64
  warm-up 10s
  measuring
  cooldown 15s
==> tuned / steady / rep 3
  knobs: workers=64 buffer=256 pool=8 listeners=64
  warm-up 10s
  measuring
warn: k6 exited 99 (threshold breach) — recorded
  cooldown 15s
==> report
  report -> /Users/juancavallotti/Documents/development/octo-performance/results/2026-07-26-m1pro-16gb-004-queue-roundtrip-native-v0.5.0/REPORT.md
  index -> /Users/juancavallotti/Documents/development/octo-performance/results/index.md
==> done

  /Users/juancavallotti/Documents/development/octo-performance/results/2026-07-26-m1pro-16gb-004-queue-roundtrip-native-v0.5.0/REPORT.md
08:48:22     ok
08:48:22 >>> 004-queue-roundtrip / docker
==> preflight (host=m1pro-16gb target=docker build=release)
  ✓ curl         /usr/bin/curl
  ✓ python3      /opt/homebrew/bin/python3
  ✓ awk          /usr/bin/awk
  ✓ k6           2.1.0
  ✓ docker       29.5.3 cpus=4 mem=8322359296
  ✓ image        juancavallotti/octo-runtime:0.5.0 (0.5.0)
  · octo         not needed for TARGET=docker
  ✓ observe      probes on :39999, metrics off (METRICS=0) — readiness via /readyz
  ✓ build        release — 0.5.0
  ✓ time         /usr/bin/time -l (BSD)
  note: load generator and server share this host — see METHODOLOGY.md caveats

==> preflight ok
==> guard: both variants render from the scenario's single integration.yaml
  ok
==> run 2026-07-26-m1pro-16gb-004-queue-roundtrip-docker-v0.5.0
  scenario=004-queue-roundtrip target=docker version=0.5.0 reps=3 test=steady
  readiness=admin metrics=off
  env -> /Users/juancavallotti/Documents/development/octo-performance/results/2026-07-26-m1pro-16gb-004-queue-roundtrip-docker-v0.5.0/env.json
==> smoke gate
  smoke passed
==> footprint: docker (idle hold 30s)
  cold start: 444ms
  idle RSS 9.7 MiB, idle CPU 0.007%
  footprint -> /Users/juancavallotti/Documents/development/octo-performance/results/2026-07-26-m1pro-16gb-004-queue-roundtrip-docker-v0.5.0/footprint.json
==> baseline / steady / rep 1
  knobs: workers=runtime default buffer=runtime default pool=runtime default listeners=runtime default
  warm-up 10s
  measuring
  cooldown 15s
==> baseline / steady / rep 2
  knobs: workers=runtime default buffer=runtime default pool=runtime default listeners=runtime default
  warm-up 10s
  measuring
  cooldown 15s
==> baseline / steady / rep 3
  knobs: workers=runtime default buffer=runtime default pool=runtime default listeners=runtime default
  warm-up 10s
  measuring
  cooldown 15s
==> tuned / steady / rep 1
  knobs: workers=64 buffer=256 pool=8 listeners=64
  warm-up 10s
  measuring
  cooldown 15s
==> tuned / steady / rep 2
  knobs: workers=64 buffer=256 pool=8 listeners=64
  warm-up 10s
  measuring
  cooldown 15s
==> tuned / steady / rep 3
  knobs: workers=64 buffer=256 pool=8 listeners=64
  warm-up 10s
  measuring
warn: k6 exited 99 (threshold breach) — recorded
  cooldown 15s
==> report
  report -> /Users/juancavallotti/Documents/development/octo-performance/results/2026-07-26-m1pro-16gb-004-queue-roundtrip-docker-v0.5.0/REPORT.md
  index -> /Users/juancavallotti/Documents/development/octo-performance/results/index.md
==> done

  /Users/juancavallotti/Documents/development/octo-performance/results/2026-07-26-m1pro-16gb-004-queue-roundtrip-docker-v0.5.0/REPORT.md
09:20:37     ok
09:20:37 >>> 005-http-proxy / native
==> preflight (host=m1pro-16gb target=native build=release)
  ✓ curl         /usr/bin/curl
  ✓ python3      /opt/homebrew/bin/python3
  ✓ awk          /usr/bin/awk
  ✓ k6           2.1.0
  ✓ octo         0.5.0  (/Users/juancavallotti/.octo-versions/octo-0.5.0)
  · docker       not needed for TARGET=native
  ✓ observe      probes on :39999, metrics off (METRICS=0) — readiness via /readyz
  ✓ build        release — 0.5.0
  ✓ time         /usr/bin/time -l (BSD)
  note: load generator and server share this host — see METHODOLOGY.md caveats

==> preflight ok
==> guard: both variants render from the scenario's single integration.yaml
  ok
==> scenario setup
  backend ready on :9090 (delay=70ms size=1024)
==> run 2026-07-26-m1pro-16gb-005-http-proxy-native-v0.5.0
  scenario=005-http-proxy target=native version=0.5.0 reps=3 test=steady
  readiness=admin metrics=off
  env -> /Users/juancavallotti/Documents/development/octo-performance/results/2026-07-26-m1pro-16gb-005-http-proxy-native-v0.5.0/env.json
==> smoke gate
  smoke passed
==> footprint: native (idle hold 30s)
  cold start: 115ms
  idle RSS 27.5 MiB, idle CPU 0.0%
  footprint -> /Users/juancavallotti/Documents/development/octo-performance/results/2026-07-26-m1pro-16gb-005-http-proxy-native-v0.5.0/footprint.json
==> baseline / steady / rep 1
  knobs: workers=runtime default buffer=runtime default pool=runtime default
  warm-up 10s
warn: warm-up reported a non-zero exit; continuing
  measuring
warn: k6 exited 99 (threshold breach) — recorded
  cooldown 15s
==> baseline / steady / rep 2
  knobs: workers=runtime default buffer=runtime default pool=runtime default
  warm-up 10s
warn: warm-up reported a non-zero exit; continuing
  measuring
warn: k6 exited 99 (threshold breach) — recorded
  cooldown 15s
==> baseline / steady / rep 3
  knobs: workers=runtime default buffer=runtime default pool=runtime default
  warm-up 10s
warn: warm-up reported a non-zero exit; continuing
  measuring
warn: k6 exited 99 (threshold breach) — recorded
  cooldown 15s
==> tuned / steady / rep 1
  knobs: workers=512 buffer=1024 pool=8
  warm-up 10s
  measuring
  cooldown 15s
==> tuned / steady / rep 2
  knobs: workers=512 buffer=1024 pool=8
  warm-up 10s
  measuring
  cooldown 15s
==> tuned / steady / rep 3
  knobs: workers=512 buffer=1024 pool=8
  warm-up 10s
  measuring
  cooldown 15s
==> report
  report -> /Users/juancavallotti/Documents/development/octo-performance/results/2026-07-26-m1pro-16gb-005-http-proxy-native-v0.5.0/REPORT.md
  index -> /Users/juancavallotti/Documents/development/octo-performance/results/index.md
==> done

  /Users/juancavallotti/Documents/development/octo-performance/results/2026-07-26-m1pro-16gb-005-http-proxy-native-v0.5.0/REPORT.md
==> scenario teardown
  backend stopped
09:54:01     ok
09:54:01 >>> 005-http-proxy / docker
==> preflight (host=m1pro-16gb target=docker build=release)
  ✓ curl         /usr/bin/curl
  ✓ python3      /opt/homebrew/bin/python3
  ✓ awk          /usr/bin/awk
  ✓ k6           2.1.0
  ✓ docker       29.5.3 cpus=4 mem=8322359296
  ✓ image        juancavallotti/octo-runtime:0.5.0 (0.5.0)
  · octo         not needed for TARGET=docker
  ✓ observe      probes on :39999, metrics off (METRICS=0) — readiness via /readyz
  ✓ build        release — 0.5.0
  ✓ time         /usr/bin/time -l (BSD)
  note: load generator and server share this host — see METHODOLOGY.md caveats

==> preflight ok
==> guard: both variants render from the scenario's single integration.yaml
  ok
==> scenario setup
  backend ready on :9090 (delay=70ms size=1024)
==> run 2026-07-26-m1pro-16gb-005-http-proxy-docker-v0.5.0
  scenario=005-http-proxy target=docker version=0.5.0 reps=3 test=steady
  readiness=admin metrics=off
  env -> /Users/juancavallotti/Documents/development/octo-performance/results/2026-07-26-m1pro-16gb-005-http-proxy-docker-v0.5.0/env.json
==> smoke gate
  smoke passed
==> footprint: docker (idle hold 30s)
  cold start: 3531ms
  idle RSS 10.1 MiB, idle CPU 0.008%
  footprint -> /Users/juancavallotti/Documents/development/octo-performance/results/2026-07-26-m1pro-16gb-005-http-proxy-docker-v0.5.0/footprint.json
==> baseline / steady / rep 1
  knobs: workers=runtime default buffer=runtime default pool=runtime default
  warm-up 10s
warn: warm-up reported a non-zero exit; continuing
  measuring
