14:16:06 === matrix start: 6 scenarios x 2 targets, REPS=3 ===
14:16:06     octo native: /Users/juancavallotti/.octo-versions/octo-0.4.3
14:16:06     octo image:  juancavallotti/octo-runtime:latest
14:16:06 >>> 001-template-page / native
==> preflight (host=m1pro-16gb target=native)
  ✓ curl         /usr/bin/curl
  ✓ python3      /opt/homebrew/bin/python3
  ✓ awk          /usr/bin/awk
  ✓ k6           2.1.0
  ✓ octo         0.4.3  (/Users/juancavallotti/.octo-versions/octo-0.4.3)
  · docker       not needed for TARGET=native
  ✓ time         /usr/bin/time -l (BSD)
  note: load generator and server share this host — see METHODOLOGY.md caveats

==> preflight ok
==> guard: both variants render from the scenario's single integration.yaml
  ok
warn: run id already existed; using 2026-07-25-m1pro-16gb-001-template-page-native-v0.4.3-2
==> run 2026-07-25-m1pro-16gb-001-template-page-native-v0.4.3-2
  scenario=001-template-page target=native version=0.4.3 reps=3 test=steady
  env -> /Users/juancavallotti/Documents/development/octo-performance/results/2026-07-25-m1pro-16gb-001-template-page-native-v0.4.3-2/env.json
==> smoke gate
  smoke passed
==> footprint: native (idle hold 30s)
  cold start: 127ms
  idle RSS 22.7 MiB, idle CPU 0.0%
  footprint -> /Users/juancavallotti/Documents/development/octo-performance/results/2026-07-25-m1pro-16gb-001-template-page-native-v0.4.3-2/footprint.json
==> baseline / steady / rep 1
  knobs: workers=runtime default buffer=runtime default pool=runtime default
  warm-up 10s
  measuring
  cooldown 15s
==> baseline / steady / rep 2
  knobs: workers=runtime default buffer=runtime default pool=runtime default
  warm-up 10s
  measuring
warn: k6 exited 99 (threshold breach) — recorded
  cooldown 15s
==> baseline / steady / rep 3
  knobs: workers=runtime default buffer=runtime default pool=runtime default
  warm-up 10s
  measuring
warn: k6 exited 99 (threshold breach) — recorded
  cooldown 15s
==> tuned / steady / rep 1
  knobs: workers=128 buffer=256 pool=8
  warm-up 10s
  measuring
  cooldown 15s
==> tuned / steady / rep 2
  knobs: workers=128 buffer=256 pool=8
  warm-up 10s
  measuring
  cooldown 15s
==> tuned / steady / rep 3
  knobs: workers=128 buffer=256 pool=8
  warm-up 10s
  measuring
  cooldown 15s
==> report
  report -> /Users/juancavallotti/Documents/development/octo-performance/results/2026-07-25-m1pro-16gb-001-template-page-native-v0.4.3-2/REPORT.md
  index -> /Users/juancavallotti/Documents/development/octo-performance/results/index.md
==> done

  /Users/juancavallotti/Documents/development/octo-performance/results/2026-07-25-m1pro-16gb-001-template-page-native-v0.4.3-2/REPORT.md
14:25:18     ok
14:25:18 >>> 001-template-page / docker
==> preflight (host=m1pro-16gb target=docker)
  ✓ curl         /usr/bin/curl
  ✓ python3      /opt/homebrew/bin/python3
  ✓ awk          /usr/bin/awk
  ✓ k6           2.1.0
  ✓ docker       29.5.3 cpus=4 mem=8322359296
  ✓ image        juancavallotti/octo-runtime:latest (0.4.3)
  · octo         not needed for TARGET=docker
  ✓ time         /usr/bin/time -l (BSD)
  note: load generator and server share this host — see METHODOLOGY.md caveats

==> preflight ok
==> guard: both variants render from the scenario's single integration.yaml
  ok
warn: run id already existed; using 2026-07-25-m1pro-16gb-001-template-page-docker-v0.4.3-2
==> run 2026-07-25-m1pro-16gb-001-template-page-docker-v0.4.3-2
  scenario=001-template-page target=docker version=0.4.3 reps=3 test=steady
  env -> /Users/juancavallotti/Documents/development/octo-performance/results/2026-07-25-m1pro-16gb-001-template-page-docker-v0.4.3-2/env.json
==> smoke gate
  smoke passed
==> footprint: docker (idle hold 30s)
  cold start: 480ms
  idle RSS 11.0 MiB, idle CPU 0.005%
  footprint -> /Users/juancavallotti/Documents/development/octo-performance/results/2026-07-25-m1pro-16gb-001-template-page-docker-v0.4.3-2/footprint.json
==> baseline / steady / rep 1
  knobs: workers=runtime default buffer=runtime default pool=runtime default
  warm-up 10s
warn: warm-up reported a non-zero exit; continuing
  measuring
  cooldown 15s
==> baseline / steady / rep 2
  knobs: workers=runtime default buffer=runtime default pool=runtime default
  warm-up 10s
warn: warm-up reported a non-zero exit; continuing
  measuring
  cooldown 15s
==> baseline / steady / rep 3
  knobs: workers=runtime default buffer=runtime default pool=runtime default
  warm-up 10s
  measuring
warn: k6 exited 99 (threshold breach) — recorded
  cooldown 15s
==> tuned / steady / rep 1
  knobs: workers=128 buffer=256 pool=8
  warm-up 10s
warn: warm-up reported a non-zero exit; continuing
  measuring
  cooldown 15s
==> tuned / steady / rep 2
  knobs: workers=128 buffer=256 pool=8
  warm-up 10s
  measuring
  cooldown 15s
==> tuned / steady / rep 3
  knobs: workers=128 buffer=256 pool=8
  warm-up 10s
warn: warm-up reported a non-zero exit; continuing
  measuring
warn: k6 exited 99 (threshold breach) — recorded
  cooldown 15s
==> report
  report -> /Users/juancavallotti/Documents/development/octo-performance/results/2026-07-25-m1pro-16gb-001-template-page-docker-v0.4.3-2/REPORT.md
  index -> /Users/juancavallotti/Documents/development/octo-performance/results/index.md
==> done

  /Users/juancavallotti/Documents/development/octo-performance/results/2026-07-25-m1pro-16gb-001-template-page-docker-v0.4.3-2/REPORT.md
14:35:02     ok
14:35:02 >>> 002-fanout-transform / native
==> preflight (host=m1pro-16gb target=native)
  ✓ curl         /usr/bin/curl
  ✓ python3      /opt/homebrew/bin/python3
  ✓ awk          /usr/bin/awk
  ✓ k6           2.1.0
  ✓ octo         0.4.3  (/Users/juancavallotti/.octo-versions/octo-0.4.3)
  · docker       not needed for TARGET=native
  ✓ time         /usr/bin/time -l (BSD)
  note: load generator and server share this host — see METHODOLOGY.md caveats

==> preflight ok
==> guard: both variants render from the scenario's single integration.yaml
  ok
warn: run id already existed; using 2026-07-25-m1pro-16gb-002-fanout-transform-native-v0.4.3-3
==> run 2026-07-25-m1pro-16gb-002-fanout-transform-native-v0.4.3-3
  scenario=002-fanout-transform target=native version=0.4.3 reps=3 test=steady
  env -> /Users/juancavallotti/Documents/development/octo-performance/results/2026-07-25-m1pro-16gb-002-fanout-transform-native-v0.4.3-3/env.json
==> smoke gate
  smoke passed
==> footprint: native (idle hold 30s)
  cold start: 165ms
  idle RSS 28.5 MiB, idle CPU 0.0%
  footprint -> /Users/juancavallotti/Documents/development/octo-performance/results/2026-07-25-m1pro-16gb-002-fanout-transform-native-v0.4.3-3/footprint.json
==> baseline / steady / rep 1
  knobs: workers=runtime default buffer=runtime default pool=runtime default
  warm-up 10s
  measuring
  cooldown 15s
==> baseline / steady / rep 2
  knobs: workers=runtime default buffer=runtime default pool=runtime default
  warm-up 10s
  measuring
  cooldown 15s
==> baseline / steady / rep 3
  knobs: workers=runtime default buffer=runtime default pool=runtime default
  warm-up 10s
  measuring
  cooldown 15s
==> tuned / steady / rep 1
  knobs: workers=32 buffer=256 pool=32
  warm-up 10s
  measuring
  cooldown 15s
==> tuned / steady / rep 2
  knobs: workers=32 buffer=256 pool=32
  warm-up 10s
  measuring
  cooldown 15s
==> tuned / steady / rep 3
  knobs: workers=32 buffer=256 pool=32
  warm-up 10s
  measuring
  cooldown 15s
==> report
  report -> /Users/juancavallotti/Documents/development/octo-performance/results/2026-07-25-m1pro-16gb-002-fanout-transform-native-v0.4.3-3/REPORT.md
  index -> /Users/juancavallotti/Documents/development/octo-performance/results/index.md
==> done

  /Users/juancavallotti/Documents/development/octo-performance/results/2026-07-25-m1pro-16gb-002-fanout-transform-native-v0.4.3-3/REPORT.md
14:44:12     ok
14:44:12 >>> 002-fanout-transform / docker
==> preflight (host=m1pro-16gb target=docker)
  ✓ curl         /usr/bin/curl
  ✓ python3      /opt/homebrew/bin/python3
  ✓ awk          /usr/bin/awk
  ✓ k6           2.1.0
  ✓ docker       29.5.3 cpus=4 mem=8322359296
  ✓ image        juancavallotti/octo-runtime:latest (0.4.3)
  · octo         not needed for TARGET=docker
  ✓ time         /usr/bin/time -l (BSD)
  note: load generator and server share this host — see METHODOLOGY.md caveats

==> preflight ok
==> guard: both variants render from the scenario's single integration.yaml
  ok
==> run 2026-07-25-m1pro-16gb-002-fanout-transform-docker-v0.4.3
  scenario=002-fanout-transform target=docker version=0.4.3 reps=3 test=steady
  env -> /Users/juancavallotti/Documents/development/octo-performance/results/2026-07-25-m1pro-16gb-002-fanout-transform-docker-v0.4.3/env.json
==> smoke gate
  smoke passed
==> footprint: docker (idle hold 30s)
  cold start: 448ms
  idle RSS 9.1 MiB, idle CPU 0.008%
  footprint -> /Users/juancavallotti/Documents/development/octo-performance/results/2026-07-25-m1pro-16gb-002-fanout-transform-docker-v0.4.3/footprint.json
==> baseline / steady / rep 1
  knobs: workers=runtime default buffer=runtime default pool=runtime default
  warm-up 10s
  measuring
  cooldown 15s
==> baseline / steady / rep 2
  knobs: workers=runtime default buffer=runtime default pool=runtime default
  warm-up 10s
  measuring
  cooldown 15s
==> baseline / steady / rep 3
  knobs: workers=runtime default buffer=runtime default pool=runtime default
  warm-up 10s
  measuring
  cooldown 15s
==> tuned / steady / rep 1
  knobs: workers=32 buffer=256 pool=32
  warm-up 10s
  measuring
  cooldown 15s
==> tuned / steady / rep 2
  knobs: workers=32 buffer=256 pool=32
  warm-up 10s
warn: warm-up reported a non-zero exit; continuing
  measuring
  cooldown 15s
==> tuned / steady / rep 3
  knobs: workers=32 buffer=256 pool=32
  warm-up 10s
  measuring
  cooldown 15s
==> report
  report -> /Users/juancavallotti/Documents/development/octo-performance/results/2026-07-25-m1pro-16gb-002-fanout-transform-docker-v0.4.3/REPORT.md
  index -> /Users/juancavallotti/Documents/development/octo-performance/results/index.md
==> done

  /Users/juancavallotti/Documents/development/octo-performance/results/2026-07-25-m1pro-16gb-002-fanout-transform-docker-v0.4.3/REPORT.md
14:53:54     ok
14:53:54 >>> 003-postgres-crud / native
==> preflight (host=m1pro-16gb target=native)
  ✓ curl         /usr/bin/curl
  ✓ python3      /opt/homebrew/bin/python3
  ✓ awk          /usr/bin/awk
  ✓ k6           2.1.0
  ✓ octo         0.4.3  (/Users/juancavallotti/.octo-versions/octo-0.4.3)
  · docker       not needed for TARGET=native
  ✓ time         /usr/bin/time -l (BSD)
  note: load generator and server share this host — see METHODOLOGY.md caveats

==> preflight ok
==> guard: both variants render from the scenario's single integration.yaml
  ok
==> scenario setup
  starting postgres:17-alpine on :55432
  postgres ready on :55432 (db=octobench, table=orders)
warn: run id already existed; using 2026-07-25-m1pro-16gb-003-postgres-crud-native-v0.4.3-2
==> run 2026-07-25-m1pro-16gb-003-postgres-crud-native-v0.4.3-2
  scenario=003-postgres-crud target=native version=0.4.3 reps=3 test=steady
  env -> /Users/juancavallotti/Documents/development/octo-performance/results/2026-07-25-m1pro-16gb-003-postgres-crud-native-v0.4.3-2/env.json
==> smoke gate
  smoke passed
==> footprint: native (idle hold 30s)
  cold start: 128ms
  idle RSS 26.9 MiB, idle CPU 0.0%
  footprint -> /Users/juancavallotti/Documents/development/octo-performance/results/2026-07-25-m1pro-16gb-003-postgres-crud-native-v0.4.3-2/footprint.json
==> baseline / steady / rep 1
  knobs: workers=runtime default buffer=runtime default pool=runtime default maxOpenConns=runtime default maxIdleConns=runtime default
  warm-up 10s
  measuring
  cooldown 15s
==> baseline / steady / rep 2
  knobs: workers=runtime default buffer=runtime default pool=runtime default maxOpenConns=runtime default maxIdleConns=runtime default
  warm-up 10s
  measuring
  cooldown 15s
==> baseline / steady / rep 3
  knobs: workers=runtime default buffer=runtime default pool=runtime default maxOpenConns=runtime default maxIdleConns=runtime default
  warm-up 10s
  measuring
  cooldown 15s
==> tuned / steady / rep 1
  knobs: workers=64 buffer=256 pool=8 maxOpenConns=64 maxIdleConns=64
  warm-up 10s
  measuring
  cooldown 15s
==> tuned / steady / rep 2
  knobs: workers=64 buffer=256 pool=8 maxOpenConns=64 maxIdleConns=64
  warm-up 10s
  measuring
  cooldown 15s
==> tuned / steady / rep 3
  knobs: workers=64 buffer=256 pool=8 maxOpenConns=64 maxIdleConns=64
  warm-up 10s
  measuring
  cooldown 15s
==> report
  report -> /Users/juancavallotti/Documents/development/octo-performance/results/2026-07-25-m1pro-16gb-003-postgres-crud-native-v0.4.3-2/REPORT.md
  index -> /Users/juancavallotti/Documents/development/octo-performance/results/index.md
==> done

  /Users/juancavallotti/Documents/development/octo-performance/results/2026-07-25-m1pro-16gb-003-postgres-crud-native-v0.4.3-2/REPORT.md
==> scenario teardown
  postgres removed (octo-bench-pg)
15:03:06     ok
15:03:06 >>> 003-postgres-crud / docker
==> preflight (host=m1pro-16gb target=docker)
  ✓ curl         /usr/bin/curl
  ✓ python3      /opt/homebrew/bin/python3
  ✓ awk          /usr/bin/awk
  ✓ k6           2.1.0
  ✓ docker       29.5.3 cpus=4 mem=8322359296
  ✓ image        juancavallotti/octo-runtime:latest (0.4.3)
  · octo         not needed for TARGET=docker
  ✓ time         /usr/bin/time -l (BSD)
  note: load generator and server share this host — see METHODOLOGY.md caveats

==> preflight ok
==> guard: both variants render from the scenario's single integration.yaml
  ok
==> scenario setup
  starting postgres:17-alpine on :55432
psql: error: connection to server on socket "/var/run/postgresql/.s.PGSQL.5432" failed: No such file or directory
	Is the server running locally and accepting connections on that socket?
error: scenario setup failed
15:03:10     FAILED (see /Users/juancavallotti/Documents/development/octo-performance/results/matrix-2026-07-25.log)
15:03:10 >>> 004-queue-roundtrip / native
==> preflight (host=m1pro-16gb target=native)
  ✓ curl         /usr/bin/curl
  ✓ python3      /opt/homebrew/bin/python3
  ✓ awk          /usr/bin/awk
  ✓ k6           2.1.0
  ✓ octo         0.4.3  (/Users/juancavallotti/.octo-versions/octo-0.4.3)
  · docker       not needed for TARGET=native
  ✓ time         /usr/bin/time -l (BSD)
  note: load generator and server share this host — see METHODOLOGY.md caveats

==> preflight ok
==> guard: both variants render from the scenario's single integration.yaml
  ok
warn: run id already existed; using 2026-07-25-m1pro-16gb-004-queue-roundtrip-native-v0.4.3-3
==> run 2026-07-25-m1pro-16gb-004-queue-roundtrip-native-v0.4.3-3
  scenario=004-queue-roundtrip target=native version=0.4.3 reps=3 test=steady
  env -> /Users/juancavallotti/Documents/development/octo-performance/results/2026-07-25-m1pro-16gb-004-queue-roundtrip-native-v0.4.3-3/env.json
==> smoke gate
  smoke passed
==> footprint: native (idle hold 30s)
  cold start: 113ms
  idle RSS 26.2 MiB, idle CPU 0.0%
  footprint -> /Users/juancavallotti/Documents/development/octo-performance/results/2026-07-25-m1pro-16gb-004-queue-roundtrip-native-v0.4.3-3/footprint.json
==> baseline / steady / rep 1
  knobs: workers=runtime default buffer=runtime default pool=runtime default listeners=runtime default
  warm-up 10s
  measuring
  cooldown 15s
==> baseline / steady / rep 2
  knobs: workers=runtime default buffer=runtime default pool=runtime default listeners=runtime default
  warm-up 10s
  measuring
  cooldown 15s
==> baseline / steady / rep 3
  knobs: workers=runtime default buffer=runtime default pool=runtime default listeners=runtime default
  warm-up 10s
  measuring
  cooldown 15s
==> tuned / steady / rep 1
  knobs: workers=64 buffer=256 pool=8 listeners=64
  warm-up 10s
  measuring
  cooldown 15s
==> tuned / steady / rep 2
  knobs: workers=64 buffer=256 pool=8 listeners=64
  warm-up 10s
  measuring
  cooldown 15s
==> tuned / steady / rep 3
  knobs: workers=64 buffer=256 pool=8 listeners=64
  warm-up 10s
  measuring
  cooldown 15s
==> report
  report -> /Users/juancavallotti/Documents/development/octo-performance/results/2026-07-25-m1pro-16gb-004-queue-roundtrip-native-v0.4.3-3/REPORT.md
  index -> /Users/juancavallotti/Documents/development/octo-performance/results/index.md
==> done

  /Users/juancavallotti/Documents/development/octo-performance/results/2026-07-25-m1pro-16gb-004-queue-roundtrip-native-v0.4.3-3/REPORT.md
15:12:21     ok
15:12:21 >>> 004-queue-roundtrip / docker
==> preflight (host=m1pro-16gb target=docker)
  ✓ curl         /usr/bin/curl
  ✓ python3      /opt/homebrew/bin/python3
  ✓ awk          /usr/bin/awk
  ✓ k6           2.1.0
  ✓ docker       29.5.3 cpus=4 mem=8322359296
  ✓ image        juancavallotti/octo-runtime:latest (0.4.3)
  · octo         not needed for TARGET=docker
  ✓ time         /usr/bin/time -l (BSD)
  note: load generator and server share this host — see METHODOLOGY.md caveats

==> preflight ok
==> guard: both variants render from the scenario's single integration.yaml
  ok
==> run 2026-07-25-m1pro-16gb-004-queue-roundtrip-docker-v0.4.3
  scenario=004-queue-roundtrip target=docker version=0.4.3 reps=3 test=steady
  env -> /Users/juancavallotti/Documents/development/octo-performance/results/2026-07-25-m1pro-16gb-004-queue-roundtrip-docker-v0.4.3/env.json
==> smoke gate
  smoke passed
==> footprint: docker (idle hold 30s)
  cold start: 381ms
  idle RSS 11.1 MiB, idle CPU 0.004%
  footprint -> /Users/juancavallotti/Documents/development/octo-performance/results/2026-07-25-m1pro-16gb-004-queue-roundtrip-docker-v0.4.3/footprint.json
==> baseline / steady / rep 1
  knobs: workers=runtime default buffer=runtime default pool=runtime default listeners=runtime default
  warm-up 10s
  measuring
  cooldown 15s
==> baseline / steady / rep 2
  knobs: workers=runtime default buffer=runtime default pool=runtime default listeners=runtime default
  warm-up 10s
  measuring
  cooldown 15s
==> baseline / steady / rep 3
  knobs: workers=runtime default buffer=runtime default pool=runtime default listeners=runtime default
  warm-up 10s
  measuring
  cooldown 15s
==> tuned / steady / rep 1
  knobs: workers=64 buffer=256 pool=8 listeners=64
  warm-up 10s
  measuring
  cooldown 15s
==> tuned / steady / rep 2
  knobs: workers=64 buffer=256 pool=8 listeners=64
  warm-up 10s
  measuring
  cooldown 15s
==> tuned / steady / rep 3
  knobs: workers=64 buffer=256 pool=8 listeners=64
  warm-up 10s
  measuring
  cooldown 15s
==> report
  report -> /Users/juancavallotti/Documents/development/octo-performance/results/2026-07-25-m1pro-16gb-004-queue-roundtrip-docker-v0.4.3/REPORT.md
  index -> /Users/juancavallotti/Documents/development/octo-performance/results/index.md
==> done

  /Users/juancavallotti/Documents/development/octo-performance/results/2026-07-25-m1pro-16gb-004-queue-roundtrip-docker-v0.4.3/REPORT.md
15:22:01     ok
15:22:01 >>> 005-http-proxy / native
==> preflight (host=m1pro-16gb target=native)
  ✓ curl         /usr/bin/curl
  ✓ python3      /opt/homebrew/bin/python3
  ✓ awk          /usr/bin/awk
  ✓ k6           2.1.0
  ✓ octo         0.4.3  (/Users/juancavallotti/.octo-versions/octo-0.4.3)
  · docker       not needed for TARGET=native
  ✓ time         /usr/bin/time -l (BSD)
  note: load generator and server share this host — see METHODOLOGY.md caveats

==> preflight ok
==> guard: both variants render from the scenario's single integration.yaml
  ok
==> scenario setup
  backend ready on :9090 (delay=70ms size=1024)
==> run 2026-07-25-m1pro-16gb-005-http-proxy-native-v0.4.3
  scenario=005-http-proxy target=native version=0.4.3 reps=3 test=steady
  env -> /Users/juancavallotti/Documents/development/octo-performance/results/2026-07-25-m1pro-16gb-005-http-proxy-native-v0.4.3/env.json
==> smoke gate
  smoke passed
==> footprint: native (idle hold 30s)
  cold start: 118ms
  idle RSS 22.2 MiB, idle CPU 0.037%
  footprint -> /Users/juancavallotti/Documents/development/octo-performance/results/2026-07-25-m1pro-16gb-005-http-proxy-native-v0.4.3/footprint.json
==> baseline / steady / rep 1
  knobs: workers=runtime default buffer=runtime default pool=runtime default
  warm-up 10s
warn: warm-up reported a non-zero exit; continuing
  measuring
warn: k6 exited 99 (threshold breach) — recorded
  cooldown 15s
==> baseline / steady / rep 2
  knobs: workers=runtime default buffer=runtime default pool=runtime default
  warm-up 10s
warn: warm-up reported a non-zero exit; continuing
  measuring
warn: k6 exited 99 (threshold breach) — recorded
  cooldown 15s
==> baseline / steady / rep 3
  knobs: workers=runtime default buffer=runtime default pool=runtime default
  warm-up 10s
warn: warm-up reported a non-zero exit; continuing
  measuring
warn: k6 exited 99 (threshold breach) — recorded
  cooldown 15s
==> tuned / steady / rep 1
  knobs: workers=512 buffer=1024 pool=8
  warm-up 10s
  measuring
  cooldown 15s
==> tuned / steady / rep 2
  knobs: workers=512 buffer=1024 pool=8
  warm-up 10s
  measuring
  cooldown 15s
==> tuned / steady / rep 3
  knobs: workers=512 buffer=1024 pool=8
  warm-up 10s
  measuring
  cooldown 15s
==> report
  report -> /Users/juancavallotti/Documents/development/octo-performance/results/2026-07-25-m1pro-16gb-005-http-proxy-native-v0.4.3/REPORT.md
  index -> /Users/juancavallotti/Documents/development/octo-performance/results/index.md
==> done

  /Users/juancavallotti/Documents/development/octo-performance/results/2026-07-25-m1pro-16gb-005-http-proxy-native-v0.4.3/REPORT.md
==> scenario teardown
  backend stopped
15:32:12     ok
15:32:12 >>> 005-http-proxy / docker
==> preflight (host=m1pro-16gb target=docker)
  ✓ curl         /usr/bin/curl
  ✓ python3      /opt/homebrew/bin/python3
  ✓ awk          /usr/bin/awk
  ✓ k6           2.1.0
  ✓ docker       29.5.3 cpus=4 mem=8322359296
  ✓ image        juancavallotti/octo-runtime:latest (0.4.3)
  · octo         not needed for TARGET=docker
  ✓ time         /usr/bin/time -l (BSD)
  note: load generator and server share this host — see METHODOLOGY.md caveats

==> preflight ok
==> guard: both variants render from the scenario's single integration.yaml
  ok
==> scenario setup
  backend ready on :9090 (delay=70ms size=1024)
==> run 2026-07-25-m1pro-16gb-005-http-proxy-docker-v0.4.3
  scenario=005-http-proxy target=docker version=0.4.3 reps=3 test=steady
  env -> /Users/juancavallotti/Documents/development/octo-performance/results/2026-07-25-m1pro-16gb-005-http-proxy-docker-v0.4.3/env.json
==> smoke gate
  smoke passed
==> footprint: docker (idle hold 30s)
  cold start: 446ms
  idle RSS 9.1 MiB, idle CPU 0.007%
  footprint -> /Users/juancavallotti/Documents/development/octo-performance/results/2026-07-25-m1pro-16gb-005-http-proxy-docker-v0.4.3/footprint.json
==> baseline / steady / rep 1
  knobs: workers=runtime default buffer=runtime default pool=runtime default
  warm-up 10s
warn: warm-up reported a non-zero exit; continuing
  measuring
warn: k6 exited 99 (threshold breach) — recorded
  cooldown 15s
==> baseline / steady / rep 2
  knobs: workers=runtime default buffer=runtime default pool=runtime default
  warm-up 10s
warn: warm-up reported a non-zero exit; continuing
  measuring
warn: k6 exited 99 (threshold breach) — recorded
  cooldown 15s
==> baseline / steady / rep 3
  knobs: workers=runtime default buffer=runtime default pool=runtime default
  warm-up 10s
warn: warm-up reported a non-zero exit; continuing
  measuring
warn: k6 exited 99 (threshold breach) — recorded
  cooldown 15s
==> tuned / steady / rep 1
  knobs: workers=512 buffer=1024 pool=8
  warm-up 10s
  measuring
  cooldown 15s
==> tuned / steady / rep 2
  knobs: workers=512 buffer=1024 pool=8
  warm-up 10s
  measuring
  cooldown 15s
==> tuned / steady / rep 3
  knobs: workers=512 buffer=1024 pool=8
  warm-up 10s
  measuring
  cooldown 15s
==> report
  report -> /Users/juancavallotti/Documents/development/octo-performance/results/2026-07-25-m1pro-16gb-005-http-proxy-docker-v0.4.3/REPORT.md
  index -> /Users/juancavallotti/Documents/development/octo-performance/results/index.md
==> done

  /Users/juancavallotti/Documents/development/octo-performance/results/2026-07-25-m1pro-16gb-005-http-proxy-docker-v0.4.3/REPORT.md
==> scenario teardown
  backend stopped
15:42:55     ok
15:42:55 >>> 006-json-transform / native
==> preflight (host=m1pro-16gb target=native)
  ✓ curl         /usr/bin/curl
  ✓ python3      /opt/homebrew/bin/python3
  ✓ awk          /usr/bin/awk
  ✓ k6           2.1.0
  ✓ octo         0.4.3  (/Users/juancavallotti/.octo-versions/octo-0.4.3)
  · docker       not needed for TARGET=native
  ✓ time         /usr/bin/time -l (BSD)
  note: load generator and server share this host — see METHODOLOGY.md caveats

==> preflight ok
==> guard: both variants render from the scenario's single integration.yaml
  ok
==> run 2026-07-25-m1pro-16gb-006-json-transform-native-v0.4.3
  scenario=006-json-transform target=native version=0.4.3 reps=3 test=steady
  env -> /Users/juancavallotti/Documents/development/octo-performance/results/2026-07-25-m1pro-16gb-006-json-transform-native-v0.4.3/env.json
==> smoke gate
  smoke passed
==> footprint: native (idle hold 30s)
  cold start: 107ms
  idle RSS 27.5 MiB, idle CPU 0.0%
  footprint -> /Users/juancavallotti/Documents/development/octo-performance/results/2026-07-25-m1pro-16gb-006-json-transform-native-v0.4.3/footprint.json
==> baseline / steady / rep 1
  knobs: workers=runtime default buffer=runtime default pool=runtime default
  warm-up 10s
  measuring
  cooldown 15s
==> baseline / steady / rep 2
  knobs: workers=runtime default buffer=runtime default pool=runtime default
  warm-up 10s
  measuring
warn: k6 exited 99 (threshold breach) — recorded
  cooldown 15s
==> baseline / steady / rep 3
  knobs: workers=runtime default buffer=runtime default pool=runtime default
  warm-up 10s
  measuring
  cooldown 15s
==> tuned / steady / rep 1
  knobs: workers=32 buffer=256 pool=8
  warm-up 10s
  measuring
  cooldown 15s
==> tuned / steady / rep 2
  knobs: workers=32 buffer=256 pool=8
  warm-up 10s
warn: warm-up reported a non-zero exit; continuing
  measuring
  cooldown 15s
==> tuned / steady / rep 3
  knobs: workers=32 buffer=256 pool=8
  warm-up 10s
  measuring
  cooldown 15s
==> report
  report -> /Users/juancavallotti/Documents/development/octo-performance/results/2026-07-25-m1pro-16gb-006-json-transform-native-v0.4.3/REPORT.md
  index -> /Users/juancavallotti/Documents/development/octo-performance/results/index.md
==> done

  /Users/juancavallotti/Documents/development/octo-performance/results/2026-07-25-m1pro-16gb-006-json-transform-native-v0.4.3/REPORT.md
15:52:04     ok
15:52:04 >>> 006-json-transform / docker
==> preflight (host=m1pro-16gb target=docker)
  ✓ curl         /usr/bin/curl
  ✓ python3      /opt/homebrew/bin/python3
  ✓ awk          /usr/bin/awk
  ✓ k6           2.1.0
  ✓ docker       29.5.3 cpus=4 mem=8322359296
  ✓ image        juancavallotti/octo-runtime:latest (0.4.3)
  · octo         not needed for TARGET=docker
  ✓ time         /usr/bin/time -l (BSD)
  note: load generator and server share this host — see METHODOLOGY.md caveats

==> preflight ok
==> guard: both variants render from the scenario's single integration.yaml
  ok
==> run 2026-07-25-m1pro-16gb-006-json-transform-docker-v0.4.3
  scenario=006-json-transform target=docker version=0.4.3 reps=3 test=steady
  env -> /Users/juancavallotti/Documents/development/octo-performance/results/2026-07-25-m1pro-16gb-006-json-transform-docker-v0.4.3/env.json
==> smoke gate
  smoke passed
==> footprint: docker (idle hold 30s)
  cold start: 387ms
  idle RSS 8.6 MiB, idle CPU 0.006%
  footprint -> /Users/juancavallotti/Documents/development/octo-performance/results/2026-07-25-m1pro-16gb-006-json-transform-docker-v0.4.3/footprint.json
==> baseline / steady / rep 1
  knobs: workers=runtime default buffer=runtime default pool=runtime default
  warm-up 10s
  measuring
  cooldown 15s
==> baseline / steady / rep 2
  knobs: workers=runtime default buffer=runtime default pool=runtime default
  warm-up 10s
  measuring
  cooldown 15s
==> baseline / steady / rep 3
  knobs: workers=runtime default buffer=runtime default pool=runtime default
  warm-up 10s
  measuring
  cooldown 15s
==> tuned / steady / rep 1
  knobs: workers=32 buffer=256 pool=8
  warm-up 10s
  measuring
  cooldown 15s
==> tuned / steady / rep 2
  knobs: workers=32 buffer=256 pool=8
  warm-up 10s
  measuring
warn: k6 exited 99 (threshold breach) — recorded
  cooldown 15s
==> tuned / steady / rep 3
  knobs: workers=32 buffer=256 pool=8
  warm-up 10s
  measuring
  cooldown 15s
==> report
  report -> /Users/juancavallotti/Documents/development/octo-performance/results/2026-07-25-m1pro-16gb-006-json-transform-docker-v0.4.3/REPORT.md
  index -> /Users/juancavallotti/Documents/development/octo-performance/results/index.md
==> done

  /Users/juancavallotti/Documents/development/octo-performance/results/2026-07-25-m1pro-16gb-006-json-transform-docker-v0.4.3/REPORT.md
16:01:43     ok
  index -> /Users/juancavallotti/Documents/development/octo-performance/results/index.md
16:01:46 === matrix done: 11/12 succeeded ===
16:01:46     failed: 003-postgres-crud/docker
17:51:50 === matrix start: 1 scenarios x 1 targets, REPS=3 ===
17:51:50     octo native: /Users/juancavallotti/.octo-versions/octo-0.4.3
17:51:50     octo image:  juancavallotti/octo-runtime:latest
17:51:50 >>> 003-postgres-crud / docker
==> preflight (host=m1pro-16gb target=docker)
  ✓ curl         /usr/bin/curl
  ✓ python3      /opt/homebrew/bin/python3
  ✓ awk          /usr/bin/awk
  ✓ k6           2.1.0
  ✓ docker       29.5.3 cpus=4 mem=8322359296
  ✓ image        juancavallotti/octo-runtime:latest (0.4.3)
  · octo         not needed for TARGET=docker
  ✓ time         /usr/bin/time -l (BSD)
  note: load generator and server share this host — see METHODOLOGY.md caveats

==> preflight ok
==> guard: both variants render from the scenario's single integration.yaml
  ok
==> scenario setup
  starting postgres:17-alpine on :55432
  postgres ready on :55432 (db=octobench, table=orders)
==> run 2026-07-25-m1pro-16gb-003-postgres-crud-docker-v0.4.3
  scenario=003-postgres-crud target=docker version=0.4.3 reps=3 test=steady
  env -> /Users/juancavallotti/Documents/development/octo-performance/results/2026-07-25-m1pro-16gb-003-postgres-crud-docker-v0.4.3/env.json
==> smoke gate
  smoke passed
==> footprint: docker (idle hold 30s)
  cold start: 1833ms
  idle RSS 8.8 MiB, idle CPU 0.076%
  footprint -> /Users/juancavallotti/Documents/development/octo-performance/results/2026-07-25-m1pro-16gb-003-postgres-crud-docker-v0.4.3/footprint.json
==> baseline / steady / rep 1
  knobs: workers=runtime default buffer=runtime default pool=runtime default maxOpenConns=runtime default maxIdleConns=runtime default
  warm-up 10s
warn: warm-up reported a non-zero exit; continuing
  measuring
warn: k6 exited 99 (threshold breach) — recorded
  cooldown 15s
==> baseline / steady / rep 2
  knobs: workers=runtime default buffer=runtime default pool=runtime default maxOpenConns=runtime default maxIdleConns=runtime default
  warm-up 10s
warn: warm-up reported a non-zero exit; continuing
  measuring
warn: k6 exited 99 (threshold breach) — recorded
  cooldown 15s
==> baseline / steady / rep 3
  knobs: workers=runtime default buffer=runtime default pool=runtime default maxOpenConns=runtime default maxIdleConns=runtime default
  warm-up 10s
warn: warm-up reported a non-zero exit; continuing
  measuring
warn: k6 exited 99 (threshold breach) — recorded
  cooldown 15s
==> tuned / steady / rep 1
  knobs: workers=64 buffer=256 pool=8 maxOpenConns=64 maxIdleConns=64
  warm-up 10s
warn: warm-up reported a non-zero exit; continuing
  measuring
warn: k6 exited 99 (threshold breach) — recorded
  cooldown 15s
==> tuned / steady / rep 2
  knobs: workers=64 buffer=256 pool=8 maxOpenConns=64 maxIdleConns=64
  warm-up 10s
warn: warm-up reported a non-zero exit; continuing
  measuring
warn: k6 exited 99 (threshold breach) — recorded
  cooldown 15s
==> tuned / steady / rep 3
  knobs: workers=64 buffer=256 pool=8 maxOpenConns=64 maxIdleConns=64
  warm-up 10s
warn: warm-up reported a non-zero exit; continuing
  measuring
warn: k6 exited 99 (threshold breach) — recorded
  cooldown 15s
==> report
  report -> /Users/juancavallotti/Documents/development/octo-performance/results/2026-07-25-m1pro-16gb-003-postgres-crud-docker-v0.4.3/REPORT.md
  index -> /Users/juancavallotti/Documents/development/octo-performance/results/index.md
==> done

  /Users/juancavallotti/Documents/development/octo-performance/results/2026-07-25-m1pro-16gb-003-postgres-crud-docker-v0.4.3/REPORT.md
==> scenario teardown
  postgres removed (octo-bench-pg)
18:02:48     ok
  index -> /Users/juancavallotti/Documents/development/octo-performance/results/index.md
18:02:53 === matrix done: 1/1 succeeded ===
