
         /\      Grafana   /‾‾/  
    /\  /  \     |\  __   /  /   
   /  \/    \    | |/ /  /   ‾‾\ 
  /          \   |   (  |  (‾)  |
 / __________ \  |_|\_\  \_____/ 


     execution: local
        script: /Users/juancavallotti/Documents/development/octo-performance/scenarios/002-fanout-transform/k6/steady.js
        output: -

     scenarios: (100.00%) 1 scenario, 6000 max VUs, 1m10s max duration (incl. graceful stop):
              * steady: 6000.00 iterations/s for 1m0s (maxVUs: 600-6000, gracefulStop: 10s)


running (0m01.0s), 0001/0600 VUs, 5703 complete and 0 interrupted iterations
steady   [   2% ] 0001/0600 VUs  0m01.0s/1m0s  6000.00 iters/s

running (0m02.0s), 0001/0600 VUs, 11703 complete and 0 interrupted iterations
steady   [   3% ] 0001/0600 VUs  0m02.0s/1m0s  6000.00 iters/s

running (0m03.0s), 0001/0600 VUs, 17703 complete and 0 interrupted iterations
steady   [   5% ] 0001/0600 VUs  0m03.0s/1m0s  6000.00 iters/s

running (0m04.0s), 0001/0600 VUs, 23703 complete and 0 interrupted iterations
steady   [   7% ] 0001/0600 VUs  0m04.0s/1m0s  6000.00 iters/s

running (0m05.0s), 0000/0600 VUs, 29703 complete and 0 interrupted iterations
steady   [   8% ] 0000/0600 VUs  0m05.0s/1m0s  6000.00 iters/s

running (0m06.0s), 0004/0600 VUs, 35700 complete and 0 interrupted iterations
steady   [  10% ] 0004/0600 VUs  0m06.0s/1m0s  6000.00 iters/s

running (0m07.0s), 0001/0600 VUs, 41703 complete and 0 interrupted iterations
steady   [  12% ] 0001/0600 VUs  0m07.0s/1m0s  6000.00 iters/s

running (0m08.0s), 0001/0600 VUs, 47703 complete and 0 interrupted iterations
steady   [  13% ] 0001/0600 VUs  0m08.0s/1m0s  6000.00 iters/s

running (0m09.0s), 0001/0600 VUs, 53703 complete and 0 interrupted iterations
steady   [  15% ] 0001/0600 VUs  0m09.0s/1m0s  6000.00 iters/s

running (0m10.0s), 0004/0600 VUs, 59700 complete and 0 interrupted iterations
steady   [  17% ] 0004/0600 VUs  0m10.0s/1m0s  6000.00 iters/s

running (0m11.0s), 0001/0600 VUs, 65703 complete and 0 interrupted iterations
steady   [  18% ] 0001/0600 VUs  0m11.0s/1m0s  6000.00 iters/s

running (0m12.0s), 0002/0600 VUs, 71702 complete and 0 interrupted iterations
steady   [  20% ] 0002/0600 VUs  0m12.0s/1m0s  6000.00 iters/s

running (0m13.0s), 0001/0600 VUs, 77703 complete and 0 interrupted iterations
steady   [  22% ] 0001/0600 VUs  0m13.0s/1m0s  6000.00 iters/s

running (0m14.0s), 0001/0600 VUs, 83703 complete and 0 interrupted iterations
steady   [  23% ] 0001/0600 VUs  0m14.0s/1m0s  6000.00 iters/s

running (0m15.0s), 0001/0600 VUs, 89703 complete and 0 interrupted iterations
steady   [  25% ] 0001/0600 VUs  0m15.0s/1m0s  6000.00 iters/s

running (0m16.0s), 0001/0600 VUs, 95703 complete and 0 interrupted iterations
steady   [  27% ] 0001/0600 VUs  0m16.0s/1m0s  6000.00 iters/s

running (0m17.0s), 0003/0600 VUs, 101702 complete and 0 interrupted iterations
steady   [  28% ] 0003/0600 VUs  0m17.0s/1m0s  6000.00 iters/s

running (0m18.0s), 0001/0600 VUs, 107703 complete and 0 interrupted iterations
steady   [  30% ] 0001/0600 VUs  0m18.0s/1m0s  6000.00 iters/s

running (0m19.0s), 0001/0600 VUs, 113703 complete and 0 interrupted iterations
steady   [  32% ] 0001/0600 VUs  0m19.0s/1m0s  6000.00 iters/s

running (0m20.0s), 0003/0600 VUs, 119701 complete and 0 interrupted iterations
steady   [  33% ] 0003/0600 VUs  0m20.0s/1m0s  6000.00 iters/s

running (0m21.0s), 0001/0600 VUs, 125703 complete and 0 interrupted iterations
steady   [  35% ] 0001/0600 VUs  0m21.0s/1m0s  6000.00 iters/s

running (0m22.0s), 0001/0600 VUs, 131703 complete and 0 interrupted iterations
steady   [  37% ] 0001/0600 VUs  0m22.0s/1m0s  6000.00 iters/s

running (0m23.0s), 0001/0600 VUs, 137703 complete and 0 interrupted iterations
steady   [  38% ] 0001/0600 VUs  0m23.0s/1m0s  6000.00 iters/s

running (0m24.0s), 0001/0600 VUs, 143703 complete and 0 interrupted iterations
steady   [  40% ] 0001/0600 VUs  0m24.0s/1m0s  6000.00 iters/s

running (0m25.0s), 0001/0600 VUs, 149703 complete and 0 interrupted iterations
steady   [  42% ] 0001/0600 VUs  0m25.0s/1m0s  6000.00 iters/s

running (0m26.0s), 0001/0600 VUs, 155703 complete and 0 interrupted iterations
steady   [  43% ] 0001/0600 VUs  0m26.0s/1m0s  6000.00 iters/s

running (0m27.0s), 0001/0600 VUs, 161703 complete and 0 interrupted iterations
steady   [  45% ] 0001/0600 VUs  0m27.0s/1m0s  6000.00 iters/s

running (0m28.0s), 0001/0600 VUs, 167703 complete and 0 interrupted iterations
steady   [  47% ] 0001/0600 VUs  0m28.0s/1m0s  6000.00 iters/s

running (0m29.0s), 0001/0600 VUs, 173703 complete and 0 interrupted iterations
steady   [  48% ] 0001/0600 VUs  0m29.0s/1m0s  6000.00 iters/s

running (0m30.0s), 0001/0600 VUs, 179703 complete and 0 interrupted iterations
steady   [  50% ] 0001/0600 VUs  0m30.0s/1m0s  6000.00 iters/s

running (0m31.0s), 0001/0600 VUs, 185703 complete and 0 interrupted iterations
steady   [  52% ] 0001/0600 VUs  0m31.0s/1m0s  6000.00 iters/s

running (0m32.0s), 0001/0600 VUs, 191704 complete and 0 interrupted iterations
steady   [  53% ] 0001/0600 VUs  0m32.0s/1m0s  6000.00 iters/s

running (0m33.0s), 0001/0600 VUs, 197704 complete and 0 interrupted iterations
steady   [  55% ] 0001/0600 VUs  0m33.0s/1m0s  6000.00 iters/s

running (0m34.0s), 0001/0600 VUs, 203703 complete and 0 interrupted iterations
steady   [  57% ] 0001/0600 VUs  0m34.0s/1m0s  6000.00 iters/s

running (0m35.0s), 0002/0600 VUs, 209703 complete and 0 interrupted iterations
steady   [  58% ] 0001/0600 VUs  0m35.0s/1m0s  6000.00 iters/s

running (0m36.0s), 0001/0600 VUs, 215695 complete and 0 interrupted iterations
steady   [  60% ] 0001/0600 VUs  0m36.0s/1m0s  6000.00 iters/s

running (15m37.9s), 0001/0605 VUs, 221466 complete and 0 interrupted iterations
steady   [  62% ] 0001/0605 VUs  0m37.0s/1m0s  6000.00 iters/s

running (15m38.9s), 0002/0605 VUs, 227465 complete and 0 interrupted iterations
steady   [  63% ] 0002/0605 VUs  0m38.0s/1m0s  6000.00 iters/s

running (15m39.9s), 0002/0605 VUs, 233465 complete and 0 interrupted iterations
steady   [  65% ] 0002/0605 VUs  0m39.0s/1m0s  6000.00 iters/s

running (15m40.9s), 0002/0605 VUs, 239464 complete and 0 interrupted iterations
steady   [  67% ] 0002/0605 VUs  0m40.0s/1m0s  6000.00 iters/s

running (15m41.9s), 0002/0605 VUs, 245465 complete and 0 interrupted iterations
steady   [  68% ] 0002/0605 VUs  0m41.0s/1m0s  6000.00 iters/s

running (15m42.9s), 0003/0605 VUs, 251463 complete and 0 interrupted iterations
steady   [  70% ] 0003/0605 VUs  0m42.0s/1m0s  6000.00 iters/s

running (15m43.9s), 0001/0605 VUs, 257466 complete and 0 interrupted iterations
steady   [  72% ] 0001/0605 VUs  0m43.0s/1m0s  6000.00 iters/s

running (15m44.9s), 0001/0605 VUs, 263466 complete and 0 interrupted iterations
steady   [  73% ] 0001/0605 VUs  0m44.0s/1m0s  6000.00 iters/s

running (15m45.9s), 0002/0605 VUs, 269465 complete and 0 interrupted iterations
steady   [  75% ] 0002/0605 VUs  0m45.0s/1m0s  6000.00 iters/s

running (15m46.9s), 0007/0605 VUs, 275460 complete and 0 interrupted iterations
steady   [  77% ] 0007/0605 VUs  0m46.0s/1m0s  6000.00 iters/s

running (15m47.9s), 0001/0605 VUs, 281466 complete and 0 interrupted iterations
steady   [  78% ] 0001/0605 VUs  0m47.0s/1m0s  6000.00 iters/s

running (15m48.9s), 0001/0605 VUs, 287466 complete and 0 interrupted iterations
steady   [  80% ] 0001/0605 VUs  0m48.0s/1m0s  6000.00 iters/s

running (15m49.9s), 0002/0605 VUs, 293465 complete and 0 interrupted iterations
steady   [  82% ] 0002/0605 VUs  0m49.0s/1m0s  6000.00 iters/s

running (15m50.9s), 0002/0605 VUs, 299465 complete and 0 interrupted iterations
steady   [  83% ] 0002/0605 VUs  0m50.0s/1m0s  6000.00 iters/s

running (15m51.9s), 0001/0605 VUs, 305466 complete and 0 interrupted iterations
steady   [  85% ] 0001/0605 VUs  0m51.0s/1m0s  6000.00 iters/s

running (15m52.9s), 0001/0605 VUs, 311466 complete and 0 interrupted iterations
steady   [  87% ] 0001/0605 VUs  0m52.0s/1m0s  6000.00 iters/s

running (15m53.9s), 0003/0605 VUs, 317464 complete and 0 interrupted iterations
steady   [  88% ] 0003/0605 VUs  0m53.0s/1m0s  6000.00 iters/s

running (15m54.9s), 0001/0605 VUs, 323466 complete and 0 interrupted iterations
steady   [  90% ] 0001/0605 VUs  0m54.0s/1m0s  6000.00 iters/s

running (15m55.9s), 0001/0605 VUs, 329466 complete and 0 interrupted iterations
steady   [  92% ] 0001/0605 VUs  0m55.0s/1m0s  6000.00 iters/s

running (15m56.9s), 0001/0605 VUs, 335466 complete and 0 interrupted iterations
steady   [  93% ] 0001/0605 VUs  0m56.0s/1m0s  6000.00 iters/s

running (15m57.9s), 0001/0605 VUs, 341466 complete and 0 interrupted iterations
steady   [  95% ] 0001/0605 VUs  0m57.0s/1m0s  6000.00 iters/s

running (15m58.9s), 0001/0605 VUs, 347466 complete and 0 interrupted iterations
steady   [  97% ] 0001/0605 VUs  0m58.0s/1m0s  6000.00 iters/s

running (15m59.9s), 0001/0605 VUs, 353466 complete and 0 interrupted iterations
steady   [  98% ] 0001/0605 VUs  0m59.0s/1m0s  6000.00 iters/s

running (16m00.9s), 0001/0605 VUs, 359466 complete and 0 interrupted iterations
steady   [ 100% ] 0001/0605 VUs  1m00.0s/1m0s  6000.00 iters/s

  http_reqs                    359764 (374.38/s)
  http_req_duration            med=0.15ms p95=0.40ms p99=0.90ms max=901082.88ms
  http_req_waiting             p95=0.38ms
  http_req_failed              0.000%
  dropped_iterations           238
  vus_max                      605
  checks                       0 passed, 0 failed


running (16m00.9s), 0000/0605 VUs, 359764 complete and 0 interrupted iterations
steady ✓ [ 100% ] 0000/0605 VUs  1m0s  6000.00 iters/s
time="2026-07-26T04:06:43-07:00" level=error msg="thresholds on metrics 'dropped_iterations' have been crossed"
