
         /\      Grafana   /‾‾/  
    /\  /  \     |\  __   /  /   
   /  \/    \    | |/ /  /   ‾‾\ 
  /          \   |   (  |  (‾)  |
 / __________ \  |_|\_\  \_____/ 


     execution: local
        script: /Users/juancavallotti/Documents/development/octo-performance/scenarios/002-fanout-transform/k6/steady.js
        output: -

     scenarios: (100.00%) 1 scenario, 6000 max VUs, 1m10s max duration (incl. graceful stop):
              * steady: 6000.00 iterations/s for 1m0s (maxVUs: 600-6000, gracefulStop: 10s)


running (0m01.0s), 0003/0600 VUs, 5705 complete and 0 interrupted iterations
steady   [   2% ] 0003/0600 VUs  0m01.0s/1m0s  6000.00 iters/s

running (0m02.0s), 0006/0600 VUs, 11703 complete and 0 interrupted iterations
steady   [   3% ] 0006/0600 VUs  0m02.0s/1m0s  6000.00 iters/s

running (0m03.0s), 0002/0600 VUs, 17706 complete and 0 interrupted iterations
steady   [   5% ] 0002/0600 VUs  0m03.0s/1m0s  6000.00 iters/s

running (0m04.0s), 0003/0600 VUs, 23705 complete and 0 interrupted iterations
steady   [   7% ] 0004/0600 VUs  0m04.0s/1m0s  6000.00 iters/s

running (0m05.0s), 0003/0600 VUs, 29706 complete and 0 interrupted iterations
steady   [   8% ] 0003/0600 VUs  0m05.0s/1m0s  6000.00 iters/s

running (0m06.0s), 0005/0600 VUs, 35704 complete and 0 interrupted iterations
steady   [  10% ] 0005/0600 VUs  0m06.0s/1m0s  6000.00 iters/s

running (0m07.0s), 0011/0600 VUs, 41698 complete and 0 interrupted iterations
steady   [  12% ] 0011/0600 VUs  0m07.0s/1m0s  6000.00 iters/s

running (0m08.0s), 0002/0600 VUs, 47706 complete and 0 interrupted iterations
steady   [  13% ] 0003/0600 VUs  0m08.0s/1m0s  6000.00 iters/s

running (0m09.0s), 0002/0600 VUs, 53707 complete and 0 interrupted iterations
steady   [  15% ] 0002/0600 VUs  0m09.0s/1m0s  6000.00 iters/s

running (0m10.0s), 0007/0600 VUs, 59702 complete and 0 interrupted iterations
steady   [  17% ] 0007/0600 VUs  0m10.0s/1m0s  6000.00 iters/s

running (0m11.0s), 0002/0600 VUs, 65707 complete and 0 interrupted iterations
steady   [  18% ] 0002/0600 VUs  0m11.0s/1m0s  6000.00 iters/s

running (0m12.0s), 0003/0600 VUs, 71706 complete and 0 interrupted iterations
steady   [  20% ] 0003/0600 VUs  0m12.0s/1m0s  6000.00 iters/s

running (0m13.0s), 0004/0600 VUs, 77705 complete and 0 interrupted iterations
steady   [  22% ] 0004/0600 VUs  0m13.0s/1m0s  6000.00 iters/s

running (0m14.0s), 0005/0600 VUs, 83704 complete and 0 interrupted iterations
steady   [  23% ] 0005/0600 VUs  0m14.0s/1m0s  6000.00 iters/s

running (0m15.0s), 0003/0600 VUs, 89705 complete and 0 interrupted iterations
steady   [  25% ] 0003/0600 VUs  0m15.0s/1m0s  6000.00 iters/s

running (0m16.0s), 0002/0600 VUs, 95707 complete and 0 interrupted iterations
steady   [  27% ] 0002/0600 VUs  0m16.0s/1m0s  6000.00 iters/s

running (0m17.0s), 0004/0600 VUs, 101704 complete and 0 interrupted iterations
steady   [  28% ] 0004/0600 VUs  0m17.0s/1m0s  6000.00 iters/s

running (0m18.0s), 0003/0600 VUs, 107706 complete and 0 interrupted iterations
steady   [  30% ] 0003/0600 VUs  0m18.0s/1m0s  6000.00 iters/s

running (0m19.0s), 0012/0600 VUs, 113697 complete and 0 interrupted iterations
steady   [  32% ] 0012/0600 VUs  0m19.0s/1m0s  6000.00 iters/s

running (0m20.0s), 0002/0600 VUs, 119707 complete and 0 interrupted iterations
steady   [  33% ] 0002/0600 VUs  0m20.0s/1m0s  6000.00 iters/s

running (0m21.0s), 0002/0600 VUs, 125706 complete and 0 interrupted iterations
steady   [  35% ] 0002/0600 VUs  0m21.0s/1m0s  6000.00 iters/s

running (0m22.0s), 0003/0600 VUs, 131706 complete and 0 interrupted iterations
steady   [  37% ] 0003/0600 VUs  0m22.0s/1m0s  6000.00 iters/s

running (0m23.0s), 0002/0600 VUs, 137706 complete and 0 interrupted iterations
steady   [  38% ] 0002/0600 VUs  0m23.0s/1m0s  6000.00 iters/s

running (0m24.0s), 0005/0600 VUs, 143704 complete and 0 interrupted iterations
steady   [  40% ] 0005/0600 VUs  0m24.0s/1m0s  6000.00 iters/s

running (0m25.0s), 0003/0600 VUs, 149706 complete and 0 interrupted iterations
steady   [  42% ] 0003/0600 VUs  0m25.0s/1m0s  6000.00 iters/s

running (0m26.0s), 0007/0600 VUs, 155702 complete and 0 interrupted iterations
steady   [  43% ] 0007/0600 VUs  0m26.0s/1m0s  6000.00 iters/s

running (0m27.0s), 0003/0600 VUs, 161706 complete and 0 interrupted iterations
steady   [  45% ] 0003/0600 VUs  0m27.0s/1m0s  6000.00 iters/s

running (0m28.0s), 0002/0600 VUs, 167707 complete and 0 interrupted iterations
steady   [  47% ] 0002/0600 VUs  0m28.0s/1m0s  6000.00 iters/s

running (0m29.0s), 0001/0600 VUs, 173707 complete and 0 interrupted iterations
steady   [  48% ] 0001/0600 VUs  0m29.0s/1m0s  6000.00 iters/s

running (0m30.0s), 0010/0600 VUs, 179699 complete and 0 interrupted iterations
steady   [  50% ] 0010/0600 VUs  0m30.0s/1m0s  6000.00 iters/s

running (0m31.0s), 0002/0600 VUs, 185707 complete and 0 interrupted iterations
steady   [  52% ] 0002/0600 VUs  0m31.0s/1m0s  6000.00 iters/s

running (0m32.0s), 0002/0600 VUs, 191707 complete and 0 interrupted iterations
steady   [  53% ] 0002/0600 VUs  0m32.0s/1m0s  6000.00 iters/s

running (0m33.0s), 0002/0600 VUs, 197707 complete and 0 interrupted iterations
steady   [  55% ] 0002/0600 VUs  0m33.0s/1m0s  6000.00 iters/s

running (0m34.0s), 0003/0600 VUs, 203706 complete and 0 interrupted iterations
steady   [  57% ] 0003/0600 VUs  0m34.0s/1m0s  6000.00 iters/s

running (0m35.0s), 0002/0600 VUs, 209707 complete and 0 interrupted iterations
steady   [  58% ] 0002/0600 VUs  0m35.0s/1m0s  6000.00 iters/s

running (0m36.0s), 0002/0600 VUs, 215707 complete and 0 interrupted iterations
steady   [  60% ] 0002/0600 VUs  0m36.0s/1m0s  6000.00 iters/s

running (0m37.0s), 0003/0600 VUs, 221707 complete and 0 interrupted iterations
steady   [  62% ] 0003/0600 VUs  0m37.0s/1m0s  6000.00 iters/s

running (0m38.0s), 0002/0600 VUs, 227707 complete and 0 interrupted iterations
steady   [  63% ] 0002/0600 VUs  0m38.0s/1m0s  6000.00 iters/s

running (0m39.0s), 0002/0600 VUs, 233707 complete and 0 interrupted iterations
steady   [  65% ] 0002/0600 VUs  0m39.0s/1m0s  6000.00 iters/s

running (0m40.0s), 0002/0600 VUs, 239707 complete and 0 interrupted iterations
steady   [  67% ] 0002/0600 VUs  0m40.0s/1m0s  6000.00 iters/s

running (0m41.0s), 0006/0600 VUs, 245704 complete and 0 interrupted iterations
steady   [  68% ] 0006/0600 VUs  0m41.0s/1m0s  6000.00 iters/s

running (0m42.0s), 0012/0600 VUs, 251698 complete and 0 interrupted iterations
steady   [  70% ] 0012/0600 VUs  0m42.0s/1m0s  6000.00 iters/s

running (0m43.0s), 0005/0600 VUs, 257705 complete and 0 interrupted iterations
steady   [  72% ] 0005/0600 VUs  0m43.0s/1m0s  6000.00 iters/s

running (0m44.0s), 0004/0600 VUs, 263705 complete and 0 interrupted iterations
steady   [  73% ] 0004/0600 VUs  0m44.0s/1m0s  6000.00 iters/s

running (0m45.0s), 0002/0600 VUs, 269707 complete and 0 interrupted iterations
steady   [  75% ] 0002/0600 VUs  0m45.0s/1m0s  6000.00 iters/s

running (0m46.0s), 0003/0600 VUs, 275707 complete and 0 interrupted iterations
steady   [  77% ] 0003/0600 VUs  0m46.0s/1m0s  6000.00 iters/s

running (0m47.0s), 0003/0600 VUs, 281707 complete and 0 interrupted iterations
steady   [  78% ] 0003/0600 VUs  0m47.0s/1m0s  6000.00 iters/s

running (0m48.0s), 0004/0600 VUs, 287706 complete and 0 interrupted iterations
steady   [  80% ] 0004/0600 VUs  0m48.0s/1m0s  6000.00 iters/s

running (0m49.0s), 0003/0600 VUs, 293707 complete and 0 interrupted iterations
steady   [  82% ] 0003/0600 VUs  0m49.0s/1m0s  6000.00 iters/s

running (0m50.0s), 0003/0600 VUs, 299706 complete and 0 interrupted iterations
steady   [  83% ] 0002/0600 VUs  0m50.0s/1m0s  6000.00 iters/s

running (0m51.0s), 0002/0600 VUs, 305708 complete and 0 interrupted iterations
steady   [  85% ] 0002/0600 VUs  0m51.0s/1m0s  6000.00 iters/s

running (0m52.0s), 0003/0600 VUs, 311707 complete and 0 interrupted iterations
steady   [  87% ] 0003/0600 VUs  0m52.0s/1m0s  6000.00 iters/s

running (0m53.0s), 0007/0600 VUs, 317702 complete and 0 interrupted iterations
steady   [  88% ] 0008/0600 VUs  0m53.0s/1m0s  6000.00 iters/s

running (0m54.0s), 0003/0600 VUs, 323707 complete and 0 interrupted iterations
steady   [  90% ] 0003/0600 VUs  0m54.0s/1m0s  6000.00 iters/s

running (0m55.0s), 0002/0600 VUs, 329708 complete and 0 interrupted iterations
steady   [  92% ] 0002/0600 VUs  0m55.0s/1m0s  6000.00 iters/s

running (0m56.0s), 0002/0600 VUs, 335708 complete and 0 interrupted iterations
steady   [  93% ] 0002/0600 VUs  0m56.0s/1m0s  6000.00 iters/s

running (0m57.0s), 0002/0600 VUs, 341708 complete and 0 interrupted iterations
steady   [  95% ] 0002/0600 VUs  0m57.0s/1m0s  6000.00 iters/s

running (0m58.0s), 0007/0600 VUs, 347703 complete and 0 interrupted iterations
steady   [  97% ] 0007/0600 VUs  0m58.0s/1m0s  6000.00 iters/s

running (0m59.0s), 0003/0600 VUs, 353707 complete and 0 interrupted iterations
steady   [  98% ] 0003/0600 VUs  0m59.0s/1m0s  6000.00 iters/s

running (1m00.0s), 0006/0600 VUs, 359704 complete and 0 interrupted iterations
steady   [ 100% ] 0006/0600 VUs  1m00.0s/1m0s  6000.00 iters/s

  http_reqs                    360002 (5999.93/s)
  http_req_duration            med=0.36ms p95=1.45ms p99=3.25ms max=26.30ms
  http_req_waiting             p95=1.43ms
  http_req_failed              0.000%
  dropped_iterations           0
  vus_max                      600
  checks                       0 passed, 0 failed


running (1m00.0s), 0000/0600 VUs, 360002 complete and 0 interrupted iterations
steady ✓ [ 100% ] 0000/0600 VUs  1m0s  6000.00 iters/s
