
         /\      Grafana   /‾‾/  
    /\  /  \     |\  __   /  /   
   /  \/    \    | |/ /  /   ‾‾\ 
  /          \   |   (  |  (‾)  |
 / __________ \  |_|\_\  \_____/ 


     execution: local
        script: /Users/juancavallotti/Documents/development/octo-performance/scenarios/002-fanout-transform/k6/steady.js
        output: -

     scenarios: (100.00%) 1 scenario, 6000 max VUs, 1m10s max duration (incl. graceful stop):
              * steady: 6000.00 iterations/s for 1m0s (maxVUs: 600-6000, gracefulStop: 10s)


running (0m00.9s), 0006/0600 VUs, 5689 complete and 0 interrupted iterations
steady   [   2% ] 0006/0600 VUs  0m00.9s/1m0s  6000.00 iters/s

running (0m01.9s), 0021/0600 VUs, 11674 complete and 0 interrupted iterations
steady   [   3% ] 0021/0600 VUs  0m01.9s/1m0s  6000.00 iters/s

running (0m02.9s), 0009/0600 VUs, 17685 complete and 0 interrupted iterations
steady   [   5% ] 0009/0600 VUs  0m02.9s/1m0s  6000.00 iters/s

running (0m03.9s), 0011/0600 VUs, 23684 complete and 0 interrupted iterations
steady   [   7% ] 0011/0600 VUs  0m03.9s/1m0s  6000.00 iters/s

running (0m04.9s), 0015/0600 VUs, 29680 complete and 0 interrupted iterations
steady   [   8% ] 0015/0600 VUs  0m04.9s/1m0s  6000.00 iters/s

running (0m05.9s), 0005/0600 VUs, 35690 complete and 0 interrupted iterations
steady   [  10% ] 0005/0600 VUs  0m05.9s/1m0s  6000.00 iters/s

running (0m06.9s), 0005/0600 VUs, 41690 complete and 0 interrupted iterations
steady   [  12% ] 0005/0600 VUs  0m06.9s/1m0s  6000.00 iters/s

running (0m07.9s), 0009/0600 VUs, 47686 complete and 0 interrupted iterations
steady   [  13% ] 0009/0600 VUs  0m07.9s/1m0s  6000.00 iters/s

running (0m08.9s), 0016/0600 VUs, 53679 complete and 0 interrupted iterations
steady   [  15% ] 0016/0600 VUs  0m08.9s/1m0s  6000.00 iters/s

running (0m09.9s), 0003/0600 VUs, 59691 complete and 0 interrupted iterations
steady   [  17% ] 0003/0600 VUs  0m09.9s/1m0s  6000.00 iters/s

running (0m10.9s), 0017/0600 VUs, 65678 complete and 0 interrupted iterations
steady   [  18% ] 0017/0600 VUs  0m10.9s/1m0s  6000.00 iters/s

running (0m11.9s), 0004/0600 VUs, 71691 complete and 0 interrupted iterations
steady   [  20% ] 0004/0600 VUs  0m11.9s/1m0s  6000.00 iters/s

running (0m12.9s), 0010/0600 VUs, 77685 complete and 0 interrupted iterations
steady   [  22% ] 0010/0600 VUs  0m12.9s/1m0s  6000.00 iters/s

running (0m13.9s), 0012/0600 VUs, 83683 complete and 0 interrupted iterations
steady   [  23% ] 0012/0600 VUs  0m13.9s/1m0s  6000.00 iters/s

running (0m14.9s), 0004/0600 VUs, 89691 complete and 0 interrupted iterations
steady   [  25% ] 0004/0600 VUs  0m14.9s/1m0s  6000.00 iters/s

running (0m15.9s), 0007/0600 VUs, 95688 complete and 0 interrupted iterations
steady   [  27% ] 0007/0600 VUs  0m15.9s/1m0s  6000.00 iters/s

running (0m16.9s), 0007/0600 VUs, 101688 complete and 0 interrupted iterations
steady   [  28% ] 0007/0600 VUs  0m16.9s/1m0s  6000.00 iters/s

running (0m17.9s), 0014/0600 VUs, 107681 complete and 0 interrupted iterations
steady   [  30% ] 0014/0600 VUs  0m17.9s/1m0s  6000.00 iters/s

running (0m18.9s), 0013/0600 VUs, 113682 complete and 0 interrupted iterations
steady   [  32% ] 0013/0600 VUs  0m18.9s/1m0s  6000.00 iters/s

running (0m19.9s), 0005/0600 VUs, 119690 complete and 0 interrupted iterations
steady   [  33% ] 0004/0600 VUs  0m19.9s/1m0s  6000.00 iters/s

running (0m20.9s), 0005/0600 VUs, 125690 complete and 0 interrupted iterations
steady   [  35% ] 0005/0600 VUs  0m20.9s/1m0s  6000.00 iters/s

running (0m21.9s), 0011/0600 VUs, 131684 complete and 0 interrupted iterations
steady   [  37% ] 0011/0600 VUs  0m21.9s/1m0s  6000.00 iters/s

running (0m22.9s), 0018/0600 VUs, 137677 complete and 0 interrupted iterations
steady   [  38% ] 0018/0600 VUs  0m22.9s/1m0s  6000.00 iters/s

running (0m23.9s), 0029/0600 VUs, 143666 complete and 0 interrupted iterations
steady   [  40% ] 0029/0600 VUs  0m23.9s/1m0s  6000.00 iters/s

running (0m24.9s), 0003/0600 VUs, 149692 complete and 0 interrupted iterations
steady   [  42% ] 0003/0600 VUs  0m24.9s/1m0s  6000.00 iters/s

running (0m25.9s), 0016/0600 VUs, 155679 complete and 0 interrupted iterations
steady   [  43% ] 0016/0600 VUs  0m25.9s/1m0s  6000.00 iters/s

running (0m26.9s), 0004/0600 VUs, 161691 complete and 0 interrupted iterations
steady   [  45% ] 0004/0600 VUs  0m26.9s/1m0s  6000.00 iters/s

running (0m27.9s), 0014/0600 VUs, 167681 complete and 0 interrupted iterations
steady   [  47% ] 0014/0600 VUs  0m27.9s/1m0s  6000.00 iters/s

running (0m28.9s), 0011/0600 VUs, 173684 complete and 0 interrupted iterations
steady   [  48% ] 0011/0600 VUs  0m28.9s/1m0s  6000.00 iters/s

running (0m29.9s), 0003/0600 VUs, 179692 complete and 0 interrupted iterations
steady   [  50% ] 0003/0600 VUs  0m29.9s/1m0s  6000.00 iters/s

running (0m30.9s), 0019/0600 VUs, 185676 complete and 0 interrupted iterations
steady   [  52% ] 0019/0600 VUs  0m30.9s/1m0s  6000.00 iters/s

running (0m31.9s), 0011/0600 VUs, 191684 complete and 0 interrupted iterations
steady   [  53% ] 0011/0600 VUs  0m31.9s/1m0s  6000.00 iters/s

running (0m32.9s), 0003/0600 VUs, 197692 complete and 0 interrupted iterations
steady   [  55% ] 0003/0600 VUs  0m32.9s/1m0s  6000.00 iters/s

running (0m33.9s), 0004/0600 VUs, 203691 complete and 0 interrupted iterations
steady   [  57% ] 0004/0600 VUs  0m33.9s/1m0s  6000.00 iters/s

running (0m34.9s), 0014/0600 VUs, 209681 complete and 0 interrupted iterations
steady   [  58% ] 0014/0600 VUs  0m34.9s/1m0s  6000.00 iters/s

running (0m35.9s), 0004/0600 VUs, 215691 complete and 0 interrupted iterations
steady   [  60% ] 0004/0600 VUs  0m35.9s/1m0s  6000.00 iters/s

running (0m36.9s), 0006/0600 VUs, 221689 complete and 0 interrupted iterations
steady   [  62% ] 0006/0600 VUs  0m36.9s/1m0s  6000.00 iters/s

running (0m37.9s), 0003/0600 VUs, 227692 complete and 0 interrupted iterations
steady   [  63% ] 0003/0600 VUs  0m37.9s/1m0s  6000.00 iters/s

running (0m38.9s), 0004/0600 VUs, 233691 complete and 0 interrupted iterations
steady   [  65% ] 0004/0600 VUs  0m38.9s/1m0s  6000.00 iters/s

running (0m39.9s), 0018/0600 VUs, 239678 complete and 0 interrupted iterations
steady   [  67% ] 0018/0600 VUs  0m39.9s/1m0s  6000.00 iters/s

running (0m40.9s), 0030/0600 VUs, 245666 complete and 0 interrupted iterations
steady   [  68% ] 0030/0600 VUs  0m40.9s/1m0s  6000.00 iters/s

running (0m41.9s), 0027/0600 VUs, 251668 complete and 0 interrupted iterations
steady   [  70% ] 0027/0600 VUs  0m41.9s/1m0s  6000.00 iters/s

running (0m42.9s), 0021/0600 VUs, 257675 complete and 0 interrupted iterations
steady   [  72% ] 0021/0600 VUs  0m42.9s/1m0s  6000.00 iters/s

running (0m43.9s), 0013/0600 VUs, 263682 complete and 0 interrupted iterations
steady   [  73% ] 0013/0600 VUs  0m43.9s/1m0s  6000.00 iters/s

running (0m44.9s), 0029/0600 VUs, 269667 complete and 0 interrupted iterations
steady   [  75% ] 0029/0600 VUs  0m44.9s/1m0s  6000.00 iters/s

running (0m45.9s), 0008/0600 VUs, 275688 complete and 0 interrupted iterations
steady   [  77% ] 0008/0600 VUs  0m45.9s/1m0s  6000.00 iters/s

running (0m46.9s), 0018/0600 VUs, 281677 complete and 0 interrupted iterations
steady   [  78% ] 0018/0600 VUs  0m46.9s/1m0s  6000.00 iters/s

running (0m47.9s), 0004/0600 VUs, 287692 complete and 0 interrupted iterations
steady   [  80% ] 0004/0600 VUs  0m47.9s/1m0s  6000.00 iters/s

running (0m48.9s), 0006/0600 VUs, 293690 complete and 0 interrupted iterations
steady   [  82% ] 0006/0600 VUs  0m48.9s/1m0s  6000.00 iters/s

running (0m49.9s), 0010/0600 VUs, 299686 complete and 0 interrupted iterations
steady   [  83% ] 0010/0600 VUs  0m49.9s/1m0s  6000.00 iters/s

running (0m50.9s), 0004/0600 VUs, 305692 complete and 0 interrupted iterations
steady   [  85% ] 0004/0600 VUs  0m50.9s/1m0s  6000.00 iters/s

running (0m51.9s), 0004/0600 VUs, 311692 complete and 0 interrupted iterations
steady   [  87% ] 0004/0600 VUs  0m51.9s/1m0s  6000.00 iters/s

running (0m52.9s), 0003/0600 VUs, 317693 complete and 0 interrupted iterations
steady   [  88% ] 0003/0600 VUs  0m52.9s/1m0s  6000.00 iters/s

running (0m53.9s), 0021/0600 VUs, 323675 complete and 0 interrupted iterations
steady   [  90% ] 0021/0600 VUs  0m53.9s/1m0s  6000.00 iters/s

running (0m54.9s), 0012/0600 VUs, 329684 complete and 0 interrupted iterations
steady   [  92% ] 0012/0600 VUs  0m54.9s/1m0s  6000.00 iters/s

running (0m55.9s), 0005/0600 VUs, 335691 complete and 0 interrupted iterations
steady   [  93% ] 0005/0600 VUs  0m55.9s/1m0s  6000.00 iters/s

running (0m56.9s), 0003/0600 VUs, 341693 complete and 0 interrupted iterations
steady   [  95% ] 0003/0600 VUs  0m56.9s/1m0s  6000.00 iters/s

running (0m57.9s), 0008/0600 VUs, 347688 complete and 0 interrupted iterations
steady   [  97% ] 0008/0600 VUs  0m57.9s/1m0s  6000.00 iters/s

running (0m58.9s), 0007/0600 VUs, 353689 complete and 0 interrupted iterations
steady   [  98% ] 0007/0600 VUs  0m58.9s/1m0s  6000.00 iters/s

running (0m59.9s), 0004/0600 VUs, 359692 complete and 0 interrupted iterations
steady   [ 100% ] 0004/0600 VUs  0m59.9s/1m0s  6000.00 iters/s

  http_reqs                    360002 (5999.76/s)
  http_req_duration            med=1.21ms p95=6.16ms p99=10.62ms max=32.99ms
  http_req_waiting             p95=6.14ms
  http_req_failed              0.000%
  dropped_iterations           0
  vus_max                      600
  checks                       0 passed, 0 failed


running (1m00.0s), 0000/0600 VUs, 360002 complete and 0 interrupted iterations
steady ✓ [ 100% ] 0000/0600 VUs  1m0s  6000.00 iters/s
