
         /\      Grafana   /‾‾/  
    /\  /  \     |\  __   /  /   
   /  \/    \    | |/ /  /   ‾‾\ 
  /          \   |   (  |  (‾)  |
 / __________ \  |_|\_\  \_____/ 


     execution: local
        script: /Users/juancavallotti/Documents/development/octo-performance/scenarios/002-fanout-transform/k6/steady.js
        output: -

     scenarios: (100.00%) 1 scenario, 6000 max VUs, 1m10s max duration (incl. graceful stop):
              * steady: 6000.00 iterations/s for 1m0s (maxVUs: 600-6000, gracefulStop: 10s)


running (0m00.9s), 0002/0600 VUs, 5698 complete and 0 interrupted iterations
steady   [   2% ] 0002/0600 VUs  0m00.9s/1m0s  6000.00 iters/s

running (0m02.0s), 0001/0600 VUs, 11699 complete and 0 interrupted iterations
steady   [   3% ] 0001/0600 VUs  0m01.9s/1m0s  6000.00 iters/s

running (0m02.9s), 0001/0600 VUs, 17699 complete and 0 interrupted iterations
steady   [   5% ] 0001/0600 VUs  0m02.9s/1m0s  6000.00 iters/s

running (0m04.0s), 0001/0600 VUs, 23699 complete and 0 interrupted iterations
steady   [   7% ] 0002/0600 VUs  0m03.9s/1m0s  6000.00 iters/s

running (0m04.9s), 0001/0600 VUs, 29699 complete and 0 interrupted iterations
steady   [   8% ] 0001/0600 VUs  0m04.9s/1m0s  6000.00 iters/s

running (0m05.9s), 0001/0600 VUs, 35699 complete and 0 interrupted iterations
steady   [  10% ] 0001/0600 VUs  0m05.9s/1m0s  6000.00 iters/s

running (0m06.9s), 0001/0600 VUs, 41699 complete and 0 interrupted iterations
steady   [  12% ] 0001/0600 VUs  0m06.9s/1m0s  6000.00 iters/s

running (0m07.9s), 0001/0600 VUs, 47699 complete and 0 interrupted iterations
steady   [  13% ] 0001/0600 VUs  0m07.9s/1m0s  6000.00 iters/s

running (0m09.0s), 0001/0600 VUs, 53699 complete and 0 interrupted iterations
steady   [  15% ] 0001/0600 VUs  0m08.9s/1m0s  6000.00 iters/s

running (0m09.9s), 0001/0600 VUs, 59699 complete and 0 interrupted iterations
steady   [  17% ] 0001/0600 VUs  0m09.9s/1m0s  6000.00 iters/s

running (0m10.9s), 0001/0600 VUs, 65699 complete and 0 interrupted iterations
steady   [  18% ] 0001/0600 VUs  0m10.9s/1m0s  6000.00 iters/s

running (0m11.9s), 0001/0600 VUs, 71699 complete and 0 interrupted iterations
steady   [  20% ] 0001/0600 VUs  0m11.9s/1m0s  6000.00 iters/s

running (0m13.0s), 0002/0600 VUs, 77699 complete and 0 interrupted iterations
steady   [  22% ] 0002/0600 VUs  0m13.0s/1m0s  6000.00 iters/s

running (0m13.9s), 0001/0600 VUs, 83699 complete and 0 interrupted iterations
steady   [  23% ] 0001/0600 VUs  0m13.9s/1m0s  6000.00 iters/s

running (0m14.9s), 0001/0600 VUs, 89699 complete and 0 interrupted iterations
steady   [  25% ] 0001/0600 VUs  0m14.9s/1m0s  6000.00 iters/s

running (0m16.0s), 0001/0600 VUs, 95700 complete and 0 interrupted iterations
steady   [  27% ] 0001/0600 VUs  0m16.0s/1m0s  6000.00 iters/s

running (0m17.0s), 0002/0600 VUs, 101699 complete and 0 interrupted iterations
steady   [  28% ] 0002/0600 VUs  0m17.0s/1m0s  6000.00 iters/s

running (0m18.0s), 0001/0600 VUs, 107700 complete and 0 interrupted iterations
steady   [  30% ] 0001/0600 VUs  0m17.9s/1m0s  6000.00 iters/s

running (0m19.0s), 0001/0600 VUs, 113699 complete and 0 interrupted iterations
steady   [  32% ] 0000/0600 VUs  0m18.9s/1m0s  6000.00 iters/s

running (0m19.9s), 0001/0600 VUs, 119699 complete and 0 interrupted iterations
steady   [  33% ] 0001/0600 VUs  0m19.9s/1m0s  6000.00 iters/s

running (0m21.0s), 0002/0600 VUs, 125700 complete and 0 interrupted iterations
steady   [  35% ] 0002/0600 VUs  0m21.0s/1m0s  6000.00 iters/s

running (0m22.0s), 0002/0600 VUs, 131699 complete and 0 interrupted iterations
steady   [  37% ] 0002/0600 VUs  0m21.9s/1m0s  6000.00 iters/s

running (0m23.0s), 0000/0600 VUs, 137700 complete and 0 interrupted iterations
steady   [  38% ] 0000/0600 VUs  0m22.9s/1m0s  6000.00 iters/s

running (0m24.0s), 0001/0600 VUs, 143700 complete and 0 interrupted iterations
steady   [  40% ] 0001/0600 VUs  0m23.9s/1m0s  6000.00 iters/s

running (0m25.0s), 0001/0600 VUs, 149700 complete and 0 interrupted iterations
steady   [  42% ] 0001/0600 VUs  0m24.9s/1m0s  6000.00 iters/s

running (0m26.0s), 0001/0600 VUs, 155700 complete and 0 interrupted iterations
steady   [  43% ] 0001/0600 VUs  0m25.9s/1m0s  6000.00 iters/s

running (0m27.0s), 0000/0600 VUs, 161700 complete and 0 interrupted iterations
steady   [  45% ] 0000/0600 VUs  0m26.9s/1m0s  6000.00 iters/s

running (0m28.0s), 0001/0600 VUs, 167700 complete and 0 interrupted iterations
steady   [  47% ] 0001/0600 VUs  0m28.0s/1m0s  6000.00 iters/s

running (0m29.0s), 0001/0600 VUs, 173700 complete and 0 interrupted iterations
steady   [  48% ] 0001/0600 VUs  0m28.9s/1m0s  6000.00 iters/s

running (0m30.0s), 0001/0600 VUs, 179700 complete and 0 interrupted iterations
steady   [  50% ] 0001/0600 VUs  0m30.0s/1m0s  6000.00 iters/s

running (0m31.0s), 0001/0600 VUs, 185700 complete and 0 interrupted iterations
steady   [  52% ] 0001/0600 VUs  0m30.9s/1m0s  6000.00 iters/s

running (0m32.0s), 0002/0600 VUs, 191699 complete and 0 interrupted iterations
steady   [  53% ] 0002/0600 VUs  0m32.0s/1m0s  6000.00 iters/s

running (0m33.0s), 0001/0600 VUs, 197700 complete and 0 interrupted iterations
steady   [  55% ] 0001/0600 VUs  0m32.9s/1m0s  6000.00 iters/s

running (0m34.0s), 0001/0600 VUs, 203700 complete and 0 interrupted iterations
steady   [  57% ] 0001/0600 VUs  0m33.9s/1m0s  6000.00 iters/s

running (0m35.0s), 0001/0600 VUs, 209700 complete and 0 interrupted iterations
steady   [  58% ] 0001/0600 VUs  0m34.9s/1m0s  6000.00 iters/s

running (0m36.0s), 0001/0600 VUs, 215700 complete and 0 interrupted iterations
steady   [  60% ] 0001/0600 VUs  0m35.9s/1m0s  6000.00 iters/s

running (0m37.0s), 0002/0600 VUs, 221699 complete and 0 interrupted iterations
steady   [  62% ] 0002/0600 VUs  0m36.9s/1m0s  6000.00 iters/s

running (0m38.0s), 0001/0600 VUs, 227700 complete and 0 interrupted iterations
steady   [  63% ] 0001/0600 VUs  0m37.9s/1m0s  6000.00 iters/s

running (0m39.0s), 0002/0600 VUs, 233699 complete and 0 interrupted iterations
steady   [  65% ] 0002/0600 VUs  0m38.9s/1m0s  6000.00 iters/s

running (0m40.0s), 0002/0600 VUs, 239699 complete and 0 interrupted iterations
steady   [  67% ] 0002/0600 VUs  0m39.9s/1m0s  6000.00 iters/s

running (0m41.0s), 0001/0600 VUs, 245700 complete and 0 interrupted iterations
steady   [  68% ] 0001/0600 VUs  0m40.9s/1m0s  6000.00 iters/s

running (0m42.0s), 0001/0600 VUs, 251700 complete and 0 interrupted iterations
steady   [  70% ] 0001/0600 VUs  0m41.9s/1m0s  6000.00 iters/s

running (0m43.0s), 0001/0600 VUs, 257700 complete and 0 interrupted iterations
steady   [  72% ] 0001/0600 VUs  0m42.9s/1m0s  6000.00 iters/s

running (0m44.0s), 0001/0600 VUs, 263700 complete and 0 interrupted iterations
steady   [  73% ] 0001/0600 VUs  0m43.9s/1m0s  6000.00 iters/s

running (0m45.0s), 0003/0600 VUs, 269699 complete and 0 interrupted iterations
steady   [  75% ] 0003/0600 VUs  0m45.0s/1m0s  6000.00 iters/s

running (0m46.0s), 0001/0600 VUs, 275700 complete and 0 interrupted iterations
steady   [  77% ] 0001/0600 VUs  0m45.9s/1m0s  6000.00 iters/s

running (0m47.0s), 0005/0600 VUs, 281698 complete and 0 interrupted iterations
steady   [  78% ] 0005/0600 VUs  0m47.0s/1m0s  6000.00 iters/s

running (0m48.0s), 0008/0600 VUs, 287700 complete and 0 interrupted iterations
steady   [  80% ] 0009/0600 VUs  0m48.0s/1m0s  6000.00 iters/s

running (0m49.0s), 0003/0600 VUs, 293699 complete and 0 interrupted iterations
steady   [  82% ] 0003/0600 VUs  0m49.0s/1m0s  6000.00 iters/s

running (0m50.0s), 0001/0600 VUs, 299700 complete and 0 interrupted iterations
steady   [  83% ] 0001/0600 VUs  0m49.9s/1m0s  6000.00 iters/s

running (0m51.0s), 0003/0600 VUs, 305698 complete and 0 interrupted iterations
steady   [  85% ] 0003/0600 VUs  0m50.9s/1m0s  6000.00 iters/s

running (0m52.0s), 0001/0600 VUs, 311700 complete and 0 interrupted iterations
steady   [  87% ] 0001/0600 VUs  0m51.9s/1m0s  6000.00 iters/s

running (0m53.0s), 0002/0600 VUs, 317699 complete and 0 interrupted iterations
steady   [  88% ] 0002/0600 VUs  0m53.0s/1m0s  6000.00 iters/s

running (0m54.0s), 0001/0600 VUs, 323700 complete and 0 interrupted iterations
steady   [  90% ] 0002/0600 VUs  0m54.0s/1m0s  6000.00 iters/s

running (0m55.0s), 0000/0600 VUs, 329701 complete and 0 interrupted iterations
steady   [  92% ] 0000/0600 VUs  0m54.9s/1m0s  6000.00 iters/s

running (0m56.0s), 0001/0600 VUs, 335700 complete and 0 interrupted iterations
steady   [  93% ] 0001/0600 VUs  0m55.9s/1m0s  6000.00 iters/s

running (0m57.0s), 0001/0600 VUs, 341700 complete and 0 interrupted iterations
steady   [  95% ] 0001/0600 VUs  0m56.9s/1m0s  6000.00 iters/s

running (0m58.0s), 0001/0600 VUs, 347701 complete and 0 interrupted iterations
steady   [  97% ] 0001/0600 VUs  0m58.0s/1m0s  6000.00 iters/s

running (0m59.0s), 0001/0600 VUs, 353700 complete and 0 interrupted iterations
steady   [  98% ] 0001/0600 VUs  0m58.9s/1m0s  6000.00 iters/s

running (1m00.0s), 0002/0600 VUs, 359699 complete and 0 interrupted iterations
steady   [ 100% ] 0002/0600 VUs  0m59.9s/1m0s  6000.00 iters/s

  http_reqs                    360002 (5999.94/s)
  http_req_duration            med=0.15ms p95=0.38ms p99=0.71ms max=12.86ms
  http_req_waiting             p95=0.36ms
  http_req_failed              0.000%
  dropped_iterations           0
  vus_max                      600
  checks                       0 passed, 0 failed


running (1m00.0s), 0000/0600 VUs, 360002 complete and 0 interrupted iterations
steady ✓ [ 100% ] 0000/0600 VUs  1m0s  6000.00 iters/s
