
         /\      Grafana   /‾‾/  
    /\  /  \     |\  __   /  /   
   /  \/    \    | |/ /  /   ‾‾\ 
  /          \   |   (  |  (‾)  |
 / __________ \  |_|\_\  \_____/ 


     execution: local
        script: /Users/juancavallotti/Documents/development/octo-performance/scenarios/002-fanout-transform/k6/steady.js
        output: -

     scenarios: (100.00%) 1 scenario, 6000 max VUs, 1m10s max duration (incl. graceful stop):
              * steady: 6000.00 iterations/s for 1m0s (maxVUs: 600-6000, gracefulStop: 10s)


running (0m01.0s), 0025/0600 VUs, 5703 complete and 0 interrupted iterations
steady   [   2% ] 0025/0600 VUs  0m01.0s/1m0s  6000.00 iters/s

running (0m02.0s), 0064/0600 VUs, 11665 complete and 0 interrupted iterations
steady   [   3% ] 0064/0600 VUs  0m02.0s/1m0s  6000.00 iters/s

running (0m03.0s), 0013/0600 VUs, 17715 complete and 0 interrupted iterations
steady   [   5% ] 0013/0600 VUs  0m03.0s/1m0s  6000.00 iters/s

running (0m04.0s), 0017/0600 VUs, 23711 complete and 0 interrupted iterations
steady   [   7% ] 0017/0600 VUs  0m04.0s/1m0s  6000.00 iters/s

running (0m05.0s), 0005/0600 VUs, 29723 complete and 0 interrupted iterations
steady   [   8% ] 0005/0600 VUs  0m05.0s/1m0s  6000.00 iters/s

running (0m06.0s), 0044/0600 VUs, 35683 complete and 0 interrupted iterations
steady   [  10% ] 0044/0600 VUs  0m06.0s/1m0s  6000.00 iters/s

running (0m07.0s), 0005/0600 VUs, 41723 complete and 0 interrupted iterations
steady   [  12% ] 0005/0600 VUs  0m07.0s/1m0s  6000.00 iters/s

running (0m08.0s), 0007/0600 VUs, 47721 complete and 0 interrupted iterations
steady   [  13% ] 0007/0600 VUs  0m08.0s/1m0s  6000.00 iters/s

running (0m09.0s), 0020/0600 VUs, 53708 complete and 0 interrupted iterations
steady   [  15% ] 0020/0600 VUs  0m09.0s/1m0s  6000.00 iters/s

running (0m10.0s), 0003/0600 VUs, 59725 complete and 0 interrupted iterations
steady   [  17% ] 0003/0600 VUs  0m10.0s/1m0s  6000.00 iters/s

running (0m11.0s), 0020/0600 VUs, 65708 complete and 0 interrupted iterations
steady   [  18% ] 0020/0600 VUs  0m11.0s/1m0s  6000.00 iters/s

running (0m12.0s), 0004/0600 VUs, 71723 complete and 0 interrupted iterations
steady   [  20% ] 0004/0600 VUs  0m12.0s/1m0s  6000.00 iters/s

running (0m13.0s), 0019/0600 VUs, 77709 complete and 0 interrupted iterations
steady   [  22% ] 0019/0600 VUs  0m13.0s/1m0s  6000.00 iters/s

running (0m14.0s), 0019/0600 VUs, 83709 complete and 0 interrupted iterations
steady   [  23% ] 0019/0600 VUs  0m14.0s/1m0s  6000.00 iters/s

running (0m15.0s), 0012/0600 VUs, 89716 complete and 0 interrupted iterations
steady   [  25% ] 0012/0600 VUs  0m15.0s/1m0s  6000.00 iters/s

running (0m16.0s), 0003/0600 VUs, 95725 complete and 0 interrupted iterations
steady   [  27% ] 0003/0600 VUs  0m16.0s/1m0s  6000.00 iters/s

running (0m17.0s), 0017/0600 VUs, 101711 complete and 0 interrupted iterations
steady   [  28% ] 0017/0600 VUs  0m17.0s/1m0s  6000.00 iters/s

running (0m18.0s), 0061/0600 VUs, 107667 complete and 0 interrupted iterations
steady   [  30% ] 0061/0600 VUs  0m18.0s/1m0s  6000.00 iters/s

running (0m19.0s), 0006/0600 VUs, 113722 complete and 0 interrupted iterations
steady   [  32% ] 0006/0600 VUs  0m19.0s/1m0s  6000.00 iters/s

running (0m20.0s), 0005/0600 VUs, 119723 complete and 0 interrupted iterations
steady   [  33% ] 0005/0600 VUs  0m20.0s/1m0s  6000.00 iters/s

running (0m21.0s), 0005/0600 VUs, 125724 complete and 0 interrupted iterations
steady   [  35% ] 0005/0600 VUs  0m21.0s/1m0s  6000.00 iters/s

running (0m22.0s), 0014/0600 VUs, 131714 complete and 0 interrupted iterations
steady   [  37% ] 0015/0600 VUs  0m22.0s/1m0s  6000.00 iters/s

running (0m23.0s), 0028/0600 VUs, 137700 complete and 0 interrupted iterations
steady   [  38% ] 0028/0600 VUs  0m23.0s/1m0s  6000.00 iters/s

running (0m24.0s), 0015/0600 VUs, 143713 complete and 0 interrupted iterations
steady   [  40% ] 0015/0600 VUs  0m24.0s/1m0s  6000.00 iters/s

running (0m25.0s), 0020/0600 VUs, 149708 complete and 0 interrupted iterations
steady   [  42% ] 0020/0600 VUs  0m25.0s/1m0s  6000.00 iters/s

running (0m26.0s), 0003/0600 VUs, 155725 complete and 0 interrupted iterations
steady   [  43% ] 0003/0600 VUs  0m26.0s/1m0s  6000.00 iters/s

running (0m27.0s), 0024/0600 VUs, 161704 complete and 0 interrupted iterations
steady   [  45% ] 0024/0600 VUs  0m27.0s/1m0s  6000.00 iters/s

running (0m28.0s), 0004/0600 VUs, 167724 complete and 0 interrupted iterations
steady   [  47% ] 0004/0600 VUs  0m28.0s/1m0s  6000.00 iters/s

running (0m29.0s), 0016/0600 VUs, 173712 complete and 0 interrupted iterations
steady   [  48% ] 0016/0600 VUs  0m29.0s/1m0s  6000.00 iters/s

running (0m30.0s), 0004/0600 VUs, 179724 complete and 0 interrupted iterations
steady   [  50% ] 0004/0600 VUs  0m30.0s/1m0s  6000.00 iters/s

running (0m31.0s), 0003/0600 VUs, 185725 complete and 0 interrupted iterations
steady   [  52% ] 0003/0600 VUs  0m31.0s/1m0s  6000.00 iters/s

running (0m32.0s), 0005/0600 VUs, 191724 complete and 0 interrupted iterations
steady   [  53% ] 0005/0600 VUs  0m32.0s/1m0s  6000.00 iters/s

running (0m33.0s), 0003/0600 VUs, 197725 complete and 0 interrupted iterations
steady   [  55% ] 0003/0600 VUs  0m33.0s/1m0s  6000.00 iters/s

running (0m34.0s), 0005/0600 VUs, 203723 complete and 0 interrupted iterations
steady   [  57% ] 0005/0600 VUs  0m34.0s/1m0s  6000.00 iters/s

running (0m35.0s), 0004/0600 VUs, 209725 complete and 0 interrupted iterations
steady   [  58% ] 0004/0600 VUs  0m35.0s/1m0s  6000.00 iters/s

running (0m36.0s), 0011/0600 VUs, 215717 complete and 0 interrupted iterations
steady   [  60% ] 0011/0600 VUs  0m36.0s/1m0s  6000.00 iters/s

running (0m37.0s), 0004/0600 VUs, 221724 complete and 0 interrupted iterations
steady   [  62% ] 0004/0600 VUs  0m37.0s/1m0s  6000.00 iters/s

running (0m38.0s), 0018/0600 VUs, 227710 complete and 0 interrupted iterations
steady   [  63% ] 0018/0600 VUs  0m38.0s/1m0s  6000.00 iters/s

running (0m39.0s), 0018/0600 VUs, 233711 complete and 0 interrupted iterations
steady   [  65% ] 0018/0600 VUs  0m39.0s/1m0s  6000.00 iters/s

running (0m40.0s), 0010/0600 VUs, 239719 complete and 0 interrupted iterations
steady   [  67% ] 0010/0600 VUs  0m40.0s/1m0s  6000.00 iters/s

running (0m41.0s), 0005/0600 VUs, 245724 complete and 0 interrupted iterations
steady   [  68% ] 0005/0600 VUs  0m41.0s/1m0s  6000.00 iters/s

running (0m42.0s), 0004/0600 VUs, 251724 complete and 0 interrupted iterations
steady   [  70% ] 0004/0600 VUs  0m42.0s/1m0s  6000.00 iters/s

running (0m43.0s), 0013/0600 VUs, 257715 complete and 0 interrupted iterations
steady   [  72% ] 0013/0600 VUs  0m43.0s/1m0s  6000.00 iters/s

running (0m44.0s), 0004/0600 VUs, 263725 complete and 0 interrupted iterations
steady   [  73% ] 0004/0600 VUs  0m44.0s/1m0s  6000.00 iters/s

running (0m45.0s), 0172/0600 VUs, 269557 complete and 0 interrupted iterations
steady   [  75% ] 0172/0600 VUs  0m45.0s/1m0s  6000.00 iters/s

running (0m46.0s), 0073/0600 VUs, 275656 complete and 0 interrupted iterations
steady   [  77% ] 0073/0600 VUs  0m46.0s/1m0s  6000.00 iters/s

running (0m47.0s), 0016/0600 VUs, 281713 complete and 0 interrupted iterations
steady   [  78% ] 0016/0600 VUs  0m47.0s/1m0s  6000.00 iters/s

running (0m48.0s), 0012/0600 VUs, 287716 complete and 0 interrupted iterations
steady   [  80% ] 0012/0600 VUs  0m48.0s/1m0s  6000.00 iters/s

running (0m49.0s), 0004/0600 VUs, 293725 complete and 0 interrupted iterations
steady   [  82% ] 0004/0600 VUs  0m49.0s/1m0s  6000.00 iters/s

running (0m50.0s), 0004/0600 VUs, 299725 complete and 0 interrupted iterations
steady   [  83% ] 0004/0600 VUs  0m50.0s/1m0s  6000.00 iters/s

running (0m51.0s), 0003/0600 VUs, 305725 complete and 0 interrupted iterations
steady   [  85% ] 0003/0600 VUs  0m51.0s/1m0s  6000.00 iters/s

running (0m52.0s), 0017/0600 VUs, 311711 complete and 0 interrupted iterations
steady   [  87% ] 0017/0600 VUs  0m52.0s/1m0s  6000.00 iters/s

running (0m53.0s), 0005/0600 VUs, 317724 complete and 0 interrupted iterations
steady   [  88% ] 0005/0600 VUs  0m53.0s/1m0s  6000.00 iters/s

running (0m54.0s), 0012/0600 VUs, 323717 complete and 0 interrupted iterations
steady   [  90% ] 0012/0600 VUs  0m54.0s/1m0s  6000.00 iters/s

running (0m55.0s), 0017/0600 VUs, 329712 complete and 0 interrupted iterations
steady   [  92% ] 0017/0600 VUs  0m55.0s/1m0s  6000.00 iters/s

running (0m56.0s), 0004/0600 VUs, 335725 complete and 0 interrupted iterations
steady   [  93% ] 0004/0600 VUs  0m56.0s/1m0s  6000.00 iters/s

running (0m57.0s), 0005/0600 VUs, 341724 complete and 0 interrupted iterations
steady   [  95% ] 0005/0600 VUs  0m57.0s/1m0s  6000.00 iters/s

running (0m58.0s), 0004/0600 VUs, 347725 complete and 0 interrupted iterations
steady   [  97% ] 0004/0600 VUs  0m58.0s/1m0s  6000.00 iters/s

running (0m59.0s), 0028/0600 VUs, 353702 complete and 0 interrupted iterations
steady   [  98% ] 0027/0600 VUs  0m59.0s/1m0s  6000.00 iters/s

running (1m00.0s), 0016/0600 VUs, 359713 complete and 0 interrupted iterations
steady   [ 100% ] 0016/0600 VUs  1m00.0s/1m0s  6000.00 iters/s

  http_reqs                    360002 (5999.77/s)
  http_req_duration            med=1.27ms p95=6.69ms p99=18.13ms max=141.42ms
  http_req_waiting             p95=6.67ms
  http_req_failed              0.000%
  dropped_iterations           0
  vus_max                      600
  checks                       0 passed, 0 failed


running (1m00.0s), 0000/0600 VUs, 360002 complete and 0 interrupted iterations
steady ✓ [ 100% ] 0000/0600 VUs  1m0s  6000.00 iters/s
