
         /\      Grafana   /‾‾/  
    /\  /  \     |\  __   /  /   
   /  \/    \    | |/ /  /   ‾‾\ 
  /          \   |   (  |  (‾)  |
 / __________ \  |_|\_\  \_____/ 


     execution: local
        script: /Users/juancavallotti/Documents/development/octo-performance/scenarios/002-fanout-transform/k6/steady.js
        output: -

     scenarios: (100.00%) 1 scenario, 6000 max VUs, 1m10s max duration (incl. graceful stop):
              * steady: 6000.00 iterations/s for 1m0s (maxVUs: 600-6000, gracefulStop: 10s)


running (0m01.0s), 0028/0600 VUs, 5687 complete and 0 interrupted iterations
steady   [   2% ] 0028/0600 VUs  0m01.0s/1m0s  6000.00 iters/s

running (0m02.0s), 0002/0600 VUs, 11712 complete and 0 interrupted iterations
steady   [   3% ] 0002/0600 VUs  0m02.0s/1m0s  6000.00 iters/s

running (0m03.0s), 0003/0600 VUs, 17711 complete and 0 interrupted iterations
steady   [   5% ] 0003/0600 VUs  0m03.0s/1m0s  6000.00 iters/s

running (0m04.0s), 0105/0600 VUs, 23608 complete and 0 interrupted iterations
steady   [   7% ] 0105/0600 VUs  0m04.0s/1m0s  6000.00 iters/s

running (0m05.0s), 0002/0600 VUs, 29712 complete and 0 interrupted iterations
steady   [   8% ] 0002/0600 VUs  0m05.0s/1m0s  6000.00 iters/s

running (0m06.0s), 0005/0600 VUs, 35708 complete and 0 interrupted iterations
steady   [  10% ] 0005/0600 VUs  0m06.0s/1m0s  6000.00 iters/s

running (0m07.0s), 0003/0600 VUs, 41711 complete and 0 interrupted iterations
steady   [  12% ] 0003/0600 VUs  0m07.0s/1m0s  6000.00 iters/s

running (0m08.0s), 0002/0600 VUs, 47711 complete and 0 interrupted iterations
steady   [  13% ] 0002/0600 VUs  0m08.0s/1m0s  6000.00 iters/s

running (0m09.0s), 0005/0600 VUs, 53711 complete and 0 interrupted iterations
steady   [  15% ] 0005/0600 VUs  0m09.0s/1m0s  6000.00 iters/s

running (0m10.0s), 0007/0600 VUs, 59707 complete and 0 interrupted iterations
steady   [  17% ] 0007/0600 VUs  0m10.0s/1m0s  6000.00 iters/s

running (0m11.0s), 0002/0600 VUs, 65712 complete and 0 interrupted iterations
steady   [  18% ] 0002/0600 VUs  0m11.0s/1m0s  6000.00 iters/s

running (0m12.0s), 0002/0600 VUs, 71712 complete and 0 interrupted iterations
steady   [  20% ] 0002/0600 VUs  0m12.0s/1m0s  6000.00 iters/s

running (0m13.0s), 0006/0600 VUs, 77706 complete and 0 interrupted iterations
steady   [  22% ] 0006/0600 VUs  0m13.0s/1m0s  6000.00 iters/s

running (0m14.0s), 0002/0600 VUs, 83712 complete and 0 interrupted iterations
steady   [  23% ] 0002/0600 VUs  0m14.0s/1m0s  6000.00 iters/s

running (0m15.0s), 0141/0600 VUs, 89537 complete and 0 interrupted iterations
steady   [  25% ] 0141/0600 VUs  0m15.0s/1m0s  6000.00 iters/s

running (0m16.0s), 0002/0600 VUs, 95712 complete and 0 interrupted iterations
steady   [  27% ] 0002/0600 VUs  0m16.0s/1m0s  6000.00 iters/s

running (0m17.0s), 0002/0600 VUs, 101712 complete and 0 interrupted iterations
steady   [  28% ] 0002/0600 VUs  0m17.0s/1m0s  6000.00 iters/s

running (0m18.0s), 0002/0600 VUs, 107712 complete and 0 interrupted iterations
steady   [  30% ] 0002/0600 VUs  0m18.0s/1m0s  6000.00 iters/s

running (0m19.0s), 0002/0600 VUs, 113712 complete and 0 interrupted iterations
steady   [  32% ] 0002/0600 VUs  0m19.0s/1m0s  6000.00 iters/s

running (0m20.0s), 0002/0600 VUs, 119712 complete and 0 interrupted iterations
steady   [  33% ] 0002/0600 VUs  0m20.0s/1m0s  6000.00 iters/s

running (0m21.0s), 0003/0600 VUs, 125711 complete and 0 interrupted iterations
steady   [  35% ] 0003/0600 VUs  0m21.0s/1m0s  6000.00 iters/s

running (0m22.0s), 0002/0600 VUs, 131712 complete and 0 interrupted iterations
steady   [  37% ] 0002/0600 VUs  0m22.0s/1m0s  6000.00 iters/s

running (0m23.0s), 0005/0600 VUs, 137710 complete and 0 interrupted iterations
steady   [  38% ] 0005/0600 VUs  0m23.0s/1m0s  6000.00 iters/s

running (0m24.0s), 0004/0600 VUs, 143710 complete and 0 interrupted iterations
steady   [  40% ] 0004/0600 VUs  0m24.0s/1m0s  6000.00 iters/s

running (0m25.0s), 0129/0600 VUs, 149615 complete and 0 interrupted iterations
steady   [  42% ] 0129/0600 VUs  0m25.0s/1m0s  6000.00 iters/s

running (0m26.0s), 0002/0600 VUs, 155712 complete and 0 interrupted iterations
steady   [  43% ] 0002/0600 VUs  0m26.0s/1m0s  6000.00 iters/s

running (0m27.0s), 0002/0600 VUs, 161712 complete and 0 interrupted iterations
steady   [  45% ] 0002/0600 VUs  0m27.0s/1m0s  6000.00 iters/s

running (0m28.0s), 0002/0600 VUs, 167712 complete and 0 interrupted iterations
steady   [  47% ] 0002/0600 VUs  0m28.0s/1m0s  6000.00 iters/s

running (0m29.0s), 0002/0600 VUs, 173712 complete and 0 interrupted iterations
steady   [  48% ] 0002/0600 VUs  0m29.0s/1m0s  6000.00 iters/s

running (0m30.0s), 0004/0600 VUs, 179710 complete and 0 interrupted iterations
steady   [  50% ] 0004/0600 VUs  0m30.0s/1m0s  6000.00 iters/s

running (0m31.0s), 0003/0600 VUs, 185712 complete and 0 interrupted iterations
steady   [  52% ] 0003/0600 VUs  0m31.0s/1m0s  6000.00 iters/s

running (0m32.0s), 0003/0600 VUs, 191711 complete and 0 interrupted iterations
steady   [  53% ] 0003/0600 VUs  0m32.0s/1m0s  6000.00 iters/s

running (0m33.0s), 0002/0600 VUs, 197712 complete and 0 interrupted iterations
steady   [  55% ] 0002/0600 VUs  0m33.0s/1m0s  6000.00 iters/s

running (0m34.0s), 0002/0600 VUs, 203713 complete and 0 interrupted iterations
steady   [  57% ] 0002/0600 VUs  0m34.0s/1m0s  6000.00 iters/s

running (0m35.0s), 0002/0600 VUs, 209713 complete and 0 interrupted iterations
steady   [  58% ] 0002/0600 VUs  0m35.0s/1m0s  6000.00 iters/s

running (0m36.0s), 0005/0600 VUs, 215710 complete and 0 interrupted iterations
steady   [  60% ] 0005/0600 VUs  0m36.0s/1m0s  6000.00 iters/s

running (0m37.0s), 0002/0600 VUs, 221712 complete and 0 interrupted iterations
steady   [  62% ] 0002/0600 VUs  0m37.0s/1m0s  6000.00 iters/s

running (0m38.0s), 0004/0600 VUs, 227710 complete and 0 interrupted iterations
steady   [  63% ] 0004/0600 VUs  0m38.0s/1m0s  6000.00 iters/s

running (0m39.0s), 0004/0600 VUs, 233711 complete and 0 interrupted iterations
steady   [  65% ] 0004/0600 VUs  0m39.0s/1m0s  6000.00 iters/s

running (0m40.0s), 0002/0600 VUs, 239712 complete and 0 interrupted iterations
steady   [  67% ] 0002/0600 VUs  0m40.0s/1m0s  6000.00 iters/s

running (0m41.0s), 0002/0600 VUs, 245713 complete and 0 interrupted iterations
steady   [  68% ] 0002/0600 VUs  0m41.0s/1m0s  6000.00 iters/s

running (0m42.0s), 0002/0600 VUs, 251712 complete and 0 interrupted iterations
steady   [  70% ] 0002/0600 VUs  0m42.0s/1m0s  6000.00 iters/s

running (0m43.0s), 0005/0600 VUs, 257710 complete and 0 interrupted iterations
steady   [  72% ] 0005/0600 VUs  0m43.0s/1m0s  6000.00 iters/s

running (0m44.0s), 0002/0600 VUs, 263713 complete and 0 interrupted iterations
steady   [  73% ] 0002/0600 VUs  0m44.0s/1m0s  6000.00 iters/s

running (0m45.0s), 0001/0600 VUs, 269713 complete and 0 interrupted iterations
steady   [  75% ] 0001/0600 VUs  0m45.0s/1m0s  6000.00 iters/s

running (0m46.0s), 0002/0600 VUs, 275713 complete and 0 interrupted iterations
steady   [  77% ] 0002/0600 VUs  0m46.0s/1m0s  6000.00 iters/s

running (0m47.0s), 0002/0600 VUs, 281713 complete and 0 interrupted iterations
steady   [  78% ] 0002/0600 VUs  0m47.0s/1m0s  6000.00 iters/s

running (0m48.0s), 0002/0600 VUs, 287713 complete and 0 interrupted iterations
steady   [  80% ] 0002/0600 VUs  0m48.0s/1m0s  6000.00 iters/s

running (0m49.0s), 0002/0600 VUs, 293713 complete and 0 interrupted iterations
steady   [  82% ] 0002/0600 VUs  0m49.0s/1m0s  6000.00 iters/s

running (0m50.0s), 0002/0600 VUs, 299708 complete and 0 interrupted iterations
steady   [  83% ] 0002/0600 VUs  0m50.0s/1m0s  6000.00 iters/s

running (0m51.0s), 0002/0600 VUs, 305713 complete and 0 interrupted iterations
steady   [  85% ] 0002/0600 VUs  0m51.0s/1m0s  6000.00 iters/s

running (0m52.0s), 0002/0600 VUs, 311713 complete and 0 interrupted iterations
steady   [  87% ] 0002/0600 VUs  0m52.0s/1m0s  6000.00 iters/s

running (0m53.0s), 0009/0600 VUs, 317705 complete and 0 interrupted iterations
steady   [  88% ] 0009/0600 VUs  0m53.0s/1m0s  6000.00 iters/s

running (0m54.0s), 0002/0600 VUs, 323713 complete and 0 interrupted iterations
steady   [  90% ] 0002/0600 VUs  0m54.0s/1m0s  6000.00 iters/s

running (0m55.0s), 0002/0600 VUs, 329713 complete and 0 interrupted iterations
steady   [  92% ] 0002/0600 VUs  0m55.0s/1m0s  6000.00 iters/s

running (0m56.0s), 0004/0600 VUs, 335711 complete and 0 interrupted iterations
steady   [  93% ] 0004/0600 VUs  0m56.0s/1m0s  6000.00 iters/s

running (0m57.0s), 0002/0600 VUs, 341713 complete and 0 interrupted iterations
steady   [  95% ] 0002/0600 VUs  0m57.0s/1m0s  6000.00 iters/s

running (0m58.0s), 0002/0600 VUs, 347713 complete and 0 interrupted iterations
steady   [  97% ] 0002/0600 VUs  0m58.0s/1m0s  6000.00 iters/s

running (0m59.0s), 0002/0600 VUs, 353713 complete and 0 interrupted iterations
steady   [  98% ] 0002/0600 VUs  0m59.0s/1m0s  6000.00 iters/s

running (1m00.0s), 0002/0600 VUs, 359713 complete and 0 interrupted iterations
steady   [ 100% ] 0002/0600 VUs  1m00.0s/1m0s  6000.00 iters/s

  http_reqs                    360002 (5999.90/s)
  http_req_duration            med=0.30ms p95=1.49ms p99=16.96ms max=81.25ms
  http_req_waiting             p95=1.45ms
  http_req_failed              0.000%
  dropped_iterations           0
  vus_max                      600
  checks                       0 passed, 0 failed


running (1m00.0s), 0000/0600 VUs, 360002 complete and 0 interrupted iterations
steady ✓ [ 100% ] 0000/0600 VUs  1m0s  6000.00 iters/s
