
         /\      Grafana   /‾‾/  
    /\  /  \     |\  __   /  /   
   /  \/    \    | |/ /  /   ‾‾\ 
  /          \   |   (  |  (‾)  |
 / __________ \  |_|\_\  \_____/ 


     execution: local
        script: /Users/juancavallotti/Documents/development/octo-performance/scenarios/001-template-page/k6/steady.js
        output: -

     scenarios: (100.00%) 1 scenario, 16000 max VUs, 1m10s max duration (incl. graceful stop):
              * steady: 16000.00 iterations/s for 1m0s (maxVUs: 1600-16000, gracefulStop: 10s)


running (0m00.8s), 01627/01704 VUs, 5328 complete and 0 interrupted iterations
steady   [   1% ] 01627/01704 VUs  0m00.8s/1m0s  16000.00 iters/s

running (0m01.7s), 01367/01803 VUs, 14992 complete and 0 interrupted iterations
steady   [   3% ] 01367/01803 VUs  0m01.7s/1m0s  16000.00 iters/s

running (0m02.7s), 01137/01953 VUs, 25367 complete and 0 interrupted iterations
steady   [   5% ] 01137/01953 VUs  0m02.7s/1m0s  16000.00 iters/s

running (0m03.7s), 01054/02031 VUs, 35968 complete and 0 interrupted iterations
steady   [   6% ] 01054/02031 VUs  0m03.7s/1m0s  16000.00 iters/s

running (0m04.8s), 01787/02162 VUs, 46326 complete and 0 interrupted iterations
steady   [   8% ] 01787/02162 VUs  0m04.9s/1m0s  16000.00 iters/s

running (0m05.7s), 02195/02292 VUs, 55042 complete and 0 interrupted iterations
steady   [  10% ] 02195/02292 VUs  0m05.7s/1m0s  16000.00 iters/s

running (0m06.7s), 00002/02324 VUs, 72393 complete and 0 interrupted iterations
steady   [  11% ] 00002/02324 VUs  0m06.7s/1m0s  16000.00 iters/s

running (0m07.7s), 01563/02363 VUs, 84061 complete and 0 interrupted iterations
steady   [  13% ] 01563/02363 VUs  0m07.7s/1m0s  16000.00 iters/s

running (0m08.7s), 01691/02427 VUs, 93036 complete and 0 interrupted iterations
steady   [  15% ] 01691/02427 VUs  0m08.7s/1m0s  16000.00 iters/s

running (0m09.8s), 02324/02446 VUs, 101236 complete and 0 interrupted iterations
steady   [  16% ] 02324/02446 VUs  0m09.8s/1m0s  16000.00 iters/s

running (0m10.7s), 00848/02721 VUs, 110990 complete and 0 interrupted iterations
steady   [  18% ] 00848/02721 VUs  0m10.7s/1m0s  16000.00 iters/s

running (0m11.9s), 02868/02868 VUs, 120112 complete and 0 interrupted iterations
steady   [  20% ] 02868/02868 VUs  0m12.0s/1m0s  16000.00 iters/s

running (0m12.7s), 02450/02904 VUs, 131085 complete and 0 interrupted iterations
steady   [  21% ] 02450/02904 VUs  0m12.7s/1m0s  16000.00 iters/s

running (0m13.7s), 02718/02996 VUs, 139740 complete and 0 interrupted iterations
steady   [  23% ] 02718/02996 VUs  0m13.7s/1m0s  16000.00 iters/s

running (0m14.8s), 02144/03128 VUs, 150702 complete and 0 interrupted iterations
steady   [  25% ] 02144/03128 VUs  0m14.8s/1m0s  16000.00 iters/s

running (0m15.8s), 01664/03245 VUs, 159753 complete and 0 interrupted iterations
steady   [  26% ] 01664/03245 VUs  0m15.8s/1m0s  16000.00 iters/s

running (0m16.7s), 03141/03407 VUs, 169461 complete and 0 interrupted iterations
steady   [  28% ] 03141/03407 VUs  0m16.7s/1m0s  16000.00 iters/s

running (0m17.7s), 02027/03492 VUs, 180599 complete and 0 interrupted iterations
steady   [  30% ] 02027/03492 VUs  0m17.7s/1m0s  16000.00 iters/s

running (0m18.7s), 03285/03561 VUs, 186386 complete and 0 interrupted iterations
steady   [  31% ] 03285/03561 VUs  0m18.7s/1m0s  16000.00 iters/s

running (0m19.7s), 03217/03609 VUs, 199204 complete and 0 interrupted iterations
steady   [  33% ] 03217/03609 VUs  0m19.7s/1m0s  16000.00 iters/s

running (0m20.7s), 03661/03700 VUs, 210134 complete and 0 interrupted iterations
steady   [  35% ] 03661/03700 VUs  0m20.7s/1m0s  16000.00 iters/s

running (0m21.7s), 03402/03863 VUs, 221330 complete and 0 interrupted iterations
steady   [  36% ] 03402/03863 VUs  0m21.7s/1m0s  16000.00 iters/s

running (0m22.7s), 02918/03893 VUs, 229637 complete and 0 interrupted iterations
steady   [  38% ] 02918/03893 VUs  0m22.7s/1m0s  16000.00 iters/s

running (0m23.7s), 03842/04036 VUs, 241403 complete and 0 interrupted iterations
steady   [  40% ] 03842/04036 VUs  0m23.7s/1m0s  16000.00 iters/s

running (0m24.7s), 03014/04089 VUs, 253366 complete and 0 interrupted iterations
steady   [  41% ] 03014/04089 VUs  0m24.7s/1m0s  16000.00 iters/s

running (0m25.7s), 04176/04178 VUs, 264057 complete and 0 interrupted iterations
steady   [  43% ] 04176/04178 VUs  0m25.7s/1m0s  16000.00 iters/s

running (0m26.8s), 04162/04310 VUs, 274262 complete and 0 interrupted iterations
steady   [  45% ] 04162/04310 VUs  0m26.8s/1m0s  16000.00 iters/s

running (0m27.7s), 04273/04343 VUs, 282679 complete and 0 interrupted iterations
steady   [  46% ] 04272/04343 VUs  0m27.7s/1m0s  16000.00 iters/s

running (0m28.8s), 04346/04420 VUs, 294508 complete and 0 interrupted iterations
steady   [  48% ] 04346/04420 VUs  0m28.8s/1m0s  16000.00 iters/s

running (0m29.7s), 00002/04469 VUs, 313721 complete and 0 interrupted iterations
steady   [  50% ] 00002/04469 VUs  0m29.7s/1m0s  16000.00 iters/s

running (0m30.7s), 03805/04531 VUs, 324843 complete and 0 interrupted iterations
steady   [  51% ] 03805/04531 VUs  0m30.7s/1m0s  16000.00 iters/s

running (0m31.7s), 04355/04543 VUs, 335768 complete and 0 interrupted iterations
steady   [  53% ] 04355/04543 VUs  0m31.7s/1m0s  16000.00 iters/s

running (0m32.7s), 04490/04558 VUs, 349934 complete and 0 interrupted iterations
steady   [  55% ] 04490/04558 VUs  0m32.7s/1m0s  16000.00 iters/s

running (0m33.7s), 03545/04652 VUs, 362768 complete and 0 interrupted iterations
steady   [  56% ] 03545/04652 VUs  0m33.7s/1m0s  16000.00 iters/s

running (0m34.7s), 04557/04865 VUs, 373222 complete and 0 interrupted iterations
steady   [  58% ] 04557/04865 VUs  0m34.7s/1m0s  16000.00 iters/s

running (0m35.8s), 04595/04992 VUs, 380415 complete and 0 interrupted iterations
steady   [  60% ] 04595/04992 VUs  0m35.8s/1m0s  16000.00 iters/s

running (0m36.8s), 02315/05004 VUs, 392533 complete and 0 interrupted iterations
steady   [  61% ] 02315/05004 VUs  0m36.8s/1m0s  16000.00 iters/s

running (0m37.7s), 03703/05072 VUs, 404414 complete and 0 interrupted iterations
steady   [  63% ] 03703/05072 VUs  0m37.7s/1m0s  16000.00 iters/s

running (0m38.7s), 05095/05200 VUs, 414473 complete and 0 interrupted iterations
steady   [  65% ] 05095/05200 VUs  0m38.7s/1m0s  16000.00 iters/s

running (0m39.7s), 04724/05382 VUs, 423677 complete and 0 interrupted iterations
steady   [  66% ] 04723/05382 VUs  0m39.7s/1m0s  16000.00 iters/s

running (0m40.8s), 05424/05501 VUs, 432237 complete and 0 interrupted iterations
steady   [  68% ] 05424/05501 VUs  0m40.8s/1m0s  16000.00 iters/s

running (0m41.8s), 05035/05515 VUs, 443200 complete and 0 interrupted iterations
steady   [  70% ] 05035/05515 VUs  0m41.8s/1m0s  16000.00 iters/s

running (0m42.7s), 04378/05569 VUs, 453672 complete and 0 interrupted iterations
steady   [  71% ] 04378/05569 VUs  0m42.7s/1m0s  16000.00 iters/s

running (0m43.7s), 05639/05640 VUs, 465550 complete and 0 interrupted iterations
steady   [  73% ] 05639/05640 VUs  0m43.7s/1m0s  16000.00 iters/s

running (0m44.7s), 05612/05838 VUs, 474197 complete and 0 interrupted iterations
steady   [  75% ] 05612/05838 VUs  0m44.7s/1m0s  16000.00 iters/s

running (0m45.8s), 03742/05843 VUs, 491684 complete and 0 interrupted iterations
steady   [  76% ] 03743/05843 VUs  0m45.8s/1m0s  16000.00 iters/s

running (0m46.9s), 05935/05936 VUs, 498378 complete and 0 interrupted iterations
steady   [  78% ] 05935/05936 VUs  0m46.9s/1m0s  16000.00 iters/s

running (0m47.8s), 05512/05939 VUs, 502641 complete and 0 interrupted iterations
steady   [  80% ] 05512/05939 VUs  0m47.8s/1m0s  16000.00 iters/s

running (0m48.7s), 04240/05942 VUs, 521123 complete and 0 interrupted iterations
steady   [  81% ] 04240/05942 VUs  0m48.7s/1m0s  16000.00 iters/s

running (0m49.7s), 05353/06074 VUs, 532003 complete and 0 interrupted iterations
steady   [  83% ] 05353/06074 VUs  0m49.7s/1m0s  16000.00 iters/s

running (0m50.7s), 05572/06107 VUs, 545963 complete and 0 interrupted iterations
steady   [  85% ] 05572/06107 VUs  0m50.7s/1m0s  16000.00 iters/s

running (0m51.7s), 04693/06130 VUs, 561932 complete and 0 interrupted iterations
steady   [  86% ] 04693/06130 VUs  0m51.7s/1m0s  16000.00 iters/s

running (0m52.7s), 06023/06169 VUs, 571031 complete and 0 interrupted iterations
steady   [  88% ] 06023/06169 VUs  0m52.7s/1m0s  16000.00 iters/s

running (0m53.8s), 04695/06182 VUs, 579642 complete and 0 interrupted iterations
steady   [  90% ] 04695/06182 VUs  0m53.8s/1m0s  16000.00 iters/s

running (0m54.7s), 06001/06207 VUs, 594543 complete and 0 interrupted iterations
steady   [  91% ] 06001/06207 VUs  0m54.7s/1m0s  16000.00 iters/s

running (0m55.7s), 00528/06251 VUs, 612683 complete and 0 interrupted iterations
steady   [  93% ] 00528/06251 VUs  0m55.7s/1m0s  16000.00 iters/s

running (0m56.7s), 02313/06251 VUs, 624241 complete and 0 interrupted iterations
steady   [  95% ] 02315/06251 VUs  0m56.7s/1m0s  16000.00 iters/s

running (0m57.7s), 06294/06295 VUs, 634271 complete and 0 interrupted iterations
steady   [  96% ] 06294/06295 VUs  0m57.7s/1m0s  16000.00 iters/s

running (0m58.8s), 05608/06491 VUs, 645309 complete and 0 interrupted iterations
steady   [  98% ] 05382/06491 VUs  0m58.8s/1m0s  16000.00 iters/s

running (0m59.7s), 06284/06586 VUs, 651034 complete and 0 interrupted iterations
steady   [ 100% ] 06284/06586 VUs  0m59.7s/1m0s  16000.00 iters/s

running (1m02.6s), 06533/06587 VUs, 651493 complete and 0 interrupted iterations
steady ↓ [ 100% ] 06515/06587 VUs  1m0s  16000.00 iters/s

running (1m02.6s), 06533/06587 VUs, 651493 complete and 0 interrupted iterations
steady ↓ [ 100% ] 06515/06587 VUs  1m0s  16000.00 iters/s

running (1m02.7s), 06527/06587 VUs, 651499 complete and 0 interrupted iterations
steady ↓ [ 100% ] 06515/06587 VUs  1m0s  16000.00 iters/s

running (1m03.7s), 06524/06589 VUs, 651503 complete and 0 interrupted iterations
steady ↓ [ 100% ] 06515/06587 VUs  1m0s  16000.00 iters/s

running (1m04.1s), 00000/06589 VUs, 658027 complete and 0 interrupted iterations
steady ✓ [ 100% ] 00000/06589 VUs  1m0s  16000.00 iters/s

  http_reqs                    658027 (10272.71/s)
  http_req_duration            med=199.56ms p95=986.32ms p99=1895.72ms max=6319.09ms
  http_req_waiting             p95=949.50ms
  http_req_failed              0.000%
  dropped_iterations           295739
  vus_max                      6589
  checks                       0 passed, 0 failed


running (1m04.1s), 00000/06589 VUs, 658027 complete and 0 interrupted iterations
steady ✓ [ 100% ] 00000/06589 VUs  1m0s  16000.00 iters/s
time="2026-07-26T13:55:39-07:00" level=error msg="thresholds on metrics 'dropped_iterations, http_req_duration' have been crossed"
