
         /\      Grafana   /‾‾/  
    /\  /  \     |\  __   /  /   
   /  \/    \    | |/ /  /   ‾‾\ 
  /          \   |   (  |  (‾)  |
 / __________ \  |_|\_\  \_____/ 


     execution: local
        script: /Users/juancavallotti/Documents/development/octo-performance/scenarios/001-template-page/k6/steady.js
        output: -

     scenarios: (100.00%) 1 scenario, 16000 max VUs, 1m10s max duration (incl. graceful stop):
              * steady: 16000.00 iterations/s for 1m0s (maxVUs: 1600-16000, gracefulStop: 10s)


running (0m00.9s), 00016/01601 VUs, 14354 complete and 0 interrupted iterations
steady   [   2% ] 00016/01601 VUs  0m00.9s/1m0s  16000.00 iters/s

running (0m01.9s), 00008/01601 VUs, 30363 complete and 0 interrupted iterations
steady   [   3% ] 00008/01601 VUs  0m01.9s/1m0s  16000.00 iters/s

running (0m02.9s), 00008/01601 VUs, 46362 complete and 0 interrupted iterations
steady   [   5% ] 00008/01601 VUs  0m02.9s/1m0s  16000.00 iters/s

running (0m03.9s), 00005/01601 VUs, 62365 complete and 0 interrupted iterations
steady   [   7% ] 00005/01601 VUs  0m03.9s/1m0s  16000.00 iters/s

running (0m04.9s), 00005/01601 VUs, 78366 complete and 0 interrupted iterations
steady   [   8% ] 00005/01601 VUs  0m04.9s/1m0s  16000.00 iters/s

running (0m05.9s), 00008/01601 VUs, 94363 complete and 0 interrupted iterations
steady   [  10% ] 00008/01601 VUs  0m05.9s/1m0s  16000.00 iters/s

running (0m06.9s), 00009/01601 VUs, 110361 complete and 0 interrupted iterations
steady   [  12% ] 00009/01601 VUs  0m06.9s/1m0s  16000.00 iters/s

running (0m07.9s), 00008/01601 VUs, 126362 complete and 0 interrupted iterations
steady   [  13% ] 00008/01601 VUs  0m07.9s/1m0s  16000.00 iters/s

running (0m08.9s), 00010/01601 VUs, 142361 complete and 0 interrupted iterations
steady   [  15% ] 00010/01601 VUs  0m08.9s/1m0s  16000.00 iters/s

running (0m09.9s), 00008/01601 VUs, 158363 complete and 0 interrupted iterations
steady   [  17% ] 00008/01601 VUs  0m09.9s/1m0s  16000.00 iters/s

running (0m10.9s), 00008/01601 VUs, 174362 complete and 0 interrupted iterations
steady   [  18% ] 00008/01601 VUs  0m10.9s/1m0s  16000.00 iters/s

running (0m11.9s), 00006/01601 VUs, 190364 complete and 0 interrupted iterations
steady   [  20% ] 00006/01601 VUs  0m11.9s/1m0s  16000.00 iters/s

running (0m12.9s), 00010/01601 VUs, 206361 complete and 0 interrupted iterations
steady   [  22% ] 00010/01601 VUs  0m12.9s/1m0s  16000.00 iters/s

running (0m13.9s), 00008/01601 VUs, 222362 complete and 0 interrupted iterations
steady   [  23% ] 00008/01601 VUs  0m13.9s/1m0s  16000.00 iters/s

running (0m14.9s), 00007/01601 VUs, 238363 complete and 0 interrupted iterations
steady   [  25% ] 00007/01601 VUs  0m14.9s/1m0s  16000.00 iters/s

running (0m15.9s), 00015/01601 VUs, 254355 complete and 0 interrupted iterations
steady   [  27% ] 00015/01601 VUs  0m15.9s/1m0s  16000.00 iters/s

running (0m16.9s), 00006/01601 VUs, 270364 complete and 0 interrupted iterations
steady   [  28% ] 00006/01601 VUs  0m16.9s/1m0s  16000.00 iters/s

running (0m17.9s), 00008/01601 VUs, 286362 complete and 0 interrupted iterations
steady   [  30% ] 00008/01601 VUs  0m17.9s/1m0s  16000.00 iters/s

running (0m18.9s), 00007/01601 VUs, 302362 complete and 0 interrupted iterations
steady   [  32% ] 00006/01601 VUs  0m18.9s/1m0s  16000.00 iters/s

running (0m19.9s), 00007/01601 VUs, 318363 complete and 0 interrupted iterations
steady   [  33% ] 00007/01601 VUs  0m19.9s/1m0s  16000.00 iters/s

running (0m20.9s), 00010/01601 VUs, 334360 complete and 0 interrupted iterations
steady   [  35% ] 00010/01601 VUs  0m20.9s/1m0s  16000.00 iters/s

running (0m21.9s), 00056/01601 VUs, 350314 complete and 0 interrupted iterations
steady   [  37% ] 00055/01601 VUs  0m21.9s/1m0s  16000.00 iters/s

running (0m22.9s), 00008/01601 VUs, 366362 complete and 0 interrupted iterations
steady   [  38% ] 00008/01601 VUs  0m22.9s/1m0s  16000.00 iters/s

running (0m23.9s), 00008/01601 VUs, 382362 complete and 0 interrupted iterations
steady   [  40% ] 00009/01601 VUs  0m23.9s/1m0s  16000.00 iters/s

running (0m24.9s), 00006/01601 VUs, 398363 complete and 0 interrupted iterations
steady   [  42% ] 00006/01601 VUs  0m24.9s/1m0s  16000.00 iters/s

running (0m25.9s), 00006/01601 VUs, 414364 complete and 0 interrupted iterations
steady   [  43% ] 00006/01601 VUs  0m25.9s/1m0s  16000.00 iters/s

running (0m26.9s), 00010/01601 VUs, 430360 complete and 0 interrupted iterations
steady   [  45% ] 00010/01601 VUs  0m26.9s/1m0s  16000.00 iters/s

running (0m27.9s), 00006/01601 VUs, 446364 complete and 0 interrupted iterations
steady   [  47% ] 00006/01601 VUs  0m27.9s/1m0s  16000.00 iters/s

running (0m28.9s), 00026/01601 VUs, 462344 complete and 0 interrupted iterations
steady   [  48% ] 00026/01601 VUs  0m28.9s/1m0s  16000.00 iters/s

running (0m29.9s), 00006/01601 VUs, 478363 complete and 0 interrupted iterations
steady   [  50% ] 00006/01601 VUs  0m29.9s/1m0s  16000.00 iters/s

running (0m30.9s), 01615/01615 VUs, 492299 complete and 0 interrupted iterations
steady   [  52% ] 01615/01615 VUs  0m30.9s/1m0s  16000.00 iters/s

running (0m31.9s), 00009/01638 VUs, 509721 complete and 0 interrupted iterations
steady   [  53% ] 00009/01638 VUs  0m31.9s/1m0s  16000.00 iters/s

running (0m32.9s), 00007/01638 VUs, 525723 complete and 0 interrupted iterations
steady   [  55% ] 00007/01638 VUs  0m32.9s/1m0s  16000.00 iters/s

running (0m33.9s), 01333/01638 VUs, 540395 complete and 0 interrupted iterations
steady   [  57% ] 01333/01638 VUs  0m33.9s/1m0s  16000.00 iters/s

running (0m34.9s), 00007/01638 VUs, 557725 complete and 0 interrupted iterations
steady   [  58% ] 00007/01638 VUs  0m34.9s/1m0s  16000.00 iters/s

running (0m35.9s), 00006/01638 VUs, 573724 complete and 0 interrupted iterations
steady   [  60% ] 00006/01638 VUs  0m35.9s/1m0s  16000.00 iters/s

running (0m36.9s), 00006/01638 VUs, 589723 complete and 0 interrupted iterations
steady   [  62% ] 00006/01638 VUs  0m36.9s/1m0s  16000.00 iters/s

running (0m37.9s), 00006/01638 VUs, 605725 complete and 0 interrupted iterations
steady   [  63% ] 00006/01638 VUs  0m37.9s/1m0s  16000.00 iters/s

running (0m38.9s), 00007/01638 VUs, 621723 complete and 0 interrupted iterations
steady   [  65% ] 00007/01638 VUs  0m38.9s/1m0s  16000.00 iters/s

running (0m39.9s), 00008/01638 VUs, 637723 complete and 0 interrupted iterations
steady   [  67% ] 00008/01638 VUs  0m39.9s/1m0s  16000.00 iters/s

running (0m40.9s), 00068/01638 VUs, 653662 complete and 0 interrupted iterations
steady   [  68% ] 00068/01638 VUs  0m40.9s/1m0s  16000.00 iters/s

running (0m41.9s), 00011/01638 VUs, 669719 complete and 0 interrupted iterations
steady   [  70% ] 00011/01638 VUs  0m41.9s/1m0s  16000.00 iters/s

running (0m42.9s), 00015/01638 VUs, 685714 complete and 0 interrupted iterations
steady   [  72% ] 00015/01638 VUs  0m42.9s/1m0s  16000.00 iters/s

running (0m43.9s), 00006/01638 VUs, 701724 complete and 0 interrupted iterations
steady   [  73% ] 00006/01638 VUs  0m43.9s/1m0s  16000.00 iters/s

running (0m44.9s), 00258/01638 VUs, 717471 complete and 0 interrupted iterations
steady   [  75% ] 00258/01638 VUs  0m44.9s/1m0s  16000.00 iters/s

running (0m45.9s), 00009/01638 VUs, 733721 complete and 0 interrupted iterations
steady   [  77% ] 00008/01638 VUs  0m45.9s/1m0s  16000.00 iters/s

running (0m46.9s), 00006/01638 VUs, 749722 complete and 0 interrupted iterations
steady   [  78% ] 00006/01638 VUs  0m46.9s/1m0s  16000.00 iters/s

running (0m47.9s), 00006/01638 VUs, 765723 complete and 0 interrupted iterations
steady   [  80% ] 00006/01638 VUs  0m47.9s/1m0s  16000.00 iters/s

running (0m48.9s), 00013/01638 VUs, 781717 complete and 0 interrupted iterations
steady   [  82% ] 00013/01638 VUs  0m48.9s/1m0s  16000.00 iters/s

running (0m49.9s), 00010/01638 VUs, 797720 complete and 0 interrupted iterations
steady   [  83% ] 00010/01638 VUs  0m49.9s/1m0s  16000.00 iters/s

running (0m50.9s), 00016/01638 VUs, 813714 complete and 0 interrupted iterations
steady   [  85% ] 00016/01638 VUs  0m50.9s/1m0s  16000.00 iters/s

running (0m51.9s), 00531/01638 VUs, 829218 complete and 0 interrupted iterations
steady   [  87% ] 00531/01638 VUs  0m51.9s/1m0s  16000.00 iters/s

running (0m52.9s), 00397/01638 VUs, 845326 complete and 0 interrupted iterations
steady   [  88% ] 00397/01638 VUs  0m52.9s/1m0s  16000.00 iters/s

running (0m53.9s), 00009/01638 VUs, 861721 complete and 0 interrupted iterations
steady   [  90% ] 00009/01638 VUs  0m53.9s/1m0s  16000.00 iters/s

running (0m54.9s), 00468/01714 VUs, 875524 complete and 0 interrupted iterations
steady   [  92% ] 00468/01714 VUs  0m54.9s/1m0s  16000.00 iters/s

running (0m55.9s), 00008/01714 VUs, 891979 complete and 0 interrupted iterations
steady   [  93% ] 00008/01714 VUs  0m55.9s/1m0s  16000.00 iters/s

running (0m56.9s), 00010/01714 VUs, 907976 complete and 0 interrupted iterations
steady   [  95% ] 00010/01714 VUs  0m56.9s/1m0s  16000.00 iters/s

running (0m57.9s), 00007/01714 VUs, 923980 complete and 0 interrupted iterations
steady   [  97% ] 00007/01714 VUs  0m57.9s/1m0s  16000.00 iters/s

running (0m58.9s), 00019/01714 VUs, 939969 complete and 0 interrupted iterations
steady   [  98% ] 00019/01714 VUs  0m58.9s/1m0s  16000.00 iters/s

running (0m59.9s), 00091/01714 VUs, 955896 complete and 0 interrupted iterations
steady   [ 100% ] 00091/01714 VUs  0m59.9s/1m0s  16000.00 iters/s

  http_reqs                    957572 (15956.51/s)
  http_req_duration            med=0.50ms p95=19.41ms p99=58.05ms max=1070.48ms
  http_req_waiting             p95=19.08ms
  http_req_failed              0.000%
  dropped_iterations           2426
  vus_max                      1714
  checks                       0 passed, 0 failed


running (1m00.0s), 00000/01714 VUs, 957572 complete and 0 interrupted iterations
steady ✓ [ 100% ] 00000/01714 VUs  1m0s  16000.00 iters/s
time="2026-07-25T11:27:08-07:00" level=error msg="thresholds on metrics 'dropped_iterations, http_req_duration' have been crossed"
