
         /\      Grafana   /‾‾/  
    /\  /  \     |\  __   /  /   
   /  \/    \    | |/ /  /   ‾‾\ 
  /          \   |   (  |  (‾)  |
 / __________ \  |_|\_\  \_____/ 


     execution: local
        script: /Users/juancavallotti/Documents/development/octo-performance/scenarios/001-template-page/k6/steady.js
        output: -

     scenarios: (100.00%) 1 scenario, 16000 max VUs, 1m10s max duration (incl. graceful stop):
              * steady: 16000.00 iterations/s for 1m0s (maxVUs: 1600-16000, gracefulStop: 10s)


running (0m00.9s), 00002/01600 VUs, 14425 complete and 0 interrupted iterations
steady   [   2% ] 00002/01600 VUs  0m00.9s/1m0s  16000.00 iters/s

running (0m01.9s), 00002/01600 VUs, 30425 complete and 0 interrupted iterations
steady   [   3% ] 00002/01600 VUs  0m01.9s/1m0s  16000.00 iters/s

running (0m02.9s), 00002/01600 VUs, 46425 complete and 0 interrupted iterations
steady   [   5% ] 00002/01600 VUs  0m02.9s/1m0s  16000.00 iters/s

running (0m03.9s), 00003/01600 VUs, 62424 complete and 0 interrupted iterations
steady   [   7% ] 00003/01600 VUs  0m03.9s/1m0s  16000.00 iters/s

running (0m04.9s), 00002/01600 VUs, 78425 complete and 0 interrupted iterations
steady   [   8% ] 00002/01600 VUs  0m04.9s/1m0s  16000.00 iters/s

running (0m05.9s), 00001/01600 VUs, 94426 complete and 0 interrupted iterations
steady   [  10% ] 00001/01600 VUs  0m05.9s/1m0s  16000.00 iters/s

running (0m06.9s), 00002/01600 VUs, 110425 complete and 0 interrupted iterations
steady   [  12% ] 00002/01600 VUs  0m06.9s/1m0s  16000.00 iters/s

running (0m07.9s), 00002/01600 VUs, 126425 complete and 0 interrupted iterations
steady   [  13% ] 00002/01600 VUs  0m07.9s/1m0s  16000.00 iters/s

running (0m08.9s), 00001/01600 VUs, 142426 complete and 0 interrupted iterations
steady   [  15% ] 00002/01600 VUs  0m08.9s/1m0s  16000.00 iters/s

running (0m09.9s), 00002/01600 VUs, 158425 complete and 0 interrupted iterations
steady   [  17% ] 00002/01600 VUs  0m09.9s/1m0s  16000.00 iters/s

running (0m10.9s), 00002/01600 VUs, 174425 complete and 0 interrupted iterations
steady   [  18% ] 00001/01600 VUs  0m10.9s/1m0s  16000.00 iters/s

running (0m11.9s), 00214/01600 VUs, 190216 complete and 0 interrupted iterations
steady   [  20% ] 00214/01600 VUs  0m11.9s/1m0s  16000.00 iters/s

running (0m12.9s), 00002/01600 VUs, 206426 complete and 0 interrupted iterations
steady   [  22% ] 00002/01600 VUs  0m12.9s/1m0s  16000.00 iters/s

running (0m13.9s), 00005/01600 VUs, 222422 complete and 0 interrupted iterations
steady   [  23% ] 00005/01600 VUs  0m13.9s/1m0s  16000.00 iters/s

running (0m14.9s), 00001/01600 VUs, 238426 complete and 0 interrupted iterations
steady   [  25% ] 00001/01600 VUs  0m14.9s/1m0s  16000.00 iters/s

running (0m15.9s), 00004/01600 VUs, 254425 complete and 0 interrupted iterations
steady   [  27% ] 00004/01600 VUs  0m15.9s/1m0s  16000.00 iters/s

running (0m16.9s), 00002/01600 VUs, 270425 complete and 0 interrupted iterations
steady   [  28% ] 00002/01600 VUs  0m16.9s/1m0s  16000.00 iters/s

running (0m17.9s), 00253/01600 VUs, 286164 complete and 0 interrupted iterations
steady   [  30% ] 00253/01600 VUs  0m17.9s/1m0s  16000.00 iters/s

running (0m18.9s), 00001/01600 VUs, 302426 complete and 0 interrupted iterations
steady   [  32% ] 00001/01600 VUs  0m18.9s/1m0s  16000.00 iters/s

running (0m19.9s), 00001/01600 VUs, 318426 complete and 0 interrupted iterations
steady   [  33% ] 00002/01600 VUs  0m19.9s/1m0s  16000.00 iters/s

running (0m20.9s), 00002/01600 VUs, 334425 complete and 0 interrupted iterations
steady   [  35% ] 00002/01600 VUs  0m20.9s/1m0s  16000.00 iters/s

running (0m21.9s), 00002/01600 VUs, 350425 complete and 0 interrupted iterations
steady   [  37% ] 00002/01600 VUs  0m21.9s/1m0s  16000.00 iters/s

running (0m22.9s), 00002/01600 VUs, 366425 complete and 0 interrupted iterations
steady   [  38% ] 00001/01600 VUs  0m22.9s/1m0s  16000.00 iters/s

running (0m23.9s), 00001/01600 VUs, 382425 complete and 0 interrupted iterations
steady   [  40% ] 00001/01600 VUs  0m23.9s/1m0s  16000.00 iters/s

running (0m24.9s), 00002/01600 VUs, 398425 complete and 0 interrupted iterations
steady   [  42% ] 00002/01600 VUs  0m24.9s/1m0s  16000.00 iters/s

running (0m25.9s), 00002/01600 VUs, 414426 complete and 0 interrupted iterations
steady   [  43% ] 00002/01600 VUs  0m25.9s/1m0s  16000.00 iters/s

running (0m26.9s), 00002/01600 VUs, 430425 complete and 0 interrupted iterations
steady   [  45% ] 00002/01600 VUs  0m26.9s/1m0s  16000.00 iters/s

running (0m27.9s), 00003/01600 VUs, 446424 complete and 0 interrupted iterations
steady   [  47% ] 00003/01600 VUs  0m27.9s/1m0s  16000.00 iters/s

running (0m28.9s), 00002/01600 VUs, 462427 complete and 0 interrupted iterations
steady   [  48% ] 00002/01600 VUs  0m28.9s/1m0s  16000.00 iters/s

running (0m29.9s), 00002/01600 VUs, 478425 complete and 0 interrupted iterations
steady   [  50% ] 00002/01600 VUs  0m29.9s/1m0s  16000.00 iters/s

running (0m30.9s), 00010/01600 VUs, 494423 complete and 0 interrupted iterations
steady   [  52% ] 00010/01600 VUs  0m30.9s/1m0s  16000.00 iters/s

running (0m31.9s), 00002/01600 VUs, 510425 complete and 0 interrupted iterations
steady   [  53% ] 00002/01600 VUs  0m31.9s/1m0s  16000.00 iters/s

running (0m32.9s), 00002/01600 VUs, 526425 complete and 0 interrupted iterations
steady   [  55% ] 00002/01600 VUs  0m32.9s/1m0s  16000.00 iters/s

running (0m33.9s), 00002/01600 VUs, 542426 complete and 0 interrupted iterations
steady   [  57% ] 00002/01600 VUs  0m33.9s/1m0s  16000.00 iters/s

running (0m34.9s), 00004/01600 VUs, 558426 complete and 0 interrupted iterations
steady   [  58% ] 00004/01600 VUs  0m34.9s/1m0s  16000.00 iters/s

running (0m35.9s), 00002/01600 VUs, 574425 complete and 0 interrupted iterations
steady   [  60% ] 00002/01600 VUs  0m35.9s/1m0s  16000.00 iters/s

running (0m36.9s), 00002/01600 VUs, 590425 complete and 0 interrupted iterations
steady   [  62% ] 00002/01600 VUs  0m36.9s/1m0s  16000.00 iters/s

running (0m37.9s), 00001/01600 VUs, 606425 complete and 0 interrupted iterations
steady   [  63% ] 00001/01600 VUs  0m37.9s/1m0s  16000.00 iters/s

running (0m38.9s), 00005/01600 VUs, 622434 complete and 0 interrupted iterations
steady   [  65% ] 00005/01600 VUs  0m38.9s/1m0s  16000.00 iters/s

running (0m39.9s), 00001/01600 VUs, 638426 complete and 0 interrupted iterations
steady   [  67% ] 00001/01600 VUs  0m39.9s/1m0s  16000.00 iters/s

running (0m40.9s), 00001/01600 VUs, 654426 complete and 0 interrupted iterations
steady   [  68% ] 00001/01600 VUs  0m40.9s/1m0s  16000.00 iters/s

running (0m41.9s), 00002/01600 VUs, 670425 complete and 0 interrupted iterations
steady   [  70% ] 00002/01600 VUs  0m41.9s/1m0s  16000.00 iters/s

running (0m42.9s), 00002/01600 VUs, 686425 complete and 0 interrupted iterations
steady   [  72% ] 00002/01600 VUs  0m42.9s/1m0s  16000.00 iters/s

running (0m43.9s), 00002/01600 VUs, 702426 complete and 0 interrupted iterations
steady   [  73% ] 00002/01600 VUs  0m43.9s/1m0s  16000.00 iters/s

running (0m44.9s), 00002/01600 VUs, 718425 complete and 0 interrupted iterations
steady   [  75% ] 00001/01600 VUs  0m44.9s/1m0s  16000.00 iters/s

running (0m45.9s), 00002/01600 VUs, 734425 complete and 0 interrupted iterations
steady   [  77% ] 00002/01600 VUs  0m45.9s/1m0s  16000.00 iters/s

running (0m46.9s), 00002/01600 VUs, 750426 complete and 0 interrupted iterations
steady   [  78% ] 00002/01600 VUs  0m46.9s/1m0s  16000.00 iters/s

running (0m47.9s), 00002/01600 VUs, 766425 complete and 0 interrupted iterations
steady   [  80% ] 00002/01600 VUs  0m47.9s/1m0s  16000.00 iters/s

running (0m48.9s), 00003/01600 VUs, 782425 complete and 0 interrupted iterations
steady   [  82% ] 00003/01600 VUs  0m48.9s/1m0s  16000.00 iters/s

running (0m49.9s), 00002/01600 VUs, 798426 complete and 0 interrupted iterations
steady   [  83% ] 00002/01600 VUs  0m49.9s/1m0s  16000.00 iters/s

running (0m50.9s), 00002/01600 VUs, 814426 complete and 0 interrupted iterations
steady   [  85% ] 00002/01600 VUs  0m50.9s/1m0s  16000.00 iters/s

running (0m51.9s), 00001/01600 VUs, 830426 complete and 0 interrupted iterations
steady   [  87% ] 00001/01600 VUs  0m51.9s/1m0s  16000.00 iters/s

running (0m52.9s), 00002/01600 VUs, 846425 complete and 0 interrupted iterations
steady   [  88% ] 00002/01600 VUs  0m52.9s/1m0s  16000.00 iters/s

running (0m53.9s), 00001/01600 VUs, 862426 complete and 0 interrupted iterations
steady   [  90% ] 00001/01600 VUs  0m53.9s/1m0s  16000.00 iters/s

running (0m54.9s), 00007/01600 VUs, 878419 complete and 0 interrupted iterations
steady   [  92% ] 00007/01600 VUs  0m54.9s/1m0s  16000.00 iters/s

running (0m55.9s), 00002/01600 VUs, 894425 complete and 0 interrupted iterations
steady   [  93% ] 00002/01600 VUs  0m55.9s/1m0s  16000.00 iters/s

running (0m56.9s), 00001/01600 VUs, 910425 complete and 0 interrupted iterations
steady   [  95% ] 00001/01600 VUs  0m56.9s/1m0s  16000.00 iters/s

running (0m57.9s), 00002/01600 VUs, 926425 complete and 0 interrupted iterations
steady   [  97% ] 00002/01600 VUs  0m57.9s/1m0s  16000.00 iters/s

running (0m58.9s), 00002/01600 VUs, 942425 complete and 0 interrupted iterations
steady   [  98% ] 00002/01600 VUs  0m58.9s/1m0s  16000.00 iters/s

running (0m59.9s), 00002/01600 VUs, 958426 complete and 0 interrupted iterations
steady   [ 100% ] 00002/01600 VUs  0m59.9s/1m0s  16000.00 iters/s

  http_reqs                    960004 (15999.22/s)
  http_req_duration            med=0.09ms p95=0.86ms p99=20.38ms max=188.98ms
  http_req_waiting             p95=0.71ms
  http_req_failed              0.000%
  dropped_iterations           0
  vus_max                      1600
  checks                       0 passed, 0 failed


running (1m00.0s), 00000/01600 VUs, 960004 complete and 0 interrupted iterations
steady ✓ [ 100% ] 00000/01600 VUs  1m0s  16000.00 iters/s
