
         /\      Grafana   /‾‾/  
    /\  /  \     |\  __   /  /   
   /  \/    \    | |/ /  /   ‾‾\ 
  /          \   |   (  |  (‾)  |
 / __________ \  |_|\_\  \_____/ 


     execution: local
        script: /Users/juancavallotti/Documents/development/octo-performance/scenarios/002-fanout-transform/k6/steady.js
        output: -

     scenarios: (100.00%) 1 scenario, 6000 max VUs, 1m10s max duration (incl. graceful stop):
              * steady: 6000.00 iterations/s for 1m0s (maxVUs: 600-6000, gracefulStop: 10s)


running (0m00.9s), 0002/0600 VUs, 5680 complete and 0 interrupted iterations
steady   [   2% ] 0002/0600 VUs  0m00.9s/1m0s  6000.00 iters/s

running (0m01.9s), 0002/0600 VUs, 11679 complete and 0 interrupted iterations
steady   [   3% ] 0002/0600 VUs  0m01.9s/1m0s  6000.00 iters/s

running (0m02.9s), 0002/0600 VUs, 17679 complete and 0 interrupted iterations
steady   [   5% ] 0002/0600 VUs  0m02.9s/1m0s  6000.00 iters/s

running (0m03.9s), 0006/0600 VUs, 23676 complete and 0 interrupted iterations
steady   [   7% ] 0006/0600 VUs  0m03.9s/1m0s  6000.00 iters/s

running (0m04.9s), 0001/0600 VUs, 29680 complete and 0 interrupted iterations
steady   [   8% ] 0001/0600 VUs  0m04.9s/1m0s  6000.00 iters/s

running (0m05.9s), 0004/0600 VUs, 35677 complete and 0 interrupted iterations
steady   [  10% ] 0004/0600 VUs  0m05.9s/1m0s  6000.00 iters/s

running (0m06.9s), 0012/0600 VUs, 41674 complete and 0 interrupted iterations
steady   [  12% ] 0012/0600 VUs  0m06.9s/1m0s  6000.00 iters/s

running (0m07.9s), 0002/0600 VUs, 47680 complete and 0 interrupted iterations
steady   [  13% ] 0002/0600 VUs  0m07.9s/1m0s  6000.00 iters/s

running (0m08.9s), 0003/0600 VUs, 53679 complete and 0 interrupted iterations
steady   [  15% ] 0003/0600 VUs  0m08.9s/1m0s  6000.00 iters/s

running (0m09.9s), 0002/0600 VUs, 59680 complete and 0 interrupted iterations
steady   [  17% ] 0002/0600 VUs  0m09.9s/1m0s  6000.00 iters/s

running (0m10.9s), 0001/0600 VUs, 65680 complete and 0 interrupted iterations
steady   [  18% ] 0001/0600 VUs  0m10.9s/1m0s  6000.00 iters/s

running (0m11.9s), 0001/0600 VUs, 71680 complete and 0 interrupted iterations
steady   [  20% ] 0001/0600 VUs  0m11.9s/1m0s  6000.00 iters/s

running (0m12.9s), 0002/0600 VUs, 77680 complete and 0 interrupted iterations
steady   [  22% ] 0002/0600 VUs  0m12.9s/1m0s  6000.00 iters/s

running (0m13.9s), 0002/0600 VUs, 83679 complete and 0 interrupted iterations
steady   [  23% ] 0002/0600 VUs  0m13.9s/1m0s  6000.00 iters/s

running (0m14.9s), 0001/0600 VUs, 89680 complete and 0 interrupted iterations
steady   [  25% ] 0001/0600 VUs  0m14.9s/1m0s  6000.00 iters/s

running (0m15.9s), 0002/0600 VUs, 95680 complete and 0 interrupted iterations
steady   [  27% ] 0002/0600 VUs  0m15.9s/1m0s  6000.00 iters/s

running (0m16.9s), 0001/0600 VUs, 101680 complete and 0 interrupted iterations
steady   [  28% ] 0001/0600 VUs  0m16.9s/1m0s  6000.00 iters/s

running (0m17.9s), 0002/0600 VUs, 107680 complete and 0 interrupted iterations
steady   [  30% ] 0002/0600 VUs  0m17.9s/1m0s  6000.00 iters/s

running (0m18.9s), 0002/0600 VUs, 113680 complete and 0 interrupted iterations
steady   [  32% ] 0002/0600 VUs  0m18.9s/1m0s  6000.00 iters/s

running (0m19.9s), 0002/0600 VUs, 119680 complete and 0 interrupted iterations
steady   [  33% ] 0002/0600 VUs  0m19.9s/1m0s  6000.00 iters/s

running (0m20.9s), 0002/0600 VUs, 125680 complete and 0 interrupted iterations
steady   [  35% ] 0002/0600 VUs  0m20.9s/1m0s  6000.00 iters/s

running (0m21.9s), 0002/0600 VUs, 131680 complete and 0 interrupted iterations
steady   [  37% ] 0002/0600 VUs  0m21.9s/1m0s  6000.00 iters/s

running (0m22.9s), 0002/0600 VUs, 137680 complete and 0 interrupted iterations
steady   [  38% ] 0002/0600 VUs  0m22.9s/1m0s  6000.00 iters/s

running (0m23.9s), 0006/0600 VUs, 143676 complete and 0 interrupted iterations
steady   [  40% ] 0006/0600 VUs  0m23.9s/1m0s  6000.00 iters/s

running (0m24.9s), 0016/0600 VUs, 149666 complete and 0 interrupted iterations
steady   [  42% ] 0016/0600 VUs  0m24.9s/1m0s  6000.00 iters/s

running (0m25.9s), 0002/0600 VUs, 155680 complete and 0 interrupted iterations
steady   [  43% ] 0002/0600 VUs  0m25.9s/1m0s  6000.00 iters/s

running (0m26.9s), 0002/0600 VUs, 161680 complete and 0 interrupted iterations
steady   [  45% ] 0002/0600 VUs  0m26.9s/1m0s  6000.00 iters/s

running (0m27.9s), 0005/0600 VUs, 167677 complete and 0 interrupted iterations
steady   [  47% ] 0005/0600 VUs  0m27.9s/1m0s  6000.00 iters/s

running (0m28.9s), 0002/0600 VUs, 173680 complete and 0 interrupted iterations
steady   [  48% ] 0002/0600 VUs  0m28.9s/1m0s  6000.00 iters/s

running (0m29.9s), 0002/0600 VUs, 179680 complete and 0 interrupted iterations
steady   [  50% ] 0002/0600 VUs  0m29.9s/1m0s  6000.00 iters/s

running (0m30.9s), 0002/0600 VUs, 185680 complete and 0 interrupted iterations
steady   [  52% ] 0002/0600 VUs  0m30.9s/1m0s  6000.00 iters/s

running (0m31.9s), 0002/0600 VUs, 191680 complete and 0 interrupted iterations
steady   [  53% ] 0002/0600 VUs  0m31.9s/1m0s  6000.00 iters/s

running (0m32.9s), 0003/0600 VUs, 197679 complete and 0 interrupted iterations
steady   [  55% ] 0003/0600 VUs  0m32.9s/1m0s  6000.00 iters/s

running (0m33.9s), 0002/0600 VUs, 203680 complete and 0 interrupted iterations
steady   [  57% ] 0002/0600 VUs  0m33.9s/1m0s  6000.00 iters/s

running (0m34.9s), 0002/0600 VUs, 209680 complete and 0 interrupted iterations
steady   [  58% ] 0001/0600 VUs  0m34.9s/1m0s  6000.00 iters/s

running (0m35.9s), 0001/0600 VUs, 215681 complete and 0 interrupted iterations
steady   [  60% ] 0001/0600 VUs  0m35.9s/1m0s  6000.00 iters/s

running (0m36.9s), 0002/0600 VUs, 221680 complete and 0 interrupted iterations
steady   [  62% ] 0002/0600 VUs  0m36.9s/1m0s  6000.00 iters/s

running (0m37.9s), 0002/0600 VUs, 227680 complete and 0 interrupted iterations
steady   [  63% ] 0002/0600 VUs  0m37.9s/1m0s  6000.00 iters/s

running (0m38.9s), 0004/0600 VUs, 233680 complete and 0 interrupted iterations
steady   [  65% ] 0004/0600 VUs  0m38.9s/1m0s  6000.00 iters/s

running (0m39.9s), 0007/0600 VUs, 239675 complete and 0 interrupted iterations
steady   [  67% ] 0007/0600 VUs  0m39.9s/1m0s  6000.00 iters/s

running (0m40.9s), 0002/0600 VUs, 245680 complete and 0 interrupted iterations
steady   [  68% ] 0002/0600 VUs  0m40.9s/1m0s  6000.00 iters/s

running (0m41.9s), 0001/0600 VUs, 251681 complete and 0 interrupted iterations
steady   [  70% ] 0001/0600 VUs  0m41.9s/1m0s  6000.00 iters/s

running (0m42.9s), 0002/0600 VUs, 257681 complete and 0 interrupted iterations
steady   [  72% ] 0002/0600 VUs  0m42.9s/1m0s  6000.00 iters/s

running (0m43.9s), 0001/0600 VUs, 263681 complete and 0 interrupted iterations
steady   [  73% ] 0001/0600 VUs  0m43.9s/1m0s  6000.00 iters/s

running (0m44.9s), 0002/0600 VUs, 269681 complete and 0 interrupted iterations
steady   [  75% ] 0002/0600 VUs  0m44.9s/1m0s  6000.00 iters/s

running (0m45.9s), 0002/0600 VUs, 275680 complete and 0 interrupted iterations
steady   [  77% ] 0003/0600 VUs  0m45.9s/1m0s  6000.00 iters/s

running (0m46.9s), 0003/0600 VUs, 281680 complete and 0 interrupted iterations
steady   [  78% ] 0003/0600 VUs  0m46.9s/1m0s  6000.00 iters/s

running (0m47.9s), 0001/0600 VUs, 287681 complete and 0 interrupted iterations
steady   [  80% ] 0001/0600 VUs  0m47.9s/1m0s  6000.00 iters/s

running (0m48.9s), 0001/0600 VUs, 293681 complete and 0 interrupted iterations
steady   [  82% ] 0001/0600 VUs  0m48.9s/1m0s  6000.00 iters/s

running (0m49.9s), 0001/0600 VUs, 299681 complete and 0 interrupted iterations
steady   [  83% ] 0001/0600 VUs  0m49.9s/1m0s  6000.00 iters/s

running (0m50.9s), 0002/0600 VUs, 305681 complete and 0 interrupted iterations
steady   [  85% ] 0002/0600 VUs  0m50.9s/1m0s  6000.00 iters/s

running (0m51.9s), 0001/0600 VUs, 311681 complete and 0 interrupted iterations
steady   [  87% ] 0001/0600 VUs  0m51.9s/1m0s  6000.00 iters/s

running (0m52.9s), 0002/0600 VUs, 317681 complete and 0 interrupted iterations
steady   [  88% ] 0002/0600 VUs  0m52.9s/1m0s  6000.00 iters/s

running (0m53.9s), 0002/0600 VUs, 323681 complete and 0 interrupted iterations
steady   [  90% ] 0002/0600 VUs  0m53.9s/1m0s  6000.00 iters/s

running (0m54.9s), 0002/0600 VUs, 329680 complete and 0 interrupted iterations
steady   [  92% ] 0002/0600 VUs  0m54.9s/1m0s  6000.00 iters/s

running (0m55.9s), 0005/0600 VUs, 335677 complete and 0 interrupted iterations
steady   [  93% ] 0005/0600 VUs  0m55.9s/1m0s  6000.00 iters/s

running (0m56.9s), 0007/0600 VUs, 341676 complete and 0 interrupted iterations
steady   [  95% ] 0007/0600 VUs  0m56.9s/1m0s  6000.00 iters/s

running (0m57.9s), 0002/0600 VUs, 347681 complete and 0 interrupted iterations
steady   [  97% ] 0002/0600 VUs  0m57.9s/1m0s  6000.00 iters/s

running (0m58.9s), 0002/0600 VUs, 353681 complete and 0 interrupted iterations
steady   [  98% ] 0002/0600 VUs  0m58.9s/1m0s  6000.00 iters/s

running (0m59.9s), 0002/0600 VUs, 359681 complete and 0 interrupted iterations
steady   [ 100% ] 0002/0600 VUs  0m59.9s/1m0s  6000.00 iters/s

  http_reqs                    360002 (5999.92/s)
  http_req_duration            med=0.29ms p95=0.94ms p99=1.61ms max=19.24ms
  http_req_waiting             p95=0.91ms
  http_req_failed              0.000%
  dropped_iterations           0
  vus_max                      600
  checks                       0 passed, 0 failed


running (1m00.0s), 0000/0600 VUs, 360002 complete and 0 interrupted iterations
steady ✓ [ 100% ] 0000/0600 VUs  1m0s  6000.00 iters/s
