
         /\      Grafana   /‾‾/  
    /\  /  \     |\  __   /  /   
   /  \/    \    | |/ /  /   ‾‾\ 
  /          \   |   (  |  (‾)  |
 / __________ \  |_|\_\  \_____/ 


     execution: local
        script: /Users/juancavallotti/Documents/development/octo-performance/scenarios/002-fanout-transform/k6/steady.js
        output: -

     scenarios: (100.00%) 1 scenario, 6000 max VUs, 1m10s max duration (incl. graceful stop):
              * steady: 6000.00 iterations/s for 1m0s (maxVUs: 600-6000, gracefulStop: 10s)


running (0m01.0s), 0002/0600 VUs, 5709 complete and 0 interrupted iterations
steady   [   2% ] 0002/0600 VUs  0m01.0s/1m0s  6000.00 iters/s

running (0m02.0s), 0004/0600 VUs, 11707 complete and 0 interrupted iterations
steady   [   3% ] 0005/0600 VUs  0m02.0s/1m0s  6000.00 iters/s

running (0m03.0s), 0002/0600 VUs, 17709 complete and 0 interrupted iterations
steady   [   5% ] 0002/0600 VUs  0m03.0s/1m0s  6000.00 iters/s

running (0m04.0s), 0002/0600 VUs, 23709 complete and 0 interrupted iterations
steady   [   7% ] 0002/0600 VUs  0m04.0s/1m0s  6000.00 iters/s

running (0m05.0s), 0003/0600 VUs, 29707 complete and 0 interrupted iterations
steady   [   8% ] 0003/0600 VUs  0m05.0s/1m0s  6000.00 iters/s

running (0m06.0s), 0005/0600 VUs, 35706 complete and 0 interrupted iterations
steady   [  10% ] 0005/0600 VUs  0m06.0s/1m0s  6000.00 iters/s

running (0m07.0s), 0002/0600 VUs, 41709 complete and 0 interrupted iterations
steady   [  12% ] 0002/0600 VUs  0m07.0s/1m0s  6000.00 iters/s

running (0m08.0s), 0007/0600 VUs, 47703 complete and 0 interrupted iterations
steady   [  13% ] 0007/0600 VUs  0m08.0s/1m0s  6000.00 iters/s

running (0m09.0s), 0002/0600 VUs, 53709 complete and 0 interrupted iterations
steady   [  15% ] 0002/0600 VUs  0m09.0s/1m0s  6000.00 iters/s

running (0m10.0s), 0002/0600 VUs, 59709 complete and 0 interrupted iterations
steady   [  17% ] 0002/0600 VUs  0m10.0s/1m0s  6000.00 iters/s

running (0m11.0s), 0002/0600 VUs, 65709 complete and 0 interrupted iterations
steady   [  18% ] 0002/0600 VUs  0m11.0s/1m0s  6000.00 iters/s

running (0m12.0s), 0002/0600 VUs, 71709 complete and 0 interrupted iterations
steady   [  20% ] 0002/0600 VUs  0m12.0s/1m0s  6000.00 iters/s

running (0m13.0s), 0002/0600 VUs, 77709 complete and 0 interrupted iterations
steady   [  22% ] 0002/0600 VUs  0m13.0s/1m0s  6000.00 iters/s

running (0m14.0s), 0002/0600 VUs, 83709 complete and 0 interrupted iterations
steady   [  23% ] 0002/0600 VUs  0m14.0s/1m0s  6000.00 iters/s

running (0m15.0s), 0002/0600 VUs, 89709 complete and 0 interrupted iterations
steady   [  25% ] 0002/0600 VUs  0m15.0s/1m0s  6000.00 iters/s

running (0m16.0s), 0002/0600 VUs, 95709 complete and 0 interrupted iterations
steady   [  27% ] 0002/0600 VUs  0m16.0s/1m0s  6000.00 iters/s

running (0m17.0s), 0002/0600 VUs, 101709 complete and 0 interrupted iterations
steady   [  28% ] 0002/0600 VUs  0m17.0s/1m0s  6000.00 iters/s

running (0m18.0s), 0002/0600 VUs, 107709 complete and 0 interrupted iterations
steady   [  30% ] 0002/0600 VUs  0m18.0s/1m0s  6000.00 iters/s

running (0m19.0s), 0002/0600 VUs, 113709 complete and 0 interrupted iterations
steady   [  32% ] 0002/0600 VUs  0m19.0s/1m0s  6000.00 iters/s

running (0m20.0s), 0003/0600 VUs, 119709 complete and 0 interrupted iterations
steady   [  33% ] 0003/0600 VUs  0m20.0s/1m0s  6000.00 iters/s

running (0m21.0s), 0002/0600 VUs, 125709 complete and 0 interrupted iterations
steady   [  35% ] 0002/0600 VUs  0m21.0s/1m0s  6000.00 iters/s

running (0m22.0s), 0002/0600 VUs, 131709 complete and 0 interrupted iterations
steady   [  37% ] 0002/0600 VUs  0m22.0s/1m0s  6000.00 iters/s

running (0m23.0s), 0001/0600 VUs, 137710 complete and 0 interrupted iterations
steady   [  38% ] 0001/0600 VUs  0m23.0s/1m0s  6000.00 iters/s

running (0m24.0s), 0003/0600 VUs, 143708 complete and 0 interrupted iterations
steady   [  40% ] 0003/0600 VUs  0m24.0s/1m0s  6000.00 iters/s

running (0m25.0s), 0002/0600 VUs, 149710 complete and 0 interrupted iterations
steady   [  42% ] 0002/0600 VUs  0m25.0s/1m0s  6000.00 iters/s

running (0m26.0s), 0003/0600 VUs, 155708 complete and 0 interrupted iterations
steady   [  43% ] 0003/0600 VUs  0m26.0s/1m0s  6000.00 iters/s

running (0m27.0s), 0002/0600 VUs, 161709 complete and 0 interrupted iterations
steady   [  45% ] 0003/0600 VUs  0m27.0s/1m0s  6000.00 iters/s

running (0m28.0s), 0001/0600 VUs, 167710 complete and 0 interrupted iterations
steady   [  47% ] 0001/0600 VUs  0m28.0s/1m0s  6000.00 iters/s

running (0m29.0s), 0001/0600 VUs, 173710 complete and 0 interrupted iterations
steady   [  48% ] 0001/0600 VUs  0m29.0s/1m0s  6000.00 iters/s

running (0m30.0s), 0006/0600 VUs, 179706 complete and 0 interrupted iterations
steady   [  50% ] 0006/0600 VUs  0m30.0s/1m0s  6000.00 iters/s

running (0m31.0s), 0005/0600 VUs, 185707 complete and 0 interrupted iterations
steady   [  52% ] 0005/0600 VUs  0m31.0s/1m0s  6000.00 iters/s

running (0m32.0s), 0002/0600 VUs, 191710 complete and 0 interrupted iterations
steady   [  53% ] 0002/0600 VUs  0m32.0s/1m0s  6000.00 iters/s

running (0m33.0s), 0005/0600 VUs, 197708 complete and 0 interrupted iterations
steady   [  55% ] 0005/0600 VUs  0m33.0s/1m0s  6000.00 iters/s

running (0m34.0s), 0005/0600 VUs, 203707 complete and 0 interrupted iterations
steady   [  57% ] 0005/0600 VUs  0m34.0s/1m0s  6000.00 iters/s

running (0m35.0s), 0002/0600 VUs, 209710 complete and 0 interrupted iterations
steady   [  58% ] 0002/0600 VUs  0m35.0s/1m0s  6000.00 iters/s

running (0m36.0s), 0001/0600 VUs, 215710 complete and 0 interrupted iterations
steady   [  60% ] 0002/0600 VUs  0m36.0s/1m0s  6000.00 iters/s

running (0m37.0s), 0002/0600 VUs, 221710 complete and 0 interrupted iterations
steady   [  62% ] 0002/0600 VUs  0m37.0s/1m0s  6000.00 iters/s

running (0m38.0s), 0002/0600 VUs, 227710 complete and 0 interrupted iterations
steady   [  63% ] 0002/0600 VUs  0m38.0s/1m0s  6000.00 iters/s

running (0m39.0s), 0002/0600 VUs, 233710 complete and 0 interrupted iterations
steady   [  65% ] 0002/0600 VUs  0m39.0s/1m0s  6000.00 iters/s

running (0m40.0s), 0003/0600 VUs, 239708 complete and 0 interrupted iterations
steady   [  67% ] 0003/0600 VUs  0m40.0s/1m0s  6000.00 iters/s

running (0m41.0s), 0011/0600 VUs, 245700 complete and 0 interrupted iterations
steady   [  68% ] 0011/0600 VUs  0m41.0s/1m0s  6000.00 iters/s

running (0m42.0s), 0001/0600 VUs, 251710 complete and 0 interrupted iterations
steady   [  70% ] 0001/0600 VUs  0m42.0s/1m0s  6000.00 iters/s

running (0m43.0s), 0002/0600 VUs, 257710 complete and 0 interrupted iterations
steady   [  72% ] 0002/0600 VUs  0m43.0s/1m0s  6000.00 iters/s

running (0m44.0s), 0004/0600 VUs, 263706 complete and 0 interrupted iterations
steady   [  73% ] 0004/0600 VUs  0m44.0s/1m0s  6000.00 iters/s

running (0m45.0s), 0004/0600 VUs, 269708 complete and 0 interrupted iterations
steady   [  75% ] 0004/0600 VUs  0m45.0s/1m0s  6000.00 iters/s

running (0m46.0s), 0002/0600 VUs, 275710 complete and 0 interrupted iterations
steady   [  77% ] 0002/0600 VUs  0m46.0s/1m0s  6000.00 iters/s

running (0m47.0s), 0002/0600 VUs, 281710 complete and 0 interrupted iterations
steady   [  78% ] 0002/0600 VUs  0m47.0s/1m0s  6000.00 iters/s

running (0m48.0s), 0001/0600 VUs, 287710 complete and 0 interrupted iterations
steady   [  80% ] 0001/0600 VUs  0m48.0s/1m0s  6000.00 iters/s

running (0m49.0s), 0002/0600 VUs, 293710 complete and 0 interrupted iterations
steady   [  82% ] 0002/0600 VUs  0m49.0s/1m0s  6000.00 iters/s

running (0m50.0s), 0002/0600 VUs, 299710 complete and 0 interrupted iterations
steady   [  83% ] 0002/0600 VUs  0m50.0s/1m0s  6000.00 iters/s

running (0m51.0s), 0002/0600 VUs, 305710 complete and 0 interrupted iterations
steady   [  85% ] 0002/0600 VUs  0m51.0s/1m0s  6000.00 iters/s

running (0m52.0s), 0002/0600 VUs, 311710 complete and 0 interrupted iterations
steady   [  87% ] 0002/0600 VUs  0m52.0s/1m0s  6000.00 iters/s

running (0m53.0s), 0005/0600 VUs, 317707 complete and 0 interrupted iterations
steady   [  88% ] 0005/0600 VUs  0m53.0s/1m0s  6000.00 iters/s

running (0m54.0s), 0002/0600 VUs, 323710 complete and 0 interrupted iterations
steady   [  90% ] 0002/0600 VUs  0m54.0s/1m0s  6000.00 iters/s

running (0m55.0s), 0002/0600 VUs, 329710 complete and 0 interrupted iterations
steady   [  92% ] 0002/0600 VUs  0m55.0s/1m0s  6000.00 iters/s

running (0m56.0s), 0002/0600 VUs, 335710 complete and 0 interrupted iterations
steady   [  93% ] 0002/0600 VUs  0m56.0s/1m0s  6000.00 iters/s

running (0m57.0s), 0004/0600 VUs, 341708 complete and 0 interrupted iterations
steady   [  95% ] 0004/0600 VUs  0m57.0s/1m0s  6000.00 iters/s

running (0m58.0s), 0001/0600 VUs, 347711 complete and 0 interrupted iterations
steady   [  97% ] 0001/0600 VUs  0m58.0s/1m0s  6000.00 iters/s

running (0m59.0s), 0002/0600 VUs, 353710 complete and 0 interrupted iterations
steady   [  98% ] 0002/0600 VUs  0m59.0s/1m0s  6000.00 iters/s

running (1m00.0s), 0005/0600 VUs, 359707 complete and 0 interrupted iterations
steady   [ 100% ] 0005/0600 VUs  1m00.0s/1m0s  6000.00 iters/s

  http_reqs                    360002 (5999.92/s)
  http_req_duration            med=0.29ms p95=0.91ms p99=1.48ms max=40.61ms
  http_req_waiting             p95=0.88ms
  http_req_failed              0.000%
  dropped_iterations           0
  vus_max                      600
  checks                       0 passed, 0 failed


running (1m00.0s), 0000/0600 VUs, 360002 complete and 0 interrupted iterations
steady ✓ [ 100% ] 0000/0600 VUs  1m0s  6000.00 iters/s
