
         /\      Grafana   /‾‾/  
    /\  /  \     |\  __   /  /   
   /  \/    \    | |/ /  /   ‾‾\ 
  /          \   |   (  |  (‾)  |
 / __________ \  |_|\_\  \_____/ 


     execution: local
        script: /Users/juancavallotti/Documents/development/octo-performance/scenarios/002-fanout-transform/k6/steady.js
        output: -

     scenarios: (100.00%) 1 scenario, 6000 max VUs, 20s max duration (incl. graceful stop):
              * steady: 6000.00 iterations/s for 10s (maxVUs: 600-6000, gracefulStop: 10s)


running (00.9s), 0615/0622 VUs, 4040 complete and 0 interrupted iterations
steady   [   9% ] 0615/0622 VUs  00.9s/10s  6000.00 iters/s

running (01.8s), 0533/0674 VUs, 9035 complete and 0 interrupted iterations
steady   [  18% ] 0533/0674 VUs  01.8s/10s  6000.00 iters/s

running (02.8s), 0732/0732 VUs, 14004 complete and 0 interrupted iterations
steady   [  28% ] 0731/0732 VUs  02.8s/10s  6000.00 iters/s

running (03.8s), 0798/0825 VUs, 18578 complete and 0 interrupted iterations
steady   [  38% ] 0798/0825 VUs  03.8s/10s  6000.00 iters/s

running (04.8s), 0003/0876 VUs, 25086 complete and 0 interrupted iterations
steady   [  48% ] 0003/0876 VUs  04.8s/10s  6000.00 iters/s

running (05.8s), 0276/0876 VUs, 30822 complete and 0 interrupted iterations
steady   [  58% ] 0276/0876 VUs  05.8s/10s  6000.00 iters/s

running (06.8s), 0718/0923 VUs, 35934 complete and 0 interrupted iterations
steady   [  68% ] 0718/0923 VUs  06.8s/10s  6000.00 iters/s

running (07.8s), 1014/1015 VUs, 40569 complete and 0 interrupted iterations
steady   [  78% ] 1014/1015 VUs  07.8s/10s  6000.00 iters/s

running (08.8s), 0993/1053 VUs, 46177 complete and 0 interrupted iterations
steady   [  88% ] 0993/1053 VUs  08.8s/10s  6000.00 iters/s

running (09.8s), 0995/1163 VUs, 51260 complete and 0 interrupted iterations
steady   [  98% ] 0995/1163 VUs  09.8s/10s  6000.00 iters/s

  http_reqs                    53233 (5255.08/s)
  http_req_duration            med=90.85ms p95=326.21ms p99=463.51ms max=861.54ms
  http_req_waiting             p95=325.88ms
  http_req_failed              0.000%
  dropped_iterations           6807
  vus_max                      1163
  checks                       0 passed, 0 failed


running (10.1s), 0000/1163 VUs, 53233 complete and 0 interrupted iterations
steady ✓ [ 100% ] 0000/1163 VUs  10s  6000.00 iters/s
time="2026-07-26T14:23:58-07:00" level=error msg="thresholds on metrics 'dropped_iterations, http_req_duration' have been crossed"
