
         /\      Grafana   /‾‾/  
    /\  /  \     |\  __   /  /   
   /  \/    \    | |/ /  /   ‾‾\ 
  /          \   |   (  |  (‾)  |
 / __________ \  |_|\_\  \_____/ 


     execution: local
        script: /Users/juancavallotti/Documents/development/octo-performance/scenarios/001-template-page/k6/steady.js
        output: -

     scenarios: (100.00%) 1 scenario, 16000 max VUs, 1m10s max duration (incl. graceful stop):
              * steady: 16000.00 iterations/s for 1m0s (maxVUs: 1600-16000, gracefulStop: 10s)


running (0m00.7s), 01485/01627 VUs, 4861 complete and 0 interrupted iterations
steady   [   1% ] 01483/01627 VUs  0m00.7s/1m0s  16000.00 iters/s

running (0m01.7s), 01456/01747 VUs, 12582 complete and 0 interrupted iterations
steady   [   3% ] 01456/01747 VUs  0m01.7s/1m0s  16000.00 iters/s

running (0m02.7s), 01971/01971 VUs, 20386 complete and 0 interrupted iterations
steady   [   4% ] 01971/01971 VUs  0m02.7s/1m0s  16000.00 iters/s

running (0m03.7s), 01984/02088 VUs, 28430 complete and 0 interrupted iterations
steady   [   6% ] 01983/02088 VUs  0m03.7s/1m0s  16000.00 iters/s

running (0m04.7s), 02265/02266 VUs, 35953 complete and 0 interrupted iterations
steady   [   8% ] 02265/02266 VUs  0m04.7s/1m0s  16000.00 iters/s

running (0m05.7s), 02278/02395 VUs, 41995 complete and 0 interrupted iterations
steady   [   9% ] 02278/02395 VUs  0m05.7s/1m0s  16000.00 iters/s

running (0m06.7s), 02465/02466 VUs, 51344 complete and 0 interrupted iterations
steady   [  11% ] 02465/02466 VUs  0m06.7s/1m0s  16000.00 iters/s

running (0m07.7s), 02651/02657 VUs, 57203 complete and 0 interrupted iterations
steady   [  13% ] 02651/02657 VUs  0m07.7s/1m0s  16000.00 iters/s

running (0m08.7s), 02715/02779 VUs, 65494 complete and 0 interrupted iterations
steady   [  14% ] 02715/02779 VUs  0m08.7s/1m0s  16000.00 iters/s

running (0m09.7s), 02799/02834 VUs, 69603 complete and 0 interrupted iterations
steady   [  16% ] 02799/02834 VUs  0m09.7s/1m0s  16000.00 iters/s

running (0m10.7s), 02947/02947 VUs, 81393 complete and 0 interrupted iterations
steady   [  18% ] 02947/02947 VUs  0m10.7s/1m0s  16000.00 iters/s

running (0m11.8s), 02699/03005 VUs, 89341 complete and 0 interrupted iterations
steady   [  20% ] 02699/03005 VUs  0m11.8s/1m0s  16000.00 iters/s

running (0m12.7s), 02947/03032 VUs, 98793 complete and 0 interrupted iterations
steady   [  21% ] 02947/03032 VUs  0m12.7s/1m0s  16000.00 iters/s

running (0m13.7s), 03246/03246 VUs, 106870 complete and 0 interrupted iterations
steady   [  23% ] 03246/03246 VUs  0m13.7s/1m0s  16000.00 iters/s

running (0m14.7s), 02776/03404 VUs, 117474 complete and 0 interrupted iterations
steady   [  24% ] 02776/03404 VUs  0m14.7s/1m0s  16000.00 iters/s

running (0m15.7s), 00921/03466 VUs, 125930 complete and 0 interrupted iterations
steady   [  26% ] 00921/03466 VUs  0m15.7s/1m0s  16000.00 iters/s

running (0m16.7s), 02550/03607 VUs, 136911 complete and 0 interrupted iterations
steady   [  28% ] 02550/03607 VUs  0m16.7s/1m0s  16000.00 iters/s

running (0m17.7s), 03554/03815 VUs, 146086 complete and 0 interrupted iterations
steady   [  29% ] 03555/03815 VUs  0m17.7s/1m0s  16000.00 iters/s

running (0m19.3s), 03524/03972 VUs, 154800 complete and 0 interrupted iterations
steady   [  32% ] 03524/03972 VUs  0m19.3s/1m0s  16000.00 iters/s

running (0m19.7s), 03008/03977 VUs, 161787 complete and 0 interrupted iterations
steady   [  33% ] 03008/03977 VUs  0m19.7s/1m0s  16000.00 iters/s

running (0m20.7s), 04106/04141 VUs, 169454 complete and 0 interrupted iterations
steady   [  34% ] 04106/04141 VUs  0m20.7s/1m0s  16000.00 iters/s

running (0m21.7s), 03736/04339 VUs, 179168 complete and 0 interrupted iterations
steady   [  36% ] 03736/04339 VUs  0m21.7s/1m0s  16000.00 iters/s

running (0m22.7s), 04475/04523 VUs, 189319 complete and 0 interrupted iterations
steady   [  38% ] 04475/04523 VUs  0m22.7s/1m0s  16000.00 iters/s

running (0m23.7s), 04336/04546 VUs, 194990 complete and 0 interrupted iterations
steady   [  39% ] 04336/04546 VUs  0m23.7s/1m0s  16000.00 iters/s

running (0m24.7s), 00002/04550 VUs, 215125 complete and 0 interrupted iterations
steady   [  41% ] 00002/04550 VUs  0m24.7s/1m0s  16000.00 iters/s

running (0m25.7s), 04551/04551 VUs, 226224 complete and 0 interrupted iterations
steady   [  43% ] 04551/04551 VUs  0m25.7s/1m0s  16000.00 iters/s

running (0m26.7s), 04518/04680 VUs, 237739 complete and 0 interrupted iterations
steady   [  44% ] 04518/04680 VUs  0m26.7s/1m0s  16000.00 iters/s

running (0m27.7s), 04086/04713 VUs, 245739 complete and 0 interrupted iterations
steady   [  46% ] 04390/04714 VUs  0m27.8s/1m0s  16000.00 iters/s

running (0m28.7s), 03707/04723 VUs, 259222 complete and 0 interrupted iterations
steady   [  48% ] 03707/04723 VUs  0m28.7s/1m0s  16000.00 iters/s

running (0m29.7s), 04548/04795 VUs, 268649 complete and 0 interrupted iterations
steady   [  49% ] 04548/04795 VUs  0m29.7s/1m0s  16000.00 iters/s

running (0m30.7s), 04283/04919 VUs, 279773 complete and 0 interrupted iterations
steady   [  51% ] 04283/04919 VUs  0m30.7s/1m0s  16000.00 iters/s

running (0m31.7s), 05077/05078 VUs, 289390 complete and 0 interrupted iterations
steady   [  53% ] 05077/05078 VUs  0m31.7s/1m0s  16000.00 iters/s

running (0m32.7s), 05150/05150 VUs, 297419 complete and 0 interrupted iterations
steady   [  55% ] 05150/05150 VUs  0m32.7s/1m0s  16000.00 iters/s

running (0m33.7s), 03032/05181 VUs, 313538 complete and 0 interrupted iterations
steady   [  56% ] 03032/05181 VUs  0m33.7s/1m0s  16000.00 iters/s

running (0m34.7s), 04565/05262 VUs, 323733 complete and 0 interrupted iterations
steady   [  58% ] 04565/05262 VUs  0m34.7s/1m0s  16000.00 iters/s

running (0m35.7s), 05028/05319 VUs, 331957 complete and 0 interrupted iterations
steady   [  59% ] 05028/05319 VUs  0m35.7s/1m0s  16000.00 iters/s

running (0m36.7s), 05374/05375 VUs, 346176 complete and 0 interrupted iterations
steady   [  61% ] 05374/05375 VUs  0m36.7s/1m0s  16000.00 iters/s

running (0m37.7s), 05528/05574 VUs, 353310 complete and 0 interrupted iterations
steady   [  63% ] 05528/05574 VUs  0m37.7s/1m0s  16000.00 iters/s

running (0m38.7s), 04730/05614 VUs, 356849 complete and 0 interrupted iterations
steady   [  64% ] 04730/05614 VUs  0m38.7s/1m0s  16000.00 iters/s

running (0m39.7s), 05523/05634 VUs, 367960 complete and 0 interrupted iterations
steady   [  66% ] 05523/05634 VUs  0m39.7s/1m0s  16000.00 iters/s

running (0m40.7s), 05678/05678 VUs, 377777 complete and 0 interrupted iterations
steady   [  68% ] 05678/05678 VUs  0m40.7s/1m0s  16000.00 iters/s

running (0m41.7s), 05853/05854 VUs, 384199 complete and 0 interrupted iterations
steady   [  69% ] 05853/05854 VUs  0m41.7s/1m0s  16000.00 iters/s

running (0m42.7s), 05269/05925 VUs, 390625 complete and 0 interrupted iterations
steady   [  71% ] 05318/05925 VUs  0m42.7s/1m0s  16000.00 iters/s

running (0m43.7s), 05931/05931 VUs, 404762 complete and 0 interrupted iterations
steady   [  73% ] 05931/05931 VUs  0m43.7s/1m0s  16000.00 iters/s

running (0m44.8s), 05039/06111 VUs, 411510 complete and 0 interrupted iterations
steady   [  75% ] 05041/06111 VUs  0m44.8s/1m0s  16000.00 iters/s

running (0m45.7s), 02904/06119 VUs, 420365 complete and 0 interrupted iterations
steady   [  76% ] 02904/06119 VUs  0m45.7s/1m0s  16000.00 iters/s

running (0m46.7s), 05877/06120 VUs, 423528 complete and 0 interrupted iterations
steady   [  78% ] 05877/06120 VUs  0m46.7s/1m0s  16000.00 iters/s

running (0m47.7s), 06131/06162 VUs, 436814 complete and 0 interrupted iterations
steady   [  79% ] 06132/06162 VUs  0m47.7s/1m0s  16000.00 iters/s

running (0m48.7s), 06171/06171 VUs, 444738 complete and 0 interrupted iterations
steady   [  81% ] 06171/06171 VUs  0m48.7s/1m0s  16000.00 iters/s

running (0m49.7s), 04878/06257 VUs, 455334 complete and 0 interrupted iterations
steady   [  83% ] 04876/06257 VUs  0m49.7s/1m0s  16000.00 iters/s

running (0m50.7s), 06242/06282 VUs, 465395 complete and 0 interrupted iterations
steady   [  85% ] 06242/06281 VUs  0m50.7s/1m0s  16000.00 iters/s

running (0m51.7s), 06346/06420 VUs, 473195 complete and 0 interrupted iterations
steady   [  86% ] 06346/06420 VUs  0m51.7s/1m0s  16000.00 iters/s

running (0m52.7s), 05686/06480 VUs, 486219 complete and 0 interrupted iterations
steady   [  88% ] 05686/06480 VUs  0m52.7s/1m0s  16000.00 iters/s

running (0m53.7s), 00006/06483 VUs, 503195 complete and 0 interrupted iterations
steady   [  89% ] 00006/06483 VUs  0m53.7s/1m0s  16000.00 iters/s

running (0m54.7s), 02570/06483 VUs, 516454 complete and 0 interrupted iterations
steady   [  91% ] 02590/06483 VUs  0m54.7s/1m0s  16000.00 iters/s

running (0m55.7s), 03810/06484 VUs, 531376 complete and 0 interrupted iterations
steady   [  93% ] 03810/06484 VUs  0m55.7s/1m0s  16000.00 iters/s

running (0m56.7s), 04856/06494 VUs, 543841 complete and 0 interrupted iterations
steady   [  94% ] 04856/06494 VUs  0m56.7s/1m0s  16000.00 iters/s

running (0m57.7s), 05809/06533 VUs, 555728 complete and 0 interrupted iterations
steady   [  96% ] 05809/06533 VUs  0m57.7s/1m0s  16000.00 iters/s

running (0m58.7s), 02435/06539 VUs, 566674 complete and 0 interrupted iterations
steady   [  98% ] 02435/06539 VUs  0m58.7s/1m0s  16000.00 iters/s

running (0m59.7s), 03523/06540 VUs, 573208 complete and 0 interrupted iterations
steady   [  99% ] 03523/06540 VUs  0m59.7s/1m0s  16000.00 iters/s

running (1m00.4s), 00000/06546 VUs, 584576 complete and 0 interrupted iterations
steady ✓ [ 100% ] 00000/06546 VUs  1m0s  16000.00 iters/s

  http_reqs                    584576 (9674.52/s)
  http_req_duration            med=252.59ms p95=1055.55ms p99=1561.89ms max=3490.94ms
  http_req_waiting             p95=1019.33ms
  http_req_failed              0.000%
  dropped_iterations           375425
  vus_max                      6540
  checks                       0 passed, 0 failed


running (1m00.4s), 00000/06546 VUs, 584576 complete and 0 interrupted iterations
steady ✓ [ 100% ] 00000/06546 VUs  1m0s  16000.00 iters/s
time="2026-07-26T13:54:06-07:00" level=error msg="thresholds on metrics 'dropped_iterations, http_req_duration' have been crossed"
