
         /\      Grafana   /‾‾/  
    /\  /  \     |\  __   /  /   
   /  \/    \    | |/ /  /   ‾‾\ 
  /          \   |   (  |  (‾)  |
 / __________ \  |_|\_\  \_____/ 


     execution: local
        script: /Users/juancavallotti/Documents/development/octo-performance/scenarios/001-template-page/k6/steady.js
        output: -

     scenarios: (100.00%) 1 scenario, 16000 max VUs, 1m10s max duration (incl. graceful stop):
              * steady: 16000.00 iterations/s for 1m0s (maxVUs: 1600-16000, gracefulStop: 10s)


running (0m00.8s), 01432/01614 VUs, 6053 complete and 0 interrupted iterations
steady   [   1% ] 01432/01614 VUs  0m00.8s/1m0s  16000.00 iters/s

running (0m01.7s), 01824/01825 VUs, 15296 complete and 0 interrupted iterations
steady   [   3% ] 01824/01825 VUs  0m01.7s/1m0s  16000.00 iters/s

running (0m02.7s), 01921/01935 VUs, 24877 complete and 0 interrupted iterations
steady   [   5% ] 01921/01935 VUs  0m02.7s/1m0s  16000.00 iters/s

running (0m03.7s), 01677/02076 VUs, 33381 complete and 0 interrupted iterations
steady   [   6% ] 01677/02076 VUs  0m03.7s/1m0s  16000.00 iters/s

running (0m04.8s), 01716/02135 VUs, 37377 complete and 0 interrupted iterations
steady   [   8% ] 01716/02135 VUs  0m04.8s/1m0s  16000.00 iters/s

running (0m05.7s), 02402/02402 VUs, 45188 complete and 0 interrupted iterations
steady   [  10% ] 02402/02402 VUs  0m05.7s/1m0s  16000.00 iters/s

running (0m07.1s), 02487/02572 VUs, 55533 complete and 0 interrupted iterations
steady   [  12% ] 02487/02572 VUs  0m07.4s/1m0s  16000.00 iters/s

running (0m07.8s), 01380/02588 VUs, 62647 complete and 0 interrupted iterations
steady   [  13% ] 01380/02588 VUs  0m07.8s/1m0s  16000.00 iters/s

running (0m08.8s), 02745/02746 VUs, 71635 complete and 0 interrupted iterations
steady   [  15% ] 02745/02746 VUs  0m08.8s/1m0s  16000.00 iters/s

running (0m10.1s), 00935/02909 VUs, 84169 complete and 0 interrupted iterations
steady   [  17% ] 00935/02909 VUs  0m10.3s/1m0s  16000.00 iters/s

running (0m10.8s), 02953/02954 VUs, 88293 complete and 0 interrupted iterations
steady   [  18% ] 02953/02954 VUs  0m10.8s/1m0s  16000.00 iters/s

running (0m11.7s), 03020/03031 VUs, 99388 complete and 0 interrupted iterations
steady   [  20% ] 03020/03031 VUs  0m11.7s/1m0s  16000.00 iters/s

running (0m12.7s), 00002/03050 VUs, 117296 complete and 0 interrupted iterations
steady   [  21% ] 00002/03050 VUs  0m12.7s/1m0s  16000.00 iters/s

running (0m13.8s), 03130/03130 VUs, 128059 complete and 0 interrupted iterations
steady   [  23% ] 03130/03130 VUs  0m13.8s/1m0s  16000.00 iters/s

running (0m14.7s), 03219/03229 VUs, 138595 complete and 0 interrupted iterations
steady   [  25% ] 03219/03229 VUs  0m14.7s/1m0s  16000.00 iters/s

running (0m15.8s), 01664/03245 VUs, 148213 complete and 0 interrupted iterations
steady   [  26% ] 01664/03245 VUs  0m15.8s/1m0s  16000.00 iters/s

running (0m16.7s), 03363/03372 VUs, 156611 complete and 0 interrupted iterations
steady   [  28% ] 03363/03372 VUs  0m16.7s/1m0s  16000.00 iters/s

running (0m17.7s), 01767/03648 VUs, 168234 complete and 0 interrupted iterations
steady   [  30% ] 01767/03648 VUs  0m17.7s/1m0s  16000.00 iters/s

running (0m19.0s), 03590/03657 VUs, 175852 complete and 0 interrupted iterations
steady   [  32% ] 03590/03657 VUs  0m19.0s/1m0s  16000.00 iters/s

running (0m19.7s), 03533/03704 VUs, 184760 complete and 0 interrupted iterations
steady   [  33% ] 03533/03704 VUs  0m19.7s/1m0s  16000.00 iters/s

running (0m20.8s), 03263/03910 VUs, 194535 complete and 0 interrupted iterations
steady   [  35% ] 03263/03910 VUs  0m20.8s/1m0s  16000.00 iters/s

running (0m21.8s), 03685/04118 VUs, 204684 complete and 0 interrupted iterations
steady   [  36% ] 03685/04118 VUs  0m21.8s/1m0s  16000.00 iters/s

running (0m23.0s), 02159/04130 VUs, 213788 complete and 0 interrupted iterations
steady   [  38% ] 02159/04130 VUs  0m23.0s/1m0s  16000.00 iters/s

running (0m23.7s), 04014/04270 VUs, 221197 complete and 0 interrupted iterations
steady   [  40% ] 04014/04270 VUs  0m23.7s/1m0s  16000.00 iters/s

running (0m24.7s), 04243/04396 VUs, 233631 complete and 0 interrupted iterations
steady   [  41% ] 04243/04396 VUs  0m24.7s/1m0s  16000.00 iters/s

running (0m25.7s), 04603/04604 VUs, 243890 complete and 0 interrupted iterations
steady   [  43% ] 04603/04604 VUs  0m25.7s/1m0s  16000.00 iters/s

running (0m27.0s), 04115/04733 VUs, 251978 complete and 0 interrupted iterations
steady   [  45% ] 04115/04733 VUs  0m27.0s/1m0s  16000.00 iters/s

running (0m27.8s), 04738/04738 VUs, 260303 complete and 0 interrupted iterations
steady   [  46% ] 04738/04738 VUs  0m27.8s/1m0s  16000.00 iters/s

running (0m28.8s), 04845/04845 VUs, 271423 complete and 0 interrupted iterations
steady   [  48% ] 04845/04845 VUs  0m28.8s/1m0s  16000.00 iters/s

running (0m29.8s), 05091/05091 VUs, 279504 complete and 0 interrupted iterations
steady   [  50% ] 05091/05091 VUs  0m29.8s/1m0s  16000.00 iters/s

running (0m30.7s), 03740/05105 VUs, 293065 complete and 0 interrupted iterations
steady   [  51% ] 03740/05105 VUs  0m30.7s/1m0s  16000.00 iters/s

running (0m31.7s), 04143/05106 VUs, 303807 complete and 0 interrupted iterations
steady   [  53% ] 04143/05106 VUs  0m31.7s/1m0s  16000.00 iters/s

running (0m32.8s), 01762/05110 VUs, 316307 complete and 0 interrupted iterations
steady   [  55% ] 01762/05110 VUs  0m32.8s/1m0s  16000.00 iters/s

running (0m33.7s), 05260/05261 VUs, 322932 complete and 0 interrupted iterations
steady   [  56% ] 05260/05261 VUs  0m33.7s/1m0s  16000.00 iters/s

running (0m34.7s), 00002/05438 VUs, 341300 complete and 0 interrupted iterations
steady   [  58% ] 00002/05438 VUs  0m34.7s/1m0s  16000.00 iters/s

running (0m35.7s), 03913/05438 VUs, 353493 complete and 0 interrupted iterations
steady   [  60% ] 03913/05438 VUs  0m35.7s/1m0s  16000.00 iters/s

running (0m37.8s), 05226/05578 VUs, 371535 complete and 0 interrupted iterations
steady   [  64% ] 05226/05578 VUs  0m38.1s/1m0s  16000.00 iters/s

running (0m38.1s), 05227/05578 VUs, 371535 complete and 0 interrupted iterations
steady   [  64% ] 05227/05578 VUs  0m38.1s/1m0s  16000.00 iters/s

running (0m38.7s), 05718/05719 VUs, 378290 complete and 0 interrupted iterations
steady   [  65% ] 05718/05719 VUs  0m38.7s/1m0s  16000.00 iters/s

running (0m39.7s), 05574/05771 VUs, 386919 complete and 0 interrupted iterations
steady   [  66% ] 05574/05771 VUs  0m39.7s/1m0s  16000.00 iters/s

running (0m40.7s), 04970/05902 VUs, 396136 complete and 0 interrupted iterations
steady   [  68% ] 04970/05902 VUs  0m40.7s/1m0s  16000.00 iters/s

running (0m41.7s), 06089/06090 VUs, 403907 complete and 0 interrupted iterations
steady   [  70% ] 06089/06090 VUs  0m41.7s/1m0s  16000.00 iters/s

running (0m42.8s), 06184/06192 VUs, 414257 complete and 0 interrupted iterations
steady   [  71% ] 06184/06192 VUs  0m42.8s/1m0s  16000.00 iters/s

running (0m43.9s), 05636/06198 VUs, 417433 complete and 0 interrupted iterations
steady   [  73% ] 05636/06198 VUs  0m43.9s/1m0s  16000.00 iters/s

running (0m44.7s), 04658/06199 VUs, 420066 complete and 0 interrupted iterations
steady   [  75% ] 04658/06199 VUs  0m44.7s/1m0s  16000.00 iters/s

running (0m45.7s), 05164/06246 VUs, 431192 complete and 0 interrupted iterations
steady   [  76% ] 05164/06246 VUs  0m45.7s/1m0s  16000.00 iters/s

running (0m46.8s), 06324/06370 VUs, 440699 complete and 0 interrupted iterations
steady   [  78% ] 06324/06370 VUs  0m46.8s/1m0s  16000.00 iters/s

running (0m47.7s), 06425/06435 VUs, 450353 complete and 0 interrupted iterations
steady   [  80% ] 06425/06435 VUs  0m47.7s/1m0s  16000.00 iters/s

running (0m48.7s), 06143/06521 VUs, 459162 complete and 0 interrupted iterations
steady   [  81% ] 06143/06521 VUs  0m48.7s/1m0s  16000.00 iters/s

running (0m49.8s), 06752/06815 VUs, 469517 complete and 0 interrupted iterations
steady   [  83% ] 06752/06815 VUs  0m49.8s/1m0s  16000.00 iters/s

running (0m50.7s), 06289/06822 VUs, 476469 complete and 0 interrupted iterations
steady   [  85% ] 06290/06822 VUs  0m50.7s/1m0s  16000.00 iters/s

running (0m51.8s), 06507/06846 VUs, 487879 complete and 0 interrupted iterations
steady   [  86% ] 06507/06846 VUs  0m51.8s/1m0s  16000.00 iters/s

running (0m52.7s), 06860/06862 VUs, 499346 complete and 0 interrupted iterations
steady   [  88% ] 06860/06862 VUs  0m52.7s/1m0s  16000.00 iters/s

running (0m53.8s), 06731/06960 VUs, 512062 complete and 0 interrupted iterations
steady   [  90% ] 06731/06959 VUs  0m53.8s/1m0s  16000.00 iters/s

running (0m54.7s), 07159/07160 VUs, 521655 complete and 0 interrupted iterations
steady   [  91% ] 07159/07160 VUs  0m54.7s/1m0s  16000.00 iters/s

running (0m55.8s), 05522/07246 VUs, 534137 complete and 0 interrupted iterations
steady   [  93% ] 05522/07246 VUs  0m55.8s/1m0s  16000.00 iters/s

running (0m56.7s), 07052/07493 VUs, 540113 complete and 0 interrupted iterations
steady   [  95% ] 07052/07493 VUs  0m56.7s/1m0s  16000.00 iters/s

running (0m57.8s), 07017/07506 VUs, 542932 complete and 0 interrupted iterations
steady   [  96% ] 07017/07506 VUs  0m57.8s/1m0s  16000.00 iters/s

running (0m58.7s), 05720/07511 VUs, 547634 complete and 0 interrupted iterations
steady   [  98% ] 05720/07511 VUs  0m58.7s/1m0s  16000.00 iters/s

running (0m59.7s), 06868/07613 VUs, 562562 complete and 0 interrupted iterations
steady   [ 100% ] 06868/07613 VUs  0m59.7s/1m0s  16000.00 iters/s

running (1m00.5s), 00000/07613 VUs, 573547 complete and 0 interrupted iterations
steady ✓ [ 100% ] 00000/07613 VUs  1m0s  16000.00 iters/s

  http_reqs                    573547 (9477.26/s)
  http_req_duration            med=301.81ms p95=1089.38ms p99=1714.12ms max=3812.74ms
  http_req_waiting             p95=1052.00ms
  http_req_failed              0.000%
  dropped_iterations           386460
  vus_max                      7613
  checks                       0 passed, 0 failed


running (1m00.5s), 00000/07613 VUs, 573547 complete and 0 interrupted iterations
steady ✓ [ 100% ] 00000/07613 VUs  1m0s  16000.00 iters/s
time="2026-07-26T13:49:36-07:00" level=error msg="thresholds on metrics 'dropped_iterations, http_req_duration' have been crossed"
